plain test_dump exit=0 0s :: 17 tests, 12259 checks, 0 failed checks, 0 failed tests
plain test_dump_ctx exit=0 0s :: 14 tests, 28587 checks, 0 failed checks, 0 failed tests
plain test_dump_golden exit=0 0s :: 1 tests, 763 checks, 0 failed checks, 0 failed tests
plain test_dump_limits exit=0 10s :: 9 tests, 297 checks, 0 failed checks, 0 failed tests
plain test_dump_local exit=0 0s :: 10 tests, 36205 checks, 0 failed checks, 0 failed tests
plain test_dump_units exit=0 4s :: 12 tests, 32505051 checks, 0 failed checks, 0 failed tests
plain test_qclass_dump exit=0 0s :: qclass_dump: 33913 checks, 2000 random round trips
plain test_char_eval exit=0 0s :: test_char_eval: 1738298 checks
plain test_ffun_dump exit=0 3s :: ffun dump: 50466 checks, 0 failures
plain test_rfun_dump exit=0 1s :: rfun dump: 59471 checks, 0 failures
SAN test_dump exit=0 0s :: 17 tests, 12259 checks, 0 failed checks, 0 failed tests
SAN test_dump_ctx exit=0 0s :: 14 tests, 28587 checks, 0 failed checks, 0 failed tests
SAN test_dump_golden exit=0 0s :: 1 tests, 763 checks, 0 failed checks, 0 failed tests
SAN test_dump_limits exit=0 15s :: 9 tests, 297 checks, 0 failed checks, 0 failed tests
SAN test_dump_local exit=0 0s :: 10 tests, 36205 checks, 0 failed checks, 0 failed tests
SAN test_dump_units exit=0 14s :: 12 tests, 32505051 checks, 0 failed checks, 0 failed tests
SAN test_qclass_dump exit=0 0s :: qclass_dump: 33913 checks, 2000 random round trips
SAN test_char_eval exit=0 1s :: test_char_eval: 1738298 checks
SAN test_ffun_dump exit=0 8s :: ffun dump: 50466 checks, 0 failures
SAN test_rfun_dump exit=0 3s :: rfun dump: 59471 checks, 0 failures
INV test_dump exit=0 0s :: 17 tests, 12259 checks, 0 failed checks, 0 failed tests
INV test_dump_ctx exit=0 0s :: 14 tests, 28587 checks, 0 failed checks, 0 failed tests
INV test_dump_golden exit=0 0s :: 1 tests, 763 checks, 0 failed checks, 0 failed tests
INV test_dump_limits exit=0 9s :: 9 tests, 297 checks, 0 failed checks, 0 failed tests
INV test_dump_local exit=0 0s :: 10 tests, 36205 checks, 0 failed checks, 0 failed tests
INV test_dump_units exit=0 5s :: 12 tests, 32505051 checks, 0 failed checks, 0 failed tests
INV test_qclass_dump exit=0 0s :: qclass_dump: 33915 checks, 2000 random round trips
INV test_char_eval exit=0 2s :: test_char_eval: 1738325 checks
INV test_ffun_dump exit=0 4s :: ffun dump: 50472 checks, 0 failures
INV test_rfun_dump exit=0 1s :: rfun dump: 59477 checks, 0 failures
plain test_ffun_dump exit=0 :: ffun dump: 50466 checks, 0 failures
plain test_rfun_dump exit=0 :: rfun dump: 59471 checks, 0 failures
SAN test_ffun_dump exit=0 :: ffun dump: 50466 checks, 0 failures
SAN test_rfun_dump exit=0 :: rfun dump: 59471 checks, 0 failures
INV test_ffun_dump exit=0 :: ffun dump: 50472 checks, 0 failures
INV test_rfun_dump exit=0 :: rfun dump: 59477 checks, 0 failures
