FAIL row 191 prec 16 statuses 0 0 input -101893 -10 76 -8 1 -8 1 -1
(1.0414898602370624413e-39 - 8.0289147136570800100e-42j)  +/-  (1.18e-38, 1.25e-38j) old
(1.6530389308438418081e-39 - 8.0289147136570800100e-42j)  +/-  (1.12e-38, 1.13e-38j) new
FAIL row 539 prec 32 statuses 0 0 input -65678 -10 -61 -6 1 -6 1 -4
(2.9187425943188581495e-20 + 2.4402879041299349775e-20j)  +/-  (2.04e-20, 2.13e-20j) old
(2.9239072704518724589e-20 + 2.4823082703021355168e-20j)  +/-  (2.04e-20, 2.08e-20j) new
FAIL row 553 prec 128 statuses 0 0 input -13369 -10 30 -5 1 -10 1 -2
(-0.95602764475344919925 - 0.29507040001229061179j)  +/-  (3.00, 2.99j) old
(-1.1369388775163264970 - 0.36546408747997281501j)  +/-  (2.82, 2.87j) new
FAIL row 902 prec 256 statuses 0 0 input 3764 -10 -120 -11 1 -12 1 -1
(0.096569800301852754217 + 0.0023686129857081006656j)  +/-  (0.0564, 0.117j) old
(0.098893432035233886507 + 0.0028000489114409735688j)  +/-  (0.0541, 0.0700j) new
FAIL row 1075 prec 256 statuses 0 0 input 10164 -10 -106 -11 1 -4 1 -9
(0.077948305685400644977 - 0.00071278120313286002271j)  +/-  (0.0127, 0.00146j) old
(0.077935597179732427087 - 0.00071278120313286002271j)  +/-  (0.0127, 0.00146j) new
FAIL row 1378 prec 128 statuses 0 0 input -31719 -10 -43 -5 1 -1 1 -12
(7.3431756043669721820e-6 - 1.5363209432193307758e-5j)  +/-  (0.000121, 0.000122j) old
(3.6647755270487340185e-6 - 9.2889002253257762745e-6j)  +/-  (0.000118, 0.000116j) new
FAIL row 1619 prec 16 statuses 0 0 input -1621 -10 37 -11 1 -11 1 -1
(-10.672119140625000000 + 0.52795410156250000000j)  +/-  (51.3, 57.0j) old
(-11.978759765625000000 + 0.61364746093750000000j)  +/-  (50.0, 51.7j) new
FAIL row 1647 prec 16 statuses 0 0 input -169 -1 1 -1 1 -3 1 -7
(-2.8500753911392985569e-31 - 8.1168317506200055027e-31j)  +/-  (1.40e-30, 1.45e-30j) old
(-2.8500753911392985569e-31 - 8.1093687720855049638e-31j)  +/-  (1.40e-30, 1.45e-30j) new
FAIL row 1665 prec 128 statuses 0 0 input -61 -1 1 -1 1 -3 1 -7
(2.4396472347572310168e-5 + 3.6653472152746799590e-5j)  +/-  (6.78e-5, 6.88e-5j) old
(2.3179418029601408108e-5 + 3.4562489173617792930e-5j)  +/-  (6.66e-5, 6.67e-5j) new
FAIL row 1843 prec 32 statuses 0 0 input -116896 -10 88 -6 1 -9 1 -4
(-3.0283108266093779435e-49 - 5.4161721397376189602e-50j)  +/-  (1.64e-49, 1.64e-49j) old
(-3.0690497282203531957e-49 - 5.5309954440082482520e-50j)  +/-  (1.60e-49, 1.63e-49j) new
FAIL row 2302 prec 32 statuses 0 0 input -20582 -10 -73 -6 1 -11 1 -3
(0.012568930520501453429 + 0.021638882339175324887j)  +/-  (0.0253, 0.0256j) old
(0.013328701716091018170 + 0.022906496807991061360j)  +/-  (0.0244, 0.0244j) new
FAIL row 2465 prec 128 statuses 0 0 input -111919 -10 -82 -6 1 -8 1 -5
(-7.3007329343627913885e-47 + 3.8833472107486020556e-46j)  +/-  (1.23e-46, 1.23e-46j) old
(-7.3229148155738117784e-47 + 3.8953723811913434152e-46j)  +/-  (1.23e-46, 1.22e-46j) new
FAIL row 2573 prec 256 statuses 0 0 input -84602 -10 -26 -6 1 -9 1 -2
(4.1339167303965770671e-30 - 5.1303974998016440857e-30j)  +/-  (2.58e-29, 2.56e-29j) old
(4.9046232793188314460e-30 - 5.9969074470797154706e-30j)  +/-  (2.50e-29, 2.47e-29j) new
FAIL row 2844 prec 256 statuses 0 0 input -117 -1 1 -1 1 -3 1 -7
(2.1261537975685707023e-17 + 4.6567159607893761155e-17j)  +/-  (8.24e-17, 8.46e-17j) old
(2.1261537975685707023e-17 + 4.5335000544240244966e-17j)  +/-  (8.24e-17, 8.34e-17j) new
FAIL row 3580 prec 256 statuses 0 0 input -37502 -10 70 -6 1 -10 1 -3
(-2.5396569743721638611e-9 - 8.4959318083561971555e-8j)  +/-  (1.03e-7, 1.01e-7j) old
(-2.6124429617577735364e-9 - 8.9180064455822930702e-8j)  +/-  (9.68e-8, 9.66e-8j) new
FAIL row 3776 prec 128 statuses 0 0 input -127657 -10 -122 -7 1 -10 1 -7
(3.5855196777830085907e-56 + 1.0116282756973855176e-55j)  +/-  (7.18e-57, 7.03e-57j) old
(3.5858204032721715147e-56 + 1.0116282756973855176e-55j)  +/-  (7.18e-57, 7.03e-57j) new
FAIL row 4495 prec 32 statuses 0 0 input -92442 -10 -33 -5 1 -12 1 -8
(-1.3818428633510618257e-34 - 1.0595150444370274625e-34j)  +/-  (5.14e-36, 5.35e-36j) old
(-1.3818519029592993694e-34 - 1.0596057297474059359e-34j)  +/-  (5.14e-36, 5.15e-36j) new
FAIL row 4637 prec 256 statuses 0 0 input -121140 -10 -104 -7 1 -8 1 -6
(-1.1141805652794825616e-51 - 1.4433181431518078801e-51j)  +/-  (2.35e-52, 2.47e-52j) old
(-1.1141805652794825616e-51 - 1.4452569629511333166e-51j)  +/-  (2.35e-52, 2.45e-52j) new
FAIL row 4732 prec 256 statuses 0 0 input -28208 -10 -85 -6 1 -3 1 -12
(0.00012338908277653593757 - 2.0141006195870616294e-5j)  +/-  (0.000166, 0.000166j) old
(0.00011782195044262759650 - 1.8892403408141040638e-5j)  +/-  (0.000160, 0.000162j) new
FAIL row 4906 prec 64 statuses 0 0 input -32581 -10 -89 -7 1 -3 1 -7
(9.9867430197744512426e-6 + 7.4632713387315252798e-6j)  +/-  (1.78e-5, 1.72e-5j) old
(9.8436917220008976563e-6 + 7.4632713387315252798e-6j)  +/-  (1.76e-5, 1.72e-5j) new
FAIL row 5312 prec 16 statuses 0 0 input -72958 -10 29 -8 1 -4 1 0
(4.2564567863010133985e-26 - 6.5688447577753653037e-27j)  +/-  (2.17e-22, 2.17e-22j) old
(5.3417369098242517158e-24 - 6.5688447577753653037e-27j)  +/-  (2.12e-22, 2.17e-22j) new
FAIL row 5420 prec 128 statuses 0 0 input -116654 -10 54 -5 1 -1 1 -12
(-4.5249032976437948160e-49 - 6.9268793930425578627e-49j)  +/-  (8.23e-48, 7.91e-48j) old
(-4.2018919096457644504e-49 - 6.9268793930425578627e-49j)  +/-  (8.20e-48, 7.91e-48j) new
FAIL row 6338 prec 128 statuses 0 0 input -120936 -10 25 -4 1 -1 1 -7
(-1.8969207885156987034e-51 - 1.2563353917575763141e-51j)  +/-  (2.38e-50, 2.30e-50j) old
(-1.7343442625624877157e-51 - 1.2563353917575763141e-51j)  +/-  (2.37e-50, 2.30e-50j) new
FAIL row 6390 prec 16 statuses 0 0 input -497 -2 1 -2 1 -3 1 -7
(-4.0337087189873691654e-55 - 8.0859371314416530886e-55j)  +/-  (2.27e-54, 2.39e-54j) old
(-4.0337087189873691654e-55 - 8.0849414489971953059e-55j)  +/-  (2.27e-54, 2.39e-54j) new
FAIL row 6874 prec 256 statuses 0 0 input -22705 -10 -78 -7 1 -8 1 -12
(-0.00071463052315905650061 - 0.018175640717917524769j)  +/-  (0.000486, 0.000501j) old
(-0.00071463052315905650061 - 0.018175253142973608194j)  +/-  (0.000486, 0.000500j) new
FAIL row 6887 prec 16 statuses 0 0 input -116218 -10 36 -5 1 -3 1 -12
(-8.3459166170058568579e-49 - 1.0214137387411706424e-48j)  +/-  (2.23e-48, 2.25e-48j) old
(-7.8326622687709649127e-49 - 9.5261092843059419979e-49j)  +/-  (2.18e-48, 2.18e-48j) new
FAIL row 7720 prec 16 statuses 0 0 input 7381 -10 -79 -8 1 -1 1 -4
(0.083209991455078125000 - 0.00016283988952636718750j)  +/-  (0.113, 0.0758j) old
(0.080307006835937500000 - 0.00016283988952636718750j)  +/-  (0.110, 0.0758j) new
FAIL row 7765 prec 16 statuses 0 0 input 28111 -10 119 -6 1 2 1 -5
(2375616.0000000000000 + 10553600.000000000000j)  +/-  (5.54e+7, 5.57e+7j) old
(2375616.0000000000000 + 8417536.0000000000000j)  +/-  (5.54e+7, 5.35e+7j) new
FAIL row 7841 prec 32 statuses 0 0 input -72355 -10 -32 -5 1 -12 1 -3
(-1.8512757467246273889e-24 - 1.2811252201548948565e-23j)  +/-  (1.78e-23, 1.74e-23j) old
(-2.0177366027866773248e-24 - 1.3760054997348678637e-23j)  +/-  (1.65e-23, 1.64e-23j) new
FAIL row 7925 prec 256 statuses 0 0 input -86701 -10 118 -7 1 -7 1 -5
(3.4570553548481161085e-32 - 3.2128658183505459705e-31j)  +/-  (9.23e-32, 8.93e-32j) old
(3.4746104126981850987e-32 - 3.2147339804701192770e-31j)  +/-  (9.05e-32, 8.91e-32j) new
FAIL row 7998 prec 32 statuses 0 0 input -125 -1 -1 -1 1 -3 1 -7
(2.1431429594171073362e-19 - 4.9034634129001204906e-19j)  +/-  (8.63e-19, 8.88e-19j) old
(2.1431429594171073362e-19 - 4.7939492194031066911e-19j)  +/-  (8.63e-19, 8.77e-19j) new
FAIL row 8529 prec 16 statuses 0 0 input -85 -1 -1 -1 1 -3 1 -7
(4.8729020818427670747e-10 - 8.7817397798062302172e-10j)  +/-  (1.59e-9, 1.62e-9j) old
(4.7892001475702272728e-10 - 8.3981888110429281369e-10j)  +/-  (1.58e-9, 1.58e-9j) new
FAIL row 8633 prec 256 statuses 0 0 input -70312 -10 69 -9 1 -10 1 0
(-7.8147124697352756123e-25 - 6.3112469880554003058e-26j)  +/-  (3.84e-21, 3.84e-21j) old
(-2.1538872135956751604e-22 - 6.8584544645459876657e-23j)  +/-  (3.62e-21, 3.77e-21j) new
FAIL row 10312 prec 16 statuses 0 0 input 7454 -10 52 -6 1 -4 1 -13
(0.059179306030273437500 + 0.00015050917863845825195j)  +/-  (0.0121, 0.0113j) old
(0.058966636657714843750 + 0.00015050917863845825195j)  +/-  (0.0119, 0.0113j) new
FAIL row 10870 prec 16 statuses 0 0 input -89804 -10 15 -10 1 -10 1 -1
(1.7939736505413291466e-32 - 7.4064372562259869015e-34j)  +/-  (1.93e-31, 2.04e-31j) old
(2.6300228486653663354e-32 - 7.4064372562259869015e-34j)  +/-  (1.84e-31, 1.87e-31j) new
FAIL row 11452 prec 256 statuses 0 0 input -99424 -10 19 -6 1 -3 1 0
(0 + 0j)  +/-  (7.21e-37, 7.21e-37j) old
(-1.5077152975008511811e-38 - 3.7522948804371699187e-39j)  +/-  (7.06e-37, 7.17e-37j) new
FAIL row 11543 prec 16 statuses 0 0 input -64138 -10 62 -5 1 -7 1 -5
(-4.3146567931378476549e-20 + 1.4626207591162635347e-20j)  +/-  (1.35e-20, 1.32e-20j) old
(-4.3350054362066521357e-20 + 1.4667566621790286731e-20j)  +/-  (1.31e-20, 1.31e-20j) new
FAIL row 12349 prec 32 statuses 0 0 input -8751 -10 44 -8 1 -5 1 -10
(-13.782912723720073700 - 3.6784257125109434128j)  +/-  (4.15, 3.65j) old
(-13.782912723720073700 - 3.6725786933675408363j)  +/-  (3.65, 3.65j) new
FAIL row 13541 prec 128 statuses 0 0 input -121825 -10 -10 -3 1 -1 1 -7
(-2.9517199251697159843e-52 - 9.1763819374639798562e-52j)  +/-  (8.60e-51, 8.55e-51j) old
(-2.5776677991033284230e-52 - 6.9655232489159844702e-52j)  +/-  (8.57e-51, 8.33e-51j) new
FAIL row 13544 prec 256 statuses 0 0 input -120155 -10 -121 -8 1 -9 1 -2
(-6.8473226388629905114e-51 + 2.4433098003973105753e-51j)  +/-  (3.06e-50, 3.02e-50j) old
(-7.2041779946712618053e-51 + 2.4433098003973105753e-51j)  +/-  (3.03e-50, 3.02e-50j) new
FAIL row 13708 prec 16 statuses 0 0 input 5183 -10 32 -8 1 -1 1 -5
(0.098850250244140625000 - 0.0024274587631225585938j)  +/-  (0.117, 0.0494j) old
(0.085479736328125000000 - 0.0024274587631225585938j)  +/-  (0.103, 0.0494j) new
FAIL row 14420 prec 16 statuses 0 0 input -76104 -10 -18 -5 1 -10 1 -5
(-1.2911878081431215978e-26 - 3.4018837676750913097e-25j)  +/-  (9.23e-26, 9.19e-26j) old
(-1.2911878081431215978e-26 - 3.4031459451234449285e-25j)  +/-  (9.23e-26, 9.18e-26j) new
FAIL row 14515 prec 128 statuses 0 0 input 7724 -10 -8 -10 1 -7 1 -13
(0.060511021869812410471 - 1.0484562924437236448e-5j)  +/-  (0.00126, 3.59e-5j) old
(0.060508938312955280666 - 1.0484562924437236448e-5j)  +/-  (0.00125, 3.59e-5j) new
FAIL row 14967 prec 256 statuses 0 0 input -217 -2 1 -2 1 -3 1 -7
(6.0585081557663695567e-15 + 9.5563876324520391069e-15j)  +/-  (2.59e-14, 2.77e-14j) old
(6.0585081557663695567e-15 + 9.4196976619570899815e-15j)  +/-  (2.59e-14, 2.76e-14j) new
FAIL row 14981 prec 128 statuses 0 0 input -88263 -10 -87 -7 1 -3 1 -6
(-3.9047654924117994147e-32 - 6.9198837284142734765e-32j)  +/-  (1.29e-31, 1.23e-31j) old
(-3.5885004671143919992e-32 - 6.4524188520115236577e-32j)  +/-  (1.19e-31, 1.18e-31j) new
FAIL row 15068 prec 256 statuses 0 0 input -83582 -10 -93 -11 1 -8 1 -1
(-2.8118930437836136348e-29 - 3.3986421435809264666e-30j)  +/-  (3.62e-28, 3.86e-28j) old
(-3.3512003658083832966e-29 - 3.3986421435809264666e-30j)  +/-  (3.56e-28, 3.86e-28j) new
FAIL row 15445 prec 64 statuses 0 0 input 8333 -10 5 -4 1 2 1 -11
(189.85355564059769910 + 6.8900780870712421068j)  +/-  (7.64e+2, 6.77e+2j) old
(184.84363038615057466 + 6.8900780870712421068j)  +/-  (7.59e+2, 6.77e+2j) new
FAIL row 15985 prec 16 statuses 0 0 input -23183 -10 -76 -6 1 -8 1 -5
(0.0011170804500579833984 - 0.0045833587646484375000j)  +/-  (0.00108, 0.00106j) old
(0.0011213123798370361328 - 0.0045969486236572265625j)  +/-  (0.00105, 0.00105j) new
FAIL row 16100 prec 16 statuses 0 0 input 3813 -10 127 -7 1 0 1 -12
(0.21264648437500000000 - 0.085769653320312500000j)  +/-  (0.726, 0.714j) old
(0.13517379760742187500 - 0.049825668334960937500j)  +/-  (0.648, 0.678j) new
FAIL row 16994 prec 256 statuses 0 0 input -95515 -10 101 -8 1 -4 1 -2
(-4.4984504583556661062e-36 - 1.3143924724891219698e-36j)  +/-  (2.58e-35, 2.61e-35j) old
(-5.0612851705615262743e-36 - 1.3143924724891219698e-36j)  +/-  (2.53e-35, 2.61e-35j) new
FAIL row 17557 prec 16 statuses 0 0 input 42913 -10 43 -4 1 2 1 -7
(-3644078424064.0000000 + 2582684631040.0000000j)  +/-  (1.59e+13, 1.50e+13j) old
(-3624214200320.0000000 + 2582684631040.0000000j)  +/-  (1.59e+13, 1.50e+13j) new
FAIL row 18209 prec 128 statuses 0 0 input -105633 -10 -67 -6 1 -2 1 -5
(1.5322383373478217087e-42 - 4.4812069314050950215e-42j)  +/-  (1.94e-41, 1.97e-41j) old
(1.5322383373478217087e-42 - 4.2033800189840623036e-42j)  +/-  (1.94e-41, 1.94e-41j) new
FAIL row 18382 prec 256 statuses 0 0 input -79274 -10 6 -4 1 -10 1 -1
(-3.4819551835084289081e-27 + 7.4697943666875248581e-30j)  +/-  (4.94e-26, 5.16e-26j) old
(-6.3015216535833219086e-27 - 6.8916925910742300551e-28j)  +/-  (4.66e-26, 4.81e-26j) new
FAIL row 18603 prec 16 statuses 0 0 input -305 -2 1 -2 1 -3 1 -7
(-3.3427191997835154243e-26 - 5.7959188428398179367e-26j)  +/-  (1.60e-25, 1.70e-25j) old
(-3.3427191997835154243e-26 - 5.7378586802155514678e-26j)  +/-  (1.60e-25, 1.69e-25j) new
FAIL row 18622 prec 256 statuses 0 0 input -1332 -10 39 -7 1 -6 1 -2
(-6.3364968683631987565 + 2.4455246442359670359j)  +/-  (11.2, 12.5j) old
(-6.3364968683631987565 + 2.5222932929620783035j)  +/-  (11.2, 12.4j) new
FAIL row 18671 prec 256 statuses 0 0 input -61120 -10 47 -6 1 -8 1 -3
(8.4306680149034640055e-18 - 1.3582406500584835963e-18j)  +/-  (1.36e-17, 1.41e-17j) old
(8.8836880474775794251e-18 - 1.4715350792543397283e-18j)  +/-  (1.31e-17, 1.34e-17j) new
FAIL row 19340 prec 128 statuses 0 0 input -84379 -10 -78 -8 1 -7 1 -3
(9.4555438284175743034e-30 - 1.2990602287873355653e-29j)  +/-  (2.65e-29, 2.64e-29j) old
(1.0282083314436689869e-29 - 1.3919442076549350997e-29j)  +/-  (2.56e-29, 2.54e-29j) new
FAIL row 19540 prec 256 statuses 0 0 input -121335 -10 66 -8 1 -10 1 -2
(1.4417112285548133687e-51 + 1.3337078588541043253e-51j)  +/-  (7.46e-51, 7.67e-51j) old
(1.4417112285548133687e-51 + 1.4298302524745539910e-51j)  +/-  (7.46e-51, 7.57e-51j) new
FAIL row 19846 prec 256 statuses 0 0 input -43662 -10 -92 -8 1 -7 1 -2
(5.1757693501807174597e-10 - 4.0362326113551002342e-10j)  +/-  (2.07e-9, 2.13e-9j) old
(5.1757693501807174597e-10 - 4.0697459313976529582e-10j)  +/-  (2.07e-9, 2.12e-9j) new
boxes=20000 OK=17571 ND=2294 LIMIT=135 equal=15170 strict_containment=2342 failures=59
