mutate: src/lpow.c: 297 mutants
mutate: 297 mutants, 60 of them run (--limit 60, --seed 1)
mutate: every mutant is built and run with SAN=1
mutate: the baseline passes (13.2 s)

SURVIVED src/lpow.c:220:30 cmp: '<' -> '<='
  the tests pass with the mutant
  --- a/src/lpow.c
  +++ b/src/lpow.c
  @@ -218,5 +218,5 @@
       if (st == ADF_OK) st = adf_lball_mul(t, l, sc);          /* s0 ell + p^(P + beta) Z_p, inside p^c Z_p */
       if (st == ADF_OK) st = adf_lball_exp(z, t, K);           /* exponent min(K, P + beta) = K, or exact 1 */
  -    if (st == ADF_OK && sign < 0) st = adf_lball_neg(z, z);
  +    if (st == ADF_OK && sign <= 0) st = adf_lball_neg(z, z);
       if (st == ADF_OK)
       {


NOT COMPILED src/lpow.c:105:5 drop_assign: 'st = adf_lball_root_seed(r, x, n1, seed, Nr);' -> '' (the statement is removed)
  src/lpow.c:77:40: error: variable ‘Nr’ set but not used [-Werror=unused-but-set-variable]

NOT COMPILED src/lpow.c:91:5 drop_assign: 'divisible = am % n1 == 0;' -> '' (the statement is removed)
  src/lpow.c:76:21: error: variable ‘am’ set but not used [-Werror=unused-but-set-variable]

SURVIVED src/lpow.c:259:36 zero_one: '0' -> '1'
  the tests pass with the mutant
  --- a/src/lpow.c
  +++ b/src/lpow.c
  @@ -257,5 +257,5 @@
       if ((s->exact && fmpq_is_zero(s->u)) || (u->exact && fmpq_is_one(u->u)))
       {
  -        st = signed_one(res, p, 1, 0, 1);
  +        st = signed_one(res, p, 1, 1, 1);
           goto done;
       }


SURVIVED src/lpow.c:196:15 cmp: '<' -> '<='
  the tests pass with the mutant
  --- a/src/lpow.c
  +++ b/src/lpow.c
  @@ -194,5 +194,5 @@
       {
           if (A < INF) R = min2(R, add_inf(A, beta));
  -        if (A < INF && B < INF) R = min2(R, add_inf(A, B));
  +        if (A <= INF && B < INF) R = min2(R, add_inf(A, B));
           if (B < INF)
           {


SURVIVED src/lpow.c:37:57 cmp: '<' -> '<='
  the tests pass with the mutant
  --- a/src/lpow.c
  +++ b/src/lpow.c
  @@ -35,5 +35,5 @@
   
   /* a clamped to [-INF, INF] */
  -static slong clamp(slong a) { return a > INF ? INF : (a < -INF ? -INF : a); }
  +static slong clamp(slong a) { return a > INF ? INF : (a <= -INF ? -INF : a); }
   /* a + b with INF absorbing; a, b in [-INF, INF] */
   static slong add_inf(slong a, slong b) { return (a >= INF || b >= INF) ? INF : clamp(a + b); }


NOT COMPILED src/lpow.c:264:25 logic: '||' -> '&&'
  src/lpow.c:264:25: error: suggest parentheses around ‘&&’ within ‘||’ [-Werror=parentheses]

NOT COMPILED src/lpow.c:249:5 drop_assign: 'du = where_in(u, D1);' -> '' (the statement is removed)
  src/lpow.c:251:12: error: ‘du’ may be used uninitialized [-Werror=maybe-uninitialized]

SURVIVED src/lpow.c:90:17 zero_one: '0' -> '1'
  the tests pass with the mutant
  --- a/src/lpow.c
  +++ b/src/lpow.c
  @@ -88,5 +88,5 @@
           return st;
       }
  -    am = x->v < 0 ? -(ulong) x->v : (ulong) x->v;
  +    am = x->v < 1 ? -(ulong) x->v : (ulong) x->v;
       divisible = am % n1 == 0;
       s = vp_ulong(n1, p);


NOT COMPILED src/lpow.c:144:5 drop_assign: 'g = n_gcd(ae, n);' -> '' (the statement is removed)
  src/lpow.c:145:8: error: ‘g’ may be used uninitialized [-Werror=maybe-uninitialized]

SURVIVED src/lpow.c:146:28 zero_one: '0' -> '1'
  the tests pass with the mutant
  --- a/src/lpow.c
  +++ b/src/lpow.c
  @@ -144,5 +144,5 @@
       g = n_gcd(ae, n);                               /* gcd(0, n) = n: e = 0 gives 0/1 */
       n1 = n / g;
  -    e1 = g == 1 ? e : (e < 0 ? -(slong) (ae / g) : (slong) (ae / g));   /* |e| / g < 2^63 for g >= 2 */
  +    e1 = g == 1 ? e : (e < 1 ? -(slong) (ae / g) : (slong) (ae / g));   /* |e| / g < 2^63 for g >= 2 */
       if (n1 == 1) return adf_lball_pow_si(y, x, e1);  /* degree 1 is the identity (lroot.h); then L12 */
       return powrat_branch(y, x, e1, n1, seed, N);


SURVIVED src/lpow.c:45:20 zero_one: '0' -> '1'
  the tests pass with the mutant
  --- a/src/lpow.c
  +++ b/src/lpow.c
  @@ -43,5 +43,5 @@
   static slong mul_clamp(slong e, slong j)
   {
  -    ulong ae = e < 0 ? -(ulong) e : (ulong) e, aj = j < 0 ? -(ulong) j : (ulong) j;
  +    ulong ae = e < 1 ? -(ulong) e : (ulong) e, aj = j < 0 ? -(ulong) j : (ulong) j;
       int neg = (e < 0) != (j < 0);
       if (ae == 0 || aj == 0) return 0;


SURVIVED src/lpow.c:191:23 cmp: '>=' -> '>'
  the tests pass with the mutant
  --- a/src/lpow.c
  +++ b/src/lpow.c
  @@ -189,5 +189,5 @@
       uc->p = p; fmpq_set(uc->u, u->u); uc->v = u->v; uc->N = 0; uc->exact = 1;
       sc->p = p; fmpq_set(sc->u, s->u); sc->v = fmpq_is_zero(s->u) ? 0 : s->v; sc->N = 0; sc->exact = 1;
  -    if (A >= INF && B >= INF)
  +    if (A >= INF && B > INF)
           K = Nc;                                     /* both exact: the ball at N (as exp of an exact input) */
       else


NOT COMPILED src/lpow.c:208:9 drop_assign: 'K = min2(Nc, R);' -> '' (the statement is removed)
  src/lpow.c:33:66: error: ‘K’ may be used uninitialized [-Werror=maybe-uninitialized]

SURVIVED src/lpow.c:144:9 swap_args: 'n_gcd(ae, n)' -> 'n_gcd(n, ae)'
  the tests pass with the mutant
  --- a/src/lpow.c
  +++ b/src/lpow.c
  @@ -142,5 +142,5 @@
       if (n == 0) return ADF_DOMAIN;
       ae = e < 0 ? -(ulong) e : (ulong) e;
  -    g = n_gcd(ae, n);                               /* gcd(0, n) = n: e = 0 gives 0/1 */
  +    g = n_gcd( n,ae);                               /* gcd(0, n) = n: e = 0 gives 0/1 */
       n1 = n / g;
       e1 = g == 1 ? e : (e < 0 ? -(slong) (ae / g) : (slong) (ae / g));   /* |e| / g < 2^63 for g >= 2 */


SURVIVED src/lpow.c:190:68 zero_one: '0' -> '1'
  the tests pass with the mutant
  --- a/src/lpow.c
  +++ b/src/lpow.c
  @@ -188,5 +188,5 @@
       /* the exact centres: u0 = the canonical centre (a unit, v = 0), s0 = p^v u */
       uc->p = p; fmpq_set(uc->u, u->u); uc->v = u->v; uc->N = 0; uc->exact = 1;
  -    sc->p = p; fmpq_set(sc->u, s->u); sc->v = fmpq_is_zero(s->u) ? 0 : s->v; sc->N = 0; sc->exact = 1;
  +    sc->p = p; fmpq_set(sc->u, s->u); sc->v = fmpq_is_zero(s->u) ? 1 : s->v; sc->N = 0; sc->exact = 1;
       if (A >= INF && B >= INF)
           K = Nc;                                     /* both exact: the ball at N (as exp of an exact input) */


SURVIVED src/lpow.c:211:11 cmp: '<=' -> '<'
  the tests pass with the mutant
  --- a/src/lpow.c
  +++ b/src/lpow.c
  @@ -209,5 +209,5 @@
       }
       if (!exponent_ok(K)) { st = ADF_LIMIT; goto done; }
  -    if (K <= c || fmpq_is_zero(s->u))
  +    if (K < c || fmpq_is_zero(s->u))
       {
           /* exp(s0 ell) = 1 modulo p^K: s0 ell lies in p^c Z_p (Lemma 9 item 5), or s0 = 0 */


SURVIVED src/lpow.c:77:23 zero_one: '0' -> '1'
  the tests pass with the mutant
  --- a/src/lpow.c
  +++ b/src/lpow.c
  @@ -75,5 +75,5 @@
       fmpz_t c;
       ulong p = x->p, am;
  -    slong j = 0, ej = 0, K = clamp(N), Nr = 0, s, ve, rel;
  +    slong j = 0, ej = 1, K = clamp(N), Nr = 0, s, ve, rel;
       int st, divisible;
   


SURVIVED src/lpow.c:77:45 zero_one: '0' -> '1'
  the tests pass with the mutant
  --- a/src/lpow.c
  +++ b/src/lpow.c
  @@ -75,5 +75,5 @@
       fmpz_t c;
       ulong p = x->p, am;
  -    slong j = 0, ej = 0, K = clamp(N), Nr = 0, s, ve, rel;
  +    slong j = 0, ej = 0, K = clamp(N), Nr = 1, s, ve, rel;
       int st, divisible;
   


SURVIVED src/lpow.c:40:48 cmp: '<' -> '<='
  the tests pass with the mutant
  --- a/src/lpow.c
  +++ b/src/lpow.c
  @@ -38,5 +38,5 @@
   /* a + b with INF absorbing; a, b in [-INF, INF] */
   static slong add_inf(slong a, slong b) { return (a >= INF || b >= INF) ? INF : clamp(a + b); }
  -static slong min2(slong a, slong b) { return a < b ? a : b; }
  +static slong min2(slong a, slong b) { return a <= b ? a : b; }
   
   /* e j clamped to [-INF, INF]: |j| <= 2^60, e any slong. */


mutate: 60 mutants in 472.6 s: 40 killed, 14 survived, 6 not compiled, 0 timed out, 0 excused
mutate: FAILED: 14 mutant(s) survived; each one is a claim the tests do not check
