  powrat grid rows 6930, OK branch rows 19152, calls 260496
ok   powrat_grid_balls
  powrat exact rows 3024: exact results 1096, balls 1160, calls 18090
ok   powrat_exact_rows
  pow_si and root_seed agreement: calls 35360
ok   degree_one_is_pow_si_and_numerator_one_is_root
  zero and hand values: calls 27
ok   powrat_zero_and_hand_values
  2^64-59 and 3000-bit inputs: calls 204
ok   powrat_large_prime_and_big_inputs
  limits: calls 13
ok   powrat_limits
  powunit rows 4352: exact 305, exact-input balls 276, images 3748, 2-adic hulls 23; calls 28721
ok   powunit_rows
  statuses and limits: calls 31
ok   powunit_statuses_and_limits
  identities: groups 964
ok   powunit_identities
  integer exponents against pow_si: calls 41723
ok   powunit_integer_exponent_is_pow_si
10 tests, 3066274 checks, 0 failed checks, 0 failed tests
CPU user=6.41 sys=0.00 wall=6.42
