{"fault": "E_ej_plus1", "test": "test_lpow", "exit": 1, "counts": [12, 3034379, 62159, 4], "emitted_failed_checks": 62159}
{"fault": "E_ej_plus1", "test": "test_lroot", "exit": 0, "counts": [14, 2361423, 0, 0], "emitted_failed_checks": 0}
{"fault": "E_ej_plus1", "test": "test_rfunc_prime", "exit": 1, "counts": [16, 526806, 5, 1], "emitted_failed_checks": 5}
{"fault": "E_relative_minus1", "test": "test_lpow", "exit": 1, "counts": [12, 3074149, 81054, 6], "emitted_failed_checks": 81054}
{"fault": "E_relative_minus1", "test": "test_lroot", "exit": 0, "counts": [14, 2361423, 0, 0], "emitted_failed_checks": 0}
{"fault": "E_relative_minus1", "test": "test_rfunc_prime", "exit": 1, "counts": [16, 526806, 288, 1], "emitted_failed_checks": 288}
{"fault": "E_denominator_plus1", "test": "test_lpow", "exit": 1, "counts": [12, 3074149, 81054, 6], "emitted_failed_checks": 81054}
{"fault": "E_denominator_plus1", "test": "test_lroot", "exit": 0, "counts": [14, 2361423, 0, 0], "emitted_failed_checks": 0}
{"fault": "E_denominator_plus1", "test": "test_rfunc_prime", "exit": 1, "counts": [16, 526806, 288, 1], "emitted_failed_checks": 288}
{"fault": "E_numerator_plus1", "test": "test_lpow", "exit": 1, "counts": [12, 3034379, 62159, 4], "emitted_failed_checks": 62159}
{"fault": "E_numerator_plus1", "test": "test_lroot", "exit": 0, "counts": [14, 2361423, 0, 0], "emitted_failed_checks": 0}
{"fault": "E_numerator_plus1", "test": "test_rfunc_prime", "exit": 1, "counts": [16, 526806, 5, 1], "emitted_failed_checks": 5}
{"fault": "R_drop_A_beta", "test": "test_lpow", "exit": 1, "counts": [12, 3073885, 3685, 3], "emitted_failed_checks": 3685}
{"fault": "R_drop_A_beta", "test": "test_lroot", "exit": 0, "counts": [14, 2361423, 0, 0], "emitted_failed_checks": 0}
{"fault": "R_drop_A_beta", "test": "test_rfunc_prime", "exit": 1, "counts": [16, 526806, 21, 2], "emitted_failed_checks": 21}
{"fault": "R_drop_B_alpha", "test": "test_lpow", "exit": 1, "counts": [12, 3072313, 4253, 3], "emitted_failed_checks": 4253}
{"fault": "R_drop_B_alpha", "test": "test_lroot", "exit": 0, "counts": [14, 2361423, 0, 0], "emitted_failed_checks": 0}
{"fault": "R_drop_B_alpha", "test": "test_rfunc_prime", "exit": 1, "counts": [16, 526806, 20, 1], "emitted_failed_checks": 20}
{"fault": "R_drop_A_B_65537", "test": "test_lpow", "exit": 1, "counts": [12, 3074149, 8, 1], "emitted_failed_checks": 8}
{"fault": "R_drop_A_B_65537", "test": "test_lroot", "exit": 0, "counts": [14, 2361423, 0, 0], "emitted_failed_checks": 0}
{"fault": "R_drop_A_B_65537", "test": "test_rfunc_prime", "exit": 1, "counts": [16, 526806, 4, 1], "emitted_failed_checks": 4}
{"fault": "hull_one_negative_sign", "test": "test_lpow", "exit": 1, "counts": [12, 3074149, 30, 1], "emitted_failed_checks": 30}
{"fault": "hull_one_negative_sign", "test": "test_lroot", "exit": 0, "counts": [14, 2361423, 0, 0], "emitted_failed_checks": 0}
{"fault": "hull_one_negative_sign", "test": "test_rfunc_prime", "exit": 0, "counts": [16, 526806, 0, 0], "emitted_failed_checks": 0}
