==6== Memcheck, a memory error detector
==6== Copyright (C) 2002-2022, and GNU GPL'd, by Julian Seward et al.
==6== Using Valgrind-3.22.0 and LibVEX; rerun with -h for copyright info
==6== Command: lanes/f-repair6/build/test_lpow
==6== 
==6== 
==6== Process terminating with default action of signal 15 (SIGTERM)
==6==    at 0x53B7C90: __gmpn_sbpi1_div_qr (in /usr/lib/x86_64-linux-gnu/libgmp.so.10.5.0)
==6==    by 0x53B8D28: __gmpn_dcpi1_div_qr_n (in /usr/lib/x86_64-linux-gnu/libgmp.so.10.5.0)
==6==    by 0x53B8EEA: __gmpn_dcpi1_div_qr_n (in /usr/lib/x86_64-linux-gnu/libgmp.so.10.5.0)
==6==    by 0x53B95C7: __gmpn_dcpi1_div_qr (in /usr/lib/x86_64-linux-gnu/libgmp.so.10.5.0)
==6==    by 0x539E2D0: __gmpn_tdiv_qr (in /usr/lib/x86_64-linux-gnu/libgmp.so.10.5.0)
==6==    by 0x5389F23: __gmpz_tdiv_r (in /usr/lib/x86_64-linux-gnu/libgmp.so.10.5.0)
==6==    by 0x538A3D2: __gmpz_mod (in /usr/lib/x86_64-linux-gnu/libgmp.so.10.5.0)
==6==    by 0x49B23D7: fmpz_mod (in /usr/lib/x86_64-linux-gnu/libflint.so.18.0.1)
==6==    by 0x128EEB: log_short (lfunc.c:456)
==6==    by 0x128EEB: log_balanced (lfunc.c:479)
==6==    by 0x129B6A: Log_centre (lfunc.c:604)
==6==    by 0x129B6A: Log_core (lfunc.c:659)
==6==    by 0x120531: principal (lpow.c:217)
==6==    by 0x120531: adf_lball_powunit (lpow.c:343)
==6==    by 0x10EA2B: adf_test_fn_powunit_identities (test_lpow.c:799)
==6== 
==6== HEAP SUMMARY:
==6==     in use at exit: 208,056 bytes in 4,067 blocks
==6==   total heap usage: 562,933 allocs, 558,866 frees, 234,153,419 bytes allocated
==6== 
==6== 16 bytes in 1 blocks are possibly lost in loss record 1 of 43
==6==    at 0x484DB80: realloc (in /home/tobias/.local/opt/valgrind/usr/libexec/valgrind/vgpreload_memcheck-amd64-linux.so)
==6==    by 0x5372928: __gmp_default_reallocate (in /usr/lib/x86_64-linux-gnu/libgmp.so.10.5.0)
==6==    by 0x5388CD6: __gmpz_realloc2 (in /usr/lib/x86_64-linux-gnu/libgmp.so.10.5.0)
==6==    by 0x49AF8FC: _fmpz_clear_mpz (in /usr/lib/x86_64-linux-gnu/libflint.so.18.0.1)
==6==    by 0x128504: fmpz_clear (fmpz.h:70)
==6==    by 0x128504: log_split (lfunc.c:439)
==6==    by 0x128E67: log_short (lfunc.c:451)
==6==    by 0x128E67: log_balanced (lfunc.c:479)
==6==    by 0x129B6A: Log_centre (lfunc.c:604)
==6==    by 0x129B6A: Log_core (lfunc.c:659)
==6==    by 0x120531: principal (lpow.c:217)
==6==    by 0x120531: adf_lball_powunit (lpow.c:343)
==6==    by 0x10EA2B: adf_test_fn_powunit_identities (test_lpow.c:799)
==6==    by 0x10D518: main (test_runner.h:162)
==6== 
==6== 16 bytes in 1 blocks are possibly lost in loss record 2 of 43
==6==    at 0x484DB80: realloc (in /home/tobias/.local/opt/valgrind/usr/libexec/valgrind/vgpreload_memcheck-amd64-linux.so)
==6==    by 0x5372928: __gmp_default_reallocate (in /usr/lib/x86_64-linux-gnu/libgmp.so.10.5.0)
==6==    by 0x5388CD6: __gmpz_realloc2 (in /usr/lib/x86_64-linux-gnu/libgmp.so.10.5.0)
==6==    by 0x49AF8FC: _fmpz_clear_mpz (in /usr/lib/x86_64-linux-gnu/libflint.so.18.0.1)
==6==    by 0x128524: fmpz_clear (fmpz.h:70)
==6==    by 0x128524: log_split (lfunc.c:439)
==6==    by 0x128E67: log_short (lfunc.c:451)
==6==    by 0x128E67: log_balanced (lfunc.c:479)
==6==    by 0x129B6A: Log_centre (lfunc.c:604)
==6==    by 0x129B6A: Log_core (lfunc.c:659)
==6==    by 0x120531: principal (lpow.c:217)
==6==    by 0x120531: adf_lball_powunit (lpow.c:343)
==6==    by 0x10EA2B: adf_test_fn_powunit_identities (test_lpow.c:799)
==6==    by 0x10D518: main (test_runner.h:162)
==6== 
==6== 16 bytes in 1 blocks are possibly lost in loss record 3 of 43
==6==    at 0x484DB80: realloc (in /home/tobias/.local/opt/valgrind/usr/libexec/valgrind/vgpreload_memcheck-amd64-linux.so)
==6==    by 0x5372928: __gmp_default_reallocate (in /usr/lib/x86_64-linux-gnu/libgmp.so.10.5.0)
==6==    by 0x5388CD6: __gmpz_realloc2 (in /usr/lib/x86_64-linux-gnu/libgmp.so.10.5.0)
==6==    by 0x49AF8FC: _fmpz_clear_mpz (in /usr/lib/x86_64-linux-gnu/libflint.so.18.0.1)
==6==    by 0x1290F4: fmpz_clear (fmpz.h:70)
==6==    by 0x1290F4: log_short (lfunc.c:457)
==6==    by 0x1290F4: log_balanced (lfunc.c:479)
==6==    by 0x129B6A: Log_centre (lfunc.c:604)
==6==    by 0x129B6A: Log_core (lfunc.c:659)
==6==    by 0x120531: principal (lpow.c:217)
==6==    by 0x120531: adf_lball_powunit (lpow.c:343)
==6==    by 0x10EA2B: adf_test_fn_powunit_identities (test_lpow.c:799)
==6==    by 0x10D518: main (test_runner.h:162)
==6== 
==6== 16 bytes in 1 blocks are possibly lost in loss record 4 of 43
==6==    at 0x484DB80: realloc (in /home/tobias/.local/opt/valgrind/usr/libexec/valgrind/vgpreload_memcheck-amd64-linux.so)
==6==    by 0x5372928: __gmp_default_reallocate (in /usr/lib/x86_64-linux-gnu/libgmp.so.10.5.0)
==6==    by 0x5388CD6: __gmpz_realloc2 (in /usr/lib/x86_64-linux-gnu/libgmp.so.10.5.0)
==6==    by 0x49AF8FC: _fmpz_clear_mpz (in /usr/lib/x86_64-linux-gnu/libflint.so.18.0.1)
==6==    by 0x11BCE4: fmpz_clear (fmpz.h:70)
==6==    by 0x11BCE4: fmpq_clear (fmpq.h:36)
==6==    by 0x11BCE4: adf_lball_clear (lball.c:273)
==6==    by 0x12055D: principal (lpow.c:227)
==6==    by 0x12055D: adf_lball_powunit (lpow.c:343)
==6==    by 0x10EA2B: adf_test_fn_powunit_identities (test_lpow.c:799)
==6==    by 0x10D518: main (test_runner.h:162)
==6== 
==6== 16 bytes in 1 blocks are possibly lost in loss record 5 of 43
==6==    at 0x484DB80: realloc (in /home/tobias/.local/opt/valgrind/usr/libexec/valgrind/vgpreload_memcheck-amd64-linux.so)
==6==    by 0x5372928: __gmp_default_reallocate (in /usr/lib/x86_64-linux-gnu/libgmp.so.10.5.0)
==6==    by 0x5388CD6: __gmpz_realloc2 (in /usr/lib/x86_64-linux-gnu/libgmp.so.10.5.0)
==6==    by 0x49AF8FC: _fmpz_clear_mpz (in /usr/lib/x86_64-linux-gnu/libflint.so.18.0.1)
==6==    by 0x11B1F8: fmpz_clear (fmpz.h:70)
==6==    by 0x11B1F8: fmpq_clear (fmpq.h:36)
==6==    by 0x11B1F8: diff_val (lball.c:568)
==6==    by 0x11CD2C: adf_lball_contains (lball.c:607)
==6==    by 0x10E9A0: adf_test_fn_powunit_identities (test_lpow.c:801)
==6==    by 0x10D518: main (test_runner.h:162)
==6== 
==6== 16 bytes in 1 blocks are possibly lost in loss record 6 of 43
==6==    at 0x484DB80: realloc (in /home/tobias/.local/opt/valgrind/usr/libexec/valgrind/vgpreload_memcheck-amd64-linux.so)
==6==    by 0x5372928: __gmp_default_reallocate (in /usr/lib/x86_64-linux-gnu/libgmp.so.10.5.0)
==6==    by 0x5388CD6: __gmpz_realloc2 (in /usr/lib/x86_64-linux-gnu/libgmp.so.10.5.0)
==6==    by 0x49AF8FC: _fmpz_clear_mpz (in /usr/lib/x86_64-linux-gnu/libflint.so.18.0.1)
==6==    by 0x49AF9C4: _fmpz_demote_val (in /usr/lib/x86_64-linux-gnu/libflint.so.18.0.1)
==6==    by 0x49BD050: _fmpz_remove (in /usr/lib/x86_64-linux-gnu/libflint.so.18.0.1)
==6==    by 0x11B0FA: val_fmpz (lball.c:94)
==6==    by 0x11B0FA: val_fmpq (lball.c:105)
==6==    by 0x11B0FA: diff_val (lball.c:567)
==6==    by 0x11CD2C: adf_lball_contains (lball.c:607)
==6==    by 0x10E9A0: adf_test_fn_powunit_identities (test_lpow.c:801)
==6==    by 0x10D518: main (test_runner.h:162)
==6== 
==6== 16 bytes in 1 blocks are possibly lost in loss record 7 of 43
==6==    at 0x484DB80: realloc (in /home/tobias/.local/opt/valgrind/usr/libexec/valgrind/vgpreload_memcheck-amd64-linux.so)
==6==    by 0x5372928: __gmp_default_reallocate (in /usr/lib/x86_64-linux-gnu/libgmp.so.10.5.0)
==6==    by 0x5388CD6: __gmpz_realloc2 (in /usr/lib/x86_64-linux-gnu/libgmp.so.10.5.0)
==6==    by 0x49AF8FC: _fmpz_clear_mpz (in /usr/lib/x86_64-linux-gnu/libflint.so.18.0.1)
==6==    by 0x12809C: fmpz_clear (fmpz.h:70)
==6==    by 0x12809C: rat_mod (lfunc.c:152)
==6==    by 0x129B39: Log_centre (lfunc.c:563)
==6==    by 0x129B39: Log_core (lfunc.c:659)
==6==    by 0x120531: principal (lpow.c:217)
==6==    by 0x120531: adf_lball_powunit (lpow.c:343)
==6==    by 0x10EA2B: adf_test_fn_powunit_identities (test_lpow.c:799)
==6==    by 0x10D518: main (test_runner.h:162)
==6== 
==6== 16 bytes in 1 blocks are possibly lost in loss record 8 of 43
==6==    at 0x484DB80: realloc (in /home/tobias/.local/opt/valgrind/usr/libexec/valgrind/vgpreload_memcheck-amd64-linux.so)
==6==    by 0x5372928: __gmp_default_reallocate (in /usr/lib/x86_64-linux-gnu/libgmp.so.10.5.0)
==6==    by 0x5388CD6: __gmpz_realloc2 (in /usr/lib/x86_64-linux-gnu/libgmp.so.10.5.0)
==6==    by 0x49AF8FC: _fmpz_clear_mpz (in /usr/lib/x86_64-linux-gnu/libflint.so.18.0.1)
==6==    by 0x128504: fmpz_clear (fmpz.h:70)
==6==    by 0x128504: log_split (lfunc.c:439)
==6==    by 0x1283B2: log_split (lfunc.c:435)
==6==    by 0x128E67: log_short (lfunc.c:451)
==6==    by 0x128E67: log_balanced (lfunc.c:479)
==6==    by 0x129B6A: Log_centre (lfunc.c:604)
==6==    by 0x129B6A: Log_core (lfunc.c:659)
==6==    by 0x120531: principal (lpow.c:217)
==6==    by 0x120531: adf_lball_powunit (lpow.c:343)
==6==    by 0x10EA2B: adf_test_fn_powunit_identities (test_lpow.c:799)
==6==    by 0x10D518: main (test_runner.h:162)
==6== 
==6== 16 bytes in 1 blocks are possibly lost in loss record 9 of 43
==6==    at 0x484DB80: realloc (in /home/tobias/.local/opt/valgrind/usr/libexec/valgrind/vgpreload_memcheck-amd64-linux.so)
==6==    by 0x5372928: __gmp_default_reallocate (in /usr/lib/x86_64-linux-gnu/libgmp.so.10.5.0)
==6==    by 0x5388CD6: __gmpz_realloc2 (in /usr/lib/x86_64-linux-gnu/libgmp.so.10.5.0)
==6==    by 0x49AF8FC: _fmpz_clear_mpz (in /usr/lib/x86_64-linux-gnu/libflint.so.18.0.1)
==6==    by 0x128524: fmpz_clear (fmpz.h:70)
==6==    by 0x128524: log_split (lfunc.c:439)
==6==    by 0x1283B2: log_split (lfunc.c:435)
==6==    by 0x128E67: log_short (lfunc.c:451)
==6==    by 0x128E67: log_balanced (lfunc.c:479)
==6==    by 0x129B6A: Log_centre (lfunc.c:604)
==6==    by 0x129B6A: Log_core (lfunc.c:659)
==6==    by 0x120531: principal (lpow.c:217)
==6==    by 0x120531: adf_lball_powunit (lpow.c:343)
==6==    by 0x10EA2B: adf_test_fn_powunit_identities (test_lpow.c:799)
==6==    by 0x10D518: main (test_runner.h:162)
==6== 
==6== 16 bytes in 1 blocks are possibly lost in loss record 10 of 43
==6==    at 0x484DB80: realloc (in /home/tobias/.local/opt/valgrind/usr/libexec/valgrind/vgpreload_memcheck-amd64-linux.so)
==6==    by 0x5372928: __gmp_default_reallocate (in /usr/lib/x86_64-linux-gnu/libgmp.so.10.5.0)
==6==    by 0x5388CD6: __gmpz_realloc2 (in /usr/lib/x86_64-linux-gnu/libgmp.so.10.5.0)
==6==    by 0x49AF8FC: _fmpz_clear_mpz (in /usr/lib/x86_64-linux-gnu/libflint.so.18.0.1)
==6==    by 0x4A405ED: _fmpq_sub (in /usr/lib/x86_64-linux-gnu/libflint.so.18.0.1)
==6==    by 0x11B0C6: diff_val (lball.c:566)
==6==    by 0x11CD2C: adf_lball_contains (lball.c:607)
==6==    by 0x10ECC0: adf_test_fn_powunit_identities (test_lpow.c:813)
==6==    by 0x10D518: main (test_runner.h:162)
==6== 
==6== 16 bytes in 1 blocks are possibly lost in loss record 11 of 43
==6==    at 0x484DB80: realloc (in /home/tobias/.local/opt/valgrind/usr/libexec/valgrind/vgpreload_memcheck-amd64-linux.so)
==6==    by 0x5372928: __gmp_default_reallocate (in /usr/lib/x86_64-linux-gnu/libgmp.so.10.5.0)
==6==    by 0x5388CD6: __gmpz_realloc2 (in /usr/lib/x86_64-linux-gnu/libgmp.so.10.5.0)
==6==    by 0x49AF8FC: _fmpz_clear_mpz (in /usr/lib/x86_64-linux-gnu/libflint.so.18.0.1)
==6==    by 0x49AF9C4: _fmpz_demote_val (in /usr/lib/x86_64-linux-gnu/libflint.so.18.0.1)
==6==    by 0x49BD050: _fmpz_remove (in /usr/lib/x86_64-linux-gnu/libflint.so.18.0.1)
==6==    by 0x11B0FA: val_fmpz (lball.c:94)
==6==    by 0x11B0FA: val_fmpq (lball.c:105)
==6==    by 0x11B0FA: diff_val (lball.c:567)
==6==    by 0x11CD2C: adf_lball_contains (lball.c:607)
==6==    by 0x10ECC0: adf_test_fn_powunit_identities (test_lpow.c:813)
==6==    by 0x10D518: main (test_runner.h:162)
==6== 
==6== 24 bytes in 1 blocks are possibly lost in loss record 12 of 43
==6==    at 0x484DB80: realloc (in /home/tobias/.local/opt/valgrind/usr/libexec/valgrind/vgpreload_memcheck-amd64-linux.so)
==6==    by 0x5372928: __gmp_default_reallocate (in /usr/lib/x86_64-linux-gnu/libgmp.so.10.5.0)
==6==    by 0x5384133: __gmpz_realloc (in /usr/lib/x86_64-linux-gnu/libgmp.so.10.5.0)
==6==    by 0x538693B: __gmpz_set (in /usr/lib/x86_64-linux-gnu/libgmp.so.10.5.0)
==6==    by 0x49BD0E9: fmpz_remove (in /usr/lib/x86_64-linux-gnu/libflint.so.18.0.1)
==6==    by 0x11B296: val_fmpz (lball.c:94)
==6==    by 0x11B296: lb_make (lball.c:154)
==6==    by 0x11D141: adf_lball_mul (lball.c:759)
==6==    by 0x10E8CF: adf_test_fn_powunit_identities (test_lpow.c:791)
==6==    by 0x10D518: main (test_runner.h:162)
==6== 
==6== 32 bytes in 1 blocks are possibly lost in loss record 13 of 43
==6==    at 0x484DB80: realloc (in /home/tobias/.local/opt/valgrind/usr/libexec/valgrind/vgpreload_memcheck-amd64-linux.so)
==6==    by 0x5372928: __gmp_default_reallocate (in /usr/lib/x86_64-linux-gnu/libgmp.so.10.5.0)
==6==    by 0x5384133: __gmpz_realloc (in /usr/lib/x86_64-linux-gnu/libgmp.so.10.5.0)
==6==    by 0x538B772: __gmpz_mul (in /usr/lib/x86_64-linux-gnu/libgmp.so.10.5.0)
==6==    by 0x11AEA4: lb_int_pow (lball.c:882)
==6==    by 0x11DA3A: adf_lball_pow_si (lball.c:947)
==6==    by 0x10E985: adf_test_fn_powunit_identities (test_lpow.c:800)
==6==    by 0x10D518: main (test_runner.h:162)
==6== 
==6== 48 bytes in 1 blocks are possibly lost in loss record 14 of 43
==6==    at 0x484DB80: realloc (in /home/tobias/.local/opt/valgrind/usr/libexec/valgrind/vgpreload_memcheck-amd64-linux.so)
==6==    by 0x5372928: __gmp_default_reallocate (in /usr/lib/x86_64-linux-gnu/libgmp.so.10.5.0)
==6==    by 0x5384133: __gmpz_realloc (in /usr/lib/x86_64-linux-gnu/libgmp.so.10.5.0)
==6==    by 0x538CAF8: __gmpz_n_pow_ui (in /usr/lib/x86_64-linux-gnu/libgmp.so.10.5.0)
==6==    by 0x49C1C75: fmpz_ui_pow_ui (in /usr/lib/x86_64-linux-gnu/libflint.so.18.0.1)
==6==    by 0x12AA13: exp_centre (lfunc.c:264)
==6==    by 0x12AA13: adf_lball_exp (lfunc.c:324)
==6==    by 0x120A6D: principal (lpow.c:219)
==6==    by 0x120A6D: adf_lball_powunit (lpow.c:343)
==6==    by 0x10E84A: adf_test_fn_powunit_identities (test_lpow.c:787)
==6==    by 0x10D518: main (test_runner.h:162)
==6== 
==6== 192 bytes in 1 blocks are possibly lost in loss record 15 of 43
==6==    at 0x484DB80: realloc (in /home/tobias/.local/opt/valgrind/usr/libexec/valgrind/vgpreload_memcheck-amd64-linux.so)
==6==    by 0x5372928: __gmp_default_reallocate (in /usr/lib/x86_64-linux-gnu/libgmp.so.10.5.0)
==6==    by 0x5384133: __gmpz_realloc (in /usr/lib/x86_64-linux-gnu/libgmp.so.10.5.0)
==6==    by 0x49B38F0: ??? (in /usr/lib/x86_64-linux-gnu/libflint.so.18.0.1)
==6==    by 0x128409: log_split (lfunc.c:438)
==6==    by 0x1283B2: log_split (lfunc.c:435)
==6==    by 0x1283B2: log_split (lfunc.c:435)
==6==    by 0x128385: log_split (lfunc.c:434)
==6==    by 0x1283B2: log_split (lfunc.c:435)
==6==    by 0x128E67: log_short (lfunc.c:451)
==6==    by 0x128E67: log_balanced (lfunc.c:479)
==6==    by 0x129B6A: Log_centre (lfunc.c:604)
==6==    by 0x129B6A: Log_core (lfunc.c:659)
==6==    by 0x120531: principal (lpow.c:217)
==6==    by 0x120531: adf_lball_powunit (lpow.c:343)
==6== 
==6== 208 bytes in 1 blocks are possibly lost in loss record 16 of 43
==6==    at 0x484DB80: realloc (in /home/tobias/.local/opt/valgrind/usr/libexec/valgrind/vgpreload_memcheck-amd64-linux.so)
==6==    by 0x5372928: __gmp_default_reallocate (in /usr/lib/x86_64-linux-gnu/libgmp.so.10.5.0)
==6==    by 0x5384133: __gmpz_realloc (in /usr/lib/x86_64-linux-gnu/libgmp.so.10.5.0)
==6==    by 0x537AC33: __gmpz_add (in /usr/lib/x86_64-linux-gnu/libgmp.so.10.5.0)
==6==    by 0x49A6017: fmpz_add (in /usr/lib/x86_64-linux-gnu/libflint.so.18.0.1)
==6==    by 0x1283EB: log_split (lfunc.c:437)
==6==    by 0x1283B2: log_split (lfunc.c:435)
==6==    by 0x1283B2: log_split (lfunc.c:435)
==6==    by 0x128385: log_split (lfunc.c:434)
==6==    by 0x1283B2: log_split (lfunc.c:435)
==6==    by 0x128E67: log_short (lfunc.c:451)
==6==    by 0x128E67: log_balanced (lfunc.c:479)
==6==    by 0x129B6A: Log_centre (lfunc.c:604)
==6==    by 0x129B6A: Log_core (lfunc.c:659)
==6== 
==6== 400 bytes in 1 blocks are possibly lost in loss record 17 of 43
==6==    at 0x484DB80: realloc (in /home/tobias/.local/opt/valgrind/usr/libexec/valgrind/vgpreload_memcheck-amd64-linux.so)
==6==    by 0x5372928: __gmp_default_reallocate (in /usr/lib/x86_64-linux-gnu/libgmp.so.10.5.0)
==6==    by 0x5384133: __gmpz_realloc (in /usr/lib/x86_64-linux-gnu/libgmp.so.10.5.0)
==6==    by 0x537AC33: __gmpz_add (in /usr/lib/x86_64-linux-gnu/libgmp.so.10.5.0)
==6==    by 0x49A6017: fmpz_add (in /usr/lib/x86_64-linux-gnu/libflint.so.18.0.1)
==6==    by 0x1283EB: log_split (lfunc.c:437)
==6==    by 0x1283B2: log_split (lfunc.c:435)
==6==    by 0x128385: log_split (lfunc.c:434)
==6==    by 0x128385: log_split (lfunc.c:434)
==6==    by 0x128E67: log_short (lfunc.c:451)
==6==    by 0x128E67: log_balanced (lfunc.c:479)
==6==    by 0x129B6A: Log_centre (lfunc.c:604)
==6==    by 0x129B6A: Log_core (lfunc.c:659)
==6==    by 0x120531: principal (lpow.c:217)
==6==    by 0x120531: adf_lball_powunit (lpow.c:343)
==6== 
==6== 400 bytes in 1 blocks are possibly lost in loss record 18 of 43
==6==    at 0x484DB80: realloc (in /home/tobias/.local/opt/valgrind/usr/libexec/valgrind/vgpreload_memcheck-amd64-linux.so)
==6==    by 0x5372928: __gmp_default_reallocate (in /usr/lib/x86_64-linux-gnu/libgmp.so.10.5.0)
==6==    by 0x5384133: __gmpz_realloc (in /usr/lib/x86_64-linux-gnu/libgmp.so.10.5.0)
==6==    by 0x537AC33: __gmpz_add (in /usr/lib/x86_64-linux-gnu/libgmp.so.10.5.0)
==6==    by 0x49A6017: fmpz_add (in /usr/lib/x86_64-linux-gnu/libflint.so.18.0.1)
==6==    by 0x1283EB: log_split (lfunc.c:437)
==6==    by 0x1283B2: log_split (lfunc.c:435)
==6==    by 0x1283B2: log_split (lfunc.c:435)
==6==    by 0x1283B2: log_split (lfunc.c:435)
==6==    by 0x128E67: log_short (lfunc.c:451)
==6==    by 0x128E67: log_balanced (lfunc.c:479)
==6==    by 0x129B6A: Log_centre (lfunc.c:604)
==6==    by 0x129B6A: Log_core (lfunc.c:659)
==6==    by 0x120531: principal (lpow.c:217)
==6==    by 0x120531: adf_lball_powunit (lpow.c:343)
==6== 
==6== 408 bytes in 1 blocks are possibly lost in loss record 19 of 43
==6==    at 0x484DB80: realloc (in /home/tobias/.local/opt/valgrind/usr/libexec/valgrind/vgpreload_memcheck-amd64-linux.so)
==6==    by 0x5372928: __gmp_default_reallocate (in /usr/lib/x86_64-linux-gnu/libgmp.so.10.5.0)
==6==    by 0x5384133: __gmpz_realloc (in /usr/lib/x86_64-linux-gnu/libgmp.so.10.5.0)
==6==    by 0x49B38F0: ??? (in /usr/lib/x86_64-linux-gnu/libflint.so.18.0.1)
==6==    by 0x1283CF: log_split (lfunc.c:436)
==6==    by 0x128385: log_split (lfunc.c:434)
==6==    by 0x1283B2: log_split (lfunc.c:435)
==6==    by 0x128385: log_split (lfunc.c:434)
==6==    by 0x128E67: log_short (lfunc.c:451)
==6==    by 0x128E67: log_balanced (lfunc.c:479)
==6==    by 0x129B6A: Log_centre (lfunc.c:604)
==6==    by 0x129B6A: Log_core (lfunc.c:659)
==6==    by 0x120531: principal (lpow.c:217)
==6==    by 0x120531: adf_lball_powunit (lpow.c:343)
==6==    by 0x10EA2B: adf_test_fn_powunit_identities (test_lpow.c:799)
==6== 
==6== 512 bytes in 1 blocks are possibly lost in loss record 20 of 43
==6==    at 0x484DB80: realloc (in /home/tobias/.local/opt/valgrind/usr/libexec/valgrind/vgpreload_memcheck-amd64-linux.so)
==6==    by 0x5372928: __gmp_default_reallocate (in /usr/lib/x86_64-linux-gnu/libgmp.so.10.5.0)
==6==    by 0x5384133: __gmpz_realloc (in /usr/lib/x86_64-linux-gnu/libgmp.so.10.5.0)
==6==    by 0x538A11E: __gmpz_tdiv_r (in /usr/lib/x86_64-linux-gnu/libgmp.so.10.5.0)
==6==    by 0x538A3D2: __gmpz_mod (in /usr/lib/x86_64-linux-gnu/libgmp.so.10.5.0)
==6==    by 0x49B23D7: fmpz_mod (in /usr/lib/x86_64-linux-gnu/libflint.so.18.0.1)
==6==    by 0x128C5D: log_balanced (lfunc.c:474)
==6==    by 0x129B6A: Log_centre (lfunc.c:604)
==6==    by 0x129B6A: Log_core (lfunc.c:659)
==6==    by 0x120531: principal (lpow.c:217)
==6==    by 0x120531: adf_lball_powunit (lpow.c:343)
==6==    by 0x10EA2B: adf_test_fn_powunit_identities (test_lpow.c:799)
==6==    by 0x10D518: main (test_runner.h:162)
==6== 
==6== 512 bytes in 1 blocks are possibly lost in loss record 21 of 43
==6==    at 0x484DB80: realloc (in /home/tobias/.local/opt/valgrind/usr/libexec/valgrind/vgpreload_memcheck-amd64-linux.so)
==6==    by 0x5372928: __gmp_default_reallocate (in /usr/lib/x86_64-linux-gnu/libgmp.so.10.5.0)
==6==    by 0x5384133: __gmpz_realloc (in /usr/lib/x86_64-linux-gnu/libgmp.so.10.5.0)
==6==    by 0x538693B: __gmpz_set (in /usr/lib/x86_64-linux-gnu/libgmp.so.10.5.0)
==6==    by 0x49B047F: fmpz_neg (in /usr/lib/x86_64-linux-gnu/libflint.so.18.0.1)
==6==    by 0x128E37: log_short (lfunc.c:450)
==6==    by 0x128E37: log_balanced (lfunc.c:479)
==6==    by 0x129B6A: Log_centre (lfunc.c:604)
==6==    by 0x129B6A: Log_core (lfunc.c:659)
==6==    by 0x120531: principal (lpow.c:217)
==6==    by 0x120531: adf_lball_powunit (lpow.c:343)
==6==    by 0x10EA2B: adf_test_fn_powunit_identities (test_lpow.c:799)
==6==    by 0x10D518: main (test_runner.h:162)
==6== 
==6== 552 bytes in 1 blocks are possibly lost in loss record 22 of 43
==6==    at 0x484DB80: realloc (in /home/tobias/.local/opt/valgrind/usr/libexec/valgrind/vgpreload_memcheck-amd64-linux.so)
==6==    by 0x5372928: __gmp_default_reallocate (in /usr/lib/x86_64-linux-gnu/libgmp.so.10.5.0)
==6==    by 0x5384133: __gmpz_realloc (in /usr/lib/x86_64-linux-gnu/libgmp.so.10.5.0)
==6==    by 0x538CAF8: __gmpz_n_pow_ui (in /usr/lib/x86_64-linux-gnu/libgmp.so.10.5.0)
==6==    by 0x49C1C75: fmpz_ui_pow_ui (in /usr/lib/x86_64-linux-gnu/libflint.so.18.0.1)
==6==    by 0x128C4A: log_balanced (lfunc.c:474)
==6==    by 0x129B6A: Log_centre (lfunc.c:604)
==6==    by 0x129B6A: Log_core (lfunc.c:659)
==6==    by 0x120531: principal (lpow.c:217)
==6==    by 0x120531: adf_lball_powunit (lpow.c:343)
==6==    by 0x10EA2B: adf_test_fn_powunit_identities (test_lpow.c:799)
==6==    by 0x10D518: main (test_runner.h:162)
==6== 
==6== 824 bytes in 2 blocks are possibly lost in loss record 23 of 43
==6==    at 0x484DB80: realloc (in /home/tobias/.local/opt/valgrind/usr/libexec/valgrind/vgpreload_memcheck-amd64-linux.so)
==6==    by 0x5372928: __gmp_default_reallocate (in /usr/lib/x86_64-linux-gnu/libgmp.so.10.5.0)
==6==    by 0x5384133: __gmpz_realloc (in /usr/lib/x86_64-linux-gnu/libgmp.so.10.5.0)
==6==    by 0x537AC33: __gmpz_add (in /usr/lib/x86_64-linux-gnu/libgmp.so.10.5.0)
==6==    by 0x49A6017: fmpz_add (in /usr/lib/x86_64-linux-gnu/libflint.so.18.0.1)
==6==    by 0x1283EB: log_split (lfunc.c:437)
==6==    by 0x1283B2: log_split (lfunc.c:435)
==6==    by 0x1283B2: log_split (lfunc.c:435)
==6==    by 0x128385: log_split (lfunc.c:434)
==6==    by 0x128E67: log_short (lfunc.c:451)
==6==    by 0x128E67: log_balanced (lfunc.c:479)
==6==    by 0x129B6A: Log_centre (lfunc.c:604)
==6==    by 0x129B6A: Log_core (lfunc.c:659)
==6==    by 0x120531: principal (lpow.c:217)
==6==    by 0x120531: adf_lball_powunit (lpow.c:343)
==6== 
==6== 1,184 bytes in 3 blocks are possibly lost in loss record 24 of 43
==6==    at 0x484DB80: realloc (in /home/tobias/.local/opt/valgrind/usr/libexec/valgrind/vgpreload_memcheck-amd64-linux.so)
==6==    by 0x5372928: __gmp_default_reallocate (in /usr/lib/x86_64-linux-gnu/libgmp.so.10.5.0)
==6==    by 0x5384133: __gmpz_realloc (in /usr/lib/x86_64-linux-gnu/libgmp.so.10.5.0)
==6==    by 0x49B38F0: ??? (in /usr/lib/x86_64-linux-gnu/libflint.so.18.0.1)
==6==    by 0x128409: log_split (lfunc.c:438)
==6==    by 0x1283B2: log_split (lfunc.c:435)
==6==    by 0x1283B2: log_split (lfunc.c:435)
==6==    by 0x128385: log_split (lfunc.c:434)
==6==    by 0x128E67: log_short (lfunc.c:451)
==6==    by 0x128E67: log_balanced (lfunc.c:479)
==6==    by 0x129B6A: Log_centre (lfunc.c:604)
==6==    by 0x129B6A: Log_core (lfunc.c:659)
==6==    by 0x120531: principal (lpow.c:217)
==6==    by 0x120531: adf_lball_powunit (lpow.c:343)
==6==    by 0x10EA2B: adf_test_fn_powunit_identities (test_lpow.c:799)
==6== 
==6== 1,440 bytes in 3 blocks are possibly lost in loss record 25 of 43
==6==    at 0x484DB80: realloc (in /home/tobias/.local/opt/valgrind/usr/libexec/valgrind/vgpreload_memcheck-amd64-linux.so)
==6==    by 0x5372928: __gmp_default_reallocate (in /usr/lib/x86_64-linux-gnu/libgmp.so.10.5.0)
==6==    by 0x5384133: __gmpz_realloc (in /usr/lib/x86_64-linux-gnu/libgmp.so.10.5.0)
==6==    by 0x49B38F0: ??? (in /usr/lib/x86_64-linux-gnu/libflint.so.18.0.1)
==6==    by 0x128409: log_split (lfunc.c:438)
==6==    by 0x1283B2: log_split (lfunc.c:435)
==6==    by 0x128385: log_split (lfunc.c:434)
==6==    by 0x1283B2: log_split (lfunc.c:435)
==6==    by 0x128E67: log_short (lfunc.c:451)
==6==    by 0x128E67: log_balanced (lfunc.c:479)
==6==    by 0x129B6A: Log_centre (lfunc.c:604)
==6==    by 0x129B6A: Log_core (lfunc.c:659)
==6==    by 0x120531: principal (lpow.c:217)
==6==    by 0x120531: adf_lball_powunit (lpow.c:343)
==6==    by 0x10EA2B: adf_test_fn_powunit_identities (test_lpow.c:799)
==6== 
==6== 1,592 bytes in 1 blocks are possibly lost in loss record 26 of 43
==6==    at 0x484DB80: realloc (in /home/tobias/.local/opt/valgrind/usr/libexec/valgrind/vgpreload_memcheck-amd64-linux.so)
==6==    by 0x5372928: __gmp_default_reallocate (in /usr/lib/x86_64-linux-gnu/libgmp.so.10.5.0)
==6==    by 0x5384133: __gmpz_realloc (in /usr/lib/x86_64-linux-gnu/libgmp.so.10.5.0)
==6==    by 0x5380894: __gmpz_divexact (in /usr/lib/x86_64-linux-gnu/libgmp.so.10.5.0)
==6==    by 0x49A6EEF: fmpz_divexact (in /usr/lib/x86_64-linux-gnu/libflint.so.18.0.1)
==6==    by 0x128CC1: log_balanced (lfunc.c:487)
==6==    by 0x129B6A: Log_centre (lfunc.c:604)
==6==    by 0x129B6A: Log_core (lfunc.c:659)
==6==    by 0x120531: principal (lpow.c:217)
==6==    by 0x120531: adf_lball_powunit (lpow.c:343)
==6==    by 0x10EA2B: adf_test_fn_powunit_identities (test_lpow.c:799)
==6==    by 0x10D518: main (test_runner.h:162)
==6== 
==6== 1,592 bytes in 1 blocks are possibly lost in loss record 27 of 43
==6==    at 0x484DB80: realloc (in /home/tobias/.local/opt/valgrind/usr/libexec/valgrind/vgpreload_memcheck-amd64-linux.so)
==6==    by 0x5372928: __gmp_default_reallocate (in /usr/lib/x86_64-linux-gnu/libgmp.so.10.5.0)
==6==    by 0x5384133: __gmpz_realloc (in /usr/lib/x86_64-linux-gnu/libgmp.so.10.5.0)
==6==    by 0x537AC33: __gmpz_add (in /usr/lib/x86_64-linux-gnu/libgmp.so.10.5.0)
==6==    by 0x538BD75: __gmpz_invert (in /usr/lib/x86_64-linux-gnu/libgmp.so.10.5.0)
==6==    by 0x49B25FA: fmpz_invmod (in /usr/lib/x86_64-linux-gnu/libflint.so.18.0.1)
==6==    by 0x128CDB: log_balanced (lfunc.c:488)
==6==    by 0x129B6A: Log_centre (lfunc.c:604)
==6==    by 0x129B6A: Log_core (lfunc.c:659)
==6==    by 0x120531: principal (lpow.c:217)
==6==    by 0x120531: adf_lball_powunit (lpow.c:343)
==6==    by 0x10EA2B: adf_test_fn_powunit_identities (test_lpow.c:799)
==6==    by 0x10D518: main (test_runner.h:162)
==6== 
==6== 1,600 bytes in 1 blocks are possibly lost in loss record 28 of 43
==6==    at 0x484DB80: realloc (in /home/tobias/.local/opt/valgrind/usr/libexec/valgrind/vgpreload_memcheck-amd64-linux.so)
==6==    by 0x5372928: __gmp_default_reallocate (in /usr/lib/x86_64-linux-gnu/libgmp.so.10.5.0)
==6==    by 0x5384133: __gmpz_realloc (in /usr/lib/x86_64-linux-gnu/libgmp.so.10.5.0)
==6==    by 0x538693B: __gmpz_set (in /usr/lib/x86_64-linux-gnu/libgmp.so.10.5.0)
==6==    by 0x11BD24: fmpq_set (fmpq.h:80)
==6==    by 0x11BD24: lb_copy (lball.c:225)
==6==    by 0x11BD24: adf_lball_set (lball.c:280)
==6==    by 0x1202FC: adf_lball_powunit (lpow.c:345)
==6==    by 0x10E91D: adf_test_fn_powunit_identities (test_lpow.c:793)
==6==    by 0x10D518: main (test_runner.h:162)
==6== 
==6== 1,600 bytes in 1 blocks are possibly lost in loss record 29 of 43
==6==    at 0x484DB80: realloc (in /home/tobias/.local/opt/valgrind/usr/libexec/valgrind/vgpreload_memcheck-amd64-linux.so)
==6==    by 0x5372928: __gmp_default_reallocate (in /usr/lib/x86_64-linux-gnu/libgmp.so.10.5.0)
==6==    by 0x5384133: __gmpz_realloc (in /usr/lib/x86_64-linux-gnu/libgmp.so.10.5.0)
==6==    by 0x538693B: __gmpz_set (in /usr/lib/x86_64-linux-gnu/libgmp.so.10.5.0)
==6==    by 0x11BD24: fmpq_set (fmpq.h:80)
==6==    by 0x11BD24: lb_copy (lball.c:225)
==6==    by 0x11BD24: adf_lball_set (lball.c:280)
==6==    by 0x1202FC: adf_lball_powunit (lpow.c:345)
==6==    by 0x10EA2B: adf_test_fn_powunit_identities (test_lpow.c:799)
==6==    by 0x10D518: main (test_runner.h:162)
==6== 
==6== 1,608 bytes in 1 blocks are possibly lost in loss record 30 of 43
==6==    at 0x484DB80: realloc (in /home/tobias/.local/opt/valgrind/usr/libexec/valgrind/vgpreload_memcheck-amd64-linux.so)
==6==    by 0x5372928: __gmp_default_reallocate (in /usr/lib/x86_64-linux-gnu/libgmp.so.10.5.0)
==6==    by 0x5384133: __gmpz_realloc (in /usr/lib/x86_64-linux-gnu/libgmp.so.10.5.0)
==6==    by 0x49A8E83: fmpz_add_ui (in /usr/lib/x86_64-linux-gnu/libflint.so.18.0.1)
==6==    by 0x128BCB: log_balanced (lfunc.c:470)
==6==    by 0x129B6A: Log_centre (lfunc.c:604)
==6==    by 0x129B6A: Log_core (lfunc.c:659)
==6==    by 0x120531: principal (lpow.c:217)
==6==    by 0x120531: adf_lball_powunit (lpow.c:343)
==6==    by 0x10EA2B: adf_test_fn_powunit_identities (test_lpow.c:799)
==6==    by 0x10D518: main (test_runner.h:162)
==6== 
==6== 1,608 bytes in 1 blocks are possibly lost in loss record 31 of 43
==6==    at 0x484DB80: realloc (in /home/tobias/.local/opt/valgrind/usr/libexec/valgrind/vgpreload_memcheck-amd64-linux.so)
==6==    by 0x5372928: __gmp_default_reallocate (in /usr/lib/x86_64-linux-gnu/libgmp.so.10.5.0)
==6==    by 0x5384133: __gmpz_realloc (in /usr/lib/x86_64-linux-gnu/libgmp.so.10.5.0)
==6==    by 0x537AC33: __gmpz_add (in /usr/lib/x86_64-linux-gnu/libgmp.so.10.5.0)
==6==    by 0x538BD75: __gmpz_invert (in /usr/lib/x86_64-linux-gnu/libgmp.so.10.5.0)
==6==    by 0x49B25FA: fmpz_invmod (in /usr/lib/x86_64-linux-gnu/libflint.so.18.0.1)
==6==    by 0x128EC6: log_short (lfunc.c:456)
==6==    by 0x128EC6: log_balanced (lfunc.c:479)
==6==    by 0x129B6A: Log_centre (lfunc.c:604)
==6==    by 0x129B6A: Log_core (lfunc.c:659)
==6==    by 0x120531: principal (lpow.c:217)
==6==    by 0x120531: adf_lball_powunit (lpow.c:343)
==6==    by 0x10EA2B: adf_test_fn_powunit_identities (test_lpow.c:799)
==6==    by 0x10D518: main (test_runner.h:162)
==6== 
==6== 1,616 bytes in 1 blocks are possibly lost in loss record 32 of 43
==6==    at 0x484DB80: realloc (in /home/tobias/.local/opt/valgrind/usr/libexec/valgrind/vgpreload_memcheck-amd64-linux.so)
==6==    by 0x5372928: __gmp_default_reallocate (in /usr/lib/x86_64-linux-gnu/libgmp.so.10.5.0)
==6==    by 0x5384133: __gmpz_realloc (in /usr/lib/x86_64-linux-gnu/libgmp.so.10.5.0)
==6==    by 0x49B38F0: ??? (in /usr/lib/x86_64-linux-gnu/libflint.so.18.0.1)
==6==    by 0x128057: rat_mod (lfunc.c:150)
==6==    by 0x129B39: Log_centre (lfunc.c:563)
==6==    by 0x129B39: Log_core (lfunc.c:659)
==6==    by 0x120531: principal (lpow.c:217)
==6==    by 0x120531: adf_lball_powunit (lpow.c:343)
==6==    by 0x10EA2B: adf_test_fn_powunit_identities (test_lpow.c:799)
==6==    by 0x10D518: main (test_runner.h:162)
==6== 
==6== 1,616 bytes in 1 blocks are possibly lost in loss record 33 of 43
==6==    at 0x484DB80: realloc (in /home/tobias/.local/opt/valgrind/usr/libexec/valgrind/vgpreload_memcheck-amd64-linux.so)
==6==    by 0x5372928: __gmp_default_reallocate (in /usr/lib/x86_64-linux-gnu/libgmp.so.10.5.0)
==6==    by 0x5384133: __gmpz_realloc (in /usr/lib/x86_64-linux-gnu/libgmp.so.10.5.0)
==6==    by 0x537AC33: __gmpz_add (in /usr/lib/x86_64-linux-gnu/libgmp.so.10.5.0)
==6==    by 0x49A6017: fmpz_add (in /usr/lib/x86_64-linux-gnu/libflint.so.18.0.1)
==6==    by 0x128F93: log_balanced (lfunc.c:480)
==6==    by 0x129B6A: Log_centre (lfunc.c:604)
==6==    by 0x129B6A: Log_core (lfunc.c:659)
==6==    by 0x120531: principal (lpow.c:217)
==6==    by 0x120531: adf_lball_powunit (lpow.c:343)
==6==    by 0x10EA2B: adf_test_fn_powunit_identities (test_lpow.c:799)
==6==    by 0x10D518: main (test_runner.h:162)
==6== 
==6== 1,640 bytes in 1 blocks are still reachable in loss record 34 of 43
==6==    at 0x484DB80: realloc (in /home/tobias/.local/opt/valgrind/usr/libexec/valgrind/vgpreload_memcheck-amd64-linux.so)
==6==    by 0x5372928: __gmp_default_reallocate (in /usr/lib/x86_64-linux-gnu/libgmp.so.10.5.0)
==6==    by 0x5384133: __gmpz_realloc (in /usr/lib/x86_64-linux-gnu/libgmp.so.10.5.0)
==6==    by 0x538CAF8: __gmpz_n_pow_ui (in /usr/lib/x86_64-linux-gnu/libgmp.so.10.5.0)
==6==    by 0x49C1C75: fmpz_ui_pow_ui (in /usr/lib/x86_64-linux-gnu/libflint.so.18.0.1)
==6==    by 0x1292D7: Log_centre (lfunc.c:525)
==6==    by 0x1292D7: Log_core (lfunc.c:659)
==6==    by 0x120531: principal (lpow.c:217)
==6==    by 0x120531: adf_lball_powunit (lpow.c:343)
==6==    by 0x10EA2B: adf_test_fn_powunit_identities (test_lpow.c:799)
==6==    by 0x10D518: main (test_runner.h:162)
==6== 
==6== 1,640 bytes in 1 blocks are possibly lost in loss record 35 of 43
==6==    at 0x484DB80: realloc (in /home/tobias/.local/opt/valgrind/usr/libexec/valgrind/vgpreload_memcheck-amd64-linux.so)
==6==    by 0x5372928: __gmp_default_reallocate (in /usr/lib/x86_64-linux-gnu/libgmp.so.10.5.0)
==6==    by 0x5384133: __gmpz_realloc (in /usr/lib/x86_64-linux-gnu/libgmp.so.10.5.0)
==6==    by 0x538CAF8: __gmpz_n_pow_ui (in /usr/lib/x86_64-linux-gnu/libgmp.so.10.5.0)
==6==    by 0x49C1C75: fmpz_ui_pow_ui (in /usr/lib/x86_64-linux-gnu/libflint.so.18.0.1)
==6==    by 0x129B1F: Log_centre (lfunc.c:562)
==6==    by 0x129B1F: Log_core (lfunc.c:659)
==6==    by 0x120531: principal (lpow.c:217)
==6==    by 0x120531: adf_lball_powunit (lpow.c:343)
==6==    by 0x10EA2B: adf_test_fn_powunit_identities (test_lpow.c:799)
==6==    by 0x10D518: main (test_runner.h:162)
==6== 
==6== 3,072 bytes in 1 blocks are possibly lost in loss record 36 of 43
==6==    at 0x484DB80: realloc (in /home/tobias/.local/opt/valgrind/usr/libexec/valgrind/vgpreload_memcheck-amd64-linux.so)
==6==    by 0x5372928: __gmp_default_reallocate (in /usr/lib/x86_64-linux-gnu/libgmp.so.10.5.0)
==6==    by 0x5384133: __gmpz_realloc (in /usr/lib/x86_64-linux-gnu/libgmp.so.10.5.0)
==6==    by 0x49B38F0: ??? (in /usr/lib/x86_64-linux-gnu/libflint.so.18.0.1)
==6==    by 0x128409: log_split (lfunc.c:438)
==6==    by 0x128E67: log_short (lfunc.c:451)
==6==    by 0x128E67: log_balanced (lfunc.c:479)
==6==    by 0x129B6A: Log_centre (lfunc.c:604)
==6==    by 0x129B6A: Log_core (lfunc.c:659)
==6==    by 0x120531: principal (lpow.c:217)
==6==    by 0x120531: adf_lball_powunit (lpow.c:343)
==6==    by 0x10EA2B: adf_test_fn_powunit_identities (test_lpow.c:799)
==6==    by 0x10D518: main (test_runner.h:162)
==6== 
==6== 3,072 bytes in 1 blocks are possibly lost in loss record 37 of 43
==6==    at 0x484DB80: realloc (in /home/tobias/.local/opt/valgrind/usr/libexec/valgrind/vgpreload_memcheck-amd64-linux.so)
==6==    by 0x5372928: __gmp_default_reallocate (in /usr/lib/x86_64-linux-gnu/libgmp.so.10.5.0)
==6==    by 0x5384133: __gmpz_realloc (in /usr/lib/x86_64-linux-gnu/libgmp.so.10.5.0)
==6==    by 0x49B38F0: ??? (in /usr/lib/x86_64-linux-gnu/libflint.so.18.0.1)
==6==    by 0x128E75: log_short (lfunc.c:452)
==6==    by 0x128E75: log_balanced (lfunc.c:479)
==6==    by 0x129B6A: Log_centre (lfunc.c:604)
==6==    by 0x129B6A: Log_core (lfunc.c:659)
==6==    by 0x120531: principal (lpow.c:217)
==6==    by 0x120531: adf_lball_powunit (lpow.c:343)
==6==    by 0x10EA2B: adf_test_fn_powunit_identities (test_lpow.c:799)
==6==    by 0x10D518: main (test_runner.h:162)
==6== 
==6== 3,200 bytes in 1 blocks are possibly lost in loss record 38 of 43
==6==    at 0x484DB80: realloc (in /home/tobias/.local/opt/valgrind/usr/libexec/valgrind/vgpreload_memcheck-amd64-linux.so)
==6==    by 0x5372928: __gmp_default_reallocate (in /usr/lib/x86_64-linux-gnu/libgmp.so.10.5.0)
==6==    by 0x5384133: __gmpz_realloc (in /usr/lib/x86_64-linux-gnu/libgmp.so.10.5.0)
==6==    by 0x538693B: __gmpz_set (in /usr/lib/x86_64-linux-gnu/libgmp.so.10.5.0)
==6==    by 0x49BD0E9: fmpz_remove (in /usr/lib/x86_64-linux-gnu/libflint.so.18.0.1)
==6==    by 0x11B296: val_fmpz (lball.c:94)
==6==    by 0x11B296: lb_make (lball.c:154)
==6==    by 0x11D141: adf_lball_mul (lball.c:759)
==6==    by 0x10E93F: adf_test_fn_powunit_identities (test_lpow.c:794)
==6==    by 0x10D518: main (test_runner.h:162)
==6== 
==6== 4,096 bytes in 1 blocks are still reachable in loss record 39 of 43
==6==    at 0x4846828: malloc (in /home/tobias/.local/opt/valgrind/usr/libexec/valgrind/vgpreload_memcheck-amd64-linux.so)
==6==    by 0x555C294: _IO_file_doallocate (filedoalloc.c:101)
==6==    by 0x556C603: _IO_doallocbuf (genops.c:347)
==6==    by 0x556A06F: _IO_file_overflow@@GLIBC_2.2.5 (fileops.c:745)
==6==    by 0x556AB8E: _IO_new_file_xsputn (fileops.c:1244)
==6==    by 0x556AB8E: _IO_file_xsputn@@GLIBC_2.2.5 (fileops.c:1197)
==6==    by 0x5537CC8: __printf_buffer_flush_to_file (printf_buffer_to_file.c:59)
==6==    by 0x5537CC8: __printf_buffer_to_file_done (printf_buffer_to_file.c:120)
==6==    by 0x5542742: __vfprintf_internal (vfprintf-internal.c:1545)
==6==    by 0x560EC9C: __printf_chk (printf_chk.c:33)
==6==    by 0x11385E: printf (stdio2.h:86)
==6==    by 0x11385E: adf_test_fn_powrat_grid_balls (test_lpow.c:254)
==6==    by 0x10D518: main (test_runner.h:162)
==6== 
==6== 4,872 bytes in 1 blocks are still reachable in loss record 40 of 43
==6==    at 0x484DB80: realloc (in /home/tobias/.local/opt/valgrind/usr/libexec/valgrind/vgpreload_memcheck-amd64-linux.so)
==6==    by 0x5372928: __gmp_default_reallocate (in /usr/lib/x86_64-linux-gnu/libgmp.so.10.5.0)
==6==    by 0x5384133: __gmpz_realloc (in /usr/lib/x86_64-linux-gnu/libgmp.so.10.5.0)
==6==    by 0x49B38F0: ??? (in /usr/lib/x86_64-linux-gnu/libflint.so.18.0.1)
==6==    by 0x128EDB: log_short (lfunc.c:456)
==6==    by 0x128EDB: log_balanced (lfunc.c:479)
==6==    by 0x129B6A: Log_centre (lfunc.c:604)
==6==    by 0x129B6A: Log_core (lfunc.c:659)
==6==    by 0x120531: principal (lpow.c:217)
==6==    by 0x120531: adf_lball_powunit (lpow.c:343)
==6==    by 0x10EA2B: adf_test_fn_powunit_identities (test_lpow.c:799)
==6==    by 0x10D518: main (test_runner.h:162)
==6== 
==6== 32,768 bytes in 1 blocks are still reachable in loss record 41 of 43
==6==    at 0x484DB80: realloc (in /home/tobias/.local/opt/valgrind/usr/libexec/valgrind/vgpreload_memcheck-amd64-linux.so)
==6==    by 0x495656A: flint_realloc (in /usr/lib/x86_64-linux-gnu/libflint.so.18.0.1)
==6==    by 0x49AF141: _fmpz_new_mpz (in /usr/lib/x86_64-linux-gnu/libflint.so.18.0.1)
==6==    by 0x49AF1C0: _fmpz_promote (in /usr/lib/x86_64-linux-gnu/libflint.so.18.0.1)
==6==    by 0x49AF294: _fmpz_promote_set_ui (in /usr/lib/x86_64-linux-gnu/libflint.so.18.0.1)
==6==    by 0x12AB29: exp_centre (lfunc.c:278)
==6==    by 0x12AB29: adf_lball_exp (lfunc.c:324)
==6==    by 0x120FF3: principal (lroot.c:188)
==6==    by 0x1218EE: branch (lroot.c:212)
==6==    by 0x121C63: adf_lball_root_seed (lroot.c:256)
==6==    by 0x115002: adf_test_fn_degree_one_is_pow_si_and_numerator_one_is_root (test_lpow.c:367)
==6==    by 0x10D518: main (test_runner.h:162)
==6== 
==6== 64,320 bytes in 4,020 blocks are possibly lost in loss record 42 of 43
==6==    at 0x4846828: malloc (in /home/tobias/.local/opt/valgrind/usr/libexec/valgrind/vgpreload_memcheck-amd64-linux.so)
==6==    by 0x53728D4: __gmp_default_allocate (in /usr/lib/x86_64-linux-gnu/libgmp.so.10.5.0)
==6==    by 0x53840C7: __gmpz_init2 (in /usr/lib/x86_64-linux-gnu/libgmp.so.10.5.0)
==6==    by 0x49AF0DC: _fmpz_new_mpz (in /usr/lib/x86_64-linux-gnu/libflint.so.18.0.1)
==6==    by 0x49AF1C0: _fmpz_promote (in /usr/lib/x86_64-linux-gnu/libflint.so.18.0.1)
==6==    by 0x49AF294: _fmpz_promote_set_ui (in /usr/lib/x86_64-linux-gnu/libflint.so.18.0.1)
==6==    by 0x12AB29: exp_centre (lfunc.c:278)
==6==    by 0x12AB29: adf_lball_exp (lfunc.c:324)
==6==    by 0x120FF3: principal (lroot.c:188)
==6==    by 0x1218EE: branch (lroot.c:212)
==6==    by 0x121C63: adf_lball_root_seed (lroot.c:256)
==6==    by 0x115002: adf_test_fn_degree_one_is_pow_si_and_numerator_one_is_root (test_lpow.c:367)
==6==    by 0x10D518: main (test_runner.h:162)
==6== 
==6== 69,632 bytes in 1 blocks are possibly lost in loss record 43 of 43
==6==    at 0x4846828: malloc (in /home/tobias/.local/opt/valgrind/usr/libexec/valgrind/vgpreload_memcheck-amd64-linux.so)
==6==    by 0x49550D5: flint_malloc (in /usr/lib/x86_64-linux-gnu/libflint.so.18.0.1)
==6==    by 0x49AF001: _fmpz_new_mpz (in /usr/lib/x86_64-linux-gnu/libflint.so.18.0.1)
==6==    by 0x49AF1C0: _fmpz_promote (in /usr/lib/x86_64-linux-gnu/libflint.so.18.0.1)
==6==    by 0x49AF294: _fmpz_promote_set_ui (in /usr/lib/x86_64-linux-gnu/libflint.so.18.0.1)
==6==    by 0x12AB29: exp_centre (lfunc.c:278)
==6==    by 0x12AB29: adf_lball_exp (lfunc.c:324)
==6==    by 0x120FF3: principal (lroot.c:188)
==6==    by 0x1218EE: branch (lroot.c:212)
==6==    by 0x121C63: adf_lball_root_seed (lroot.c:256)
==6==    by 0x115002: adf_test_fn_degree_one_is_pow_si_and_numerator_one_is_root (test_lpow.c:367)
==6==    by 0x10D518: main (test_runner.h:162)
==6== 
==6== LEAK SUMMARY:
==6==    definitely lost: 0 bytes in 0 blocks
==6==    indirectly lost: 0 bytes in 0 blocks
==6==      possibly lost: 164,680 bytes in 4,063 blocks
==6==    still reachable: 43,376 bytes in 4 blocks
==6==         suppressed: 0 bytes in 0 blocks
==6== 
==6== For lists of detected and suppressed errors, rerun with: -s
==6== ERROR SUMMARY: 39 errors from 39 contexts (suppressed: 0 from 0)
