(2 +/- 7.6e-48) + (0)*i
error: NOT_DETERMINED
error: NOT_DETERMINED
(-33.797 +/- 0.036) + (0)*i
(1.333333333333333333333333333333333333329 +/- 6.3e-39) + (0)*i
(0.314 +/- 0.03) + (0 +/- 0.086)*i
(0.32 +/- 0.036) + (0)*i
(1 +/- 1.4e-17) + (0 +/- 1.4e-17)*i
error: NOT_DETERMINED
error: LIMIT
error: UNSUPPORTED
error: UNSUPPORTED
error: UNSUPPORTED
error: UNSUPPORTED
error: DOMAIN
error: DOMAIN
error: DOMAIN
error: DOMAIN
error: DOMAIN
error: DOMAIN
error: PARSE
error: PARSE
error: PARSE
error: PARSE
error: PARSE
error: PARSE
error: PARSE
error: UNSUPPORTED
error: PARSE
error: PARSE
