mutate: src/psi.c: 284 mutants
mutate: 284 mutants, 60 of them run (--limit 60, --seed 320307)
mutate: every mutant is built and run with SAN=1
mutate: the baseline passes (13.3 s)

SURVIVED src/psi.c:168:27 op: '*' -> '+'
  the tests pass with the mutant
  --- a/src/psi.c
  +++ b/src/psi.c
  @@ -166,5 +166,5 @@
           }
           if (work == ADF_REAL_PREC_MAX) break;
  -        work = FLINT_MIN(2*work, ADF_REAL_PREC_MAX);
  +        work = FLINT_MIN(2+work, ADF_REAL_PREC_MAX);
       }
       fmpq_clear(twice); acb_clear(out); arf_clear(lo); arf_clear(hi); return st;


SURVIVED src/psi.c:63:63 zero_one: '0' -> '1'
  the tests pass with the mutant
  --- a/src/psi.c
  +++ b/src/psi.c
  @@ -61,5 +61,5 @@
       if (fmpq_is_zero(x)) { fmpq_neg(z, y); return psi_size(z); }
       if (fmpz_equal(fmpq_denref(x), fmpq_denref(y))) {
  -        if (FLINT_MAX(xn, yn)+1 > ADF_QCLASS_BITS_MAX) return 0;
  +        if (FLINT_MAX(xn, yn)+1 > ADF_QCLASS_BITS_MAX) return 1;
       } else if (FLINT_MAX(xn+yd, yn+xd)+1 > ADF_QCLASS_BITS_MAX ||
                  xd+yd > ADF_QCLASS_BITS_MAX) return 0;


NOT COMPILED src/psi.c:236:9 drop_assign: 'st = psi_cos_upper(upper[j], d[j], p);' -> '' (the statement is removed)
  src/psi.c:199:12: error: unused function 'psi_cos_upper' [-Werror,-Wunused-function]

NOT COMPILED src/psi.c:208:33 drop_assign: 'work = FLINT_MIN(p+32, ADF_REAL_PREC_MAX);' -> '' (the statement is removed)
  src/psi.c:205:9: error: variable 'work' is used uninitialized whenever 'if' condition is false [-Werror,-Wsometimes-uninitialized]

SURVIVED src/psi.c:119:19 zero_one: '1' -> '0'
  the tests pass with the mutant
  --- a/src/psi.c
  +++ b/src/psi.c
  @@ -117,5 +117,5 @@
           fmpz_set(MAG_EXPREF(arb_radref(z)), ARF_EXPREF(r));
           if (v == (UWORD(1) << 30)) {
  -            v >>= 1; fmpz_add_ui(MAG_EXPREF(arb_radref(z)), MAG_EXPREF(arb_radref(z)), 1);
  +            v >>= 0; fmpz_add_ui(MAG_EXPREF(arb_radref(z)), MAG_EXPREF(arb_radref(z)), 1);
           }
           MAG_MAN(arb_radref(z)) = v;


SURVIVED src/psi.c:52:22 zero_one: '1' -> '0'
  the tests pass with the mutant
  --- a/src/psi.c
  +++ b/src/psi.c
  @@ -50,5 +50,5 @@
       e = fmpz_get_si(ARF_EXPREF(a)); b = arf_bits(a);
       return b <= ADF_QCLASS_BITS_MAX && FLINT_MAX(e, b) <= ADF_QCLASS_BITS_MAX &&
  -           (e >= b ? 1 : b-e+1) <= ADF_QCLASS_BITS_MAX;
  +           (e >= b ? 0 : b-e+1) <= ADF_QCLASS_BITS_MAX;
   }
   /* Conservative intermediate bounds BEFORE cross-products; equal denominators avoid a


SURVIVED src/psi.c:187:26 logic: '&&' -> '||'
  the tests pass with the mutant
  --- a/src/psi.c
  +++ b/src/psi.c
  @@ -185,5 +185,5 @@
       if (!psi_sub(t, one, u)) goto done;
       if (fmpq_cmp(t, u) < 0) fmpq_set(u, t);
  -    if (!fmpq_is_zero(u) && !fmpz_is_one(B)) {
  +    if (!fmpq_is_zero(u) || !fmpz_is_one(B)) {
           if (fmpz_bits(fmpq_denref(u))+fmpz_bits(B) > ADF_QCLASS_BITS_MAX) goto done;
           fmpq_div_fmpz(u, u, B);


SURVIVED src/psi.c:51:56 cmp: '<=' -> '<'
  the tests pass with the mutant
  --- a/src/psi.c
  +++ b/src/psi.c
  @@ -49,5 +49,5 @@
           fmpz_cmp_si(ARF_EXPREF(a), ADF_QCLASS_EXP_MAX) > 0) return 0;
       e = fmpz_get_si(ARF_EXPREF(a)); b = arf_bits(a);
  -    return b <= ADF_QCLASS_BITS_MAX && FLINT_MAX(e, b) <= ADF_QCLASS_BITS_MAX &&
  +    return b <= ADF_QCLASS_BITS_MAX && FLINT_MAX(e, b) < ADF_QCLASS_BITS_MAX &&
              (e >= b ? 1 : b-e+1) <= ADF_QCLASS_BITS_MAX;
   }


NOT COMPILED src/psi.c:27:34 drop_call: 'fmpq_set(N, n->q);' -> '' (the statement is removed)
  src/psi.c:18:40: error: unused parameter 'N' [-Werror,-Wunused-parameter]

NOT COMPILED src/psi.c:144:35 logic: '||' -> '&&'
  src/psi.c:144:35: error: '&&' within '||' [-Werror,-Wlogical-op-parentheses]

SURVIVED src/psi.c:241:23 drop_assign: 'st = ADF_OK;' -> '' (the statement is removed)
  the tests pass with the mutant
  --- a/src/psi.c
  +++ b/src/psi.c
  @@ -239,5 +239,5 @@
       arf_neg(lo, upper[1]); psi_round(acb_realref(out), lo, upper[0], p);
       arf_neg(lo, upper[3]); psi_round(acb_imagref(out), lo, upper[2], p);
  -    acb_swap(z, out); st = ADF_OK;
  +    acb_swap(z, out); 
   done:
       fmpq_clear(b); fmpq_clear(r); fmpq_clear(N); arf_clear(lo); acb_clear(out);


SURVIVED src/psi.c:168:27 op: '*' -> '/'
  the tests pass with the mutant
  --- a/src/psi.c
  +++ b/src/psi.c
  @@ -166,5 +166,5 @@
           }
           if (work == ADF_REAL_PREC_MAX) break;
  -        work = FLINT_MIN(2*work, ADF_REAL_PREC_MAX);
  +        work = FLINT_MIN(2/work, ADF_REAL_PREC_MAX);
       }
       fmpq_clear(twice); acb_clear(out); arf_clear(lo); arf_clear(hi); return st;


NOT COMPILED src/psi.c:144:58 logic: '||' -> '&&'
  src/psi.c:144:58: error: '&&' within '||' [-Werror,-Wlogical-op-parentheses]

SURVIVED src/psi.c:63:30 op: '+' -> '-'
  the tests pass with the mutant
  --- a/src/psi.c
  +++ b/src/psi.c
  @@ -61,5 +61,5 @@
       if (fmpq_is_zero(x)) { fmpq_neg(z, y); return psi_size(z); }
       if (fmpz_equal(fmpq_denref(x), fmpq_denref(y))) {
  -        if (FLINT_MAX(xn, yn)+1 > ADF_QCLASS_BITS_MAX) return 0;
  +        if (FLINT_MAX(xn, yn)-1 > ADF_QCLASS_BITS_MAX) return 0;
       } else if (FLINT_MAX(xn+yd, yn+xd)+1 > ADF_QCLASS_BITS_MAX ||
                  xd+yd > ADF_QCLASS_BITS_MAX) return 0;


SURVIVED src/psi.c:106:5 swap_args: 'arf_add(m, lo, hi, ARF_PREC_EXACT, ARF_RND_NEAR)' -> 'arf_add(m, hi, lo, ARF_PREC_EXACT, ARF_RND_NEAR)'
  the tests pass with the mutant
  --- a/src/psi.c
  +++ b/src/psi.c
  @@ -104,5 +104,5 @@
       arf_t m, r, t; fmpz_t man, exp; ulong v;
       arf_init(m); arf_init(r); arf_init(t); fmpz_init(man); fmpz_init(exp);
  -    arf_add(m, lo, hi, ARF_PREC_EXACT, ARF_RND_NEAR); arf_mul_2exp_si(m, m, -1);
  +    arf_add(m, hi, lo, ARF_PREC_EXACT, ARF_RND_NEAR); arf_mul_2exp_si(m, m, -1);
       arf_set_round(arb_midref(z), m, p, ARF_RND_NEAR);
       arf_sub(r, arb_midref(z), lo, ARF_PREC_EXACT, ARF_RND_NEAR);


SURVIVED src/psi.c:128:69 cmp: '<=' -> '<'
  the tests pass with the mutant
  --- a/src/psi.c
  +++ b/src/psi.c
  @@ -126,5 +126,5 @@
   static int psi_certified(const arb_t x, slong p)
   {
  -    return arb_is_finite(x) && mag_cmp_2exp_si(arb_radref(x), -p-1) <= 0;
  +    return arb_is_finite(x) && mag_cmp_2exp_si(arb_radref(x), -p-1) < 0;
   }
   static void psi_bounds(arf_t lo, arf_t hi, const arb_t x)


SURVIVED src/psi.c:244:14 zero_one: '0' -> '1'
  the tests pass with the mutant
  --- a/src/psi.c
  +++ b/src/psi.c
  @@ -242,5 +242,5 @@
   done:
       fmpq_clear(b); fmpq_clear(r); fmpq_clear(N); arf_clear(lo); acb_clear(out);
  -    for (j = 0; j < 4; j++) { fmpq_clear(d[j]); arf_clear(upper[j]); }
  +    for (j = 1; j < 4; j++) { fmpq_clear(d[j]); arf_clear(upper[j]); }
       return st;
   }


NOT COMPILED src/psi.c:50:5 drop_assign: 'e = fmpz_get_si(ARF_EXPREF(a));' -> '' (the statement is removed)
  src/psi.c:52:13: error: variable 'e' is uninitialized when used here [-Werror,-Wuninitialized]

NOT COMPILED src/psi.c:116:9 drop_assign: 'v = fmpz_get_ui(man)+1;' -> '' (the statement is removed)
  src/psi.c:118:13: error: variable 'v' is uninitialized when used here [-Werror,-Wuninitialized]

TIMED OUT src/psi.c:167:18 cmp: '==' -> '!='
  the tests did not finish in 150 s

SURVIVED src/psi.c:63:31 zero_one: '1' -> '0'
  the tests pass with the mutant
  --- a/src/psi.c
  +++ b/src/psi.c
  @@ -61,5 +61,5 @@
       if (fmpq_is_zero(x)) { fmpq_neg(z, y); return psi_size(z); }
       if (fmpz_equal(fmpq_denref(x), fmpq_denref(y))) {
  -        if (FLINT_MAX(xn, yn)+1 > ADF_QCLASS_BITS_MAX) return 0;
  +        if (FLINT_MAX(xn, yn)+0 > ADF_QCLASS_BITS_MAX) return 0;
       } else if (FLINT_MAX(xn+yd, yn+xd)+1 > ADF_QCLASS_BITS_MAX ||
                  xd+yd > ADF_QCLASS_BITS_MAX) return 0;


SURVIVED src/psi.c:64:42 cmp: '>' -> '>='
  the tests pass with the mutant
  --- a/src/psi.c
  +++ b/src/psi.c
  @@ -62,5 +62,5 @@
       if (fmpz_equal(fmpq_denref(x), fmpq_denref(y))) {
           if (FLINT_MAX(xn, yn)+1 > ADF_QCLASS_BITS_MAX) return 0;
  -    } else if (FLINT_MAX(xn+yd, yn+xd)+1 > ADF_QCLASS_BITS_MAX ||
  +    } else if (FLINT_MAX(xn+yd, yn+xd)+1 >= ADF_QCLASS_BITS_MAX ||
                  xd+yd > ADF_QCLASS_BITS_MAX) return 0;
       fmpq_sub(z, x, y); return psi_size(z);


mutate: 60 mutants in 1036.6 s: 38 killed, 14 survived, 7 not compiled, 1 timed out, 0 excused
mutate: FAILED: 14 mutant(s) survived; each one is a claim the tests do not check
