mkdir -p lanes/n-review1/build/inv
cc -Iinclude -DADF_CHECK_INVARIANTS -std=c11 -O2 -g -Wall -Wextra -Wpedantic -Werror -MMD -MP -c src/adele.c -o lanes/n-review1/build/inv/adele.o
cc -Iinclude -DADF_CHECK_INVARIANTS -std=c11 -O2 -g -Wall -Wextra -Wpedantic -Werror -MMD -MP -c src/cap.c -o lanes/n-review1/build/inv/cap.o
cc -Iinclude -DADF_CHECK_INVARIANTS -std=c11 -O2 -g -Wall -Wextra -Wpedantic -Werror -MMD -MP -c src/common.c -o lanes/n-review1/build/inv/common.o
cc -Iinclude -DADF_CHECK_INVARIANTS -std=c11 -O2 -g -Wall -Wextra -Wpedantic -Werror -MMD -MP -c src/dump.c -o lanes/n-review1/build/inv/dump.o
cc -Iinclude -DADF_CHECK_INVARIANTS -std=c11 -O2 -g -Wall -Wextra -Wpedantic -Werror -MMD -MP -c src/fball.c -o lanes/n-review1/build/inv/fball.o
cc -Iinclude -DADF_CHECK_INVARIANTS -std=c11 -O2 -g -Wall -Wextra -Wpedantic -Werror -MMD -MP -c src/fball_local.c -o lanes/n-review1/build/inv/fball_local.o
cc -Iinclude -DADF_CHECK_INVARIANTS -std=c11 -O2 -g -Wall -Wextra -Wpedantic -Werror -MMD -MP -c src/idclass.c -o lanes/n-review1/build/inv/idclass.o
cc -Iinclude -DADF_CHECK_INVARIANTS -std=c11 -O2 -g -Wall -Wextra -Wpedantic -Werror -MMD -MP -c src/idele.c -o lanes/n-review1/build/inv/idele.o
cc -Iinclude -DADF_CHECK_INVARIANTS -std=c11 -O2 -g -Wall -Wextra -Wpedantic -Werror -MMD -MP -c src/idmap.c -o lanes/n-review1/build/inv/idmap.o
cc -Iinclude -DADF_CHECK_INVARIANTS -std=c11 -O2 -g -Wall -Wextra -Wpedantic -Werror -MMD -MP -c src/idpow.c -o lanes/n-review1/build/inv/idpow.o
cc -Iinclude -DADF_CHECK_INVARIANTS -std=c11 -O2 -g -Wall -Wextra -Wpedantic -Werror -MMD -MP -c src/inlines.c -o lanes/n-review1/build/inv/inlines.o
cc -Iinclude -DADF_CHECK_INVARIANTS -std=c11 -O2 -g -Wall -Wextra -Wpedantic -Werror -MMD -MP -c src/lball.c -o lanes/n-review1/build/inv/lball.o
cc -Iinclude -DADF_CHECK_INVARIANTS -std=c11 -O2 -g -Wall -Wextra -Wpedantic -Werror -MMD -MP -c src/lball_decomp.c -o lanes/n-review1/build/inv/lball_decomp.o
cc -Iinclude -DADF_CHECK_INVARIANTS -std=c11 -O2 -g -Wall -Wextra -Wpedantic -Werror -MMD -MP -c src/lfunc.c -o lanes/n-review1/build/inv/lfunc.o
cc -Iinclude -DADF_CHECK_INVARIANTS -std=c11 -O2 -g -Wall -Wextra -Wpedantic -Werror -MMD -MP -c src/linsolve.c -o lanes/n-review1/build/inv/linsolve.o
cc -Iinclude -DADF_CHECK_INVARIANTS -std=c11 -O2 -g -Wall -Wextra -Wpedantic -Werror -MMD -MP -c src/modctx.c -o lanes/n-review1/build/inv/modctx.o
cc -Iinclude -DADF_CHECK_INVARIANTS -std=c11 -O2 -g -Wall -Wextra -Wpedantic -Werror -MMD -MP -c src/place.c -o lanes/n-review1/build/inv/place.o
cc -Iinclude -DADF_CHECK_INVARIANTS -std=c11 -O2 -g -Wall -Wextra -Wpedantic -Werror -MMD -MP -c src/rat.c -o lanes/n-review1/build/inv/rat.o
cc -Iinclude -DADF_CHECK_INVARIANTS -std=c11 -O2 -g -Wall -Wextra -Wpedantic -Werror -MMD -MP -c src/recon.c -o lanes/n-review1/build/inv/recon.o
cc -Iinclude -DADF_CHECK_INVARIANTS -std=c11 -O2 -g -Wall -Wextra -Wpedantic -Werror -MMD -MP -c src/resid.c -o lanes/n-review1/build/inv/resid.o
cc -Iinclude -DADF_CHECK_INVARIANTS -std=c11 -O2 -g -Wall -Wextra -Wpedantic -Werror -MMD -MP -c src/rfunc.c -o lanes/n-review1/build/inv/rfunc.o
cc -Iinclude -DADF_CHECK_INVARIANTS -std=c11 -O2 -g -Wall -Wextra -Wpedantic -Werror -MMD -MP -c src/roots.c -o lanes/n-review1/build/inv/roots.o
cc -Iinclude -DADF_CHECK_INVARIANTS -std=c11 -O2 -g -Wall -Wextra -Wpedantic -Werror -MMD -MP -c src/roots_real.c -o lanes/n-review1/build/inv/roots_real.o
cc -Iinclude -DADF_CHECK_INVARIANTS -std=c11 -O2 -g -Wall -Wextra -Wpedantic -Werror -MMD -MP -c src/sball.c -o lanes/n-review1/build/inv/sball.o
cc -Iinclude -DADF_CHECK_INVARIANTS -std=c11 -O2 -g -Wall -Wextra -Wpedantic -Werror -MMD -MP -c src/scaled.c -o lanes/n-review1/build/inv/scaled.o
cc -Iinclude -DADF_CHECK_INVARIANTS -std=c11 -O2 -g -Wall -Wextra -Wpedantic -Werror -MMD -MP -c src/status.c -o lanes/n-review1/build/inv/status.o
cc -Iinclude -DADF_CHECK_INVARIANTS -std=c11 -O2 -g -Wall -Wextra -Wpedantic -Werror -MMD -MP -c src/text.c -o lanes/n-review1/build/inv/text.o
cc -Iinclude -DADF_CHECK_INVARIANTS -std=c11 -O2 -g -Wall -Wextra -Wpedantic -Werror -MMD -MP -c src/text_idele.c -o lanes/n-review1/build/inv/text_idele.o
cc -Iinclude -DADF_CHECK_INVARIANTS -std=c11 -O2 -g -Wall -Wextra -Wpedantic -Werror -MMD -MP -c src/ucoset.c -o lanes/n-review1/build/inv/ucoset.o
ar rcs lanes/n-review1/build/inv/libadelefeld.a lanes/n-review1/build/inv/adele.o lanes/n-review1/build/inv/cap.o lanes/n-review1/build/inv/common.o lanes/n-review1/build/inv/dump.o lanes/n-review1/build/inv/fball.o lanes/n-review1/build/inv/fball_local.o lanes/n-review1/build/inv/idclass.o lanes/n-review1/build/inv/idele.o lanes/n-review1/build/inv/idmap.o lanes/n-review1/build/inv/idpow.o lanes/n-review1/build/inv/inlines.o lanes/n-review1/build/inv/lball.o lanes/n-review1/build/inv/lball_decomp.o lanes/n-review1/build/inv/lfunc.o lanes/n-review1/build/inv/linsolve.o lanes/n-review1/build/inv/modctx.o lanes/n-review1/build/inv/place.o lanes/n-review1/build/inv/rat.o lanes/n-review1/build/inv/recon.o lanes/n-review1/build/inv/resid.o lanes/n-review1/build/inv/rfunc.o lanes/n-review1/build/inv/roots.o lanes/n-review1/build/inv/roots_real.o lanes/n-review1/build/inv/sball.o lanes/n-review1/build/inv/scaled.o lanes/n-review1/build/inv/status.o lanes/n-review1/build/inv/text.o lanes/n-review1/build/inv/text_idele.o lanes/n-review1/build/inv/ucoset.o
