==10== Memcheck, a memory error detector
==10== Copyright (C) 2002-2022, and GNU GPL'd, by Julian Seward et al.
==10== Using Valgrind-3.22.0 and LibVEX; rerun with -h for copyright info
==10== Command: /home/tobias/.julia/juliaup/julia-1.12.5+0.x64.linux.gnu/bin/julia --startup-file=no --threads=1 --gcthreads=1 lanes/f-review2/julia_leak.jl lanes/n-review1/libadelefeld.so
==10== 
==11== 
==11== HEAP SUMMARY:
==11==     in use at exit: 86,803 bytes in 22 blocks
==11==   total heap usage: 42 allocs, 20 frees, 95,031 bytes allocated
==11== 
==11== LEAK SUMMARY:
==11==    definitely lost: 0 bytes in 0 blocks
==11==    indirectly lost: 0 bytes in 0 blocks
==11==      possibly lost: 0 bytes in 0 blocks
==11==    still reachable: 86,803 bytes in 22 blocks
==11==         suppressed: 0 bytes in 0 blocks
==11== Reachable blocks (those to which a pointer was found) are not shown.
==11== To see them, rerun with: --leak-check=full --show-leak-kinds=all
==11== 
==11== For lists of detected and suppressed errors, rerun with: -s
==11== ERROR SUMMARY: 0 errors from 0 contexts (suppressed: 0 from 0)
--10-- WARNING: unhandled amd64-linux syscall: 1008
--10-- You may be able to write your own handler.
--10-- Read the file README_MISSING_SYSCALL_OR_IOCTL.
--10-- Nevertheless we consider this a bug.  Please report
--10-- it at http://valgrind.org/support/bug_reports.html.
==10== warning: Can't handle line info entry with line number -1 smaller than 0
==10== (Nb: this message is only shown once)
==10== warning: Can't handle inlined call info entry with line number -1 smaller than 0
==10== (Nb: this message is only shown once)
==10== Warning: client switching stacks?  SP change: 0x1ffeffe3f8 --> 0x2f734ff8
==10==          to suppress, use: --max-stackframe=136626082816 or greater
==10== Warning: client switching stacks?  SP change: 0x2f734188 --> 0x1ffeffe400
==10==          to suppress, use: --max-stackframe=136626086520 or greater
==10== Warning: client switching stacks?  SP change: 0x1ffeffe3d8 --> 0x2f7341b0
==10==          to suppress, use: --max-stackframe=136626086440 or greater
==10==          further instances of this message will not be shown.
realtext_calls=20 caller_owned_adele_released=1
==10== 
==10== HEAP SUMMARY:
==10==     in use at exit: 18,933,351 bytes in 12,980 blocks
==10==   total heap usage: 464,518 allocs, 451,538 frees, 214,415,553 bytes allocated
==10== 
==10== 24 bytes in 1 blocks are definitely lost in loss record 142 of 3,185
==10==    at 0x4846828: malloc (in /home/tobias/.local/opt/valgrind/usr/libexec/valgrind/vgpreload_memcheck-amd64-linux.so)
==10==    by 0x53C4F0D: malloc_s (dtypes.h:368)
==10==    by 0x53C4F0D: init_stdio_handle.isra.0 (init.c:479)
==10==    by 0x53C5CB2: init_stdio (init.c:515)
==10==    by 0x53C5CB2: ijl_init_ (init.c:710)
==10==    by 0x54082A4: jl_repl_entrypoint (jlapi.c:1132)
==10==    by 0x401088: main (loader_exe.c:58)
==10== 
==10== 24 bytes in 1 blocks are definitely lost in loss record 143 of 3,185
==10==    at 0x4846828: malloc (in /home/tobias/.local/opt/valgrind/usr/libexec/valgrind/vgpreload_memcheck-amd64-linux.so)
==10==    by 0x53C4F0D: malloc_s (dtypes.h:368)
==10==    by 0x53C4F0D: init_stdio_handle.isra.0 (init.c:479)
==10==    by 0x53C5CCD: init_stdio (init.c:516)
==10==    by 0x53C5CCD: ijl_init_ (init.c:710)
==10==    by 0x54082A4: jl_repl_entrypoint (jlapi.c:1132)
==10==    by 0x401088: main (loader_exe.c:58)
==10== 
==10== 32 bytes in 1 blocks are definitely lost in loss record 626 of 3,185
==10==    at 0x4846FA3: operator new(unsigned long) (in /home/tobias/.local/opt/valgrind/usr/libexec/valgrind/vgpreload_memcheck-amd64-linux.so)
==10==    by 0x604A3B7: __static_initialization_and_destruction_0 (codegen.cpp:1436)
==10==    by 0x604A3B7: _GLOBAL__sub_I_codegen.cpp (codegen.cpp:10183)
==10==    by 0x400571E: call_init.part.0 (dl-init.c:74)
==10==    by 0x4005823: call_init (dl-init.c:120)
==10==    by 0x4005823: _dl_init (dl-init.c:121)
==10==    by 0x40015B1: _dl_catch_exception (dl-catch.c:211)
==10==    by 0x400CD7B: dl_open_worker (dl-open.c:829)
==10==    by 0x400CD7B: dl_open_worker (dl-open.c:792)
==10==    by 0x400151B: _dl_catch_exception (dl-catch.c:237)
==10==    by 0x400D163: _dl_open (dl-open.c:905)
==10==    by 0x499D283: dlopen_doit (dlopen.c:56)
==10==    by 0x400151B: _dl_catch_exception (dl-catch.c:237)
==10==    by 0x4001668: _dl_catch_error (dl-catch.c:256)
==10==    by 0x499CD62: _dlerror_run (dlerror.c:138)
==10==    by 0x499D33E: dlopen_implementation (dlopen.c:71)
==10==    by 0x499D33E: dlopen@@GLIBC_2.34 (dlopen.c:81)
==10==    by 0x4B2A2F4: load_library.part.0 (loader_lib.c:78)
==10==    by 0x4B2AA46: jl_load_libjulia_internal (loader_lib.c:508)
==10==    by 0x400571E: call_init.part.0 (dl-init.c:74)
==10==    by 0x4005823: call_init (dl-init.c:120)
==10==    by 0x4005823: _dl_init (dl-init.c:121)
==10==    by 0x401F59F: ??? (in /usr/lib/x86_64-linux-gnu/ld-linux-x86-64.so.2)
==10==    by 0x5: ???
==10==    by 0x1FFEFFF792: ???
==10== 
==10== 48 bytes in 1 blocks are definitely lost in loss record 1,902 of 3,185
==10==    at 0x4846828: malloc (in /home/tobias/.local/opt/valgrind/usr/libexec/valgrind/vgpreload_memcheck-amd64-linux.so)
==10==    by 0x4F63BDD: __register_frame (unwind-dw2-fde.c:171)
==10==    by 0x61214CC: operator() (debuginfo.cpp:1497)
==10==    by 0x61214CC: jl_profile_atomic<register_eh_frames(uint8_t*, size_t)::<lambda()> > (debuginfo.cpp:156)
==10==    by 0x61214CC: register_eh_frames (debuginfo.cpp:1496)
==10==    by 0x9211FDE: llvm::RuntimeDyldELF::registerEHFrames() (in /home/tobias/.julia/juliaup/julia-1.12.5+0.x64.linux.gnu/lib/julia/libLLVM.so.18.1jl)
==10==    by 0x91FDD8F: llvm::RuntimeDyldImpl::finalizeAsync(std::unique_ptr<llvm::RuntimeDyldImpl, std::default_delete<llvm::RuntimeDyldImpl> >, llvm::unique_function<void (llvm::object::OwningBinary<llvm::object::ObjectFile>, std::unique_ptr<llvm::RuntimeDyld::LoadedObjectInfo, std::default_delete<llvm::RuntimeDyld::LoadedObjectInfo> >, llvm::Error)>, llvm::object::OwningBinary<llvm::object::ObjectFile>, std::unique_ptr<llvm::RuntimeDyld::LoadedObjectInfo, std::default_delete<llvm::RuntimeDyld::LoadedObjectInfo> >)::{lambda(llvm::Expected<std::map<llvm::StringRef, llvm::JITEvaluatedSymbol, std::less<llvm::StringRef>, std::allocator<std::pair<llvm::StringRef const, llvm::JITEvaluatedSymbol> > > >)#1}::operator()(llvm::Expected<std::map<llvm::StringRef, llvm::JITEvaluatedSymbol, std::less<llvm::StringRef>, std::allocator<std::pair<llvm::StringRef const, llvm::JITEvaluatedSymbol> > > >) (in /home/tobias/.julia/juliaup/julia-1.12.5+0.x64.linux.gnu/lib/julia/libLLVM.so.18.1jl)
==10==    by 0x91FE1D0: void llvm::detail::UniqueFunctionBase<void, llvm::Expected<std::map<llvm::StringRef, llvm::JITEvaluatedSymbol, std::less<llvm::StringRef>, std::allocator<std::pair<llvm::StringRef const, llvm::JITEvaluatedSymbol> > > > >::CallImpl<llvm::RuntimeDyldImpl::finalizeAsync(std::unique_ptr<llvm::RuntimeDyldImpl, std::default_delete<llvm::RuntimeDyldImpl> >, llvm::unique_function<void (llvm::object::OwningBinary<llvm::object::ObjectFile>, std::unique_ptr<llvm::RuntimeDyld::LoadedObjectInfo, std::default_delete<llvm::RuntimeDyld::LoadedObjectInfo> >, llvm::Error)>, llvm::object::OwningBinary<llvm::object::ObjectFile>, std::unique_ptr<llvm::RuntimeDyld::LoadedObjectInfo, std::default_delete<llvm::RuntimeDyld::LoadedObjectInfo> >)::{lambda(llvm::Expected<std::map<llvm::StringRef, llvm::JITEvaluatedSymbol, std::less<llvm::StringRef>, std::allocator<std::pair<llvm::StringRef const, llvm::JITEvaluatedSymbol> > > >)#1}>(void*, llvm::Expected<std::map<llvm::StringRef, llvm::JITEvaluatedSymbol, std::less<llvm::StringRef>, std::allocator<std::pair<llvm::StringRef const, llvm::JITEvaluatedSymbol> > > >&) (in /home/tobias/.julia/juliaup/julia-1.12.5+0.x64.linux.gnu/lib/julia/libLLVM.so.18.1jl)
==10==    by 0x91B5C7F: void llvm::detail::UniqueFunctionBase<void, llvm::Expected<llvm::DenseMap<llvm::orc::SymbolStringPtr, llvm::orc::ExecutorSymbolDef, llvm::DenseMapInfo<llvm::orc::SymbolStringPtr, void>, llvm::detail::DenseMapPair<llvm::orc::SymbolStringPtr, llvm::orc::ExecutorSymbolDef> > > >::CallImpl<(anonymous namespace)::JITDylibSearchOrderResolver::lookup(std::set<llvm::StringRef, std::less<llvm::StringRef>, std::allocator<llvm::StringRef> > const&, llvm::unique_function<void (llvm::Expected<std::map<llvm::StringRef, llvm::JITEvaluatedSymbol, std::less<llvm::StringRef>, std::allocator<std::pair<llvm::StringRef const, llvm::JITEvaluatedSymbol> > > >)>)::{lambda(llvm::Expected<llvm::DenseMap<llvm::orc::SymbolStringPtr, llvm::orc::ExecutorSymbolDef, llvm::DenseMapInfo<llvm::orc::SymbolStringPtr, void>, llvm::detail::DenseMapPair<llvm::orc::SymbolStringPtr, llvm::orc::ExecutorSymbolDef> > >)#1}>(void*, llvm::Expected<llvm::DenseMap<llvm::orc::SymbolStringPtr, llvm::orc::ExecutorSymbolDef, llvm::DenseMapInfo<llvm::orc::SymbolStringPtr, void>, llvm::detail::DenseMapPair<llvm::orc::SymbolStringPtr, llvm::orc::ExecutorSymbolDef> > >&) (in /home/tobias/.julia/juliaup/julia-1.12.5+0.x64.linux.gnu/lib/julia/libLLVM.so.18.1jl)
==10==    by 0x90D0A56: llvm::orc::AsynchronousSymbolQuery::handleComplete(llvm::orc::ExecutionSession&)::RunQueryCompleteTask::run() (in /home/tobias/.julia/juliaup/julia-1.12.5+0.x64.linux.gnu/lib/julia/libLLVM.so.18.1jl)
==10==    by 0x90CC1AC: void llvm::detail::UniqueFunctionBase<void, std::unique_ptr<llvm::orc::Task, std::default_delete<llvm::orc::Task> > >::CallImpl<void (*)(std::unique_ptr<llvm::orc::Task, std::default_delete<llvm::orc::Task> >)>(void*, std::unique_ptr<llvm::orc::Task, std::default_delete<llvm::orc::Task> >&) (in /home/tobias/.julia/juliaup/julia-1.12.5+0.x64.linux.gnu/lib/julia/libLLVM.so.18.1jl)
==10==    by 0x90D0656: llvm::orc::AsynchronousSymbolQuery::handleComplete(llvm::orc::ExecutionSession&) (in /home/tobias/.julia/juliaup/julia-1.12.5+0.x64.linux.gnu/lib/julia/libLLVM.so.18.1jl)
==10==    by 0x90D87D5: llvm::orc::JITDylib::resolve(llvm::orc::MaterializationResponsibility&, llvm::DenseMap<llvm::orc::SymbolStringPtr, llvm::orc::ExecutorSymbolDef, llvm::DenseMapInfo<llvm::orc::SymbolStringPtr, void>, llvm::detail::DenseMapPair<llvm::orc::SymbolStringPtr, llvm::orc::ExecutorSymbolDef> > const&) (in /home/tobias/.julia/juliaup/julia-1.12.5+0.x64.linux.gnu/lib/julia/libLLVM.so.18.1jl)
==10==    by 0x90E2C32: llvm::orc::AbsoluteSymbolsMaterializationUnit::materialize(std::unique_ptr<llvm::orc::MaterializationResponsibility, std::default_delete<llvm::orc::MaterializationResponsibility> >) (in /home/tobias/.julia/juliaup/julia-1.12.5+0.x64.linux.gnu/lib/julia/libLLVM.so.18.1jl)
==10==    by 0x90E653A: llvm::orc::MaterializationTask::run() (in /home/tobias/.julia/juliaup/julia-1.12.5+0.x64.linux.gnu/lib/julia/libLLVM.so.18.1jl)
==10==    by 0x90CC1AC: void llvm::detail::UniqueFunctionBase<void, std::unique_ptr<llvm::orc::Task, std::default_delete<llvm::orc::Task> > >::CallImpl<void (*)(std::unique_ptr<llvm::orc::Task, std::default_delete<llvm::orc::Task> >)>(void*, std::unique_ptr<llvm::orc::Task, std::default_delete<llvm::orc::Task> >&) (in /home/tobias/.julia/juliaup/julia-1.12.5+0.x64.linux.gnu/lib/julia/libLLVM.so.18.1jl)
==10==    by 0x90E6D93: llvm::orc::ExecutionSession::dispatchOutstandingMUs() (in /home/tobias/.julia/juliaup/julia-1.12.5+0.x64.linux.gnu/lib/julia/libLLVM.so.18.1jl)
==10==    by 0x90EE60F: llvm::orc::ExecutionSession::OL_completeLookup(std::unique_ptr<llvm::orc::InProgressLookupState, std::default_delete<llvm::orc::InProgressLookupState> >, std::shared_ptr<llvm::orc::AsynchronousSymbolQuery>, std::function<void (llvm::DenseMap<llvm::orc::JITDylib*, llvm::DenseSet<llvm::orc::SymbolStringPtr, llvm::DenseMapInfo<llvm::orc::SymbolStringPtr, void> >, llvm::DenseMapInfo<llvm::orc::JITDylib*, void>, llvm::detail::DenseMapPair<llvm::orc::JITDylib*, llvm::DenseSet<llvm::orc::SymbolStringPtr, llvm::DenseMapInfo<llvm::orc::SymbolStringPtr, void> > > > const&)>) (in /home/tobias/.julia/juliaup/julia-1.12.5+0.x64.linux.gnu/lib/julia/libLLVM.so.18.1jl)
==10==    by 0x90EFCA9: llvm::orc::InProgressFullLookupState::complete(std::unique_ptr<llvm::orc::InProgressLookupState, std::default_delete<llvm::orc::InProgressLookupState> >) (in /home/tobias/.julia/juliaup/julia-1.12.5+0.x64.linux.gnu/lib/julia/libLLVM.so.18.1jl)
==10==    by 0x90D9F44: llvm::orc::ExecutionSession::OL_applyQueryPhase1(std::unique_ptr<llvm::orc::InProgressLookupState, std::default_delete<llvm::orc::InProgressLookupState> >, llvm::Error) (in /home/tobias/.julia/juliaup/julia-1.12.5+0.x64.linux.gnu/lib/julia/libLLVM.so.18.1jl)
==10==    by 0x90E70DE: llvm::orc::ExecutionSession::lookup(llvm::orc::LookupKind, std::vector<std::pair<llvm::orc::JITDylib*, llvm::orc::JITDylibLookupFlags>, std::allocator<std::pair<llvm::orc::JITDylib*, llvm::orc::JITDylibLookupFlags> > > const&, llvm::orc::SymbolLookupSet, llvm::orc::SymbolState, llvm::unique_function<void (llvm::Expected<llvm::DenseMap<llvm::orc::SymbolStringPtr, llvm::orc::ExecutorSymbolDef, llvm::DenseMapInfo<llvm::orc::SymbolStringPtr, void>, llvm::detail::DenseMapPair<llvm::orc::SymbolStringPtr, llvm::orc::ExecutorSymbolDef> > >)>, std::function<void (llvm::DenseMap<llvm::orc::JITDylib*, llvm::DenseSet<llvm::orc::SymbolStringPtr, llvm::DenseMapInfo<llvm::orc::SymbolStringPtr, void> >, llvm::DenseMapInfo<llvm::orc::JITDylib*, void>, llvm::detail::DenseMapPair<llvm::orc::JITDylib*, llvm::DenseSet<llvm::orc::SymbolStringPtr, llvm::DenseMapInfo<llvm::orc::SymbolStringPtr, void> > > > const&)>) (in /home/tobias/.julia/juliaup/julia-1.12.5+0.x64.linux.gnu/lib/julia/libLLVM.so.18.1jl)
==10==    by 0x91AF0B3: (anonymous namespace)::JITDylibSearchOrderResolver::lookup(std::set<llvm::StringRef, std::less<llvm::StringRef>, std::allocator<llvm::StringRef> > const&, llvm::unique_function<void (llvm::Expected<std::map<llvm::StringRef, llvm::JITEvaluatedSymbol, std::less<llvm::StringRef>, std::allocator<std::pair<llvm::StringRef const, llvm::JITEvaluatedSymbol> > > >)>) (in /home/tobias/.julia/juliaup/julia-1.12.5+0.x64.linux.gnu/lib/julia/libLLVM.so.18.1jl)
==10== 
==10== 56 bytes in 1 blocks are definitely lost in loss record 2,147 of 3,185
==10==    at 0x4846828: malloc (in /home/tobias/.local/opt/valgrind/usr/libexec/valgrind/vgpreload_memcheck-amd64-linux.so)
==10==    by 0x4002C36: malloc (rtld-malloc.h:56)
==10==    by 0x4002C36: _dl_map_object_deps (dl-deps.c:422)
==10==    by 0x400D944: dl_open_worker_begin (dl-open.c:638)
==10==    by 0x400151B: _dl_catch_exception (dl-catch.c:237)
==10==    by 0x400CD1F: dl_open_worker (dl-open.c:803)
==10==    by 0x400151B: _dl_catch_exception (dl-catch.c:237)
==10==    by 0x400D163: _dl_open (dl-open.c:905)
==10==    by 0x499D283: dlopen_doit (dlopen.c:56)
==10==    by 0x400151B: _dl_catch_exception (dl-catch.c:237)
==10==    by 0x4001668: _dl_catch_error (dl-catch.c:256)
==10==    by 0x499CD62: _dlerror_run (dlerror.c:138)
==10==    by 0x499D33E: dlopen_implementation (dlopen.c:71)
==10==    by 0x499D33E: dlopen@@GLIBC_2.34 (dlopen.c:81)
==10==    by 0x4B2A2CA: load_library.part.0 (loader_lib.c:78)
==10==    by 0x4B2A8DB: jl_load_libjulia_internal (loader_lib.c:505)
==10==    by 0x400571E: call_init.part.0 (dl-init.c:74)
==10==    by 0x4005823: call_init (dl-init.c:120)
==10==    by 0x4005823: _dl_init (dl-init.c:121)
==10==    by 0x401F59F: ??? (in /usr/lib/x86_64-linux-gnu/ld-linux-x86-64.so.2)
==10==    by 0x5: ???
==10==    by 0x1FFEFFF792: ???
==10==    by 0x1FFEFFF7D5: ???
==10== 
==10== 64 bytes in 1 blocks are definitely lost in loss record 2,384 of 3,185
==10==    at 0x4846828: malloc (in /home/tobias/.local/opt/valgrind/usr/libexec/valgrind/vgpreload_memcheck-amd64-linux.so)
==10==    by 0x400E150: malloc (rtld-malloc.h:56)
==10==    by 0x400E150: resize_scopes (dl-open.c:295)
==10==    by 0x400E150: dl_open_worker_begin (dl-open.c:728)
==10==    by 0x400151B: _dl_catch_exception (dl-catch.c:237)
==10==    by 0x400CD1F: dl_open_worker (dl-open.c:803)
==10==    by 0x400151B: _dl_catch_exception (dl-catch.c:237)
==10==    by 0x400D163: _dl_open (dl-open.c:905)
==10==    by 0x499D283: dlopen_doit (dlopen.c:56)
==10==    by 0x400151B: _dl_catch_exception (dl-catch.c:237)
==10==    by 0x4001668: _dl_catch_error (dl-catch.c:256)
==10==    by 0x499CD62: _dlerror_run (dlerror.c:138)
==10==    by 0x499D33E: dlopen_implementation (dlopen.c:71)
==10==    by 0x499D33E: dlopen@@GLIBC_2.34 (dlopen.c:81)
==10==    by 0x4B2A2CA: load_library.part.0 (loader_lib.c:78)
==10==    by 0x4B2A8DB: jl_load_libjulia_internal (loader_lib.c:505)
==10==    by 0x400571E: call_init.part.0 (dl-init.c:74)
==10==    by 0x4005823: call_init (dl-init.c:120)
==10==    by 0x4005823: _dl_init (dl-init.c:121)
==10==    by 0x401F59F: ??? (in /usr/lib/x86_64-linux-gnu/ld-linux-x86-64.so.2)
==10==    by 0x5: ???
==10==    by 0x1FFEFFF792: ???
==10==    by 0x1FFEFFF7D5: ???
==10==    by 0x1FFEFFF7E7: ???
==10== 
==10== 75 bytes in 1 blocks are definitely lost in loss record 2,491 of 3,185
==10==    at 0x4846828: malloc (in /home/tobias/.local/opt/valgrind/usr/libexec/valgrind/vgpreload_memcheck-amd64-linux.so)
==10==    by 0x4994A27: __vasprintf_internal (vasprintf.c:116)
==10==    by 0x496430B: asprintf (asprintf.c:31)
==10==    by 0x540666C: jl_resolve_sysimg_location (jlapi.c:1262)
==10==    by 0x540826B: jl_repl_entrypoint (jlapi.c:1127)
==10==    by 0x401088: main (loader_exe.c:58)
==10== 
==10== 96 bytes in 2 blocks are definitely lost in loss record 2,616 of 3,185
==10==    at 0x4846828: malloc (in /home/tobias/.local/opt/valgrind/usr/libexec/valgrind/vgpreload_memcheck-amd64-linux.so)
==10==    by 0x4F63BDD: __register_frame (unwind-dw2-fde.c:171)
==10==    by 0x61214CC: operator() (debuginfo.cpp:1497)
==10==    by 0x61214CC: jl_profile_atomic<register_eh_frames(uint8_t*, size_t)::<lambda()> > (debuginfo.cpp:156)
==10==    by 0x61214CC: register_eh_frames (debuginfo.cpp:1496)
==10==    by 0x616AFFF: (anonymous namespace)::RTDyldMemoryManagerJL::finalizeMemory(std::__cxx11::basic_string<char, std::char_traits<char>, std::allocator<char> >*) (cgmemmgr.cpp:889)
==10==    by 0x60F7FC1: ForwardingMemoryManager::finalizeMemory(std::__cxx11::basic_string<char, std::char_traits<char>, std::allocator<char> >*) (jitlayers.cpp:1227)
==10==    by 0x91FDDB2: llvm::RuntimeDyldImpl::finalizeAsync(std::unique_ptr<llvm::RuntimeDyldImpl, std::default_delete<llvm::RuntimeDyldImpl> >, llvm::unique_function<void (llvm::object::OwningBinary<llvm::object::ObjectFile>, std::unique_ptr<llvm::RuntimeDyld::LoadedObjectInfo, std::default_delete<llvm::RuntimeDyld::LoadedObjectInfo> >, llvm::Error)>, llvm::object::OwningBinary<llvm::object::ObjectFile>, std::unique_ptr<llvm::RuntimeDyld::LoadedObjectInfo, std::default_delete<llvm::RuntimeDyld::LoadedObjectInfo> >)::{lambda(llvm::Expected<std::map<llvm::StringRef, llvm::JITEvaluatedSymbol, std::less<llvm::StringRef>, std::allocator<std::pair<llvm::StringRef const, llvm::JITEvaluatedSymbol> > > >)#1}::operator()(llvm::Expected<std::map<llvm::StringRef, llvm::JITEvaluatedSymbol, std::less<llvm::StringRef>, std::allocator<std::pair<llvm::StringRef const, llvm::JITEvaluatedSymbol> > > >) (in /home/tobias/.julia/juliaup/julia-1.12.5+0.x64.linux.gnu/lib/julia/libLLVM.so.18.1jl)
==10==    by 0x91FE860: llvm::RuntimeDyldImpl::finalizeAsync(std::unique_ptr<llvm::RuntimeDyldImpl, std::default_delete<llvm::RuntimeDyldImpl> >, llvm::unique_function<void (llvm::object::OwningBinary<llvm::object::ObjectFile>, std::unique_ptr<llvm::RuntimeDyld::LoadedObjectInfo, std::default_delete<llvm::RuntimeDyld::LoadedObjectInfo> >, llvm::Error)>, llvm::object::OwningBinary<llvm::object::ObjectFile>, std::unique_ptr<llvm::RuntimeDyld::LoadedObjectInfo, std::default_delete<llvm::RuntimeDyld::LoadedObjectInfo> >) (in /home/tobias/.julia/juliaup/julia-1.12.5+0.x64.linux.gnu/lib/julia/libLLVM.so.18.1jl)
==10==    by 0x91FF02C: llvm::jitLinkForORC(llvm::object::OwningBinary<llvm::object::ObjectFile>, llvm::RuntimeDyld::MemoryManager&, llvm::JITSymbolResolver&, bool, llvm::unique_function<llvm::Error (llvm::object::ObjectFile const&, llvm::RuntimeDyld::LoadedObjectInfo&, std::map<llvm::StringRef, llvm::JITEvaluatedSymbol, std::less<llvm::StringRef>, std::allocator<std::pair<llvm::StringRef const, llvm::JITEvaluatedSymbol> > >)>, llvm::unique_function<void (llvm::object::OwningBinary<llvm::object::ObjectFile>, std::unique_ptr<llvm::RuntimeDyld::LoadedObjectInfo, std::default_delete<llvm::RuntimeDyld::LoadedObjectInfo> >, llvm::Error)>) (in /home/tobias/.julia/juliaup/julia-1.12.5+0.x64.linux.gnu/lib/julia/libLLVM.so.18.1jl)
==10==    by 0x91B01D1: llvm::orc::RTDyldObjectLinkingLayer::emit(std::unique_ptr<llvm::orc::MaterializationResponsibility, std::default_delete<llvm::orc::MaterializationResponsibility> >, std::unique_ptr<llvm::MemoryBuffer, std::default_delete<llvm::MemoryBuffer> >) (in /home/tobias/.julia/juliaup/julia-1.12.5+0.x64.linux.gnu/lib/julia/libLLVM.so.18.1jl)
==10==    by 0x60F694C: JuliaOJIT::LockLayerT::emit(std::unique_ptr<llvm::orc::MaterializationResponsibility, std::default_delete<llvm::orc::MaterializationResponsibility> >, std::unique_ptr<llvm::MemoryBuffer, std::default_delete<llvm::MemoryBuffer> >) (jitlayers.h:423)
==10==    by 0x914364D: llvm::orc::BasicObjectLayerMaterializationUnit::materialize(std::unique_ptr<llvm::orc::MaterializationResponsibility, std::default_delete<llvm::orc::MaterializationResponsibility> >) (in /home/tobias/.julia/juliaup/julia-1.12.5+0.x64.linux.gnu/lib/julia/libLLVM.so.18.1jl)
==10==    by 0x90E653A: llvm::orc::MaterializationTask::run() (in /home/tobias/.julia/juliaup/julia-1.12.5+0.x64.linux.gnu/lib/julia/libLLVM.so.18.1jl)
==10==    by 0x90CC1AC: void llvm::detail::UniqueFunctionBase<void, std::unique_ptr<llvm::orc::Task, std::default_delete<llvm::orc::Task> > >::CallImpl<void (*)(std::unique_ptr<llvm::orc::Task, std::default_delete<llvm::orc::Task> >)>(void*, std::unique_ptr<llvm::orc::Task, std::default_delete<llvm::orc::Task> >&) (in /home/tobias/.julia/juliaup/julia-1.12.5+0.x64.linux.gnu/lib/julia/libLLVM.so.18.1jl)
==10==    by 0x90E6D93: llvm::orc::ExecutionSession::dispatchOutstandingMUs() (in /home/tobias/.julia/juliaup/julia-1.12.5+0.x64.linux.gnu/lib/julia/libLLVM.so.18.1jl)
==10==    by 0x90EE60F: llvm::orc::ExecutionSession::OL_completeLookup(std::unique_ptr<llvm::orc::InProgressLookupState, std::default_delete<llvm::orc::InProgressLookupState> >, std::shared_ptr<llvm::orc::AsynchronousSymbolQuery>, std::function<void (llvm::DenseMap<llvm::orc::JITDylib*, llvm::DenseSet<llvm::orc::SymbolStringPtr, llvm::DenseMapInfo<llvm::orc::SymbolStringPtr, void> >, llvm::DenseMapInfo<llvm::orc::JITDylib*, void>, llvm::detail::DenseMapPair<llvm::orc::JITDylib*, llvm::DenseSet<llvm::orc::SymbolStringPtr, llvm::DenseMapInfo<llvm::orc::SymbolStringPtr, void> > > > const&)>) (in /home/tobias/.julia/juliaup/julia-1.12.5+0.x64.linux.gnu/lib/julia/libLLVM.so.18.1jl)
==10==    by 0x90EFCA9: llvm::orc::InProgressFullLookupState::complete(std::unique_ptr<llvm::orc::InProgressLookupState, std::default_delete<llvm::orc::InProgressLookupState> >) (in /home/tobias/.julia/juliaup/julia-1.12.5+0.x64.linux.gnu/lib/julia/libLLVM.so.18.1jl)
==10==    by 0x90D9F44: llvm::orc::ExecutionSession::OL_applyQueryPhase1(std::unique_ptr<llvm::orc::InProgressLookupState, std::default_delete<llvm::orc::InProgressLookupState> >, llvm::Error) (in /home/tobias/.julia/juliaup/julia-1.12.5+0.x64.linux.gnu/lib/julia/libLLVM.so.18.1jl)
==10==    by 0x90E70DE: llvm::orc::ExecutionSession::lookup(llvm::orc::LookupKind, std::vector<std::pair<llvm::orc::JITDylib*, llvm::orc::JITDylibLookupFlags>, std::allocator<std::pair<llvm::orc::JITDylib*, llvm::orc::JITDylibLookupFlags> > > const&, llvm::orc::SymbolLookupSet, llvm::orc::SymbolState, llvm::unique_function<void (llvm::Expected<llvm::DenseMap<llvm::orc::SymbolStringPtr, llvm::orc::ExecutorSymbolDef, llvm::DenseMapInfo<llvm::orc::SymbolStringPtr, void>, llvm::detail::DenseMapPair<llvm::orc::SymbolStringPtr, llvm::orc::ExecutorSymbolDef> > >)>, std::function<void (llvm::DenseMap<llvm::orc::JITDylib*, llvm::DenseSet<llvm::orc::SymbolStringPtr, llvm::DenseMapInfo<llvm::orc::SymbolStringPtr, void> >, llvm::DenseMapInfo<llvm::orc::JITDylib*, void>, llvm::detail::DenseMapPair<llvm::orc::JITDylib*, llvm::DenseSet<llvm::orc::SymbolStringPtr, llvm::DenseMapInfo<llvm::orc::SymbolStringPtr, void> > > > const&)>) (in /home/tobias/.julia/juliaup/julia-1.12.5+0.x64.linux.gnu/lib/julia/libLLVM.so.18.1jl)
==10==    by 0x90E72D4: llvm::orc::ExecutionSession::lookup(std::vector<std::pair<llvm::orc::JITDylib*, llvm::orc::JITDylibLookupFlags>, std::allocator<std::pair<llvm::orc::JITDylib*, llvm::orc::JITDylibLookupFlags> > > const&, llvm::orc::SymbolLookupSet, llvm::orc::LookupKind, llvm::orc::SymbolState, std::function<void (llvm::DenseMap<llvm::orc::JITDylib*, llvm::DenseSet<llvm::orc::SymbolStringPtr, llvm::DenseMapInfo<llvm::orc::SymbolStringPtr, void> >, llvm::DenseMapInfo<llvm::orc::JITDylib*, void>, llvm::detail::DenseMapPair<llvm::orc::JITDylib*, llvm::DenseSet<llvm::orc::SymbolStringPtr, llvm::DenseMapInfo<llvm::orc::SymbolStringPtr, void> > > > const&)>) (in /home/tobias/.julia/juliaup/julia-1.12.5+0.x64.linux.gnu/lib/julia/libLLVM.so.18.1jl)
==10==    by 0x60EA56E: JuliaOJIT::findSymbols(llvm::ArrayRef<llvm::StringRef>) (jitlayers.cpp:2101)
==10== 
==10== 128 bytes in 1 blocks are definitely lost in loss record 2,648 of 3,185
==10==    at 0x4846828: malloc (in /home/tobias/.local/opt/valgrind/usr/libexec/valgrind/vgpreload_memcheck-amd64-linux.so)
==10==    by 0x400E150: malloc (rtld-malloc.h:56)
==10==    by 0x400E150: resize_scopes (dl-open.c:295)
==10==    by 0x400E150: dl_open_worker_begin (dl-open.c:728)
==10==    by 0x400151B: _dl_catch_exception (dl-catch.c:237)
==10==    by 0x400CD1F: dl_open_worker (dl-open.c:803)
==10==    by 0x400151B: _dl_catch_exception (dl-catch.c:237)
==10==    by 0x400D163: _dl_open (dl-open.c:905)
==10==    by 0x499D283: dlopen_doit (dlopen.c:56)
==10==    by 0x400151B: _dl_catch_exception (dl-catch.c:237)
==10==    by 0x4001668: _dl_catch_error (dl-catch.c:256)
==10==    by 0x499CD62: _dlerror_run (dlerror.c:138)
==10==    by 0x499D33E: dlopen_implementation (dlopen.c:71)
==10==    by 0x499D33E: dlopen@@GLIBC_2.34 (dlopen.c:81)
==10==    by 0x53C3665: ijl_load_dynamic_library (dlload.c:376)
==10==    by 0xE8AA5E9: #dlopen#3; (libdl.jl:120)
==10==    by 0xE8AA5E9: dlopen; (libdl.jl:119)
==10==    by 0xE8AA5E9: dlopen; (libdl.jl:119)
==10==    by 0xE8AA5E9: julia___init___57638.1 (OpenBLAS_jll.jl:69)
==10==    by 0xD891108: jfptr___init___57639.1 (in /home/tobias/.julia/juliaup/julia-1.12.5+0.x64.linux.gnu/lib/julia/sys.so)
==10==    by 0x53DEBED: jl_apply (julia.h:2391)
==10==    by 0x53DEBED: jl_module_run_initializer (toplevel.c:68)
==10==    by 0x53C4D77: _finish_jl_init_.isra.0 (init.c:626)
==10==    by 0x53C5E60: ijl_init_ (init.c:778)
==10==    by 0x54082A4: jl_repl_entrypoint (jlapi.c:1132)
==10==    by 0x401088: main (loader_exe.c:58)
==10== 
==10== 128 bytes in 1 blocks are definitely lost in loss record 2,649 of 3,185
==10==    at 0x4846828: malloc (in /home/tobias/.local/opt/valgrind/usr/libexec/valgrind/vgpreload_memcheck-amd64-linux.so)
==10==    by 0x400E150: malloc (rtld-malloc.h:56)
==10==    by 0x400E150: resize_scopes (dl-open.c:295)
==10==    by 0x400E150: dl_open_worker_begin (dl-open.c:728)
==10==    by 0x400151B: _dl_catch_exception (dl-catch.c:237)
==10==    by 0x400CD1F: dl_open_worker (dl-open.c:803)
==10==    by 0x400151B: _dl_catch_exception (dl-catch.c:237)
==10==    by 0x400D163: _dl_open (dl-open.c:905)
==10==    by 0x499D283: dlopen_doit (dlopen.c:56)
==10==    by 0x400151B: _dl_catch_exception (dl-catch.c:237)
==10==    by 0x4001668: _dl_catch_error (dl-catch.c:256)
==10==    by 0x499CD62: _dlerror_run (dlerror.c:138)
==10==    by 0x499D33E: dlopen_implementation (dlopen.c:71)
==10==    by 0x499D33E: dlopen@@GLIBC_2.34 (dlopen.c:81)
==10==    by 0x53DE300: ijl_restore_package_image_from_file (staticdata.c:4521)
==10==    by 0xF9550A7: julia_YY._include_from_serializedYY.867_9832.1 (loading.jl:1298)
==10==    by 0xE8DDA6B: _include_from_serialized; (loading.jl:1274)
==10==    by 0xE8DDA6B: julia_YY._require_search_from_serializedYY.883_12090.1 (loading.jl:2102)
==10==    by 0xCE17CFA: _require_search_from_serialized; (loading.jl:2009)
==10==    by 0xCE17CFA: julia___require_prelocked_23484.1 (loading.jl:2627)
==10==    by 0xD75A4D4: julia__require_prelocked_23472.1 (loading.jl:2493)
==10==    by 0xF38F924: macro expansion; (loading.jl:2421)
==10==    by 0xF38F924: macro expansion; (lock.jl:376)
==10==    by 0xF38F924: julia___require_23436.1 (loading.jl:2386)
==10==    by 0xE5DE9E0: jfptr___require_23437.1 (in /home/tobias/.julia/juliaup/julia-1.12.5+0.x64.linux.gnu/lib/julia/sys.so)
==10==    by 0x53AEA49: jl_apply (julia.h:2391)
==10==    by 0x53AEA49: jl_f_invoke_in_world (builtins.c:900)
==10==    by 0xEAF50B5: julia_require_55193.1 (loading.jl:2362)
==10== 
==10== 128 bytes in 2 blocks are definitely lost in loss record 2,650 of 3,185
==10==    at 0x4846828: malloc (in /home/tobias/.local/opt/valgrind/usr/libexec/valgrind/vgpreload_memcheck-amd64-linux.so)
==10==    by 0x400E150: malloc (rtld-malloc.h:56)
==10==    by 0x400E150: resize_scopes (dl-open.c:295)
==10==    by 0x400E150: dl_open_worker_begin (dl-open.c:728)
==10==    by 0x400151B: _dl_catch_exception (dl-catch.c:237)
==10==    by 0x400CD1F: dl_open_worker (dl-open.c:803)
==10==    by 0x400151B: _dl_catch_exception (dl-catch.c:237)
==10==    by 0x400D163: _dl_open (dl-open.c:905)
==10==    by 0x499D283: dlopen_doit (dlopen.c:56)
==10==    by 0x400151B: _dl_catch_exception (dl-catch.c:237)
==10==    by 0x4001668: _dl_catch_error (dl-catch.c:256)
==10==    by 0x499CD62: _dlerror_run (dlerror.c:138)
==10==    by 0x499D33E: dlopen_implementation (dlopen.c:71)
==10==    by 0x499D33E: dlopen@@GLIBC_2.34 (dlopen.c:81)
==10==    by 0x4B2A2F4: load_library.part.0 (loader_lib.c:78)
==10==    by 0x4B2AA46: jl_load_libjulia_internal (loader_lib.c:508)
==10==    by 0x400571E: call_init.part.0 (dl-init.c:74)
==10==    by 0x4005823: call_init (dl-init.c:120)
==10==    by 0x4005823: _dl_init (dl-init.c:121)
==10==    by 0x401F59F: ??? (in /usr/lib/x86_64-linux-gnu/ld-linux-x86-64.so.2)
==10==    by 0x5: ???
==10==    by 0x1FFEFFF792: ???
==10==    by 0x1FFEFFF7D5: ???
==10==    by 0x1FFEFFF7E7: ???
==10== 
==10== 320 bytes in 5 blocks are definitely lost in loss record 2,781 of 3,185
==10==    at 0x4846828: malloc (in /home/tobias/.local/opt/valgrind/usr/libexec/valgrind/vgpreload_memcheck-amd64-linux.so)
==10==    by 0x400E150: malloc (rtld-malloc.h:56)
==10==    by 0x400E150: resize_scopes (dl-open.c:295)
==10==    by 0x400E150: dl_open_worker_begin (dl-open.c:728)
==10==    by 0x400151B: _dl_catch_exception (dl-catch.c:237)
==10==    by 0x400CD1F: dl_open_worker (dl-open.c:803)
==10==    by 0x400151B: _dl_catch_exception (dl-catch.c:237)
==10==    by 0x400D163: _dl_open (dl-open.c:905)
==10==    by 0x499D283: dlopen_doit (dlopen.c:56)
==10==    by 0x400151B: _dl_catch_exception (dl-catch.c:237)
==10==    by 0x4001668: _dl_catch_error (dl-catch.c:256)
==10==    by 0x499CD62: _dlerror_run (dlerror.c:138)
==10==    by 0x499D33E: dlopen_implementation (dlopen.c:71)
==10==    by 0x499D33E: dlopen@@GLIBC_2.34 (dlopen.c:81)
==10==    by 0x53C3665: ijl_load_dynamic_library (dlload.c:376)
==10==    by 0x53DDF30: ijl_preload_sysimg (staticdata.c:3619)
==10==    by 0x540828D: jl_repl_entrypoint (jlapi.c:1130)
==10==    by 0x401088: main (loader_exe.c:58)
==10== 
==10== 576 bytes in 12 blocks are definitely lost in loss record 2,846 of 3,185
==10==    at 0x4846828: malloc (in /home/tobias/.local/opt/valgrind/usr/libexec/valgrind/vgpreload_memcheck-amd64-linux.so)
==10==    by 0x4F63BDD: __register_frame (unwind-dw2-fde.c:171)
==10==    by 0x61214CC: operator() (debuginfo.cpp:1497)
==10==    by 0x61214CC: jl_profile_atomic<register_eh_frames(uint8_t*, size_t)::<lambda()> > (debuginfo.cpp:156)
==10==    by 0x61214CC: register_eh_frames (debuginfo.cpp:1496)
==10==    by 0x616AFFF: (anonymous namespace)::RTDyldMemoryManagerJL::finalizeMemory(std::__cxx11::basic_string<char, std::char_traits<char>, std::allocator<char> >*) (cgmemmgr.cpp:889)
==10==    by 0x60F7FC1: ForwardingMemoryManager::finalizeMemory(std::__cxx11::basic_string<char, std::char_traits<char>, std::allocator<char> >*) (jitlayers.cpp:1227)
==10==    by 0x91FDDB2: llvm::RuntimeDyldImpl::finalizeAsync(std::unique_ptr<llvm::RuntimeDyldImpl, std::default_delete<llvm::RuntimeDyldImpl> >, llvm::unique_function<void (llvm::object::OwningBinary<llvm::object::ObjectFile>, std::unique_ptr<llvm::RuntimeDyld::LoadedObjectInfo, std::default_delete<llvm::RuntimeDyld::LoadedObjectInfo> >, llvm::Error)>, llvm::object::OwningBinary<llvm::object::ObjectFile>, std::unique_ptr<llvm::RuntimeDyld::LoadedObjectInfo, std::default_delete<llvm::RuntimeDyld::LoadedObjectInfo> >)::{lambda(llvm::Expected<std::map<llvm::StringRef, llvm::JITEvaluatedSymbol, std::less<llvm::StringRef>, std::allocator<std::pair<llvm::StringRef const, llvm::JITEvaluatedSymbol> > > >)#1}::operator()(llvm::Expected<std::map<llvm::StringRef, llvm::JITEvaluatedSymbol, std::less<llvm::StringRef>, std::allocator<std::pair<llvm::StringRef const, llvm::JITEvaluatedSymbol> > > >) (in /home/tobias/.julia/juliaup/julia-1.12.5+0.x64.linux.gnu/lib/julia/libLLVM.so.18.1jl)
==10==    by 0x91FE1D0: void llvm::detail::UniqueFunctionBase<void, llvm::Expected<std::map<llvm::StringRef, llvm::JITEvaluatedSymbol, std::less<llvm::StringRef>, std::allocator<std::pair<llvm::StringRef const, llvm::JITEvaluatedSymbol> > > > >::CallImpl<llvm::RuntimeDyldImpl::finalizeAsync(std::unique_ptr<llvm::RuntimeDyldImpl, std::default_delete<llvm::RuntimeDyldImpl> >, llvm::unique_function<void (llvm::object::OwningBinary<llvm::object::ObjectFile>, std::unique_ptr<llvm::RuntimeDyld::LoadedObjectInfo, std::default_delete<llvm::RuntimeDyld::LoadedObjectInfo> >, llvm::Error)>, llvm::object::OwningBinary<llvm::object::ObjectFile>, std::unique_ptr<llvm::RuntimeDyld::LoadedObjectInfo, std::default_delete<llvm::RuntimeDyld::LoadedObjectInfo> >)::{lambda(llvm::Expected<std::map<llvm::StringRef, llvm::JITEvaluatedSymbol, std::less<llvm::StringRef>, std::allocator<std::pair<llvm::StringRef const, llvm::JITEvaluatedSymbol> > > >)#1}>(void*, llvm::Expected<std::map<llvm::StringRef, llvm::JITEvaluatedSymbol, std::less<llvm::StringRef>, std::allocator<std::pair<llvm::StringRef const, llvm::JITEvaluatedSymbol> > > >&) (in /home/tobias/.julia/juliaup/julia-1.12.5+0.x64.linux.gnu/lib/julia/libLLVM.so.18.1jl)
==10==    by 0x91B5C7F: void llvm::detail::UniqueFunctionBase<void, llvm::Expected<llvm::DenseMap<llvm::orc::SymbolStringPtr, llvm::orc::ExecutorSymbolDef, llvm::DenseMapInfo<llvm::orc::SymbolStringPtr, void>, llvm::detail::DenseMapPair<llvm::orc::SymbolStringPtr, llvm::orc::ExecutorSymbolDef> > > >::CallImpl<(anonymous namespace)::JITDylibSearchOrderResolver::lookup(std::set<llvm::StringRef, std::less<llvm::StringRef>, std::allocator<llvm::StringRef> > const&, llvm::unique_function<void (llvm::Expected<std::map<llvm::StringRef, llvm::JITEvaluatedSymbol, std::less<llvm::StringRef>, std::allocator<std::pair<llvm::StringRef const, llvm::JITEvaluatedSymbol> > > >)>)::{lambda(llvm::Expected<llvm::DenseMap<llvm::orc::SymbolStringPtr, llvm::orc::ExecutorSymbolDef, llvm::DenseMapInfo<llvm::orc::SymbolStringPtr, void>, llvm::detail::DenseMapPair<llvm::orc::SymbolStringPtr, llvm::orc::ExecutorSymbolDef> > >)#1}>(void*, llvm::Expected<llvm::DenseMap<llvm::orc::SymbolStringPtr, llvm::orc::ExecutorSymbolDef, llvm::DenseMapInfo<llvm::orc::SymbolStringPtr, void>, llvm::detail::DenseMapPair<llvm::orc::SymbolStringPtr, llvm::orc::ExecutorSymbolDef> > >&) (in /home/tobias/.julia/juliaup/julia-1.12.5+0.x64.linux.gnu/lib/julia/libLLVM.so.18.1jl)
==10==    by 0x90D0A56: llvm::orc::AsynchronousSymbolQuery::handleComplete(llvm::orc::ExecutionSession&)::RunQueryCompleteTask::run() (in /home/tobias/.julia/juliaup/julia-1.12.5+0.x64.linux.gnu/lib/julia/libLLVM.so.18.1jl)
==10==    by 0x90CC1AC: void llvm::detail::UniqueFunctionBase<void, std::unique_ptr<llvm::orc::Task, std::default_delete<llvm::orc::Task> > >::CallImpl<void (*)(std::unique_ptr<llvm::orc::Task, std::default_delete<llvm::orc::Task> >)>(void*, std::unique_ptr<llvm::orc::Task, std::default_delete<llvm::orc::Task> >&) (in /home/tobias/.julia/juliaup/julia-1.12.5+0.x64.linux.gnu/lib/julia/libLLVM.so.18.1jl)
==10==    by 0x90D0656: llvm::orc::AsynchronousSymbolQuery::handleComplete(llvm::orc::ExecutionSession&) (in /home/tobias/.julia/juliaup/julia-1.12.5+0.x64.linux.gnu/lib/julia/libLLVM.so.18.1jl)
==10==    by 0x90D87D5: llvm::orc::JITDylib::resolve(llvm::orc::MaterializationResponsibility&, llvm::DenseMap<llvm::orc::SymbolStringPtr, llvm::orc::ExecutorSymbolDef, llvm::DenseMapInfo<llvm::orc::SymbolStringPtr, void>, llvm::detail::DenseMapPair<llvm::orc::SymbolStringPtr, llvm::orc::ExecutorSymbolDef> > const&) (in /home/tobias/.julia/juliaup/julia-1.12.5+0.x64.linux.gnu/lib/julia/libLLVM.so.18.1jl)
==10==    by 0x90E2C32: llvm::orc::AbsoluteSymbolsMaterializationUnit::materialize(std::unique_ptr<llvm::orc::MaterializationResponsibility, std::default_delete<llvm::orc::MaterializationResponsibility> >) (in /home/tobias/.julia/juliaup/julia-1.12.5+0.x64.linux.gnu/lib/julia/libLLVM.so.18.1jl)
==10==    by 0x90E653A: llvm::orc::MaterializationTask::run() (in /home/tobias/.julia/juliaup/julia-1.12.5+0.x64.linux.gnu/lib/julia/libLLVM.so.18.1jl)
==10==    by 0x90CC1AC: void llvm::detail::UniqueFunctionBase<void, std::unique_ptr<llvm::orc::Task, std::default_delete<llvm::orc::Task> > >::CallImpl<void (*)(std::unique_ptr<llvm::orc::Task, std::default_delete<llvm::orc::Task> >)>(void*, std::unique_ptr<llvm::orc::Task, std::default_delete<llvm::orc::Task> >&) (in /home/tobias/.julia/juliaup/julia-1.12.5+0.x64.linux.gnu/lib/julia/libLLVM.so.18.1jl)
==10==    by 0x90E6D93: llvm::orc::ExecutionSession::dispatchOutstandingMUs() (in /home/tobias/.julia/juliaup/julia-1.12.5+0.x64.linux.gnu/lib/julia/libLLVM.so.18.1jl)
==10==    by 0x90EE60F: llvm::orc::ExecutionSession::OL_completeLookup(std::unique_ptr<llvm::orc::InProgressLookupState, std::default_delete<llvm::orc::InProgressLookupState> >, std::shared_ptr<llvm::orc::AsynchronousSymbolQuery>, std::function<void (llvm::DenseMap<llvm::orc::JITDylib*, llvm::DenseSet<llvm::orc::SymbolStringPtr, llvm::DenseMapInfo<llvm::orc::SymbolStringPtr, void> >, llvm::DenseMapInfo<llvm::orc::JITDylib*, void>, llvm::detail::DenseMapPair<llvm::orc::JITDylib*, llvm::DenseSet<llvm::orc::SymbolStringPtr, llvm::DenseMapInfo<llvm::orc::SymbolStringPtr, void> > > > const&)>) (in /home/tobias/.julia/juliaup/julia-1.12.5+0.x64.linux.gnu/lib/julia/libLLVM.so.18.1jl)
==10==    by 0x90EFCA9: llvm::orc::InProgressFullLookupState::complete(std::unique_ptr<llvm::orc::InProgressLookupState, std::default_delete<llvm::orc::InProgressLookupState> >) (in /home/tobias/.julia/juliaup/julia-1.12.5+0.x64.linux.gnu/lib/julia/libLLVM.so.18.1jl)
==10==    by 0x90D9F44: llvm::orc::ExecutionSession::OL_applyQueryPhase1(std::unique_ptr<llvm::orc::InProgressLookupState, std::default_delete<llvm::orc::InProgressLookupState> >, llvm::Error) (in /home/tobias/.julia/juliaup/julia-1.12.5+0.x64.linux.gnu/lib/julia/libLLVM.so.18.1jl)
==10==    by 0x90E70DE: llvm::orc::ExecutionSession::lookup(llvm::orc::LookupKind, std::vector<std::pair<llvm::orc::JITDylib*, llvm::orc::JITDylibLookupFlags>, std::allocator<std::pair<llvm::orc::JITDylib*, llvm::orc::JITDylibLookupFlags> > > const&, llvm::orc::SymbolLookupSet, llvm::orc::SymbolState, llvm::unique_function<void (llvm::Expected<llvm::DenseMap<llvm::orc::SymbolStringPtr, llvm::orc::ExecutorSymbolDef, llvm::DenseMapInfo<llvm::orc::SymbolStringPtr, void>, llvm::detail::DenseMapPair<llvm::orc::SymbolStringPtr, llvm::orc::ExecutorSymbolDef> > >)>, std::function<void (llvm::DenseMap<llvm::orc::JITDylib*, llvm::DenseSet<llvm::orc::SymbolStringPtr, llvm::DenseMapInfo<llvm::orc::SymbolStringPtr, void> >, llvm::DenseMapInfo<llvm::orc::JITDylib*, void>, llvm::detail::DenseMapPair<llvm::orc::JITDylib*, llvm::DenseSet<llvm::orc::SymbolStringPtr, llvm::DenseMapInfo<llvm::orc::SymbolStringPtr, void> > > > const&)>) (in /home/tobias/.julia/juliaup/julia-1.12.5+0.x64.linux.gnu/lib/julia/libLLVM.so.18.1jl)
==10== 
==10== 864 bytes in 18 blocks are definitely lost in loss record 2,910 of 3,185
==10==    at 0x4846828: malloc (in /home/tobias/.local/opt/valgrind/usr/libexec/valgrind/vgpreload_memcheck-amd64-linux.so)
==10==    by 0x4F63BDD: __register_frame (unwind-dw2-fde.c:171)
==10==    by 0x61214CC: operator() (debuginfo.cpp:1497)
==10==    by 0x61214CC: jl_profile_atomic<register_eh_frames(uint8_t*, size_t)::<lambda()> > (debuginfo.cpp:156)
==10==    by 0x61214CC: register_eh_frames (debuginfo.cpp:1496)
==10==    by 0x616AFFF: (anonymous namespace)::RTDyldMemoryManagerJL::finalizeMemory(std::__cxx11::basic_string<char, std::char_traits<char>, std::allocator<char> >*) (cgmemmgr.cpp:889)
==10==    by 0x60F7FC1: ForwardingMemoryManager::finalizeMemory(std::__cxx11::basic_string<char, std::char_traits<char>, std::allocator<char> >*) (jitlayers.cpp:1227)
==10==    by 0x91FDDB2: llvm::RuntimeDyldImpl::finalizeAsync(std::unique_ptr<llvm::RuntimeDyldImpl, std::default_delete<llvm::RuntimeDyldImpl> >, llvm::unique_function<void (llvm::object::OwningBinary<llvm::object::ObjectFile>, std::unique_ptr<llvm::RuntimeDyld::LoadedObjectInfo, std::default_delete<llvm::RuntimeDyld::LoadedObjectInfo> >, llvm::Error)>, llvm::object::OwningBinary<llvm::object::ObjectFile>, std::unique_ptr<llvm::RuntimeDyld::LoadedObjectInfo, std::default_delete<llvm::RuntimeDyld::LoadedObjectInfo> >)::{lambda(llvm::Expected<std::map<llvm::StringRef, llvm::JITEvaluatedSymbol, std::less<llvm::StringRef>, std::allocator<std::pair<llvm::StringRef const, llvm::JITEvaluatedSymbol> > > >)#1}::operator()(llvm::Expected<std::map<llvm::StringRef, llvm::JITEvaluatedSymbol, std::less<llvm::StringRef>, std::allocator<std::pair<llvm::StringRef const, llvm::JITEvaluatedSymbol> > > >) (in /home/tobias/.julia/juliaup/julia-1.12.5+0.x64.linux.gnu/lib/julia/libLLVM.so.18.1jl)
==10==    by 0x91FE1D0: void llvm::detail::UniqueFunctionBase<void, llvm::Expected<std::map<llvm::StringRef, llvm::JITEvaluatedSymbol, std::less<llvm::StringRef>, std::allocator<std::pair<llvm::StringRef const, llvm::JITEvaluatedSymbol> > > > >::CallImpl<llvm::RuntimeDyldImpl::finalizeAsync(std::unique_ptr<llvm::RuntimeDyldImpl, std::default_delete<llvm::RuntimeDyldImpl> >, llvm::unique_function<void (llvm::object::OwningBinary<llvm::object::ObjectFile>, std::unique_ptr<llvm::RuntimeDyld::LoadedObjectInfo, std::default_delete<llvm::RuntimeDyld::LoadedObjectInfo> >, llvm::Error)>, llvm::object::OwningBinary<llvm::object::ObjectFile>, std::unique_ptr<llvm::RuntimeDyld::LoadedObjectInfo, std::default_delete<llvm::RuntimeDyld::LoadedObjectInfo> >)::{lambda(llvm::Expected<std::map<llvm::StringRef, llvm::JITEvaluatedSymbol, std::less<llvm::StringRef>, std::allocator<std::pair<llvm::StringRef const, llvm::JITEvaluatedSymbol> > > >)#1}>(void*, llvm::Expected<std::map<llvm::StringRef, llvm::JITEvaluatedSymbol, std::less<llvm::StringRef>, std::allocator<std::pair<llvm::StringRef const, llvm::JITEvaluatedSymbol> > > >&) (in /home/tobias/.julia/juliaup/julia-1.12.5+0.x64.linux.gnu/lib/julia/libLLVM.so.18.1jl)
==10==    by 0x91B5C7F: void llvm::detail::UniqueFunctionBase<void, llvm::Expected<llvm::DenseMap<llvm::orc::SymbolStringPtr, llvm::orc::ExecutorSymbolDef, llvm::DenseMapInfo<llvm::orc::SymbolStringPtr, void>, llvm::detail::DenseMapPair<llvm::orc::SymbolStringPtr, llvm::orc::ExecutorSymbolDef> > > >::CallImpl<(anonymous namespace)::JITDylibSearchOrderResolver::lookup(std::set<llvm::StringRef, std::less<llvm::StringRef>, std::allocator<llvm::StringRef> > const&, llvm::unique_function<void (llvm::Expected<std::map<llvm::StringRef, llvm::JITEvaluatedSymbol, std::less<llvm::StringRef>, std::allocator<std::pair<llvm::StringRef const, llvm::JITEvaluatedSymbol> > > >)>)::{lambda(llvm::Expected<llvm::DenseMap<llvm::orc::SymbolStringPtr, llvm::orc::ExecutorSymbolDef, llvm::DenseMapInfo<llvm::orc::SymbolStringPtr, void>, llvm::detail::DenseMapPair<llvm::orc::SymbolStringPtr, llvm::orc::ExecutorSymbolDef> > >)#1}>(void*, llvm::Expected<llvm::DenseMap<llvm::orc::SymbolStringPtr, llvm::orc::ExecutorSymbolDef, llvm::DenseMapInfo<llvm::orc::SymbolStringPtr, void>, llvm::detail::DenseMapPair<llvm::orc::SymbolStringPtr, llvm::orc::ExecutorSymbolDef> > >&) (in /home/tobias/.julia/juliaup/julia-1.12.5+0.x64.linux.gnu/lib/julia/libLLVM.so.18.1jl)
==10==    by 0x90D0A56: llvm::orc::AsynchronousSymbolQuery::handleComplete(llvm::orc::ExecutionSession&)::RunQueryCompleteTask::run() (in /home/tobias/.julia/juliaup/julia-1.12.5+0.x64.linux.gnu/lib/julia/libLLVM.so.18.1jl)
==10==    by 0x90CC1AC: void llvm::detail::UniqueFunctionBase<void, std::unique_ptr<llvm::orc::Task, std::default_delete<llvm::orc::Task> > >::CallImpl<void (*)(std::unique_ptr<llvm::orc::Task, std::default_delete<llvm::orc::Task> >)>(void*, std::unique_ptr<llvm::orc::Task, std::default_delete<llvm::orc::Task> >&) (in /home/tobias/.julia/juliaup/julia-1.12.5+0.x64.linux.gnu/lib/julia/libLLVM.so.18.1jl)
==10==    by 0x90D0656: llvm::orc::AsynchronousSymbolQuery::handleComplete(llvm::orc::ExecutionSession&) (in /home/tobias/.julia/juliaup/julia-1.12.5+0.x64.linux.gnu/lib/julia/libLLVM.so.18.1jl)
==10==    by 0x90EF709: llvm::orc::ExecutionSession::OL_completeLookup(std::unique_ptr<llvm::orc::InProgressLookupState, std::default_delete<llvm::orc::InProgressLookupState> >, std::shared_ptr<llvm::orc::AsynchronousSymbolQuery>, std::function<void (llvm::DenseMap<llvm::orc::JITDylib*, llvm::DenseSet<llvm::orc::SymbolStringPtr, llvm::DenseMapInfo<llvm::orc::SymbolStringPtr, void> >, llvm::DenseMapInfo<llvm::orc::JITDylib*, void>, llvm::detail::DenseMapPair<llvm::orc::JITDylib*, llvm::DenseSet<llvm::orc::SymbolStringPtr, llvm::DenseMapInfo<llvm::orc::SymbolStringPtr, void> > > > const&)>) (in /home/tobias/.julia/juliaup/julia-1.12.5+0.x64.linux.gnu/lib/julia/libLLVM.so.18.1jl)
==10==    by 0x90EFCA9: llvm::orc::InProgressFullLookupState::complete(std::unique_ptr<llvm::orc::InProgressLookupState, std::default_delete<llvm::orc::InProgressLookupState> >) (in /home/tobias/.julia/juliaup/julia-1.12.5+0.x64.linux.gnu/lib/julia/libLLVM.so.18.1jl)
==10==    by 0x90D9F44: llvm::orc::ExecutionSession::OL_applyQueryPhase1(std::unique_ptr<llvm::orc::InProgressLookupState, std::default_delete<llvm::orc::InProgressLookupState> >, llvm::Error) (in /home/tobias/.julia/juliaup/julia-1.12.5+0.x64.linux.gnu/lib/julia/libLLVM.so.18.1jl)
==10==    by 0x90E70DE: llvm::orc::ExecutionSession::lookup(llvm::orc::LookupKind, std::vector<std::pair<llvm::orc::JITDylib*, llvm::orc::JITDylibLookupFlags>, std::allocator<std::pair<llvm::orc::JITDylib*, llvm::orc::JITDylibLookupFlags> > > const&, llvm::orc::SymbolLookupSet, llvm::orc::SymbolState, llvm::unique_function<void (llvm::Expected<llvm::DenseMap<llvm::orc::SymbolStringPtr, llvm::orc::ExecutorSymbolDef, llvm::DenseMapInfo<llvm::orc::SymbolStringPtr, void>, llvm::detail::DenseMapPair<llvm::orc::SymbolStringPtr, llvm::orc::ExecutorSymbolDef> > >)>, std::function<void (llvm::DenseMap<llvm::orc::JITDylib*, llvm::DenseSet<llvm::orc::SymbolStringPtr, llvm::DenseMapInfo<llvm::orc::SymbolStringPtr, void> >, llvm::DenseMapInfo<llvm::orc::JITDylib*, void>, llvm::detail::DenseMapPair<llvm::orc::JITDylib*, llvm::DenseSet<llvm::orc::SymbolStringPtr, llvm::DenseMapInfo<llvm::orc::SymbolStringPtr, void> > > > const&)>) (in /home/tobias/.julia/juliaup/julia-1.12.5+0.x64.linux.gnu/lib/julia/libLLVM.so.18.1jl)
==10==    by 0x91AF0B3: (anonymous namespace)::JITDylibSearchOrderResolver::lookup(std::set<llvm::StringRef, std::less<llvm::StringRef>, std::allocator<llvm::StringRef> > const&, llvm::unique_function<void (llvm::Expected<std::map<llvm::StringRef, llvm::JITEvaluatedSymbol, std::less<llvm::StringRef>, std::allocator<std::pair<llvm::StringRef const, llvm::JITEvaluatedSymbol> > > >)>) (in /home/tobias/.julia/juliaup/julia-1.12.5+0.x64.linux.gnu/lib/julia/libLLVM.so.18.1jl)
==10==    by 0x91FE618: llvm::RuntimeDyldImpl::finalizeAsync(std::unique_ptr<llvm::RuntimeDyldImpl, std::default_delete<llvm::RuntimeDyldImpl> >, llvm::unique_function<void (llvm::object::OwningBinary<llvm::object::ObjectFile>, std::unique_ptr<llvm::RuntimeDyld::LoadedObjectInfo, std::default_delete<llvm::RuntimeDyld::LoadedObjectInfo> >, llvm::Error)>, llvm::object::OwningBinary<llvm::object::ObjectFile>, std::unique_ptr<llvm::RuntimeDyld::LoadedObjectInfo, std::default_delete<llvm::RuntimeDyld::LoadedObjectInfo> >) (in /home/tobias/.julia/juliaup/julia-1.12.5+0.x64.linux.gnu/lib/julia/libLLVM.so.18.1jl)
==10==    by 0x91FF02C: llvm::jitLinkForORC(llvm::object::OwningBinary<llvm::object::ObjectFile>, llvm::RuntimeDyld::MemoryManager&, llvm::JITSymbolResolver&, bool, llvm::unique_function<llvm::Error (llvm::object::ObjectFile const&, llvm::RuntimeDyld::LoadedObjectInfo&, std::map<llvm::StringRef, llvm::JITEvaluatedSymbol, std::less<llvm::StringRef>, std::allocator<std::pair<llvm::StringRef const, llvm::JITEvaluatedSymbol> > >)>, llvm::unique_function<void (llvm::object::OwningBinary<llvm::object::ObjectFile>, std::unique_ptr<llvm::RuntimeDyld::LoadedObjectInfo, std::default_delete<llvm::RuntimeDyld::LoadedObjectInfo> >, llvm::Error)>) (in /home/tobias/.julia/juliaup/julia-1.12.5+0.x64.linux.gnu/lib/julia/libLLVM.so.18.1jl)
==10==    by 0x91B01D1: llvm::orc::RTDyldObjectLinkingLayer::emit(std::unique_ptr<llvm::orc::MaterializationResponsibility, std::default_delete<llvm::orc::MaterializationResponsibility> >, std::unique_ptr<llvm::MemoryBuffer, std::default_delete<llvm::MemoryBuffer> >) (in /home/tobias/.julia/juliaup/julia-1.12.5+0.x64.linux.gnu/lib/julia/libLLVM.so.18.1jl)
==10==    by 0x60F694C: JuliaOJIT::LockLayerT::emit(std::unique_ptr<llvm::orc::MaterializationResponsibility, std::default_delete<llvm::orc::MaterializationResponsibility> >, std::unique_ptr<llvm::MemoryBuffer, std::default_delete<llvm::MemoryBuffer> >) (jitlayers.h:423)
==10== 
==10== 2,536 bytes in 1 blocks are definitely lost in loss record 3,065 of 3,185
==10==    at 0x4846828: malloc (in /home/tobias/.local/opt/valgrind/usr/libexec/valgrind/vgpreload_memcheck-amd64-linux.so)
==10==    by 0x5433510: parse_sysimg<unsigned int (&)(void*, void const*, _jl_value_t**)> (processor.cpp:769)
==10==    by 0x5433510: jl_init_processor_pkgimg (processor_x86.cpp:1118)
==10==    by 0x53DE438: ijl_restore_package_image_from_file (staticdata.c:4539)
==10==    by 0xF9550A7: julia_YY._include_from_serializedYY.867_9832.1 (loading.jl:1298)
==10==    by 0xE8DDEF1: _include_from_serialized; (loading.jl:1274)
==10==    by 0xE8DDEF1: julia_YY._require_search_from_serializedYY.883_12090.1 (loading.jl:2115)
==10==    by 0xCE17CFA: _require_search_from_serialized; (loading.jl:2009)
==10==    by 0xCE17CFA: julia___require_prelocked_23484.1 (loading.jl:2627)
==10==    by 0xD75A4D4: julia__require_prelocked_23472.1 (loading.jl:2493)
==10==    by 0xF38F924: macro expansion; (loading.jl:2421)
==10==    by 0xF38F924: macro expansion; (lock.jl:376)
==10==    by 0xF38F924: julia___require_23436.1 (loading.jl:2386)
==10==    by 0xE5DE9E0: jfptr___require_23437.1 (in /home/tobias/.julia/juliaup/julia-1.12.5+0.x64.linux.gnu/lib/julia/sys.so)
==10==    by 0x53AEA49: jl_apply (julia.h:2391)
==10==    by 0x53AEA49: jl_f_invoke_in_world (builtins.c:900)
==10==    by 0xEAF50B5: julia_require_55193.1 (loading.jl:2362)
==10==    by 0xD84E452: jfptr_require_55194.1 (in /home/tobias/.julia/juliaup/julia-1.12.5+0.x64.linux.gnu/lib/julia/sys.so)
==10==    by 0x53DE7CB: jl_apply (julia.h:2391)
==10==    by 0x53DE7CB: call_require (toplevel.c:494)
==10==    by 0x53DE7CB: eval_import_path.constprop.0 (toplevel.c:532)
==10==    by 0x53E05B2: jl_toplevel_eval_flex (toplevel.c:830)
==10==    by 0x53E0C11: jl_toplevel_eval_flex (toplevel.c:975)
==10==    by 0x53E1515: ijl_toplevel_eval (toplevel.c:1047)
==10==    by 0x53E1B51: ijl_toplevel_eval_in (toplevel.c:1092)
==10==    by 0xEB5DBA2: julia_eval_17742.1 (boot.jl:489)
==10==    by 0x20AA1458: ???
==10==    by 0x20AA17A6: ???
==10== 
==10== 6,940 bytes in 6 blocks are definitely lost in loss record 3,113 of 3,185
==10==    at 0x4846828: malloc (in /home/tobias/.local/opt/valgrind/usr/libexec/valgrind/vgpreload_memcheck-amd64-linux.so)
==10==    by 0x5433510: parse_sysimg<unsigned int (&)(void*, void const*, _jl_value_t**)> (processor.cpp:769)
==10==    by 0x5433510: jl_init_processor_pkgimg (processor_x86.cpp:1118)
==10==    by 0x53DE438: ijl_restore_package_image_from_file (staticdata.c:4539)
==10==    by 0xF9550A7: julia_YY._include_from_serializedYY.867_9832.1 (loading.jl:1298)
==10==    by 0xE8DDA6B: _include_from_serialized; (loading.jl:1274)
==10==    by 0xE8DDA6B: julia_YY._require_search_from_serializedYY.883_12090.1 (loading.jl:2102)
==10==    by 0xCE17CFA: _require_search_from_serialized; (loading.jl:2009)
==10==    by 0xCE17CFA: julia___require_prelocked_23484.1 (loading.jl:2627)
==10==    by 0xD75A4D4: julia__require_prelocked_23472.1 (loading.jl:2493)
==10==    by 0xF38F924: macro expansion; (loading.jl:2421)
==10==    by 0xF38F924: macro expansion; (lock.jl:376)
==10==    by 0xF38F924: julia___require_23436.1 (loading.jl:2386)
==10==    by 0xE5DE9E0: jfptr___require_23437.1 (in /home/tobias/.julia/juliaup/julia-1.12.5+0.x64.linux.gnu/lib/julia/sys.so)
==10==    by 0x53AEA49: jl_apply (julia.h:2391)
==10==    by 0x53AEA49: jl_f_invoke_in_world (builtins.c:900)
==10==    by 0xEAF50B5: julia_require_55193.1 (loading.jl:2362)
==10==    by 0xD84E452: jfptr_require_55194.1 (in /home/tobias/.julia/juliaup/julia-1.12.5+0.x64.linux.gnu/lib/julia/sys.so)
==10==    by 0x53DE7CB: jl_apply (julia.h:2391)
==10==    by 0x53DE7CB: call_require (toplevel.c:494)
==10==    by 0x53DE7CB: eval_import_path.constprop.0 (toplevel.c:532)
==10==    by 0x53E05B2: jl_toplevel_eval_flex (toplevel.c:830)
==10==    by 0x53E0C11: jl_toplevel_eval_flex (toplevel.c:975)
==10==    by 0x53E1515: ijl_toplevel_eval (toplevel.c:1047)
==10==    by 0x53E1B51: ijl_toplevel_eval_in (toplevel.c:1092)
==10==    by 0xEB5DBA2: julia_eval_17742.1 (boot.jl:489)
==10==    by 0x20AA1458: ???
==10==    by 0x20AA17A6: ???
==10== 
==10== 38,104 bytes in 1 blocks are definitely lost in loss record 3,151 of 3,185
==10==    at 0x4846828: malloc (in /home/tobias/.local/opt/valgrind/usr/libexec/valgrind/vgpreload_memcheck-amd64-linux.so)
==10==    by 0x5431FB9: parse_sysimg<unsigned int (&)(void*, void const*, _jl_value_t**)> (processor.cpp:769)
==10==    by 0x5431FB9: jl_init_processor_sysimg (processor_x86.cpp:1109)
==10==    by 0x53C4B22: _finish_jl_init_.isra.0 (init.c:574)
==10==    by 0x53C5E60: ijl_init_ (init.c:778)
==10==    by 0x54082A4: jl_repl_entrypoint (jlapi.c:1132)
==10==    by 0x401088: main (loader_exe.c:58)
==10== 
==10== LEAK SUMMARY:
==10==    definitely lost: 50,143 bytes in 56 blocks
==10==    indirectly lost: 0 bytes in 0 blocks
==10==      possibly lost: 134,928 bytes in 4,059 blocks
==10==    still reachable: 18,748,280 bytes in 8,865 blocks
==10==         suppressed: 0 bytes in 0 blocks
==10== Reachable blocks (those to which a pointer was found) are not shown.
==10== To see them, rerun with: --leak-check=full --show-leak-kinds=all
==10== 
==10== For lists of detected and suppressed errors, rerun with: -s
==10== ERROR SUMMARY: 17 errors from 17 contexts (suppressed: 0 from 0)
