mkdir -p lanes/q-review3/build
cc -Iinclude -std=c11 -O2 -g -Wall -Wextra -Wpedantic -Werror -MMD -MP -c src/adele.c -o lanes/q-review3/build/adele.o
cc -Iinclude -std=c11 -O2 -g -Wall -Wextra -Wpedantic -Werror -MMD -MP -c src/cap.c -o lanes/q-review3/build/cap.o
cc -Iinclude -std=c11 -O2 -g -Wall -Wextra -Wpedantic -Werror -MMD -MP -c src/catalogue.c -o lanes/q-review3/build/catalogue.o
cc -Iinclude -std=c11 -O2 -g -Wall -Wextra -Wpedantic -Werror -MMD -MP -c src/common.c -o lanes/q-review3/build/common.o
cc -Iinclude -std=c11 -O2 -g -Wall -Wextra -Wpedantic -Werror -MMD -MP -c src/dump.c -o lanes/q-review3/build/dump.o
cc -Iinclude -std=c11 -O2 -g -Wall -Wextra -Wpedantic -Werror -MMD -MP -c src/fball.c -o lanes/q-review3/build/fball.o
cc -Iinclude -std=c11 -O2 -g -Wall -Wextra -Wpedantic -Werror -MMD -MP -c src/fball_local.c -o lanes/q-review3/build/fball_local.o
cc -Iinclude -std=c11 -O2 -g -Wall -Wextra -Wpedantic -Werror -MMD -MP -c src/gfunc.c -o lanes/q-review3/build/gfunc.o
cc -Iinclude -std=c11 -O2 -g -Wall -Wextra -Wpedantic -Werror -MMD -MP -c src/gfunc_log.c -o lanes/q-review3/build/gfunc_log.o
cc -Iinclude -std=c11 -O2 -g -Wall -Wextra -Wpedantic -Werror -MMD -MP -c src/idclass.c -o lanes/q-review3/build/idclass.o
cc -Iinclude -std=c11 -O2 -g -Wall -Wextra -Wpedantic -Werror -MMD -MP -c src/idele.c -o lanes/q-review3/build/idele.o
cc -Iinclude -std=c11 -O2 -g -Wall -Wextra -Wpedantic -Werror -MMD -MP -c src/idmap.c -o lanes/q-review3/build/idmap.o
cc -Iinclude -std=c11 -O2 -g -Wall -Wextra -Wpedantic -Werror -MMD -MP -c src/idpow.c -o lanes/q-review3/build/idpow.o
cc -Iinclude -std=c11 -O2 -g -Wall -Wextra -Wpedantic -Werror -MMD -MP -c src/inlines.c -o lanes/q-review3/build/inlines.o
cc -Iinclude -std=c11 -O2 -g -Wall -Wextra -Wpedantic -Werror -MMD -MP -c src/lball.c -o lanes/q-review3/build/lball.o
cc -Iinclude -std=c11 -O2 -g -Wall -Wextra -Wpedantic -Werror -MMD -MP -c src/lball_decomp.c -o lanes/q-review3/build/lball_decomp.o
cc -Iinclude -std=c11 -O2 -g -Wall -Wextra -Wpedantic -Werror -MMD -MP -c src/lfunc.c -o lanes/q-review3/build/lfunc.o
cc -Iinclude -std=c11 -O2 -g -Wall -Wextra -Wpedantic -Werror -MMD -MP -c src/linsolve.c -o lanes/q-review3/build/linsolve.o
cc -Iinclude -std=c11 -O2 -g -Wall -Wextra -Wpedantic -Werror -MMD -MP -c src/localfactor.c -o lanes/q-review3/build/localfactor.o
cc -Iinclude -std=c11 -O2 -g -Wall -Wextra -Wpedantic -Werror -MMD -MP -c src/lpow.c -o lanes/q-review3/build/lpow.o
cc -Iinclude -std=c11 -O2 -g -Wall -Wextra -Wpedantic -Werror -MMD -MP -c src/lroot.c -o lanes/q-review3/build/lroot.o
cc -Iinclude -std=c11 -O2 -g -Wall -Wextra -Wpedantic -Werror -MMD -MP -c src/modctx.c -o lanes/q-review3/build/modctx.o
cc -Iinclude -std=c11 -O2 -g -Wall -Wextra -Wpedantic -Werror -MMD -MP -c src/place.c -o lanes/q-review3/build/place.o
cc -Iinclude -std=c11 -O2 -g -Wall -Wextra -Wpedantic -Werror -MMD -MP -c src/qclass.c -o lanes/q-review3/build/qclass.o
cc -Iinclude -std=c11 -O2 -g -Wall -Wextra -Wpedantic -Werror -MMD -MP -c src/rat.c -o lanes/q-review3/build/rat.o
cc -Iinclude -std=c11 -O2 -g -Wall -Wextra -Wpedantic -Werror -MMD -MP -c src/recon.c -o lanes/q-review3/build/recon.o
cc -Iinclude -std=c11 -O2 -g -Wall -Wextra -Wpedantic -Werror -MMD -MP -c src/resid.c -o lanes/q-review3/build/resid.o
cc -Iinclude -std=c11 -O2 -g -Wall -Wextra -Wpedantic -Werror -MMD -MP -c src/rfunc.c -o lanes/q-review3/build/rfunc.o
cc -Iinclude -std=c11 -O2 -g -Wall -Wextra -Wpedantic -Werror -MMD -MP -c src/roots.c -o lanes/q-review3/build/roots.o
cc -Iinclude -std=c11 -O2 -g -Wall -Wextra -Wpedantic -Werror -MMD -MP -c src/roots_real.c -o lanes/q-review3/build/roots_real.o
cc -Iinclude -std=c11 -O2 -g -Wall -Wextra -Wpedantic -Werror -MMD -MP -c src/sball.c -o lanes/q-review3/build/sball.o
cc -Iinclude -std=c11 -O2 -g -Wall -Wextra -Wpedantic -Werror -MMD -MP -c src/scaled.c -o lanes/q-review3/build/scaled.o
cc -Iinclude -std=c11 -O2 -g -Wall -Wextra -Wpedantic -Werror -MMD -MP -c src/status.c -o lanes/q-review3/build/status.o
cc -Iinclude -std=c11 -O2 -g -Wall -Wextra -Wpedantic -Werror -MMD -MP -c src/symbol.c -o lanes/q-review3/build/symbol.o
cc -Iinclude -std=c11 -O2 -g -Wall -Wextra -Wpedantic -Werror -MMD -MP -c src/text.c -o lanes/q-review3/build/text.o
cc -Iinclude -std=c11 -O2 -g -Wall -Wextra -Wpedantic -Werror -MMD -MP -c src/text_idele.c -o lanes/q-review3/build/text_idele.o
cc -Iinclude -std=c11 -O2 -g -Wall -Wextra -Wpedantic -Werror -MMD -MP -c src/ucoset.c -o lanes/q-review3/build/ucoset.o
ar rcs lanes/q-review3/build/libadelefeld.a lanes/q-review3/build/adele.o lanes/q-review3/build/cap.o lanes/q-review3/build/catalogue.o lanes/q-review3/build/common.o lanes/q-review3/build/dump.o lanes/q-review3/build/fball.o lanes/q-review3/build/fball_local.o lanes/q-review3/build/gfunc.o lanes/q-review3/build/gfunc_log.o lanes/q-review3/build/idclass.o lanes/q-review3/build/idele.o lanes/q-review3/build/idmap.o lanes/q-review3/build/idpow.o lanes/q-review3/build/inlines.o lanes/q-review3/build/lball.o lanes/q-review3/build/lball_decomp.o lanes/q-review3/build/lfunc.o lanes/q-review3/build/linsolve.o lanes/q-review3/build/localfactor.o lanes/q-review3/build/lpow.o lanes/q-review3/build/lroot.o lanes/q-review3/build/modctx.o lanes/q-review3/build/place.o lanes/q-review3/build/qclass.o lanes/q-review3/build/rat.o lanes/q-review3/build/recon.o lanes/q-review3/build/resid.o lanes/q-review3/build/rfunc.o lanes/q-review3/build/roots.o lanes/q-review3/build/roots_real.o lanes/q-review3/build/sball.o lanes/q-review3/build/scaled.o lanes/q-review3/build/status.o lanes/q-review3/build/symbol.o lanes/q-review3/build/text.o lanes/q-review3/build/text_idele.o lanes/q-review3/build/ucoset.o
