$ timeout 180 python3 -u tools/mutate/mutate.py --root . --scratch /tmp/adf-c-slice2-mutate-4 --files src/char.c --limit 10 --seed 310312 --jobs 1 --timeout 45 --san --make timeout 150 sh lanes/c-slice2/mutate_check.sh --copy Makefile include src tests lanes
mutate: src/char.c: 442 mutants
mutate: 442 mutants, 10 of them run (--limit 10, --seed 310312)
mutate: every mutant is built and run with SAN=1
mutate: the baseline passes (18.1 s)

SURVIVED src/char.c:280:52 call_swap: 'fmpq_sub' -> 'fmpq_add'
  the tests pass with the mutant
  --- a/src/char.c
  +++ b/src/char.c
  @@ -278,5 +278,5 @@
           char_phase(&zero, theta, G, c, a);
           for (int j = 0; j < 4; j++) {
  -            fmpq_set_ui(distance, quarters[j], 4); fmpq_sub(distance, distance, theta);
  +            fmpq_set_ui(distance, quarters[j], 4); fmpq_add(distance, distance, theta);
               fmpz_mod(fmpq_numref(distance), fmpq_numref(distance), fmpq_denref(distance));
               fmpq_one(complement); fmpq_sub(complement, complement, distance);


NOT COMPILED src/char.c:292:9 drop_assign: 'work = FLINT_MIN(p+32, ADF_REAL_PREC_MAX);' -> '' (the statement is removed)
  src/char.c:294:18: error: ‘work’ may be used uninitialized [-Werror=maybe-uninitialized]

mutate: 10 mutants in 103.8 s: 8 killed, 1 survived, 1 not compiled, 0 timed out, 0 excused
mutate: FAILED: 1 mutant(s) survived; each one is a claim the tests do not check
EXIT 1
