 00:16:53 up 5 days,  7:57,  1 user,  load average: 0,57, 0,44, 0,55
cpu 2 adds_per_ns (GHz under the 1-cycle assumption): min 3.782 median 3.785 max 3.786 checksum 6000000001
make: Entering directory '/home/tobias/Projects/adelefeld/bench'
mkdir -p asm
for s in chain_add_run chain_mul_run chain_mul2_run; do \
	objdump -d -M intel -S --disassemble=$s bench_word > asm/$s.s; \
done
cd .. && ./bench/bench_word --run
pinned to cpu 2 (requested 2)
result file: bench/results/2026-09-27T221654Z_word.txt
nmod_add_chain     latency_chain     min    0.811  median    0.812  max    0.812 ns/op
nmod_mul_chain     latency_chain     min    4.954  median    4.964  max    4.971 ns/op
n_mulmod2_preinv_chain latency_chain     min    5.956  median    5.958  max    5.960 ns/op
nmod_add_batch     independent_batch min    0.535  median    0.535  max    0.538 ns/op
nmod_mul_batch     independent_batch min    1.456  median    1.469  max    1.596 ns/op
n_mulmod2_preinv_batch independent_batch min    2.915  median    2.916  max    2.920 ns/op
checksum 2729610574065456106
make: Leaving directory '/home/tobias/Projects/adelefeld/bench'
exit 0
cpu 2 adds_per_ns (GHz under the 1-cycle assumption): min 3.783 median 3.785 max 3.785 checksum 6000000001
