mutate: src/rat.c: 56 mutants
mutate: every mutant is built and run with SAN=1
mutate: the baseline passes (39.8 s)

SURVIVED src/rat.c:233:5 drop_call: 'ADF_INV_RAT(x);' -> '' (the statement is removed)
  the tests pass with the mutant
  --- a/src/rat.c
  +++ b/src/rat.c
  @@ -231,5 +231,5 @@
   adf_rat_add(adf_rat_t z, const adf_rat_t x, const adf_rat_t y)
   {
  -    ADF_INV_RAT(x);
  +    
       ADF_INV_RAT(y);
       fmpq_add(z->q, x->q, y->q);


SURVIVED src/rat.c:243:5 drop_call: 'ADF_INV_RAT(x);' -> '' (the statement is removed)
  the tests pass with the mutant
  --- a/src/rat.c
  +++ b/src/rat.c
  @@ -241,5 +241,5 @@
   adf_rat_sub(adf_rat_t z, const adf_rat_t x, const adf_rat_t y)
   {
  -    ADF_INV_RAT(x);
  +    
       ADF_INV_RAT(y);
       fmpq_sub(z->q, x->q, y->q);


SURVIVED src/rat.c:234:5 drop_call: 'ADF_INV_RAT(y);' -> '' (the statement is removed)
  the tests pass with the mutant
  --- a/src/rat.c
  +++ b/src/rat.c
  @@ -232,5 +232,5 @@
   {
       ADF_INV_RAT(x);
  -    ADF_INV_RAT(y);
  +    
       fmpq_add(z->q, x->q, y->q);
   }


NOT COMPILED src/rat.c:121:5 drop_call: 'fmpq_one(x->q);' -> '' (the statement is removed)
  src/rat.c:119:23: error: unused parameter ‘x’ [-Werror=unused-parameter]

NOT COMPILED src/rat.c:282:5 drop_call: 'fmpq_div(z->q, x->q, y->q);' -> '' (the statement is removed)
  src/rat.c:276:23: error: unused parameter ‘z’ [-Werror=unused-parameter]

NOT COMPILED src/rat.c:133:5 drop_call: 'fmpq_set_si(x->q, n, 1);' -> '' (the statement is removed)
  src/rat.c:131:26: error: unused parameter ‘x’ [-Werror=unused-parameter]

SURVIVED src/rat.c:298:5 drop_call: 'ADF_INV_RAT(x);' -> '' (the statement is removed)
  the tests pass with the mutant
  --- a/src/rat.c
  +++ b/src/rat.c
  @@ -296,5 +296,5 @@
   adf_rat_inv(adf_rat_t y, const adf_rat_t x)
   {
  -    ADF_INV_RAT(x);
  +    
       fmpq_t one;
   


NOT COMPILED src/rat.c:158:5 drop_call: 'fmpq_set_fmpz_frac(x->q, num, den);' -> '' (the statement is removed)
  src/rat.c:154:29: error: unused parameter ‘x’ [-Werror=unused-parameter]

NOT COMPILED src/rat.c:245:5 drop_call: 'fmpq_sub(z->q, x->q, y->q);' -> '' (the statement is removed)
  src/rat.c:241:23: error: unused parameter ‘z’ [-Werror=unused-parameter]

SURVIVED src/rat.c:244:5 drop_call: 'ADF_INV_RAT(y);' -> '' (the statement is removed)
  the tests pass with the mutant
  --- a/src/rat.c
  +++ b/src/rat.c
  @@ -242,5 +242,5 @@
   {
       ADF_INV_RAT(x);
  -    ADF_INV_RAT(y);
  +    
       fmpq_sub(z->q, x->q, y->q);
   }


SURVIVED src/rat.c:221:5 drop_call: 'ADF_INV_RAT(x);' -> '' (the statement is removed)
  the tests pass with the mutant
  --- a/src/rat.c
  +++ b/src/rat.c
  @@ -219,5 +219,5 @@
   adf_rat_sgn(const adf_rat_t x)
   {
  -    ADF_INV_RAT(x);
  +    
       return fmpq_sgn(x->q);
   }


NOT COMPILED src/rat.c:255:5 drop_call: 'fmpq_mul(z->q, x->q, y->q);' -> '' (the statement is removed)
  src/rat.c:251:23: error: unused parameter ‘z’ [-Werror=unused-parameter]

SURVIVED src/rat.c:264:5 drop_call: 'ADF_INV_RAT(x);' -> '' (the statement is removed)
  the tests pass with the mutant
  --- a/src/rat.c
  +++ b/src/rat.c
  @@ -262,5 +262,5 @@
   adf_rat_neg(adf_rat_t y, const adf_rat_t x)
   {
  -    ADF_INV_RAT(x);
  +    
       fmpq_neg(y->q, x->q);
   }


NOT COMPILED src/rat.c:80:5 drop_call: 'fmpq_swap(x->q, y->q);' -> '' (the statement is removed)
  src/rat.c:76:24: error: unused parameter ‘x’ [-Werror=unused-parameter]

SURVIVED src/rat.c:210:5 drop_call: 'ADF_INV_RAT(x);' -> '' (the statement is removed)
  the tests pass with the mutant
  --- a/src/rat.c
  +++ b/src/rat.c
  @@ -208,5 +208,5 @@
   adf_rat_equal(const adf_rat_t x, const adf_rat_t y)
   {
  -    ADF_INV_RAT(x);
  +    
       ADF_INV_RAT(y);
       return fmpq_equal(x->q, y->q);


EXCUSED src/rat.c:255:5 swap_args: 'fmpq_mul(z->q, x->q, y->q)' -> 'fmpq_mul(z->q, y->q, x->q)'
  fmpq_mul(z->q, x->q, y->q) against the exchange: the product of two rationals does not depend on the order (refs/src/flint-3.0.1/fmpq.rst:400-409); aliasing between any combination of the variables is allowed (refs/src/flint-3.0.1/fmpq.rst:409), and the exchange changes none

SURVIVED src/rat.c:79:5 drop_call: 'ADF_INV_RAT(y);' -> '' (the statement is removed)
  the tests pass with the mutant
  --- a/src/rat.c
  +++ b/src/rat.c
  @@ -77,5 +77,5 @@
   {
       ADF_INV_RAT(x);
  -    ADF_INV_RAT(y);
  +    
       fmpq_swap(x->q, y->q);
   }


SURVIVED src/rat.c:100:5 drop_call: 'ADF_INV_RAT(x);' -> '' (the statement is removed)
  the tests pass with the mutant
  --- a/src/rat.c
  +++ b/src/rat.c
  @@ -98,5 +98,5 @@
   adf_rat_identical(const adf_rat_t x, const adf_rat_t y)
   {
  -    ADF_INV_RAT(x);
  +    
       ADF_INV_RAT(y);
       return fmpz_equal(fmpq_numref(x->q), fmpq_numref(y->q))


SURVIVED src/rat.c:68:5 drop_call: 'ADF_INV_RAT(x);' -> '' (the statement is removed)
  the tests pass with the mutant
  --- a/src/rat.c
  +++ b/src/rat.c
  @@ -66,5 +66,5 @@
   adf_rat_set(adf_rat_t y, const adf_rat_t x)
   {
  -    ADF_INV_RAT(x);
  +    
       fmpq_set(y->q, x->q);
   }


EXCUSED src/rat.c:235:5 swap_args: 'fmpq_add(z->q, x->q, y->q)' -> 'fmpq_add(z->q, y->q, x->q)'
  fmpq_add(z->q, x->q, y->q) against the exchange: the sum of two rationals does not depend on the order (refs/src/flint-3.0.1/fmpq.rst:400-409); aliasing between any combination of the variables is allowed (refs/src/flint-3.0.1/fmpq.rst:409), and the exchange changes none

SURVIVED src/rat.c:185:5 drop_call: 'ADF_INV_RAT(x);' -> '' (the statement is removed)
  the tests pass with the mutant
  --- a/src/rat.c
  +++ b/src/rat.c
  @@ -183,5 +183,5 @@
   adf_rat_get_fmpq(fmpq_t q, const adf_rat_t x)
   {
  -    ADF_INV_RAT(x);
  +    
       fmpq_set(q, x->q);
   }


NOT COMPILED src/rat.c:305:5 drop_call: 'fmpq_div(y->q, one, x->q);' -> '' (the statement is removed)
  src/rat.c:296:23: error: unused parameter ‘y’ [-Werror=unused-parameter]

NOT COMPILED src/rat.c:265:5 drop_call: 'fmpq_neg(y->q, x->q);' -> '' (the statement is removed)
  src/rat.c:262:23: error: unused parameter ‘y’ [-Werror=unused-parameter]

NOT COMPILED src/rat.c:142:5 drop_call: 'fmpq_set_fmpz(x->q, n);' -> '' (the statement is removed)
  src/rat.c:140:28: error: unused parameter ‘x’ [-Werror=unused-parameter]

NOT COMPILED src/rat.c:69:5 drop_call: 'fmpq_set(y->q, x->q);' -> '' (the statement is removed)
  src/rat.c:66:23: error: unused parameter ‘y’ [-Werror=unused-parameter]

SURVIVED src/rat.c:197:5 drop_call: 'ADF_INV_RAT(x);' -> '' (the statement is removed)
  the tests pass with the mutant
  --- a/src/rat.c
  +++ b/src/rat.c
  @@ -195,5 +195,5 @@
   adf_rat_is_zero(const adf_rat_t x)
   {
  -    ADF_INV_RAT(x);
  +    
       return fmpq_is_zero(x->q);
   }


SURVIVED src/rat.c:279:5 drop_call: 'ADF_INV_RAT(y);' -> '' (the statement is removed)
  the tests pass with the mutant
  --- a/src/rat.c
  +++ b/src/rat.c
  @@ -277,5 +277,5 @@
   {
       ADF_INV_RAT(x);
  -    ADF_INV_RAT(y);
  +    
       if (fmpq_is_zero(y->q))
           return ADF_NOT_UNIT;


NOT COMPILED src/rat.c:186:5 drop_call: 'fmpq_set(q, x->q);' -> '' (the statement is removed)
  src/rat.c:183:25: error: unused parameter ‘q’ [-Werror=unused-parameter]

SURVIVED src/rat.c:101:5 drop_call: 'ADF_INV_RAT(y);' -> '' (the statement is removed)
  the tests pass with the mutant
  --- a/src/rat.c
  +++ b/src/rat.c
  @@ -99,5 +99,5 @@
   {
       ADF_INV_RAT(x);
  -    ADF_INV_RAT(y);
  +    
       return fmpz_equal(fmpq_numref(x->q), fmpq_numref(y->q))
              && fmpz_equal(fmpq_denref(x->q), fmpq_denref(y->q));


NOT COMPILED src/rat.c:235:5 drop_call: 'fmpq_add(z->q, x->q, y->q);' -> '' (the statement is removed)
  src/rat.c:231:23: error: unused parameter ‘z’ [-Werror=unused-parameter]

NOT COMPILED src/rat.c:113:5 drop_call: 'fmpq_zero(x->q);' -> '' (the statement is removed)
  src/rat.c:111:24: error: unused parameter ‘x’ [-Werror=unused-parameter]

SURVIVED src/rat.c:278:5 drop_call: 'ADF_INV_RAT(x);' -> '' (the statement is removed)
  the tests pass with the mutant
  --- a/src/rat.c
  +++ b/src/rat.c
  @@ -276,5 +276,5 @@
   adf_rat_div(adf_rat_t z, const adf_rat_t x, const adf_rat_t y)
   {
  -    ADF_INV_RAT(x);
  +    
       ADF_INV_RAT(y);
       if (fmpq_is_zero(y->q))


SURVIVED src/rat.c:254:5 drop_call: 'ADF_INV_RAT(y);' -> '' (the statement is removed)
  the tests pass with the mutant
  --- a/src/rat.c
  +++ b/src/rat.c
  @@ -252,5 +252,5 @@
   {
       ADF_INV_RAT(x);
  -    ADF_INV_RAT(y);
  +    
       fmpq_mul(z->q, x->q, y->q);
   }


SURVIVED src/rat.c:78:5 drop_call: 'ADF_INV_RAT(x);' -> '' (the statement is removed)
  the tests pass with the mutant
  --- a/src/rat.c
  +++ b/src/rat.c
  @@ -76,5 +76,5 @@
   adf_rat_swap(adf_rat_t x, adf_rat_t y)
   {
  -    ADF_INV_RAT(x);
  +    
       ADF_INV_RAT(y);
       fmpq_swap(x->q, y->q);


SURVIVED src/rat.c:211:5 drop_call: 'ADF_INV_RAT(y);' -> '' (the statement is removed)
  the tests pass with the mutant
  --- a/src/rat.c
  +++ b/src/rat.c
  @@ -209,5 +209,5 @@
   {
       ADF_INV_RAT(x);
  -    ADF_INV_RAT(y);
  +    
       return fmpq_equal(x->q, y->q);
   }


SURVIVED src/rat.c:253:5 drop_call: 'ADF_INV_RAT(x);' -> '' (the statement is removed)
  the tests pass with the mutant
  --- a/src/rat.c
  +++ b/src/rat.c
  @@ -251,5 +251,5 @@
   adf_rat_mul(adf_rat_t z, const adf_rat_t x, const adf_rat_t y)
   {
  -    ADF_INV_RAT(x);
  +    
       ADF_INV_RAT(y);
       fmpq_mul(z->q, x->q, y->q);


mutate: 56 mutants in 1270.5 s: 20 killed, 20 survived, 14 not compiled, 0 timed out, 2 excused
mutate: FAILED: 20 mutant(s) survived; each one is a claim the tests do not check
