[2 mod 3]
(5 ; 5 * [1])
<1 ; [1]>
((2) + (3)*i ; 1 mod 6)
ucoset
idele
idclass
cadele
[1 mod 3]
(-5 ; 5 * [-1])
error: DOMAIN
((-2) + (-3)*i ; 5 mod 6)
[2 mod 3]
(0.19999999999999999999 +/- 1.5e-20 ; 1/5 * [1])
<1 ; [1]>
error: DOMAIN
error: DOMAIN
1
1
error: DOMAIN
error: DOMAIN
<1 ; [1]>
error: DOMAIN
error: DOMAIN
error: DOMAIN
error: DOMAIN
error: DOMAIN
error: DOMAIN
error: DOMAIN
(5 ; 5)
error: DOMAIN
error: DOMAIN
error: DOMAIN
(5 ; 5)
error: DOMAIN
error: DOMAIN
error: DOMAIN
error: DOMAIN
error: DOMAIN
error: DOMAIN
error: DOMAIN
error: DOMAIN
error: DOMAIN
error: UNSUPPORTED
error: UNSUPPORTED
error: UNSUPPORTED
error: UNSUPPORTED
adf1 Q cadele 1 1 1 0 0 3 0 0 0 g 1 6 1
error: PARSE
error: PARSE
error: PARSE
error: PARSE
error: PARSE
error: PARSE
error: PARSE
error: PARSE
error: PARSE
error: PARSE
error: PARSE
error: PARSE
error: PARSE
error: PARSE
error: PARSE
error: PARSE
error: DOMAIN
error: DOMAIN
error: DOMAIN
((3) + (3)*i ; 2 mod 6)
error: DOMAIN
error: DOMAIN
error: DOMAIN
((3) + (3)*i ; 2 mod 6)
error: DOMAIN
error: DOMAIN
error: DOMAIN
((1) + (3)*i ; 0 mod 6)
error: DOMAIN
error: DOMAIN
error: DOMAIN
((-1) + (-3)*i ; 0 mod 6)
error: DOMAIN
(5 ; 5 * [1])
error: DOMAIN
((2) + (3)*i ; 1 mod 6)
error: DOMAIN
(5 ; 5 * [1])
error: DOMAIN
((2) + (3)*i ; 1 mod 6)
error: DOMAIN
(5 ; 5 * [1])
error: DOMAIN
((2) + (3)*i ; 1 mod 6)
error: DOMAIN
error: DOMAIN
error: DOMAIN
error: DOMAIN
error: DOMAIN
error: DOMAIN
error: DOMAIN
error: DOMAIN
error: DOMAIN
error: DOMAIN
error: DOMAIN
error: DOMAIN
error: DOMAIN
error: DOMAIN
error: DOMAIN
error: DOMAIN
error: DOMAIN
error: DOMAIN
error: DOMAIN
error: DOMAIN
error: DOMAIN
error: DOMAIN
error: DOMAIN
error: DOMAIN
error: DOMAIN
error: DOMAIN
error: DOMAIN
error: DOMAIN
error: DOMAIN
error: DOMAIN
error: DOMAIN
error: DOMAIN
error: DOMAIN
error: DOMAIN
error: DOMAIN
error: DOMAIN
error: DOMAIN
error: DOMAIN
error: DOMAIN
error: UNSUPPORTED
error: DOMAIN
error: DOMAIN
error: DOMAIN
error: DOMAIN
[1 mod 3]
(25 ; 25 * [1])
<1 ; [1]>
error: DOMAIN
error: DOMAIN
error: DOMAIN
error: DOMAIN
error: DOMAIN
[1 mod 24]
(25 ; 25 * [1])
<1 ; [1]>
error: DOMAIN
error: DOMAIN
error: DOMAIN
error: DOMAIN
error: DOMAIN
error: DOMAIN
1
error: DOMAIN
error: DOMAIN
error: PARSE
error: PARSE
error: PARSE
error: PARSE
error: DOMAIN
1/5
error: DOMAIN
error: DOMAIN
error: PARSE
error: PARSE
error: PARSE
error: PARSE
error: UNSUPPORTED
error: UNSUPPORTED
error: UNSUPPORTED
error: UNSUPPORTED
error: PARSE
error: PARSE
error: PARSE
error: PARSE
error: UNSUPPORTED
error: UNSUPPORTED
error: UNSUPPORTED
error: UNSUPPORTED
error: PARSE
error: PARSE
error: PARSE
error: PARSE
error: UNSUPPORTED
error: UNSUPPORTED
error: UNSUPPORTED
error: UNSUPPORTED
error: PARSE
error: PARSE
error: PARSE
error: PARSE
error: PARSE
error: PARSE
error: PARSE
error: PARSE
error: DOMAIN
error: DOMAIN
error: DOMAIN
error: DOMAIN
error: DOMAIN
error: DOMAIN
error: DOMAIN
error: DOMAIN
error: DOMAIN
error: DOMAIN
error: DOMAIN
error: UNSUPPORTED
error: DOMAIN
error: DOMAIN
error: DOMAIN
error: DOMAIN
error: DOMAIN
error: DOMAIN
error: DOMAIN
error: DOMAIN
error: DOMAIN
error: DOMAIN
error: DOMAIN
error: DOMAIN
error: DOMAIN
error: DOMAIN
error: DOMAIN
error: DOMAIN
error: DOMAIN
error: DOMAIN
error: DOMAIN
error: DOMAIN
error: UNSUPPORTED
error: UNSUPPORTED
error: UNSUPPORTED
error: UNSUPPORTED
error: UNSUPPORTED
error: UNSUPPORTED
error: UNSUPPORTED
error: UNSUPPORTED
error: UNSUPPORTED
error: UNSUPPORTED
error: UNSUPPORTED
error: UNSUPPORTED
error: DOMAIN
error: DOMAIN
error: DOMAIN
error: DOMAIN
error: DOMAIN
error: DOMAIN
error: DOMAIN
error: DOMAIN
error: DOMAIN
error: DOMAIN
error: DOMAIN
error: DOMAIN
error: DOMAIN
error: DOMAIN
error: DOMAIN
((4) + (6)*i ; 2 mod 6)
error: DOMAIN
error: DOMAIN
error: DOMAIN
error: DOMAIN
error: DOMAIN
error: DOMAIN
error: DOMAIN
error: DOMAIN
error: DOMAIN
error: DOMAIN
error: DOMAIN
error: DOMAIN
error: DOMAIN
error: DOMAIN
error: DOMAIN
((0) + (0)*i ; 0 mod 6)
[1 mod 3]
error: DOMAIN
error: DOMAIN
error: DOMAIN
error: DOMAIN
(25 ; 25 * [1])
error: DOMAIN
error: DOMAIN
error: DOMAIN
error: DOMAIN
<1 ; [1]>
error: DOMAIN
error: DOMAIN
error: DOMAIN
error: DOMAIN
((-5) + (12)*i ; 1 mod 6)
[1 mod 3]
error: DOMAIN
error: DOMAIN
error: DOMAIN
error: DOMAIN
(0.99999999999999999995 +/- 1.7e-19 ; 1 * [1])
error: DOMAIN
error: DOMAIN
error: DOMAIN
error: DOMAIN
<1 ; [1]>
error: DOMAIN
error: DOMAIN
error: DOMAIN
error: DOMAIN
error: DOMAIN
true
error: DOMAIN
error: DOMAIN
error: DOMAIN
error: DOMAIN
error: DOMAIN
error: DOMAIN
error: DOMAIN
error: DOMAIN
error: DOMAIN
error: DOMAIN
error: DOMAIN
error: DOMAIN
error: DOMAIN
error: DOMAIN
error: DOMAIN
true
error: DOMAIN
error: DOMAIN
error: DOMAIN
error: DOMAIN
error: DOMAIN
error: DOMAIN
error: DOMAIN
error: DOMAIN
error: DOMAIN
error: DOMAIN
error: DOMAIN
error: DOMAIN
error: DOMAIN
error: DOMAIN
error: DOMAIN
true
error: DOMAIN
error: DOMAIN
error: DOMAIN
error: DOMAIN
error: DOMAIN
error: DOMAIN
error: DOMAIN
error: DOMAIN
error: DOMAIN
error: DOMAIN
error: DOMAIN
error: DOMAIN
error: DOMAIN
error: DOMAIN
error: DOMAIN
error: DOMAIN
error: DOMAIN
error: DOMAIN
error: DOMAIN
error: DOMAIN
error: DOMAIN
error: DOMAIN
error: DOMAIN
error: DOMAIN
error: DOMAIN
error: DOMAIN
error: DOMAIN
error: DOMAIN
error: DOMAIN
error: DOMAIN
error: DOMAIN
