mkdir -p lanes/f4-slice1/inv
mkdir -p lanes/f4-slice1/inv/support
cc -Iinclude -DADF_CHECK_INVARIANTS -std=c11 -O2 -g -Wall -Wextra -Wpedantic -Werror -MMD -MP -c src/adele.c -o lanes/f4-slice1/inv/adele.o
cc -Iinclude -DADF_CHECK_INVARIANTS -std=c11 -O2 -g -Wall -Wextra -Wpedantic -Werror -MMD -MP -c src/cap.c -o lanes/f4-slice1/inv/cap.o
cc -Iinclude -DADF_CHECK_INVARIANTS -std=c11 -O2 -g -Wall -Wextra -Wpedantic -Werror -MMD -MP -c src/catalogue.c -o lanes/f4-slice1/inv/catalogue.o
cc -Iinclude -DADF_CHECK_INVARIANTS -std=c11 -O2 -g -Wall -Wextra -Wpedantic -Werror -MMD -MP -c src/common.c -o lanes/f4-slice1/inv/common.o
cc -Iinclude -DADF_CHECK_INVARIANTS -std=c11 -O2 -g -Wall -Wextra -Wpedantic -Werror -MMD -MP -c src/dump.c -o lanes/f4-slice1/inv/dump.o
cc -Iinclude -DADF_CHECK_INVARIANTS -std=c11 -O2 -g -Wall -Wextra -Wpedantic -Werror -MMD -MP -c src/fball.c -o lanes/f4-slice1/inv/fball.o
cc -Iinclude -DADF_CHECK_INVARIANTS -std=c11 -O2 -g -Wall -Wextra -Wpedantic -Werror -MMD -MP -c src/fball_local.c -o lanes/f4-slice1/inv/fball_local.o
cc -Iinclude -DADF_CHECK_INVARIANTS -std=c11 -O2 -g -Wall -Wextra -Wpedantic -Werror -MMD -MP -c src/ffun.c -o lanes/f4-slice1/inv/ffun.o
cc -Iinclude -DADF_CHECK_INVARIANTS -std=c11 -O2 -g -Wall -Wextra -Wpedantic -Werror -MMD -MP -c src/gfunc.c -o lanes/f4-slice1/inv/gfunc.o
cc -Iinclude -DADF_CHECK_INVARIANTS -std=c11 -O2 -g -Wall -Wextra -Wpedantic -Werror -MMD -MP -c src/gfunc_log.c -o lanes/f4-slice1/inv/gfunc_log.o
cc -Iinclude -DADF_CHECK_INVARIANTS -std=c11 -O2 -g -Wall -Wextra -Wpedantic -Werror -MMD -MP -c src/idclass.c -o lanes/f4-slice1/inv/idclass.o
cc -Iinclude -DADF_CHECK_INVARIANTS -std=c11 -O2 -g -Wall -Wextra -Wpedantic -Werror -MMD -MP -c src/idele.c -o lanes/f4-slice1/inv/idele.o
cc -Iinclude -DADF_CHECK_INVARIANTS -std=c11 -O2 -g -Wall -Wextra -Wpedantic -Werror -MMD -MP -c src/idmap.c -o lanes/f4-slice1/inv/idmap.o
cc -Iinclude -DADF_CHECK_INVARIANTS -std=c11 -O2 -g -Wall -Wextra -Wpedantic -Werror -MMD -MP -c src/idpow.c -o lanes/f4-slice1/inv/idpow.o
cc -Iinclude -DADF_CHECK_INVARIANTS -std=c11 -O2 -g -Wall -Wextra -Wpedantic -Werror -MMD -MP -c src/inlines.c -o lanes/f4-slice1/inv/inlines.o
cc -Iinclude -DADF_CHECK_INVARIANTS -std=c11 -O2 -g -Wall -Wextra -Wpedantic -Werror -MMD -MP -c src/lball.c -o lanes/f4-slice1/inv/lball.o
cc -Iinclude -DADF_CHECK_INVARIANTS -std=c11 -O2 -g -Wall -Wextra -Wpedantic -Werror -MMD -MP -c src/lball_decomp.c -o lanes/f4-slice1/inv/lball_decomp.o
cc -Iinclude -DADF_CHECK_INVARIANTS -std=c11 -O2 -g -Wall -Wextra -Wpedantic -Werror -MMD -MP -c src/lfunc.c -o lanes/f4-slice1/inv/lfunc.o
cc -Iinclude -DADF_CHECK_INVARIANTS -std=c11 -O2 -g -Wall -Wextra -Wpedantic -Werror -MMD -MP -c src/linsolve.c -o lanes/f4-slice1/inv/linsolve.o
cc -Iinclude -DADF_CHECK_INVARIANTS -std=c11 -O2 -g -Wall -Wextra -Wpedantic -Werror -MMD -MP -c src/localfactor.c -o lanes/f4-slice1/inv/localfactor.o
cc -Iinclude -DADF_CHECK_INVARIANTS -std=c11 -O2 -g -Wall -Wextra -Wpedantic -Werror -MMD -MP -c src/lpow.c -o lanes/f4-slice1/inv/lpow.o
cc -Iinclude -DADF_CHECK_INVARIANTS -std=c11 -O2 -g -Wall -Wextra -Wpedantic -Werror -MMD -MP -c src/lroot.c -o lanes/f4-slice1/inv/lroot.o
cc -Iinclude -DADF_CHECK_INVARIANTS -std=c11 -O2 -g -Wall -Wextra -Wpedantic -Werror -MMD -MP -c src/modctx.c -o lanes/f4-slice1/inv/modctx.o
cc -Iinclude -DADF_CHECK_INVARIANTS -std=c11 -O2 -g -Wall -Wextra -Wpedantic -Werror -MMD -MP -c src/place.c -o lanes/f4-slice1/inv/place.o
cc -Iinclude -DADF_CHECK_INVARIANTS -std=c11 -O2 -g -Wall -Wextra -Wpedantic -Werror -MMD -MP -c src/psi.c -o lanes/f4-slice1/inv/psi.o
cc -Iinclude -DADF_CHECK_INVARIANTS -std=c11 -O2 -g -Wall -Wextra -Wpedantic -Werror -MMD -MP -c src/qclass.c -o lanes/f4-slice1/inv/qclass.o
cc -Iinclude -DADF_CHECK_INVARIANTS -std=c11 -O2 -g -Wall -Wextra -Wpedantic -Werror -MMD -MP -c src/qclass_arith.c -o lanes/f4-slice1/inv/qclass_arith.o
cc -Iinclude -DADF_CHECK_INVARIANTS -std=c11 -O2 -g -Wall -Wextra -Wpedantic -Werror -MMD -MP -c src/qclass_sets.c -o lanes/f4-slice1/inv/qclass_sets.o
cc -Iinclude -DADF_CHECK_INVARIANTS -std=c11 -O2 -g -Wall -Wextra -Wpedantic -Werror -MMD -MP -c src/rat.c -o lanes/f4-slice1/inv/rat.o
cc -Iinclude -DADF_CHECK_INVARIANTS -std=c11 -O2 -g -Wall -Wextra -Wpedantic -Werror -MMD -MP -c src/recon.c -o lanes/f4-slice1/inv/recon.o
cc -Iinclude -DADF_CHECK_INVARIANTS -std=c11 -O2 -g -Wall -Wextra -Wpedantic -Werror -MMD -MP -c src/resid.c -o lanes/f4-slice1/inv/resid.o
cc -Iinclude -DADF_CHECK_INVARIANTS -std=c11 -O2 -g -Wall -Wextra -Wpedantic -Werror -MMD -MP -c src/rfunc.c -o lanes/f4-slice1/inv/rfunc.o
cc -Iinclude -DADF_CHECK_INVARIANTS -std=c11 -O2 -g -Wall -Wextra -Wpedantic -Werror -MMD -MP -c src/roots.c -o lanes/f4-slice1/inv/roots.o
cc -Iinclude -DADF_CHECK_INVARIANTS -std=c11 -O2 -g -Wall -Wextra -Wpedantic -Werror -MMD -MP -c src/roots_real.c -o lanes/f4-slice1/inv/roots_real.o
cc -Iinclude -DADF_CHECK_INVARIANTS -std=c11 -O2 -g -Wall -Wextra -Wpedantic -Werror -MMD -MP -c src/sball.c -o lanes/f4-slice1/inv/sball.o
cc -Iinclude -DADF_CHECK_INVARIANTS -std=c11 -O2 -g -Wall -Wextra -Wpedantic -Werror -MMD -MP -c src/scaled.c -o lanes/f4-slice1/inv/scaled.o
cc -Iinclude -DADF_CHECK_INVARIANTS -std=c11 -O2 -g -Wall -Wextra -Wpedantic -Werror -MMD -MP -c src/status.c -o lanes/f4-slice1/inv/status.o
cc -Iinclude -DADF_CHECK_INVARIANTS -std=c11 -O2 -g -Wall -Wextra -Wpedantic -Werror -MMD -MP -c src/symbol.c -o lanes/f4-slice1/inv/symbol.o
cc -Iinclude -DADF_CHECK_INVARIANTS -std=c11 -O2 -g -Wall -Wextra -Wpedantic -Werror -MMD -MP -c src/text.c -o lanes/f4-slice1/inv/text.o
cc -Iinclude -DADF_CHECK_INVARIANTS -std=c11 -O2 -g -Wall -Wextra -Wpedantic -Werror -MMD -MP -c src/text_idele.c -o lanes/f4-slice1/inv/text_idele.o
cc -Iinclude -DADF_CHECK_INVARIANTS -std=c11 -O2 -g -Wall -Wextra -Wpedantic -Werror -MMD -MP -c src/ucoset.c -o lanes/f4-slice1/inv/ucoset.o
cc -Iinclude -DADF_CHECK_INVARIANTS -Itests -std=c11 -O2 -g -Wall -Wextra -Wpedantic -Werror -MMD -MP -c tests/support/golden.c -o lanes/f4-slice1/inv/support/golden.o
cc -Iinclude -DADF_CHECK_INVARIANTS -Itests -std=c11 -O2 -g -Wall -Wextra -Wpedantic -Werror -MMD -MP -c tests/support/jsonl.c -o lanes/f4-slice1/inv/support/jsonl.o
ar rcs lanes/f4-slice1/inv/libadelefeld.a lanes/f4-slice1/inv/adele.o lanes/f4-slice1/inv/cap.o lanes/f4-slice1/inv/catalogue.o lanes/f4-slice1/inv/common.o lanes/f4-slice1/inv/dump.o lanes/f4-slice1/inv/fball.o lanes/f4-slice1/inv/fball_local.o lanes/f4-slice1/inv/ffun.o lanes/f4-slice1/inv/gfunc.o lanes/f4-slice1/inv/gfunc_log.o lanes/f4-slice1/inv/idclass.o lanes/f4-slice1/inv/idele.o lanes/f4-slice1/inv/idmap.o lanes/f4-slice1/inv/idpow.o lanes/f4-slice1/inv/inlines.o lanes/f4-slice1/inv/lball.o lanes/f4-slice1/inv/lball_decomp.o lanes/f4-slice1/inv/lfunc.o lanes/f4-slice1/inv/linsolve.o lanes/f4-slice1/inv/localfactor.o lanes/f4-slice1/inv/lpow.o lanes/f4-slice1/inv/lroot.o lanes/f4-slice1/inv/modctx.o lanes/f4-slice1/inv/place.o lanes/f4-slice1/inv/psi.o lanes/f4-slice1/inv/qclass.o lanes/f4-slice1/inv/qclass_arith.o lanes/f4-slice1/inv/qclass_sets.o lanes/f4-slice1/inv/rat.o lanes/f4-slice1/inv/recon.o lanes/f4-slice1/inv/resid.o lanes/f4-slice1/inv/rfunc.o lanes/f4-slice1/inv/roots.o lanes/f4-slice1/inv/roots_real.o lanes/f4-slice1/inv/sball.o lanes/f4-slice1/inv/scaled.o lanes/f4-slice1/inv/status.o lanes/f4-slice1/inv/symbol.o lanes/f4-slice1/inv/text.o lanes/f4-slice1/inv/text_idele.o lanes/f4-slice1/inv/ucoset.o
cc -Iinclude -DADF_CHECK_INVARIANTS -Itests -std=c11 -O2 -g -Wall -Wextra -Wpedantic -Werror -MMD -MP  tests/test_ffun.c lanes/f4-slice1/inv/support/golden.o lanes/f4-slice1/inv/support/jsonl.o lanes/f4-slice1/inv/libadelefeld.a -lflint -lgmp -lm -pthread -o lanes/f4-slice1/inv/test_ffun
