ok   every_row_of_the_golden_file_adele
ok   every_row_of_the_golden_file_cadele
ok   every_row_of_the_golden_file_realball_read
ok   every_row_of_the_golden_file_realball_print
ok   every_random_print_of_the_reference
ok   every_random_adele_text_of_the_reference
ok   every_random_cadele_text_of_the_reference
ok   a_dyadic_ball_is_read_exactly_at_every_prec
ok   the_radius_mantissa_bound_of_2_to_the_30
ok   random_decimals_are_enclosed_at_small_prec
ok   the_extreme_exponents_of_the_default_limits
ok   the_printers_write_the_templates
ok   the_digits_argument
ok   print_then_parse_encloses_the_value
ok   parse_print_parse_encloses_the_first_value
ok   max_exp10_at_the_limit_and_one_above
ok   max_len_at_the_limit_and_one_above
ok   empty_null_nul_bytes_and_ends_of_memory
ok   the_earlier_stage_decides_the_status
ok   the_grammar_of_real_and_complex
20 tests, 84390 checks, 0 failed checks, 0 failed tests
