test_driver: f-cross: the output differs from tests/driver/f-cross.out
--- tests/driver/f-cross.out	2026-09-30 04:39:01.837296574 +0200
+++ build/driver/got.out	2026-09-30 04:39:18.244354917 +0200
@@ -1,18 +1,18 @@
-error: UNSUPPORTED
-error: UNSUPPORTED
-error: UNSUPPORTED
-error: UNSUPPORTED
-error: UNSUPPORTED
-error: UNSUPPORTED
-error: UNSUPPORTED
-error: UNSUPPORTED
-error: UNSUPPORTED
-error: UNSUPPORTED
-error: UNSUPPORTED
-error: UNSUPPORTED
-error: UNSUPPORTED
-error: UNSUPPORTED
-error: UNSUPPORTED
+5: 0
+5: 0
+5: 0
+5: 0
+5: 0
+5: 1
+5: 1
+5: 1
+5: 1
+5: 1
+error: DOMAIN
+error: DOMAIN
+error: DOMAIN
+error: DOMAIN
+error: DOMAIN
 5: 5
 5: 6 + O(5^2)
 5: 5 + O(5^2)
