Exact phases/indices; acb at 212 bits; mpmath at 60 digits, numerical margin 1e-45
finite_algebra: 1044 checks
finite_transform: 80 checks
idele_indices: 195 checks
evaluation: 605 checks
real_closure: 11 checks
real_transform: 23 checks
integral_norm: 5 checks
goldens: 39 checks
  width target 2^-30: N_left=1, N_right=8
  width target 2^-80: N_left=2, N_right=16
  width target 2^-120: N_left=2, N_right=16
  fixed coefficient interval [1,2]: theta value width >= 1.08643481121330801
poisson: 12 checks
tails: 14 checks
findings: 1 checks
precision: 8 checks
faults_41: 6 checks
faults_42: 6 checks
faults_43: 6 checks
faults_44: 6 checks
faults_45: 6 checks
TOTAL: 2067 checks
