mpmath 1.3.0 dps=60 comparison margin=1e-45
python-flint 0.8.0 FLINT 3.3.1
local_exact: 34 checks
local_numeric: 24 checks
euler_exact: 29 checks
local_poles: 18 checks
real: 16 checks
global_numeric: 19 checks
euler: 18 checks
global_flint: 16 checks
bounds: 20 checks
midpoint: 4 checks
faults_51: 6 checks
faults_52: 6 checks
faults_53: 6 checks
faults_54: 6 checks
  zeta completion at 1.125 versus 1.25: separation=3.91106832887771501839772
width_witness: 1 checks
pole_qualification: 2 checks
  certificate C=1: bits=100 N=4 R=32 degree<=184 coefficients=6208
  certificate C=4: bits=100 N=16 R=128 degree<=189 coefficients=18848
  certificate C=5: bits=100 N=16 R=128 degree<=190 coefficients=31668
  certificate C=5: bits=100 N=16 R=128 degree<=190 coefficients=31239
  certificate C=15: bits=100 N=32 R=512 degree<=192 coefficients=55692
taylor: 36 checks
halfplane_width: 6 checks
continuation: 65 checks
input_radii: 3 checks
poles: 10 checks
functional_equation: 20 checks
  raw golden (8,7) -> primitive (4,3); tau=2i, W=1
goldens: 44 checks
composite: 15 checks
  inherited analysis.check_poisson_right_and_idele: 4 assertions
poisson_dilation: 33 checks
inherited_analysis: 4 checks
independence: 5 checks
TOTAL 466 checks
