mutate: src/localfactor.c: 365 mutants
mutate: 365 mutants, 20 of them run (--limit 20, --seed 51002)
mutate: every mutant is built and run with SAN=1
mutate: the baseline passes (12.4 s)

NOT COMPILED src/localfactor.c:521:60 drop_assign: 'st = ADF_DOMAIN;' -> '' (the statement is removed)
  src/localfactor.c:521:13: error: variable 'st' is used uninitialized whenever 'if' condition is true [-Werror,-Wsometimes-uninitialized]

SURVIVED src/localfactor.c:252:5 drop_call: 'mag_mul(sum, sum, m0);' -> '' (the statement is removed)
  the tests pass with the mutant
  --- a/src/localfactor.c
  +++ b/src/localfactor.c
  @@ -250,5 +250,5 @@
       mag_mul_2exp_si(oldsum, oldsum, -1);
       /* Y16: M1 already bounds |Gamma'(z+n) - log(pi) Gamma(z+n)|. */
  -    mag_mul(sum, sum, m0);
  +    
       mag_add(sum, sum, m1);
       mag_div(sum, sum, P);


NOT COMPILED src/localfactor.c:473:5 drop_assign: 'pole = fmpz_is_zero(bottom);' -> '' (the statement is removed)
  src/localfactor.c:475:12: error: variable 'pole' is uninitialized when used here [-Werror,-Wuninitialized]

NOT COMPILED src/localfactor.c:424:5 drop_assign: 'pole = arb_contains_fmpz(acb_realref(alpha), power);' -> '' (the statement is removed)
  src/localfactor.c:426:12: error: variable 'pole' is uninitialized when used here [-Werror,-Wuninitialized]

NOT COMPILED src/localfactor.c:526:13 drop_assign: 'st = ADF_OK;' -> '' (the statement is removed)
  src/localfactor.c:523:13: error: variable 'st' is used uninitialized whenever 'if' condition is true [-Werror,-Wsometimes-uninitialized]

SURVIVED src/localfactor.c:417:55 cmp: '>' -> '>='
  the tests pass with the mutant
  --- a/src/localfactor.c
  +++ b/src/localfactor.c
  @@ -415,5 +415,5 @@
           !arf_is_int(arb_midref(acb_realref(s)))) return 0;
       if (arf_cmp_si(arb_midref(acb_realref(s)), -bound) < 0 ||
  -        arf_cmp_si(arb_midref(acb_realref(s)), bound) > 0) return 0;
  +        arf_cmp_si(arb_midref(acb_realref(s)), bound) >= 0) return 0;
       k = arf_get_si(arb_midref(acb_realref(s)), ARF_RND_NEAR);
       if (k < 0)


SURVIVED src/localfactor.c:253:5 swap_args: 'mag_add(sum, sum, m1)' -> 'mag_add(sum, m1, sum)'
  the tests pass with the mutant
  --- a/src/localfactor.c
  +++ b/src/localfactor.c
  @@ -251,5 +251,5 @@
       /* Y16: M1 already bounds |Gamma'(z+n) - log(pi) Gamma(z+n)|. */
       mag_mul(sum, sum, m0);
  -    mag_add(sum, sum, m1);
  +    mag_add(sum, m1, sum);
       mag_div(sum, sum, P);
       mag_mul_2exp_si(sum, sum, -1);


SURVIVED src/localfactor.c:344:17 swap_args: 'mag_mul(oldB, oldB, R)' -> 'mag_mul(oldB, R, oldB)'
  the tests pass with the mutant
  --- a/src/localfactor.c
  +++ b/src/localfactor.c
  @@ -342,5 +342,5 @@
                   acb_set(previous, cand);
                   acb_set(oldym, ym);
  -                mag_mul(oldB, oldB, R);
  +                mag_mul(oldB, R, oldB);
                   if (mag_is_finite(oldB))
                   {


SURVIVED src/localfactor.c:167:9 swap_args: 'acb_mul(g, g, pref, w)' -> 'acb_mul(g, pref, g, w)'
  the tests pass with the mutant
  --- a/src/localfactor.c
  +++ b/src/localfactor.c
  @@ -165,5 +165,5 @@
       if (st == ADF_OK)
       {
  -        acb_mul(g, g, pref, w);
  +        acb_mul(g, pref, g, w);
           if (acb_is_finite(g)) acb_swap(y, g);
           else st = ADF_NOT_DETERMINED;


mutate: 20 mutants in 80.5 s: 11 killed, 5 survived, 4 not compiled, 0 timed out, 0 excused
mutate: FAILED: 5 mutant(s) survived; each one is a claim the tests do not check
