==13== Memcheck, a memory error detector
==13== Copyright (C) 2002-2022, and GNU GPL'd, by Julian Seward et al.
==13== Using Valgrind-3.22.0 and LibVEX; rerun with -h for copyright info
==13== Command: lanes/t-slice1/build-plain/test_tate_local
==13== 
vectors: 394; certified samples: 1861
ok   oracle_vectors
ok   delegation_examples_and_precision
ok   raw_domains_extremes_and_double_alias
ok   odd_exact_large_poles
ok   closed_pole_boundaries_and_caps
ok   nonreal_inverse_vector
6 tests, 22747 checks, 0 failed checks, 0 failed tests
==13== 
==13== HEAP SUMMARY:
==13==     in use at exit: 0 bytes in 0 blocks
==13==   total heap usage: 638,886 allocs, 638,886 frees, 667,516,564 bytes allocated
==13== 
==13== All heap blocks were freed -- no leaks are possible
==13== 
==13== For lists of detected and suppressed errors, rerun with: -s
==13== ERROR SUMMARY: 0 errors from 0 contexts (suppressed: 0 from 0)
