==4== Memcheck, a memory error detector
==4== Copyright (C) 2002-2022, and GNU GPL'd, by Julian Seward et al.
==4== Using Valgrind-3.22.0 and LibVEX; rerun with -h for copyright info
==4== Command: lanes/t-slice1/build-plain/test_tate_local
==4== 
==4== Conditional jump or move depends on uninitialised value(s)
==4==    at 0x48524EE: bcmp (in /home/tobias/.local/opt/valgrind/usr/libexec/valgrind/vgpreload_memcheck-amd64-linux.so)
==4==    by 0x111251: adf_test_fn_closed_pole_boundaries_and_caps (test_tate_local.c:362)
==4==    by 0x10F008: main (test_runner.h:162)
==4==  Uninitialised value was created by a stack allocation
==4==    at 0x120D74: adf_local_tate_at (localfactor.c:487)
==4== 
vectors: 394; certified samples: 1861
ok   oracle_vectors
ok   delegation_examples_and_precision
ok   raw_domains_extremes_and_double_alias
ok   odd_exact_large_poles
ok   closed_pole_boundaries_and_caps
ok   nonreal_inverse_vector
6 tests, 22747 checks, 0 failed checks, 0 failed tests
==4== 
==4== HEAP SUMMARY:
==4==     in use at exit: 4,055,600 bytes in 4,089 blocks
==4==   total heap usage: 638,886 allocs, 634,797 frees, 667,516,564 bytes allocated
==4== 
==4== 16 bytes in 1 blocks are possibly lost in loss record 1 of 41
==4==    at 0x484DB80: realloc (in /home/tobias/.local/opt/valgrind/usr/libexec/valgrind/vgpreload_memcheck-amd64-linux.so)
==4==    by 0x5372928: __gmp_default_reallocate (in /usr/lib/x86_64-linux-gnu/libgmp.so.10.5.0)
==4==    by 0x5388CD6: __gmpz_realloc2 (in /usr/lib/x86_64-linux-gnu/libgmp.so.10.5.0)
==4==    by 0x49AF8FC: _fmpz_clear_mpz (in /usr/lib/x86_64-linux-gnu/libflint.so.18.0.1)
==4==    by 0x4E0C2EC: ??? (in /usr/lib/x86_64-linux-gnu/libflint.so.18.0.1)
==4==    by 0x4E0C253: ??? (in /usr/lib/x86_64-linux-gnu/libflint.so.18.0.1)
==4==    by 0x4E0C253: ??? (in /usr/lib/x86_64-linux-gnu/libflint.so.18.0.1)
==4==    by 0x4E0C253: ??? (in /usr/lib/x86_64-linux-gnu/libflint.so.18.0.1)
==4==    by 0x4E0C253: ??? (in /usr/lib/x86_64-linux-gnu/libflint.so.18.0.1)
==4==    by 0x4E0C253: ??? (in /usr/lib/x86_64-linux-gnu/libflint.so.18.0.1)
==4==    by 0x4E0C253: ??? (in /usr/lib/x86_64-linux-gnu/libflint.so.18.0.1)
==4==    by 0x4E0C4AF: arb_atan_frac_bsplit (in /usr/lib/x86_64-linux-gnu/libflint.so.18.0.1)
==4== 
==4== 16 bytes in 1 blocks are possibly lost in loss record 2 of 41
==4==    at 0x484DB80: realloc (in /home/tobias/.local/opt/valgrind/usr/libexec/valgrind/vgpreload_memcheck-amd64-linux.so)
==4==    by 0x5372928: __gmp_default_reallocate (in /usr/lib/x86_64-linux-gnu/libgmp.so.10.5.0)
==4==    by 0x5388CD6: __gmpz_realloc2 (in /usr/lib/x86_64-linux-gnu/libgmp.so.10.5.0)
==4==    by 0x49AF8FC: _fmpz_clear_mpz (in /usr/lib/x86_64-linux-gnu/libflint.so.18.0.1)
==4==    by 0x4E0C2F4: ??? (in /usr/lib/x86_64-linux-gnu/libflint.so.18.0.1)
==4==    by 0x4E0C253: ??? (in /usr/lib/x86_64-linux-gnu/libflint.so.18.0.1)
==4==    by 0x4E0C253: ??? (in /usr/lib/x86_64-linux-gnu/libflint.so.18.0.1)
==4==    by 0x4E0C253: ??? (in /usr/lib/x86_64-linux-gnu/libflint.so.18.0.1)
==4==    by 0x4E0C253: ??? (in /usr/lib/x86_64-linux-gnu/libflint.so.18.0.1)
==4==    by 0x4E0C253: ??? (in /usr/lib/x86_64-linux-gnu/libflint.so.18.0.1)
==4==    by 0x4E0C253: ??? (in /usr/lib/x86_64-linux-gnu/libflint.so.18.0.1)
==4==    by 0x4E0C4AF: arb_atan_frac_bsplit (in /usr/lib/x86_64-linux-gnu/libflint.so.18.0.1)
==4== 
==4== 16 bytes in 1 blocks are possibly lost in loss record 3 of 41
==4==    at 0x484DB80: realloc (in /home/tobias/.local/opt/valgrind/usr/libexec/valgrind/vgpreload_memcheck-amd64-linux.so)
==4==    by 0x5372928: __gmp_default_reallocate (in /usr/lib/x86_64-linux-gnu/libgmp.so.10.5.0)
==4==    by 0x5388CD6: __gmpz_realloc2 (in /usr/lib/x86_64-linux-gnu/libgmp.so.10.5.0)
==4==    by 0x49AF8FC: _fmpz_clear_mpz (in /usr/lib/x86_64-linux-gnu/libflint.so.18.0.1)
==4==    by 0x4E0C2EC: ??? (in /usr/lib/x86_64-linux-gnu/libflint.so.18.0.1)
==4==    by 0x4E0C253: ??? (in /usr/lib/x86_64-linux-gnu/libflint.so.18.0.1)
==4==    by 0x4E0C253: ??? (in /usr/lib/x86_64-linux-gnu/libflint.so.18.0.1)
==4==    by 0x4E0C253: ??? (in /usr/lib/x86_64-linux-gnu/libflint.so.18.0.1)
==4==    by 0x4E0C253: ??? (in /usr/lib/x86_64-linux-gnu/libflint.so.18.0.1)
==4==    by 0x4E0C253: ??? (in /usr/lib/x86_64-linux-gnu/libflint.so.18.0.1)
==4==    by 0x4E0C4AF: arb_atan_frac_bsplit (in /usr/lib/x86_64-linux-gnu/libflint.so.18.0.1)
==4==    by 0x4E34448: ??? (in /usr/lib/x86_64-linux-gnu/libflint.so.18.0.1)
==4== 
==4== 16 bytes in 1 blocks are possibly lost in loss record 4 of 41
==4==    at 0x484DB80: realloc (in /home/tobias/.local/opt/valgrind/usr/libexec/valgrind/vgpreload_memcheck-amd64-linux.so)
==4==    by 0x5372928: __gmp_default_reallocate (in /usr/lib/x86_64-linux-gnu/libgmp.so.10.5.0)
==4==    by 0x5388CD6: __gmpz_realloc2 (in /usr/lib/x86_64-linux-gnu/libgmp.so.10.5.0)
==4==    by 0x49AF8FC: _fmpz_clear_mpz (in /usr/lib/x86_64-linux-gnu/libflint.so.18.0.1)
==4==    by 0x4E0C2F4: ??? (in /usr/lib/x86_64-linux-gnu/libflint.so.18.0.1)
==4==    by 0x4E0C253: ??? (in /usr/lib/x86_64-linux-gnu/libflint.so.18.0.1)
==4==    by 0x4E0C253: ??? (in /usr/lib/x86_64-linux-gnu/libflint.so.18.0.1)
==4==    by 0x4E0C253: ??? (in /usr/lib/x86_64-linux-gnu/libflint.so.18.0.1)
==4==    by 0x4E0C253: ??? (in /usr/lib/x86_64-linux-gnu/libflint.so.18.0.1)
==4==    by 0x4E0C253: ??? (in /usr/lib/x86_64-linux-gnu/libflint.so.18.0.1)
==4==    by 0x4E0C4AF: arb_atan_frac_bsplit (in /usr/lib/x86_64-linux-gnu/libflint.so.18.0.1)
==4==    by 0x4E34448: ??? (in /usr/lib/x86_64-linux-gnu/libflint.so.18.0.1)
==4== 
==4== 16 bytes in 1 blocks are possibly lost in loss record 5 of 41
==4==    at 0x484DB80: realloc (in /home/tobias/.local/opt/valgrind/usr/libexec/valgrind/vgpreload_memcheck-amd64-linux.so)
==4==    by 0x5372928: __gmp_default_reallocate (in /usr/lib/x86_64-linux-gnu/libgmp.so.10.5.0)
==4==    by 0x5388CD6: __gmpz_realloc2 (in /usr/lib/x86_64-linux-gnu/libgmp.so.10.5.0)
==4==    by 0x49AF8FC: _fmpz_clear_mpz (in /usr/lib/x86_64-linux-gnu/libflint.so.18.0.1)
==4==    by 0x4E0C2EC: ??? (in /usr/lib/x86_64-linux-gnu/libflint.so.18.0.1)
==4==    by 0x4E0C253: ??? (in /usr/lib/x86_64-linux-gnu/libflint.so.18.0.1)
==4==    by 0x4E0C253: ??? (in /usr/lib/x86_64-linux-gnu/libflint.so.18.0.1)
==4==    by 0x4E0C253: ??? (in /usr/lib/x86_64-linux-gnu/libflint.so.18.0.1)
==4==    by 0x4E0C253: ??? (in /usr/lib/x86_64-linux-gnu/libflint.so.18.0.1)
==4==    by 0x4E0C4AF: arb_atan_frac_bsplit (in /usr/lib/x86_64-linux-gnu/libflint.so.18.0.1)
==4==    by 0x4E34448: ??? (in /usr/lib/x86_64-linux-gnu/libflint.so.18.0.1)
==4==    by 0x495927C: flint_parallel_do (in /usr/lib/x86_64-linux-gnu/libflint.so.18.0.1)
==4== 
==4== 16 bytes in 1 blocks are possibly lost in loss record 6 of 41
==4==    at 0x484DB80: realloc (in /home/tobias/.local/opt/valgrind/usr/libexec/valgrind/vgpreload_memcheck-amd64-linux.so)
==4==    by 0x5372928: __gmp_default_reallocate (in /usr/lib/x86_64-linux-gnu/libgmp.so.10.5.0)
==4==    by 0x5388CD6: __gmpz_realloc2 (in /usr/lib/x86_64-linux-gnu/libgmp.so.10.5.0)
==4==    by 0x49AF8FC: _fmpz_clear_mpz (in /usr/lib/x86_64-linux-gnu/libflint.so.18.0.1)
==4==    by 0x4E0C2F4: ??? (in /usr/lib/x86_64-linux-gnu/libflint.so.18.0.1)
==4==    by 0x4E0C253: ??? (in /usr/lib/x86_64-linux-gnu/libflint.so.18.0.1)
==4==    by 0x4E0C253: ??? (in /usr/lib/x86_64-linux-gnu/libflint.so.18.0.1)
==4==    by 0x4E0C253: ??? (in /usr/lib/x86_64-linux-gnu/libflint.so.18.0.1)
==4==    by 0x4E0C253: ??? (in /usr/lib/x86_64-linux-gnu/libflint.so.18.0.1)
==4==    by 0x4E0C4AF: arb_atan_frac_bsplit (in /usr/lib/x86_64-linux-gnu/libflint.so.18.0.1)
==4==    by 0x4E34448: ??? (in /usr/lib/x86_64-linux-gnu/libflint.so.18.0.1)
==4==    by 0x495927C: flint_parallel_do (in /usr/lib/x86_64-linux-gnu/libflint.so.18.0.1)
==4== 
==4== 16 bytes in 1 blocks are possibly lost in loss record 7 of 41
==4==    at 0x484DB80: realloc (in /home/tobias/.local/opt/valgrind/usr/libexec/valgrind/vgpreload_memcheck-amd64-linux.so)
==4==    by 0x5372928: __gmp_default_reallocate (in /usr/lib/x86_64-linux-gnu/libgmp.so.10.5.0)
==4==    by 0x5388CD6: __gmpz_realloc2 (in /usr/lib/x86_64-linux-gnu/libgmp.so.10.5.0)
==4==    by 0x49AF8FC: _fmpz_clear_mpz (in /usr/lib/x86_64-linux-gnu/libflint.so.18.0.1)
==4==    by 0x4E0C2C4: ??? (in /usr/lib/x86_64-linux-gnu/libflint.so.18.0.1)
==4==    by 0x4E0C253: ??? (in /usr/lib/x86_64-linux-gnu/libflint.so.18.0.1)
==4==    by 0x4E0C253: ??? (in /usr/lib/x86_64-linux-gnu/libflint.so.18.0.1)
==4==    by 0x4E0C253: ??? (in /usr/lib/x86_64-linux-gnu/libflint.so.18.0.1)
==4==    by 0x4E0C253: ??? (in /usr/lib/x86_64-linux-gnu/libflint.so.18.0.1)
==4==    by 0x4E0C4AF: arb_atan_frac_bsplit (in /usr/lib/x86_64-linux-gnu/libflint.so.18.0.1)
==4==    by 0x4E34448: ??? (in /usr/lib/x86_64-linux-gnu/libflint.so.18.0.1)
==4==    by 0x495927C: flint_parallel_do (in /usr/lib/x86_64-linux-gnu/libflint.so.18.0.1)
==4== 
==4== 16 bytes in 1 blocks are possibly lost in loss record 8 of 41
==4==    at 0x484DB80: realloc (in /home/tobias/.local/opt/valgrind/usr/libexec/valgrind/vgpreload_memcheck-amd64-linux.so)
==4==    by 0x5372928: __gmp_default_reallocate (in /usr/lib/x86_64-linux-gnu/libgmp.so.10.5.0)
==4==    by 0x5388CD6: __gmpz_realloc2 (in /usr/lib/x86_64-linux-gnu/libgmp.so.10.5.0)
==4==    by 0x49AF8FC: _fmpz_clear_mpz (in /usr/lib/x86_64-linux-gnu/libflint.so.18.0.1)
==4==    by 0x4E0C2EC: ??? (in /usr/lib/x86_64-linux-gnu/libflint.so.18.0.1)
==4==    by 0x4E0C253: ??? (in /usr/lib/x86_64-linux-gnu/libflint.so.18.0.1)
==4==    by 0x4E0C253: ??? (in /usr/lib/x86_64-linux-gnu/libflint.so.18.0.1)
==4==    by 0x4E0C253: ??? (in /usr/lib/x86_64-linux-gnu/libflint.so.18.0.1)
==4==    by 0x4E0C4AF: arb_atan_frac_bsplit (in /usr/lib/x86_64-linux-gnu/libflint.so.18.0.1)
==4==    by 0x4E34448: ??? (in /usr/lib/x86_64-linux-gnu/libflint.so.18.0.1)
==4==    by 0x495927C: flint_parallel_do (in /usr/lib/x86_64-linux-gnu/libflint.so.18.0.1)
==4==    by 0x4E3C5B8: arb_log_primes_vec_bsplit (in /usr/lib/x86_64-linux-gnu/libflint.so.18.0.1)
==4== 
==4== 16 bytes in 1 blocks are possibly lost in loss record 9 of 41
==4==    at 0x484DB80: realloc (in /home/tobias/.local/opt/valgrind/usr/libexec/valgrind/vgpreload_memcheck-amd64-linux.so)
==4==    by 0x5372928: __gmp_default_reallocate (in /usr/lib/x86_64-linux-gnu/libgmp.so.10.5.0)
==4==    by 0x5388CD6: __gmpz_realloc2 (in /usr/lib/x86_64-linux-gnu/libgmp.so.10.5.0)
==4==    by 0x49AF8FC: _fmpz_clear_mpz (in /usr/lib/x86_64-linux-gnu/libflint.so.18.0.1)
==4==    by 0x121844: fmpz_clear (fmpz.h:70)
==4==    by 0x121844: tate_exact_finite_pole (localfactor.c:425)
==4==    by 0x121844: tate_finite_factor (localfactor.c:440)
==4==    by 0x121844: adf_local_tate_at (localfactor.c:531)
==4==    by 0x10F889: call (test_tate_local.c:132)
==4==    by 0x111035: adf_test_fn_closed_pole_boundaries_and_caps (test_tate_local.c:356)
==4==    by 0x10F008: main (test_runner.h:162)
==4== 
==4== 32 bytes in 1 blocks are still reachable in loss record 10 of 41
==4==    at 0x4846828: malloc (in /home/tobias/.local/opt/valgrind/usr/libexec/valgrind/vgpreload_memcheck-amd64-linux.so)
==4==    by 0x49550D5: flint_malloc (in /usr/lib/x86_64-linux-gnu/libflint.so.18.0.1)
==4==    by 0x4DF7D20: _arf_promote (in /usr/lib/x86_64-linux-gnu/libflint.so.18.0.1)
==4==    by 0x4DF9542: _arf_set_round_mpn (in /usr/lib/x86_64-linux-gnu/libflint.so.18.0.1)
==4==    by 0x4E1B5E3: arb_const_pi (in /usr/lib/x86_64-linux-gnu/libflint.so.18.0.1)
==4==    by 0x4E1B6B9: _arb_const_sqrt_pi (in /usr/lib/x86_64-linux-gnu/libflint.so.18.0.1)
==4==    by 0x4E1B722: arb_const_sqrt_pi (in /usr/lib/x86_64-linux-gnu/libflint.so.18.0.1)
==4==    by 0x4EB0F7A: arb_hypgeom_gamma_fmpq_outward (in /usr/lib/x86_64-linux-gnu/libflint.so.18.0.1)
==4==    by 0x4EAFBE1: arb_hypgeom_gamma_exact (in /usr/lib/x86_64-linux-gnu/libflint.so.18.0.1)
==4==    by 0x4EBFCB3: arb_hypgeom_gamma (in /usr/lib/x86_64-linux-gnu/libflint.so.18.0.1)
==4==    by 0x4F37ACA: acb_hypgeom_gamma (in /usr/lib/x86_64-linux-gnu/libflint.so.18.0.1)
==4==    by 0x11E677: real_candidate (localfactor.c:141)
==4== 
==4== 32 bytes in 2 blocks are possibly lost in loss record 11 of 41
==4==    at 0x484DB80: realloc (in /home/tobias/.local/opt/valgrind/usr/libexec/valgrind/vgpreload_memcheck-amd64-linux.so)
==4==    by 0x5372928: __gmp_default_reallocate (in /usr/lib/x86_64-linux-gnu/libgmp.so.10.5.0)
==4==    by 0x5388CD6: __gmpz_realloc2 (in /usr/lib/x86_64-linux-gnu/libgmp.so.10.5.0)
==4==    by 0x49AF8FC: _fmpz_clear_mpz (in /usr/lib/x86_64-linux-gnu/libflint.so.18.0.1)
==4==    by 0x4E0C2EC: ??? (in /usr/lib/x86_64-linux-gnu/libflint.so.18.0.1)
==4==    by 0x4E0C253: ??? (in /usr/lib/x86_64-linux-gnu/libflint.so.18.0.1)
==4==    by 0x4E0C253: ??? (in /usr/lib/x86_64-linux-gnu/libflint.so.18.0.1)
==4==    by 0x4E0C253: ??? (in /usr/lib/x86_64-linux-gnu/libflint.so.18.0.1)
==4==    by 0x4E0C253: ??? (in /usr/lib/x86_64-linux-gnu/libflint.so.18.0.1)
==4==    by 0x4E0C253: ??? (in /usr/lib/x86_64-linux-gnu/libflint.so.18.0.1)
==4==    by 0x4E0C253: ??? (in /usr/lib/x86_64-linux-gnu/libflint.so.18.0.1)
==4==    by 0x4E0C253: ??? (in /usr/lib/x86_64-linux-gnu/libflint.so.18.0.1)
==4== 
==4== 32 bytes in 2 blocks are possibly lost in loss record 12 of 41
==4==    at 0x484DB80: realloc (in /home/tobias/.local/opt/valgrind/usr/libexec/valgrind/vgpreload_memcheck-amd64-linux.so)
==4==    by 0x5372928: __gmp_default_reallocate (in /usr/lib/x86_64-linux-gnu/libgmp.so.10.5.0)
==4==    by 0x5388CD6: __gmpz_realloc2 (in /usr/lib/x86_64-linux-gnu/libgmp.so.10.5.0)
==4==    by 0x49AF8FC: _fmpz_clear_mpz (in /usr/lib/x86_64-linux-gnu/libflint.so.18.0.1)
==4==    by 0x4E0C2F4: ??? (in /usr/lib/x86_64-linux-gnu/libflint.so.18.0.1)
==4==    by 0x4E0C253: ??? (in /usr/lib/x86_64-linux-gnu/libflint.so.18.0.1)
==4==    by 0x4E0C253: ??? (in /usr/lib/x86_64-linux-gnu/libflint.so.18.0.1)
==4==    by 0x4E0C253: ??? (in /usr/lib/x86_64-linux-gnu/libflint.so.18.0.1)
==4==    by 0x4E0C253: ??? (in /usr/lib/x86_64-linux-gnu/libflint.so.18.0.1)
==4==    by 0x4E0C253: ??? (in /usr/lib/x86_64-linux-gnu/libflint.so.18.0.1)
==4==    by 0x4E0C253: ??? (in /usr/lib/x86_64-linux-gnu/libflint.so.18.0.1)
==4==    by 0x4E0C253: ??? (in /usr/lib/x86_64-linux-gnu/libflint.so.18.0.1)
==4== 
==4== 56 bytes in 2 blocks are possibly lost in loss record 13 of 41
==4==    at 0x484DB80: realloc (in /home/tobias/.local/opt/valgrind/usr/libexec/valgrind/vgpreload_memcheck-amd64-linux.so)
==4==    by 0x5372928: __gmp_default_reallocate (in /usr/lib/x86_64-linux-gnu/libgmp.so.10.5.0)
==4==    by 0x5384133: __gmpz_realloc (in /usr/lib/x86_64-linux-gnu/libgmp.so.10.5.0)
==4==    by 0x5386324: __gmpz_mul_si (in /usr/lib/x86_64-linux-gnu/libgmp.so.10.5.0)
==4==    by 0x4E0C265: ??? (in /usr/lib/x86_64-linux-gnu/libflint.so.18.0.1)
==4==    by 0x4E0C253: ??? (in /usr/lib/x86_64-linux-gnu/libflint.so.18.0.1)
==4==    by 0x4E0C253: ??? (in /usr/lib/x86_64-linux-gnu/libflint.so.18.0.1)
==4==    by 0x4E0C253: ??? (in /usr/lib/x86_64-linux-gnu/libflint.so.18.0.1)
==4==    by 0x4E0C253: ??? (in /usr/lib/x86_64-linux-gnu/libflint.so.18.0.1)
==4==    by 0x4E0C253: ??? (in /usr/lib/x86_64-linux-gnu/libflint.so.18.0.1)
==4==    by 0x4E0C253: ??? (in /usr/lib/x86_64-linux-gnu/libflint.so.18.0.1)
==4==    by 0x4E0C253: ??? (in /usr/lib/x86_64-linux-gnu/libflint.so.18.0.1)
==4== 
==4== 64 bytes in 1 blocks are still reachable in loss record 14 of 41
==4==    at 0x484DB80: realloc (in /home/tobias/.local/opt/valgrind/usr/libexec/valgrind/vgpreload_memcheck-amd64-linux.so)
==4==    by 0x495656A: flint_realloc (in /usr/lib/x86_64-linux-gnu/libflint.so.18.0.1)
==4==    by 0x49565ED: flint_register_cleanup_function (in /usr/lib/x86_64-linux-gnu/libflint.so.18.0.1)
==4==    by 0x4E3CC48: _arb_log_p_ensure_cached (in /usr/lib/x86_64-linux-gnu/libflint.so.18.0.1)
==4==    by 0x4E3E1C9: arb_exp_arf_log_reduction (in /usr/lib/x86_64-linux-gnu/libflint.so.18.0.1)
==4==    by 0x4E22AB0: arb_exp_arf (in /usr/lib/x86_64-linux-gnu/libflint.so.18.0.1)
==4==    by 0x4E23A73: arb_exp (in /usr/lib/x86_64-linux-gnu/libflint.so.18.0.1)
==4==    by 0x4E58721: acb_exp (in /usr/lib/x86_64-linux-gnu/libflint.so.18.0.1)
==4==    by 0x12130E: tate_finite_factor (localfactor.c:445)
==4==    by 0x12130E: adf_local_tate_at (localfactor.c:531)
==4==    by 0x110E77: adf_test_fn_closed_pole_boundaries_and_caps (test_tate_local.c:349)
==4==    by 0x10F008: main (test_runner.h:162)
==4== 
==4== 96 bytes in 1 blocks are possibly lost in loss record 15 of 41
==4==    at 0x484DB80: realloc (in /home/tobias/.local/opt/valgrind/usr/libexec/valgrind/vgpreload_memcheck-amd64-linux.so)
==4==    by 0x5372928: __gmp_default_reallocate (in /usr/lib/x86_64-linux-gnu/libgmp.so.10.5.0)
==4==    by 0x5388CD6: __gmpz_realloc2 (in /usr/lib/x86_64-linux-gnu/libgmp.so.10.5.0)
==4==    by 0x4DF69FA: arf_get_fmpz (in /usr/lib/x86_64-linux-gnu/libflint.so.18.0.1)
==4==    by 0x4DF6CCC: arf_get_fmpz_fixed_si (in /usr/lib/x86_64-linux-gnu/libflint.so.18.0.1)
==4==    by 0x4E3DD7E: _arb_exp_arf_precomp (in /usr/lib/x86_64-linux-gnu/libflint.so.18.0.1)
==4==    by 0x4E3E226: arb_exp_arf_log_reduction (in /usr/lib/x86_64-linux-gnu/libflint.so.18.0.1)
==4==    by 0x4E22AB0: arb_exp_arf (in /usr/lib/x86_64-linux-gnu/libflint.so.18.0.1)
==4==    by 0x4E23A73: arb_exp (in /usr/lib/x86_64-linux-gnu/libflint.so.18.0.1)
==4==    by 0x4E58721: acb_exp (in /usr/lib/x86_64-linux-gnu/libflint.so.18.0.1)
==4==    by 0x12130E: tate_finite_factor (localfactor.c:445)
==4==    by 0x12130E: adf_local_tate_at (localfactor.c:531)
==4==    by 0x110E77: adf_test_fn_closed_pole_boundaries_and_caps (test_tate_local.c:349)
==4== 
==4== 96 bytes in 2 blocks are possibly lost in loss record 16 of 41
==4==    at 0x484DB80: realloc (in /home/tobias/.local/opt/valgrind/usr/libexec/valgrind/vgpreload_memcheck-amd64-linux.so)
==4==    by 0x5372928: __gmp_default_reallocate (in /usr/lib/x86_64-linux-gnu/libgmp.so.10.5.0)
==4==    by 0x5384133: __gmpz_realloc (in /usr/lib/x86_64-linux-gnu/libgmp.so.10.5.0)
==4==    by 0x49B38F0: ??? (in /usr/lib/x86_64-linux-gnu/libflint.so.18.0.1)
==4==    by 0x4E0C265: ??? (in /usr/lib/x86_64-linux-gnu/libflint.so.18.0.1)
==4==    by 0x4E0C253: ??? (in /usr/lib/x86_64-linux-gnu/libflint.so.18.0.1)
==4==    by 0x4E0C253: ??? (in /usr/lib/x86_64-linux-gnu/libflint.so.18.0.1)
==4==    by 0x4E0C253: ??? (in /usr/lib/x86_64-linux-gnu/libflint.so.18.0.1)
==4==    by 0x4E0C253: ??? (in /usr/lib/x86_64-linux-gnu/libflint.so.18.0.1)
==4==    by 0x4E0C253: ??? (in /usr/lib/x86_64-linux-gnu/libflint.so.18.0.1)
==4==    by 0x4E0C253: ??? (in /usr/lib/x86_64-linux-gnu/libflint.so.18.0.1)
==4==    by 0x4E0C253: ??? (in /usr/lib/x86_64-linux-gnu/libflint.so.18.0.1)
==4== 
==4== 104 bytes in 1 blocks are possibly lost in loss record 17 of 41
==4==    at 0x484DB80: realloc (in /home/tobias/.local/opt/valgrind/usr/libexec/valgrind/vgpreload_memcheck-amd64-linux.so)
==4==    by 0x5372928: __gmp_default_reallocate (in /usr/lib/x86_64-linux-gnu/libgmp.so.10.5.0)
==4==    by 0x5384133: __gmpz_realloc (in /usr/lib/x86_64-linux-gnu/libgmp.so.10.5.0)
==4==    by 0x537B55C: __gmpz_aorsmul_1 (in /usr/lib/x86_64-linux-gnu/libgmp.so.10.5.0)
==4==    by 0x49C1A0D: fmpz_submul_si (in /usr/lib/x86_64-linux-gnu/libflint.so.18.0.1)
==4==    by 0x4E34846: _arb_log_reduce_fixed (in /usr/lib/x86_64-linux-gnu/libflint.so.18.0.1)
==4==    by 0x4E3DDC9: _arb_exp_arf_precomp (in /usr/lib/x86_64-linux-gnu/libflint.so.18.0.1)
==4==    by 0x4E3E226: arb_exp_arf_log_reduction (in /usr/lib/x86_64-linux-gnu/libflint.so.18.0.1)
==4==    by 0x4E22AB0: arb_exp_arf (in /usr/lib/x86_64-linux-gnu/libflint.so.18.0.1)
==4==    by 0x4E23A73: arb_exp (in /usr/lib/x86_64-linux-gnu/libflint.so.18.0.1)
==4==    by 0x4E58721: acb_exp (in /usr/lib/x86_64-linux-gnu/libflint.so.18.0.1)
==4==    by 0x12130E: tate_finite_factor (localfactor.c:445)
==4==    by 0x12130E: adf_local_tate_at (localfactor.c:531)
==4== 
==4== 312 bytes in 1 blocks are possibly lost in loss record 18 of 41
==4==    at 0x484DB80: realloc (in /home/tobias/.local/opt/valgrind/usr/libexec/valgrind/vgpreload_memcheck-amd64-linux.so)
==4==    by 0x5372928: __gmp_default_reallocate (in /usr/lib/x86_64-linux-gnu/libgmp.so.10.5.0)
==4==    by 0x5384133: __gmpz_realloc (in /usr/lib/x86_64-linux-gnu/libgmp.so.10.5.0)
==4==    by 0x49B38F0: ??? (in /usr/lib/x86_64-linux-gnu/libflint.so.18.0.1)
==4==    by 0x4E0C265: ??? (in /usr/lib/x86_64-linux-gnu/libflint.so.18.0.1)
==4==    by 0x4E0C253: ??? (in /usr/lib/x86_64-linux-gnu/libflint.so.18.0.1)
==4==    by 0x4E0C253: ??? (in /usr/lib/x86_64-linux-gnu/libflint.so.18.0.1)
==4==    by 0x4E0C20F: ??? (in /usr/lib/x86_64-linux-gnu/libflint.so.18.0.1)
==4==    by 0x4E0C253: ??? (in /usr/lib/x86_64-linux-gnu/libflint.so.18.0.1)
==4==    by 0x4E0C253: ??? (in /usr/lib/x86_64-linux-gnu/libflint.so.18.0.1)
==4==    by 0x4E0C253: ??? (in /usr/lib/x86_64-linux-gnu/libflint.so.18.0.1)
==4==    by 0x4E0C253: ??? (in /usr/lib/x86_64-linux-gnu/libflint.so.18.0.1)
==4== 
==4== 320 bytes in 1 blocks are possibly lost in loss record 19 of 41
==4==    at 0x484DB80: realloc (in /home/tobias/.local/opt/valgrind/usr/libexec/valgrind/vgpreload_memcheck-amd64-linux.so)
==4==    by 0x5372928: __gmp_default_reallocate (in /usr/lib/x86_64-linux-gnu/libgmp.so.10.5.0)
==4==    by 0x5384133: __gmpz_realloc (in /usr/lib/x86_64-linux-gnu/libgmp.so.10.5.0)
==4==    by 0x49B38F0: ??? (in /usr/lib/x86_64-linux-gnu/libflint.so.18.0.1)
==4==    by 0x4E0C281: ??? (in /usr/lib/x86_64-linux-gnu/libflint.so.18.0.1)
==4==    by 0x4E0C253: ??? (in /usr/lib/x86_64-linux-gnu/libflint.so.18.0.1)
==4==    by 0x4E0C253: ??? (in /usr/lib/x86_64-linux-gnu/libflint.so.18.0.1)
==4==    by 0x4E0C253: ??? (in /usr/lib/x86_64-linux-gnu/libflint.so.18.0.1)
==4==    by 0x4E0C253: ??? (in /usr/lib/x86_64-linux-gnu/libflint.so.18.0.1)
==4==    by 0x4E0C253: ??? (in /usr/lib/x86_64-linux-gnu/libflint.so.18.0.1)
==4==    by 0x4E0C253: ??? (in /usr/lib/x86_64-linux-gnu/libflint.so.18.0.1)
==4==    by 0x4E0C20F: ??? (in /usr/lib/x86_64-linux-gnu/libflint.so.18.0.1)
==4== 
==4== 320 bytes in 1 blocks are possibly lost in loss record 20 of 41
==4==    at 0x484DB80: realloc (in /home/tobias/.local/opt/valgrind/usr/libexec/valgrind/vgpreload_memcheck-amd64-linux.so)
==4==    by 0x5372928: __gmp_default_reallocate (in /usr/lib/x86_64-linux-gnu/libgmp.so.10.5.0)
==4==    by 0x5384133: __gmpz_realloc (in /usr/lib/x86_64-linux-gnu/libgmp.so.10.5.0)
==4==    by 0x49B38F0: ??? (in /usr/lib/x86_64-linux-gnu/libflint.so.18.0.1)
==4==    by 0x4E0C281: ??? (in /usr/lib/x86_64-linux-gnu/libflint.so.18.0.1)
==4==    by 0x4E0C253: ??? (in /usr/lib/x86_64-linux-gnu/libflint.so.18.0.1)
==4==    by 0x4E0C253: ??? (in /usr/lib/x86_64-linux-gnu/libflint.so.18.0.1)
==4==    by 0x4E0C253: ??? (in /usr/lib/x86_64-linux-gnu/libflint.so.18.0.1)
==4==    by 0x4E0C20F: ??? (in /usr/lib/x86_64-linux-gnu/libflint.so.18.0.1)
==4==    by 0x4E0C253: ??? (in /usr/lib/x86_64-linux-gnu/libflint.so.18.0.1)
==4==    by 0x4E0C253: ??? (in /usr/lib/x86_64-linux-gnu/libflint.so.18.0.1)
==4==    by 0x4E0C20F: ??? (in /usr/lib/x86_64-linux-gnu/libflint.so.18.0.1)
==4== 
==4== 320 bytes in 1 blocks are possibly lost in loss record 21 of 41
==4==    at 0x484DB80: realloc (in /home/tobias/.local/opt/valgrind/usr/libexec/valgrind/vgpreload_memcheck-amd64-linux.so)
==4==    by 0x5372928: __gmp_default_reallocate (in /usr/lib/x86_64-linux-gnu/libgmp.so.10.5.0)
==4==    by 0x5384133: __gmpz_realloc (in /usr/lib/x86_64-linux-gnu/libgmp.so.10.5.0)
==4==    by 0x49B38F0: ??? (in /usr/lib/x86_64-linux-gnu/libflint.so.18.0.1)
==4==    by 0x4E0C281: ??? (in /usr/lib/x86_64-linux-gnu/libflint.so.18.0.1)
==4==    by 0x4E0C253: ??? (in /usr/lib/x86_64-linux-gnu/libflint.so.18.0.1)
==4==    by 0x4E0C20F: ??? (in /usr/lib/x86_64-linux-gnu/libflint.so.18.0.1)
==4==    by 0x4E0C253: ??? (in /usr/lib/x86_64-linux-gnu/libflint.so.18.0.1)
==4==    by 0x4E0C20F: ??? (in /usr/lib/x86_64-linux-gnu/libflint.so.18.0.1)
==4==    by 0x4E0C253: ??? (in /usr/lib/x86_64-linux-gnu/libflint.so.18.0.1)
==4==    by 0x4E0C20F: ??? (in /usr/lib/x86_64-linux-gnu/libflint.so.18.0.1)
==4==    by 0x4E0C253: ??? (in /usr/lib/x86_64-linux-gnu/libflint.so.18.0.1)
==4== 
==4== 320 bytes in 1 blocks are possibly lost in loss record 22 of 41
==4==    at 0x484DB80: realloc (in /home/tobias/.local/opt/valgrind/usr/libexec/valgrind/vgpreload_memcheck-amd64-linux.so)
==4==    by 0x5372928: __gmp_default_reallocate (in /usr/lib/x86_64-linux-gnu/libgmp.so.10.5.0)
==4==    by 0x5384133: __gmpz_realloc (in /usr/lib/x86_64-linux-gnu/libgmp.so.10.5.0)
==4==    by 0x49B38F0: ??? (in /usr/lib/x86_64-linux-gnu/libflint.so.18.0.1)
==4==    by 0x4E0C281: ??? (in /usr/lib/x86_64-linux-gnu/libflint.so.18.0.1)
==4==    by 0x4E0C253: ??? (in /usr/lib/x86_64-linux-gnu/libflint.so.18.0.1)
==4==    by 0x4E0C20F: ??? (in /usr/lib/x86_64-linux-gnu/libflint.so.18.0.1)
==4==    by 0x4E0C253: ??? (in /usr/lib/x86_64-linux-gnu/libflint.so.18.0.1)
==4==    by 0x4E0C253: ??? (in /usr/lib/x86_64-linux-gnu/libflint.so.18.0.1)
==4==    by 0x4E0C253: ??? (in /usr/lib/x86_64-linux-gnu/libflint.so.18.0.1)
==4==    by 0x4E0C253: ??? (in /usr/lib/x86_64-linux-gnu/libflint.so.18.0.1)
==4==    by 0x4E0C20F: ??? (in /usr/lib/x86_64-linux-gnu/libflint.so.18.0.1)
==4== 
==4== 320 bytes in 1 blocks are possibly lost in loss record 23 of 41
==4==    at 0x484DB80: realloc (in /home/tobias/.local/opt/valgrind/usr/libexec/valgrind/vgpreload_memcheck-amd64-linux.so)
==4==    by 0x5372928: __gmp_default_reallocate (in /usr/lib/x86_64-linux-gnu/libgmp.so.10.5.0)
==4==    by 0x5384133: __gmpz_realloc (in /usr/lib/x86_64-linux-gnu/libgmp.so.10.5.0)
==4==    by 0x49B38F0: ??? (in /usr/lib/x86_64-linux-gnu/libflint.so.18.0.1)
==4==    by 0x4E0C281: ??? (in /usr/lib/x86_64-linux-gnu/libflint.so.18.0.1)
==4==    by 0x4E0C253: ??? (in /usr/lib/x86_64-linux-gnu/libflint.so.18.0.1)
==4==    by 0x4E0C20F: ??? (in /usr/lib/x86_64-linux-gnu/libflint.so.18.0.1)
==4==    by 0x4E0C253: ??? (in /usr/lib/x86_64-linux-gnu/libflint.so.18.0.1)
==4==    by 0x4E0C253: ??? (in /usr/lib/x86_64-linux-gnu/libflint.so.18.0.1)
==4==    by 0x4E0C20F: ??? (in /usr/lib/x86_64-linux-gnu/libflint.so.18.0.1)
==4==    by 0x4E0C253: ??? (in /usr/lib/x86_64-linux-gnu/libflint.so.18.0.1)
==4==    by 0x4E0C253: ??? (in /usr/lib/x86_64-linux-gnu/libflint.so.18.0.1)
==4== 
==4== 320 bytes in 1 blocks are possibly lost in loss record 24 of 41
==4==    at 0x484DB80: realloc (in /home/tobias/.local/opt/valgrind/usr/libexec/valgrind/vgpreload_memcheck-amd64-linux.so)
==4==    by 0x5372928: __gmp_default_reallocate (in /usr/lib/x86_64-linux-gnu/libgmp.so.10.5.0)
==4==    by 0x5384133: __gmpz_realloc (in /usr/lib/x86_64-linux-gnu/libgmp.so.10.5.0)
==4==    by 0x49B38F0: ??? (in /usr/lib/x86_64-linux-gnu/libflint.so.18.0.1)
==4==    by 0x4E0C281: ??? (in /usr/lib/x86_64-linux-gnu/libflint.so.18.0.1)
==4==    by 0x4E0C253: ??? (in /usr/lib/x86_64-linux-gnu/libflint.so.18.0.1)
==4==    by 0x4E0C253: ??? (in /usr/lib/x86_64-linux-gnu/libflint.so.18.0.1)
==4==    by 0x4E0C253: ??? (in /usr/lib/x86_64-linux-gnu/libflint.so.18.0.1)
==4==    by 0x4E0C20F: ??? (in /usr/lib/x86_64-linux-gnu/libflint.so.18.0.1)
==4==    by 0x4E0C253: ??? (in /usr/lib/x86_64-linux-gnu/libflint.so.18.0.1)
==4==    by 0x4E0C253: ??? (in /usr/lib/x86_64-linux-gnu/libflint.so.18.0.1)
==4==    by 0x4E0C253: ??? (in /usr/lib/x86_64-linux-gnu/libflint.so.18.0.1)
==4== 
==4== 352 bytes in 2 blocks are possibly lost in loss record 25 of 41
==4==    at 0x484DB80: realloc (in /home/tobias/.local/opt/valgrind/usr/libexec/valgrind/vgpreload_memcheck-amd64-linux.so)
==4==    by 0x5372928: __gmp_default_reallocate (in /usr/lib/x86_64-linux-gnu/libgmp.so.10.5.0)
==4==    by 0x5384133: __gmpz_realloc (in /usr/lib/x86_64-linux-gnu/libgmp.so.10.5.0)
==4==    by 0x49B38F0: ??? (in /usr/lib/x86_64-linux-gnu/libflint.so.18.0.1)
==4==    by 0x4E0C281: ??? (in /usr/lib/x86_64-linux-gnu/libflint.so.18.0.1)
==4==    by 0x4E0C253: ??? (in /usr/lib/x86_64-linux-gnu/libflint.so.18.0.1)
==4==    by 0x4E0C253: ??? (in /usr/lib/x86_64-linux-gnu/libflint.so.18.0.1)
==4==    by 0x4E0C253: ??? (in /usr/lib/x86_64-linux-gnu/libflint.so.18.0.1)
==4==    by 0x4E0C253: ??? (in /usr/lib/x86_64-linux-gnu/libflint.so.18.0.1)
==4==    by 0x4E0C253: ??? (in /usr/lib/x86_64-linux-gnu/libflint.so.18.0.1)
==4==    by 0x4E0C253: ??? (in /usr/lib/x86_64-linux-gnu/libflint.so.18.0.1)
==4==    by 0x4E0C253: ??? (in /usr/lib/x86_64-linux-gnu/libflint.so.18.0.1)
==4== 
==4== 408 bytes in 2 blocks are possibly lost in loss record 26 of 41
==4==    at 0x484DB80: realloc (in /home/tobias/.local/opt/valgrind/usr/libexec/valgrind/vgpreload_memcheck-amd64-linux.so)
==4==    by 0x5372928: __gmp_default_reallocate (in /usr/lib/x86_64-linux-gnu/libgmp.so.10.5.0)
==4==    by 0x5384133: __gmpz_realloc (in /usr/lib/x86_64-linux-gnu/libgmp.so.10.5.0)
==4==    by 0x49B38F0: ??? (in /usr/lib/x86_64-linux-gnu/libflint.so.18.0.1)
==4==    by 0x4E0C281: ??? (in /usr/lib/x86_64-linux-gnu/libflint.so.18.0.1)
==4==    by 0x4E0C253: ??? (in /usr/lib/x86_64-linux-gnu/libflint.so.18.0.1)
==4==    by 0x4E0C20F: ??? (in /usr/lib/x86_64-linux-gnu/libflint.so.18.0.1)
==4==    by 0x4E0C253: ??? (in /usr/lib/x86_64-linux-gnu/libflint.so.18.0.1)
==4==    by 0x4E0C20F: ??? (in /usr/lib/x86_64-linux-gnu/libflint.so.18.0.1)
==4==    by 0x4E0C253: ??? (in /usr/lib/x86_64-linux-gnu/libflint.so.18.0.1)
==4==    by 0x4E0C253: ??? (in /usr/lib/x86_64-linux-gnu/libflint.so.18.0.1)
==4==    by 0x4E0C253: ??? (in /usr/lib/x86_64-linux-gnu/libflint.so.18.0.1)
==4== 
==4== 512 bytes in 1 blocks are still reachable in loss record 27 of 41
==4==    at 0x4846828: malloc (in /home/tobias/.local/opt/valgrind/usr/libexec/valgrind/vgpreload_memcheck-amd64-linux.so)
==4==    by 0x4956588: flint_realloc (in /usr/lib/x86_64-linux-gnu/libflint.so.18.0.1)
==4==    by 0x4FB26C9: bernoulli_cache_compute (in /usr/lib/x86_64-linux-gnu/libflint.so.18.0.1)
==4==    by 0x4E2BD38: arb_gamma_stirling_coeff (in /usr/lib/x86_64-linux-gnu/libflint.so.18.0.1)
==4==    by 0x4F342E4: acb_hypgeom_gamma_stirling_sum_horner (in /usr/lib/x86_64-linux-gnu/libflint.so.18.0.1)
==4==    by 0x4F366EB: acb_hypgeom_gamma_stirling_inner (in /usr/lib/x86_64-linux-gnu/libflint.so.18.0.1)
==4==    by 0x4F36B2D: acb_hypgeom_gamma_stirling (in /usr/lib/x86_64-linux-gnu/libflint.so.18.0.1)
==4==    by 0x11E677: real_candidate (localfactor.c:141)
==4==    by 0x11F68A: real_factor (localfactor.c:319)
==4==    by 0x11F68A: adf_local_zeta_factor_at (localfactor.c:396)
==4==    by 0x120F06: adf_local_tate_at (localfactor.c:529)
==4==    by 0x10FC6A: call (test_tate_local.c:132)
==4==    by 0x112D60: adf_test_fn_oracle_vectors (test_tate_local.c:179)
==4== 
==4== 640 bytes in 2 blocks are possibly lost in loss record 28 of 41
==4==    at 0x484DB80: realloc (in /home/tobias/.local/opt/valgrind/usr/libexec/valgrind/vgpreload_memcheck-amd64-linux.so)
==4==    by 0x5372928: __gmp_default_reallocate (in /usr/lib/x86_64-linux-gnu/libgmp.so.10.5.0)
==4==    by 0x5384133: __gmpz_realloc (in /usr/lib/x86_64-linux-gnu/libgmp.so.10.5.0)
==4==    by 0x49B38F0: ??? (in /usr/lib/x86_64-linux-gnu/libflint.so.18.0.1)
==4==    by 0x4E0C281: ??? (in /usr/lib/x86_64-linux-gnu/libflint.so.18.0.1)
==4==    by 0x4E0C253: ??? (in /usr/lib/x86_64-linux-gnu/libflint.so.18.0.1)
==4==    by 0x4E0C20F: ??? (in /usr/lib/x86_64-linux-gnu/libflint.so.18.0.1)
==4==    by 0x4E0C253: ??? (in /usr/lib/x86_64-linux-gnu/libflint.so.18.0.1)
==4==    by 0x4E0C253: ??? (in /usr/lib/x86_64-linux-gnu/libflint.so.18.0.1)
==4==    by 0x4E0C253: ??? (in /usr/lib/x86_64-linux-gnu/libflint.so.18.0.1)
==4==    by 0x4E0C253: ??? (in /usr/lib/x86_64-linux-gnu/libflint.so.18.0.1)
==4==    by 0x4E0C253: ??? (in /usr/lib/x86_64-linux-gnu/libflint.so.18.0.1)
==4== 
==4== 672 bytes in 2 blocks are possibly lost in loss record 29 of 41
==4==    at 0x484DB80: realloc (in /home/tobias/.local/opt/valgrind/usr/libexec/valgrind/vgpreload_memcheck-amd64-linux.so)
==4==    by 0x5372928: __gmp_default_reallocate (in /usr/lib/x86_64-linux-gnu/libgmp.so.10.5.0)
==4==    by 0x5384133: __gmpz_realloc (in /usr/lib/x86_64-linux-gnu/libgmp.so.10.5.0)
==4==    by 0x49B38F0: ??? (in /usr/lib/x86_64-linux-gnu/libflint.so.18.0.1)
==4==    by 0x4E0C2E1: ??? (in /usr/lib/x86_64-linux-gnu/libflint.so.18.0.1)
==4==    by 0x4E0C20F: ??? (in /usr/lib/x86_64-linux-gnu/libflint.so.18.0.1)
==4==    by 0x4E0C253: ??? (in /usr/lib/x86_64-linux-gnu/libflint.so.18.0.1)
==4==    by 0x4E0C253: ??? (in /usr/lib/x86_64-linux-gnu/libflint.so.18.0.1)
==4==    by 0x4E0C253: ??? (in /usr/lib/x86_64-linux-gnu/libflint.so.18.0.1)
==4==    by 0x4E0C253: ??? (in /usr/lib/x86_64-linux-gnu/libflint.so.18.0.1)
==4==    by 0x4E0C253: ??? (in /usr/lib/x86_64-linux-gnu/libflint.so.18.0.1)
==4==    by 0x4E0C253: ??? (in /usr/lib/x86_64-linux-gnu/libflint.so.18.0.1)
==4== 
==4== 1,240 bytes in 12 blocks are possibly lost in loss record 30 of 41
==4==    at 0x484DB80: realloc (in /home/tobias/.local/opt/valgrind/usr/libexec/valgrind/vgpreload_memcheck-amd64-linux.so)
==4==    by 0x5372928: __gmp_default_reallocate (in /usr/lib/x86_64-linux-gnu/libgmp.so.10.5.0)
==4==    by 0x5388CD6: __gmpz_realloc2 (in /usr/lib/x86_64-linux-gnu/libgmp.so.10.5.0)
==4==    by 0x4DF69FA: arf_get_fmpz (in /usr/lib/x86_64-linux-gnu/libflint.so.18.0.1)
==4==    by 0x4DF6CCC: arf_get_fmpz_fixed_si (in /usr/lib/x86_64-linux-gnu/libflint.so.18.0.1)
==4==    by 0x4E3DD51: _arb_exp_arf_precomp (in /usr/lib/x86_64-linux-gnu/libflint.so.18.0.1)
==4==    by 0x4E3E226: arb_exp_arf_log_reduction (in /usr/lib/x86_64-linux-gnu/libflint.so.18.0.1)
==4==    by 0x4E22AB0: arb_exp_arf (in /usr/lib/x86_64-linux-gnu/libflint.so.18.0.1)
==4==    by 0x4E23A73: arb_exp (in /usr/lib/x86_64-linux-gnu/libflint.so.18.0.1)
==4==    by 0x4E58721: acb_exp (in /usr/lib/x86_64-linux-gnu/libflint.so.18.0.1)
==4==    by 0x12130E: tate_finite_factor (localfactor.c:445)
==4==    by 0x12130E: adf_local_tate_at (localfactor.c:531)
==4==    by 0x110E77: adf_test_fn_closed_pole_boundaries_and_caps (test_tate_local.c:349)
==4== 
==4== 7,320 bytes in 1 blocks are still reachable in loss record 31 of 41
==4==    at 0x484DB80: realloc (in /home/tobias/.local/opt/valgrind/usr/libexec/valgrind/vgpreload_memcheck-amd64-linux.so)
==4==    by 0x495656A: flint_realloc (in /usr/lib/x86_64-linux-gnu/libflint.so.18.0.1)
==4==    by 0x4DED082: _arf_add_mpn (in /usr/lib/x86_64-linux-gnu/libflint.so.18.0.1)
==4==    by 0x4DEEC26: arf_addmul (in /usr/lib/x86_64-linux-gnu/libflint.so.18.0.1)
==4==    by 0x4E06862: arb_addmul_arf (in /usr/lib/x86_64-linux-gnu/libflint.so.18.0.1)
==4==    by 0x4FAA47A: ??? (in /usr/lib/x86_64-linux-gnu/libflint.so.18.0.1)
==4==    by 0x49598EF: flint_parallel_binary_splitting (in /usr/lib/x86_64-linux-gnu/libflint.so.18.0.1)
==4==    by 0x4959872: flint_parallel_binary_splitting (in /usr/lib/x86_64-linux-gnu/libflint.so.18.0.1)
==4==    by 0x4959872: flint_parallel_binary_splitting (in /usr/lib/x86_64-linux-gnu/libflint.so.18.0.1)
==4==    by 0x49598B1: flint_parallel_binary_splitting (in /usr/lib/x86_64-linux-gnu/libflint.so.18.0.1)
==4==    by 0x49598B1: flint_parallel_binary_splitting (in /usr/lib/x86_64-linux-gnu/libflint.so.18.0.1)
==4==    by 0x49598B1: flint_parallel_binary_splitting (in /usr/lib/x86_64-linux-gnu/libflint.so.18.0.1)
==4== 
==4== 7,832 bytes in 1 blocks are still reachable in loss record 32 of 41
==4==    at 0x484DB80: realloc (in /home/tobias/.local/opt/valgrind/usr/libexec/valgrind/vgpreload_memcheck-amd64-linux.so)
==4==    by 0x495656A: flint_realloc (in /usr/lib/x86_64-linux-gnu/libflint.so.18.0.1)
==4==    by 0x4DEEE8C: arf_addmul (in /usr/lib/x86_64-linux-gnu/libflint.so.18.0.1)
==4==    by 0x4E06862: arb_addmul_arf (in /usr/lib/x86_64-linux-gnu/libflint.so.18.0.1)
==4==    by 0x4FAA47A: ??? (in /usr/lib/x86_64-linux-gnu/libflint.so.18.0.1)
==4==    by 0x49598EF: flint_parallel_binary_splitting (in /usr/lib/x86_64-linux-gnu/libflint.so.18.0.1)
==4==    by 0x4959872: flint_parallel_binary_splitting (in /usr/lib/x86_64-linux-gnu/libflint.so.18.0.1)
==4==    by 0x4959872: flint_parallel_binary_splitting (in /usr/lib/x86_64-linux-gnu/libflint.so.18.0.1)
==4==    by 0x4959872: flint_parallel_binary_splitting (in /usr/lib/x86_64-linux-gnu/libflint.so.18.0.1)
==4==    by 0x4959872: flint_parallel_binary_splitting (in /usr/lib/x86_64-linux-gnu/libflint.so.18.0.1)
==4==    by 0x4959872: flint_parallel_binary_splitting (in /usr/lib/x86_64-linux-gnu/libflint.so.18.0.1)
==4==    by 0x4959872: flint_parallel_binary_splitting (in /usr/lib/x86_64-linux-gnu/libflint.so.18.0.1)
==4== 
==4== 32,768 bytes in 1 blocks are still reachable in loss record 33 of 41
==4==    at 0x484DB80: realloc (in /home/tobias/.local/opt/valgrind/usr/libexec/valgrind/vgpreload_memcheck-amd64-linux.so)
==4==    by 0x495656A: flint_realloc (in /usr/lib/x86_64-linux-gnu/libflint.so.18.0.1)
==4==    by 0x49AF141: _fmpz_new_mpz (in /usr/lib/x86_64-linux-gnu/libflint.so.18.0.1)
==4==    by 0x49AF1C0: _fmpz_promote (in /usr/lib/x86_64-linux-gnu/libflint.so.18.0.1)
==4==    by 0x49BD961: fmpz_set_ui_array (in /usr/lib/x86_64-linux-gnu/libflint.so.18.0.1)
==4==    by 0x49BFA45: ??? (in /usr/lib/x86_64-linux-gnu/libflint.so.18.0.1)
==4==    by 0x49C20B3: fmpz_set_str (in /usr/lib/x86_64-linux-gnu/libflint.so.18.0.1)
==4==    by 0x4E423D0: ??? (in /usr/lib/x86_64-linux-gnu/libflint.so.18.0.1)
==4==    by 0x4E42B5D: arb_set_str (in /usr/lib/x86_64-linux-gnu/libflint.so.18.0.1)
==4==    by 0x11316C: adf_test_fn_oracle_vectors (test_tate_local.c:190)
==4==    by 0x10F008: main (test_runner.h:162)
==4== 
==4== 32,768 bytes in 1 blocks are still reachable in loss record 34 of 41
==4==    at 0x4846828: malloc (in /home/tobias/.local/opt/valgrind/usr/libexec/valgrind/vgpreload_memcheck-amd64-linux.so)
==4==    by 0x49550D5: flint_malloc (in /usr/lib/x86_64-linux-gnu/libflint.so.18.0.1)
==4==    by 0x495EC89: n_compute_primes (in /usr/lib/x86_64-linux-gnu/libflint.so.18.0.1)
==4==    by 0x495EEF7: n_primes_arr_readonly (in /usr/lib/x86_64-linux-gnu/libflint.so.18.0.1)
==4==    by 0x4961B1A: n_factor_trial_range (in /usr/lib/x86_64-linux-gnu/libflint.so.18.0.1)
==4==    by 0x49621C3: n_factor (in /usr/lib/x86_64-linux-gnu/libflint.so.18.0.1)
==4==    by 0x4FAEC32: dirichlet_group_init (in /usr/lib/x86_64-linux-gnu/libflint.so.18.0.1)
==4==    by 0x118E61: adf_char_set_conrey_acb (char.c:73)
==4==    by 0x118E61: adf_char_set_conrey_acb (char.c:64)
==4==    by 0x11909D: adf_char_set_conrey (char.c:96)
==4==    by 0x112CC9: adf_test_fn_oracle_vectors (test_tate_local.c:175)
==4==    by 0x10F008: main (test_runner.h:162)
==4== 
==4== 32,768 bytes in 1 blocks are still reachable in loss record 35 of 41
==4==    at 0x4846828: malloc (in /home/tobias/.local/opt/valgrind/usr/libexec/valgrind/vgpreload_memcheck-amd64-linux.so)
==4==    by 0x49550D5: flint_malloc (in /usr/lib/x86_64-linux-gnu/libflint.so.18.0.1)
==4==    by 0x495ECAE: n_compute_primes (in /usr/lib/x86_64-linux-gnu/libflint.so.18.0.1)
==4==    by 0x495EEF7: n_primes_arr_readonly (in /usr/lib/x86_64-linux-gnu/libflint.so.18.0.1)
==4==    by 0x4961B1A: n_factor_trial_range (in /usr/lib/x86_64-linux-gnu/libflint.so.18.0.1)
==4==    by 0x49621C3: n_factor (in /usr/lib/x86_64-linux-gnu/libflint.so.18.0.1)
==4==    by 0x4FAEC32: dirichlet_group_init (in /usr/lib/x86_64-linux-gnu/libflint.so.18.0.1)
==4==    by 0x118E61: adf_char_set_conrey_acb (char.c:73)
==4==    by 0x118E61: adf_char_set_conrey_acb (char.c:64)
==4==    by 0x11909D: adf_char_set_conrey (char.c:96)
==4==    by 0x112CC9: adf_test_fn_oracle_vectors (test_tate_local.c:175)
==4==    by 0x10F008: main (test_runner.h:162)
==4== 
==4== 64,288 bytes in 4,018 blocks are possibly lost in loss record 36 of 41
==4==    at 0x4846828: malloc (in /home/tobias/.local/opt/valgrind/usr/libexec/valgrind/vgpreload_memcheck-amd64-linux.so)
==4==    by 0x53728D4: __gmp_default_allocate (in /usr/lib/x86_64-linux-gnu/libgmp.so.10.5.0)
==4==    by 0x53840C7: __gmpz_init2 (in /usr/lib/x86_64-linux-gnu/libgmp.so.10.5.0)
==4==    by 0x49AF0DC: _fmpz_new_mpz (in /usr/lib/x86_64-linux-gnu/libflint.so.18.0.1)
==4==    by 0x49AF1C0: _fmpz_promote (in /usr/lib/x86_64-linux-gnu/libflint.so.18.0.1)
==4==    by 0x49BD961: fmpz_set_ui_array (in /usr/lib/x86_64-linux-gnu/libflint.so.18.0.1)
==4==    by 0x49BFA45: ??? (in /usr/lib/x86_64-linux-gnu/libflint.so.18.0.1)
==4==    by 0x49C20B3: fmpz_set_str (in /usr/lib/x86_64-linux-gnu/libflint.so.18.0.1)
==4==    by 0x4E423D0: ??? (in /usr/lib/x86_64-linux-gnu/libflint.so.18.0.1)
==4==    by 0x4E42B5D: arb_set_str (in /usr/lib/x86_64-linux-gnu/libflint.so.18.0.1)
==4==    by 0x11316C: adf_test_fn_oracle_vectors (test_tate_local.c:190)
==4==    by 0x10F008: main (test_runner.h:162)
==4== 
==4== 65,536 bytes in 1 blocks are still reachable in loss record 37 of 41
==4==    at 0x4846828: malloc (in /home/tobias/.local/opt/valgrind/usr/libexec/valgrind/vgpreload_memcheck-amd64-linux.so)
==4==    by 0x49550D5: flint_malloc (in /usr/lib/x86_64-linux-gnu/libflint.so.18.0.1)
==4==    by 0x495EC89: n_compute_primes (in /usr/lib/x86_64-linux-gnu/libflint.so.18.0.1)
==4==    by 0x495EEF7: n_primes_arr_readonly (in /usr/lib/x86_64-linux-gnu/libflint.so.18.0.1)
==4==    by 0x495EF4B: n_is_oddprime_binary (in /usr/lib/x86_64-linux-gnu/libflint.so.18.0.1)
==4==    by 0x1218A7: adf_place_prime (place.c:59)
==4==    by 0x10F5B2: place (test_tate_local.c:54)
==4==    by 0x112A49: adf_test_fn_oracle_vectors (test_tate_local.c:170)
==4==    by 0x10F008: main (test_runner.h:162)
==4== 
==4== 65,536 bytes in 1 blocks are still reachable in loss record 38 of 41
==4==    at 0x4846828: malloc (in /home/tobias/.local/opt/valgrind/usr/libexec/valgrind/vgpreload_memcheck-amd64-linux.so)
==4==    by 0x49550D5: flint_malloc (in /usr/lib/x86_64-linux-gnu/libflint.so.18.0.1)
==4==    by 0x495ECAE: n_compute_primes (in /usr/lib/x86_64-linux-gnu/libflint.so.18.0.1)
==4==    by 0x495EEF7: n_primes_arr_readonly (in /usr/lib/x86_64-linux-gnu/libflint.so.18.0.1)
==4==    by 0x495EF4B: n_is_oddprime_binary (in /usr/lib/x86_64-linux-gnu/libflint.so.18.0.1)
==4==    by 0x1218A7: adf_place_prime (place.c:59)
==4==    by 0x10F5B2: place (test_tate_local.c:54)
==4==    by 0x112A49: adf_test_fn_oracle_vectors (test_tate_local.c:170)
==4==    by 0x10F008: main (test_runner.h:162)
==4== 
==4== 69,632 bytes in 1 blocks are possibly lost in loss record 39 of 41
==4==    at 0x4846828: malloc (in /home/tobias/.local/opt/valgrind/usr/libexec/valgrind/vgpreload_memcheck-amd64-linux.so)
==4==    by 0x49550D5: flint_malloc (in /usr/lib/x86_64-linux-gnu/libflint.so.18.0.1)
==4==    by 0x49AF001: _fmpz_new_mpz (in /usr/lib/x86_64-linux-gnu/libflint.so.18.0.1)
==4==    by 0x49AF1C0: _fmpz_promote (in /usr/lib/x86_64-linux-gnu/libflint.so.18.0.1)
==4==    by 0x49BD961: fmpz_set_ui_array (in /usr/lib/x86_64-linux-gnu/libflint.so.18.0.1)
==4==    by 0x49BFA45: ??? (in /usr/lib/x86_64-linux-gnu/libflint.so.18.0.1)
==4==    by 0x49C20B3: fmpz_set_str (in /usr/lib/x86_64-linux-gnu/libflint.so.18.0.1)
==4==    by 0x4E423D0: ??? (in /usr/lib/x86_64-linux-gnu/libflint.so.18.0.1)
==4==    by 0x4E42B5D: arb_set_str (in /usr/lib/x86_64-linux-gnu/libflint.so.18.0.1)
==4==    by 0x11316C: adf_test_fn_oracle_vectors (test_tate_local.c:190)
==4==    by 0x10F008: main (test_runner.h:162)
==4== 
==4== 262,152 bytes in 1 blocks are still reachable in loss record 40 of 41
==4==    at 0x484DB80: realloc (in /home/tobias/.local/opt/valgrind/usr/libexec/valgrind/vgpreload_memcheck-amd64-linux.so)
==4==    by 0x495656A: flint_realloc (in /usr/lib/x86_64-linux-gnu/libflint.so.18.0.1)
==4==    by 0x4DF958C: _arf_set_round_mpn (in /usr/lib/x86_64-linux-gnu/libflint.so.18.0.1)
==4==    by 0x4DFA882: arf_mul_rnd_down (in /usr/lib/x86_64-linux-gnu/libflint.so.18.0.1)
==4==    by 0x4E36FB8: arb_mul_arf (in /usr/lib/x86_64-linux-gnu/libflint.so.18.0.1)
==4==    by 0x4FAA468: ??? (in /usr/lib/x86_64-linux-gnu/libflint.so.18.0.1)
==4==    by 0x49598EF: flint_parallel_binary_splitting (in /usr/lib/x86_64-linux-gnu/libflint.so.18.0.1)
==4==    by 0x4959872: flint_parallel_binary_splitting (in /usr/lib/x86_64-linux-gnu/libflint.so.18.0.1)
==4==    by 0x4959872: flint_parallel_binary_splitting (in /usr/lib/x86_64-linux-gnu/libflint.so.18.0.1)
==4==    by 0x4FAF3A6: arb_hypgeom_sum (in /usr/lib/x86_64-linux-gnu/libflint.so.18.0.1)
==4==    by 0x4FB3B5A: arb_hypgeom_infsum (in /usr/lib/x86_64-linux-gnu/libflint.so.18.0.1)
==4==    by 0x4E136C5: arb_const_log2_hypgeom_eval (in /usr/lib/x86_64-linux-gnu/libflint.so.18.0.1)
==4== 
==4== 3,408,288 bytes in 13 blocks are still reachable in loss record 41 of 41
==4==    at 0x4846828: malloc (in /home/tobias/.local/opt/valgrind/usr/libexec/valgrind/vgpreload_memcheck-amd64-linux.so)
==4==    by 0x49550D5: flint_malloc (in /usr/lib/x86_64-linux-gnu/libflint.so.18.0.1)
==4==    by 0x4DF7D20: _arf_promote (in /usr/lib/x86_64-linux-gnu/libflint.so.18.0.1)
==4==    by 0x4DF9542: _arf_set_round_mpn (in /usr/lib/x86_64-linux-gnu/libflint.so.18.0.1)
==4==    by 0x4E1E547: arb_dot (in /usr/lib/x86_64-linux-gnu/libflint.so.18.0.1)
==4==    by 0x4E1F4EB: arb_dot_si (in /usr/lib/x86_64-linux-gnu/libflint.so.18.0.1)
==4==    by 0x4E3C634: arb_log_primes_vec_bsplit (in /usr/lib/x86_64-linux-gnu/libflint.so.18.0.1)
==4==    by 0x4E3CD93: _arb_log_p_ensure_cached (in /usr/lib/x86_64-linux-gnu/libflint.so.18.0.1)
==4==    by 0x4E3E1C9: arb_exp_arf_log_reduction (in /usr/lib/x86_64-linux-gnu/libflint.so.18.0.1)
==4==    by 0x4E22AB0: arb_exp_arf (in /usr/lib/x86_64-linux-gnu/libflint.so.18.0.1)
==4==    by 0x4E23A73: arb_exp (in /usr/lib/x86_64-linux-gnu/libflint.so.18.0.1)
==4==    by 0x4E58721: acb_exp (in /usr/lib/x86_64-linux-gnu/libflint.so.18.0.1)
==4== 
==4== LEAK SUMMARY:
==4==    definitely lost: 0 bytes in 0 blocks
==4==    indirectly lost: 0 bytes in 0 blocks
==4==      possibly lost: 140,024 bytes in 4,065 blocks
==4==    still reachable: 3,915,576 bytes in 24 blocks
==4==         suppressed: 0 bytes in 0 blocks
==4== 
==4== For lists of detected and suppressed errors, rerun with: -s
==4== ERROR SUMMARY: 2 errors from 1 contexts (suppressed: 0 from 0)
