mkdir -p lanes/q-slice2/clang
mkdir -p lanes/q-slice2/clang/support
clang -Iinclude -std=c11 -O2 -g -Wall -Wextra -Wpedantic -Werror -MMD -MP -c src/adele.c -o lanes/q-slice2/clang/adele.o
clang -Iinclude -std=c11 -O2 -g -Wall -Wextra -Wpedantic -Werror -MMD -MP -c src/cap.c -o lanes/q-slice2/clang/cap.o
clang -Iinclude -std=c11 -O2 -g -Wall -Wextra -Wpedantic -Werror -MMD -MP -c src/catalogue.c -o lanes/q-slice2/clang/catalogue.o
clang -Iinclude -std=c11 -O2 -g -Wall -Wextra -Wpedantic -Werror -MMD -MP -c src/common.c -o lanes/q-slice2/clang/common.o
clang -Iinclude -std=c11 -O2 -g -Wall -Wextra -Wpedantic -Werror -MMD -MP -c src/dump.c -o lanes/q-slice2/clang/dump.o
clang -Iinclude -std=c11 -O2 -g -Wall -Wextra -Wpedantic -Werror -MMD -MP -c src/fball.c -o lanes/q-slice2/clang/fball.o
clang -Iinclude -std=c11 -O2 -g -Wall -Wextra -Wpedantic -Werror -MMD -MP -c src/fball_local.c -o lanes/q-slice2/clang/fball_local.o
clang -Iinclude -std=c11 -O2 -g -Wall -Wextra -Wpedantic -Werror -MMD -MP -c src/gfunc.c -o lanes/q-slice2/clang/gfunc.o
clang -Iinclude -std=c11 -O2 -g -Wall -Wextra -Wpedantic -Werror -MMD -MP -c src/gfunc_log.c -o lanes/q-slice2/clang/gfunc_log.o
clang -Iinclude -std=c11 -O2 -g -Wall -Wextra -Wpedantic -Werror -MMD -MP -c src/idclass.c -o lanes/q-slice2/clang/idclass.o
clang -Iinclude -std=c11 -O2 -g -Wall -Wextra -Wpedantic -Werror -MMD -MP -c src/idele.c -o lanes/q-slice2/clang/idele.o
clang -Iinclude -std=c11 -O2 -g -Wall -Wextra -Wpedantic -Werror -MMD -MP -c src/idmap.c -o lanes/q-slice2/clang/idmap.o
clang -Iinclude -std=c11 -O2 -g -Wall -Wextra -Wpedantic -Werror -MMD -MP -c src/idpow.c -o lanes/q-slice2/clang/idpow.o
clang -Iinclude -std=c11 -O2 -g -Wall -Wextra -Wpedantic -Werror -MMD -MP -c src/inlines.c -o lanes/q-slice2/clang/inlines.o
clang -Iinclude -std=c11 -O2 -g -Wall -Wextra -Wpedantic -Werror -MMD -MP -c src/lball.c -o lanes/q-slice2/clang/lball.o
clang -Iinclude -std=c11 -O2 -g -Wall -Wextra -Wpedantic -Werror -MMD -MP -c src/lball_decomp.c -o lanes/q-slice2/clang/lball_decomp.o
clang -Iinclude -std=c11 -O2 -g -Wall -Wextra -Wpedantic -Werror -MMD -MP -c src/lfunc.c -o lanes/q-slice2/clang/lfunc.o
clang -Iinclude -std=c11 -O2 -g -Wall -Wextra -Wpedantic -Werror -MMD -MP -c src/linsolve.c -o lanes/q-slice2/clang/linsolve.o
clang -Iinclude -std=c11 -O2 -g -Wall -Wextra -Wpedantic -Werror -MMD -MP -c src/localfactor.c -o lanes/q-slice2/clang/localfactor.o
clang -Iinclude -std=c11 -O2 -g -Wall -Wextra -Wpedantic -Werror -MMD -MP -c src/lpow.c -o lanes/q-slice2/clang/lpow.o
clang -Iinclude -std=c11 -O2 -g -Wall -Wextra -Wpedantic -Werror -MMD -MP -c src/lroot.c -o lanes/q-slice2/clang/lroot.o
clang -Iinclude -std=c11 -O2 -g -Wall -Wextra -Wpedantic -Werror -MMD -MP -c src/modctx.c -o lanes/q-slice2/clang/modctx.o
clang -Iinclude -std=c11 -O2 -g -Wall -Wextra -Wpedantic -Werror -MMD -MP -c src/place.c -o lanes/q-slice2/clang/place.o
clang -Iinclude -std=c11 -O2 -g -Wall -Wextra -Wpedantic -Werror -MMD -MP -c src/qclass.c -o lanes/q-slice2/clang/qclass.o
clang -Iinclude -std=c11 -O2 -g -Wall -Wextra -Wpedantic -Werror -MMD -MP -c src/rat.c -o lanes/q-slice2/clang/rat.o
clang -Iinclude -std=c11 -O2 -g -Wall -Wextra -Wpedantic -Werror -MMD -MP -c src/recon.c -o lanes/q-slice2/clang/recon.o
clang -Iinclude -std=c11 -O2 -g -Wall -Wextra -Wpedantic -Werror -MMD -MP -c src/resid.c -o lanes/q-slice2/clang/resid.o
clang -Iinclude -std=c11 -O2 -g -Wall -Wextra -Wpedantic -Werror -MMD -MP -c src/rfunc.c -o lanes/q-slice2/clang/rfunc.o
clang -Iinclude -std=c11 -O2 -g -Wall -Wextra -Wpedantic -Werror -MMD -MP -c src/roots.c -o lanes/q-slice2/clang/roots.o
clang -Iinclude -std=c11 -O2 -g -Wall -Wextra -Wpedantic -Werror -MMD -MP -c src/roots_real.c -o lanes/q-slice2/clang/roots_real.o
clang -Iinclude -std=c11 -O2 -g -Wall -Wextra -Wpedantic -Werror -MMD -MP -c src/sball.c -o lanes/q-slice2/clang/sball.o
clang -Iinclude -std=c11 -O2 -g -Wall -Wextra -Wpedantic -Werror -MMD -MP -c src/scaled.c -o lanes/q-slice2/clang/scaled.o
clang -Iinclude -std=c11 -O2 -g -Wall -Wextra -Wpedantic -Werror -MMD -MP -c src/status.c -o lanes/q-slice2/clang/status.o
clang -Iinclude -std=c11 -O2 -g -Wall -Wextra -Wpedantic -Werror -MMD -MP -c src/symbol.c -o lanes/q-slice2/clang/symbol.o
clang -Iinclude -std=c11 -O2 -g -Wall -Wextra -Wpedantic -Werror -MMD -MP -c src/text.c -o lanes/q-slice2/clang/text.o
clang -Iinclude -std=c11 -O2 -g -Wall -Wextra -Wpedantic -Werror -MMD -MP -c src/text_idele.c -o lanes/q-slice2/clang/text_idele.o
clang -Iinclude -std=c11 -O2 -g -Wall -Wextra -Wpedantic -Werror -MMD -MP -c src/ucoset.c -o lanes/q-slice2/clang/ucoset.o
clang -Iinclude -Itests -std=c11 -O2 -g -Wall -Wextra -Wpedantic -Werror -MMD -MP -c tests/support/golden.c -o lanes/q-slice2/clang/support/golden.o
clang -Iinclude -Itests -std=c11 -O2 -g -Wall -Wextra -Wpedantic -Werror -MMD -MP -c tests/support/jsonl.c -o lanes/q-slice2/clang/support/jsonl.o
ar rcs lanes/q-slice2/clang/libadelefeld.a lanes/q-slice2/clang/adele.o lanes/q-slice2/clang/cap.o lanes/q-slice2/clang/catalogue.o lanes/q-slice2/clang/common.o lanes/q-slice2/clang/dump.o lanes/q-slice2/clang/fball.o lanes/q-slice2/clang/fball_local.o lanes/q-slice2/clang/gfunc.o lanes/q-slice2/clang/gfunc_log.o lanes/q-slice2/clang/idclass.o lanes/q-slice2/clang/idele.o lanes/q-slice2/clang/idmap.o lanes/q-slice2/clang/idpow.o lanes/q-slice2/clang/inlines.o lanes/q-slice2/clang/lball.o lanes/q-slice2/clang/lball_decomp.o lanes/q-slice2/clang/lfunc.o lanes/q-slice2/clang/linsolve.o lanes/q-slice2/clang/localfactor.o lanes/q-slice2/clang/lpow.o lanes/q-slice2/clang/lroot.o lanes/q-slice2/clang/modctx.o lanes/q-slice2/clang/place.o lanes/q-slice2/clang/qclass.o lanes/q-slice2/clang/rat.o lanes/q-slice2/clang/recon.o lanes/q-slice2/clang/resid.o lanes/q-slice2/clang/rfunc.o lanes/q-slice2/clang/roots.o lanes/q-slice2/clang/roots_real.o lanes/q-slice2/clang/sball.o lanes/q-slice2/clang/scaled.o lanes/q-slice2/clang/status.o lanes/q-slice2/clang/symbol.o lanes/q-slice2/clang/text.o lanes/q-slice2/clang/text_idele.o lanes/q-slice2/clang/ucoset.o
clang -Iinclude -Itests -std=c11 -O2 -g -Wall -Wextra -Wpedantic -Werror -MMD -MP  tests/test_qclass.c lanes/q-slice2/clang/support/golden.o lanes/q-slice2/clang/support/jsonl.o lanes/q-slice2/clang/libadelefeld.a -lflint -lgmp -lm -o lanes/q-slice2/clang/test_qclass
clang -Iinclude -Itests -std=c11 -O2 -g -Wall -Wextra -Wpedantic -Werror -MMD -MP  tests/test_qclass_reduce.c lanes/q-slice2/clang/support/golden.o lanes/q-slice2/clang/support/jsonl.o lanes/q-slice2/clang/libadelefeld.a -lflint -lgmp -lm -o lanes/q-slice2/clang/test_qclass_reduce
