mkdir -p lanes/q-slice2/clang-san-inv
mkdir -p lanes/q-slice2/clang-san-inv/support
clang -Iinclude -DADF_CHECK_INVARIANTS -std=c11 -O2 -g -Wall -Wextra -Wpedantic -Werror -fsanitize=address,undefined -fno-omit-frame-pointer -MMD -MP -c src/adele.c -o lanes/q-slice2/clang-san-inv/adele.o
clang -Iinclude -DADF_CHECK_INVARIANTS -std=c11 -O2 -g -Wall -Wextra -Wpedantic -Werror -fsanitize=address,undefined -fno-omit-frame-pointer -MMD -MP -c src/cap.c -o lanes/q-slice2/clang-san-inv/cap.o
clang -Iinclude -DADF_CHECK_INVARIANTS -std=c11 -O2 -g -Wall -Wextra -Wpedantic -Werror -fsanitize=address,undefined -fno-omit-frame-pointer -MMD -MP -c src/catalogue.c -o lanes/q-slice2/clang-san-inv/catalogue.o
clang -Iinclude -DADF_CHECK_INVARIANTS -std=c11 -O2 -g -Wall -Wextra -Wpedantic -Werror -fsanitize=address,undefined -fno-omit-frame-pointer -MMD -MP -c src/common.c -o lanes/q-slice2/clang-san-inv/common.o
clang -Iinclude -DADF_CHECK_INVARIANTS -std=c11 -O2 -g -Wall -Wextra -Wpedantic -Werror -fsanitize=address,undefined -fno-omit-frame-pointer -MMD -MP -c src/dump.c -o lanes/q-slice2/clang-san-inv/dump.o
clang -Iinclude -DADF_CHECK_INVARIANTS -std=c11 -O2 -g -Wall -Wextra -Wpedantic -Werror -fsanitize=address,undefined -fno-omit-frame-pointer -MMD -MP -c src/fball.c -o lanes/q-slice2/clang-san-inv/fball.o
clang -Iinclude -DADF_CHECK_INVARIANTS -std=c11 -O2 -g -Wall -Wextra -Wpedantic -Werror -fsanitize=address,undefined -fno-omit-frame-pointer -MMD -MP -c src/fball_local.c -o lanes/q-slice2/clang-san-inv/fball_local.o
clang -Iinclude -DADF_CHECK_INVARIANTS -std=c11 -O2 -g -Wall -Wextra -Wpedantic -Werror -fsanitize=address,undefined -fno-omit-frame-pointer -MMD -MP -c src/gfunc.c -o lanes/q-slice2/clang-san-inv/gfunc.o
clang -Iinclude -DADF_CHECK_INVARIANTS -std=c11 -O2 -g -Wall -Wextra -Wpedantic -Werror -fsanitize=address,undefined -fno-omit-frame-pointer -MMD -MP -c src/gfunc_log.c -o lanes/q-slice2/clang-san-inv/gfunc_log.o
clang -Iinclude -DADF_CHECK_INVARIANTS -std=c11 -O2 -g -Wall -Wextra -Wpedantic -Werror -fsanitize=address,undefined -fno-omit-frame-pointer -MMD -MP -c src/idclass.c -o lanes/q-slice2/clang-san-inv/idclass.o
clang -Iinclude -DADF_CHECK_INVARIANTS -std=c11 -O2 -g -Wall -Wextra -Wpedantic -Werror -fsanitize=address,undefined -fno-omit-frame-pointer -MMD -MP -c src/idele.c -o lanes/q-slice2/clang-san-inv/idele.o
clang -Iinclude -DADF_CHECK_INVARIANTS -std=c11 -O2 -g -Wall -Wextra -Wpedantic -Werror -fsanitize=address,undefined -fno-omit-frame-pointer -MMD -MP -c src/idmap.c -o lanes/q-slice2/clang-san-inv/idmap.o
clang -Iinclude -DADF_CHECK_INVARIANTS -std=c11 -O2 -g -Wall -Wextra -Wpedantic -Werror -fsanitize=address,undefined -fno-omit-frame-pointer -MMD -MP -c src/idpow.c -o lanes/q-slice2/clang-san-inv/idpow.o
clang -Iinclude -DADF_CHECK_INVARIANTS -std=c11 -O2 -g -Wall -Wextra -Wpedantic -Werror -fsanitize=address,undefined -fno-omit-frame-pointer -MMD -MP -c src/inlines.c -o lanes/q-slice2/clang-san-inv/inlines.o
clang -Iinclude -DADF_CHECK_INVARIANTS -std=c11 -O2 -g -Wall -Wextra -Wpedantic -Werror -fsanitize=address,undefined -fno-omit-frame-pointer -MMD -MP -c src/lball.c -o lanes/q-slice2/clang-san-inv/lball.o
clang -Iinclude -DADF_CHECK_INVARIANTS -std=c11 -O2 -g -Wall -Wextra -Wpedantic -Werror -fsanitize=address,undefined -fno-omit-frame-pointer -MMD -MP -c src/lball_decomp.c -o lanes/q-slice2/clang-san-inv/lball_decomp.o
clang -Iinclude -DADF_CHECK_INVARIANTS -std=c11 -O2 -g -Wall -Wextra -Wpedantic -Werror -fsanitize=address,undefined -fno-omit-frame-pointer -MMD -MP -c src/lfunc.c -o lanes/q-slice2/clang-san-inv/lfunc.o
clang -Iinclude -DADF_CHECK_INVARIANTS -std=c11 -O2 -g -Wall -Wextra -Wpedantic -Werror -fsanitize=address,undefined -fno-omit-frame-pointer -MMD -MP -c src/linsolve.c -o lanes/q-slice2/clang-san-inv/linsolve.o
clang -Iinclude -DADF_CHECK_INVARIANTS -std=c11 -O2 -g -Wall -Wextra -Wpedantic -Werror -fsanitize=address,undefined -fno-omit-frame-pointer -MMD -MP -c src/localfactor.c -o lanes/q-slice2/clang-san-inv/localfactor.o
clang -Iinclude -DADF_CHECK_INVARIANTS -std=c11 -O2 -g -Wall -Wextra -Wpedantic -Werror -fsanitize=address,undefined -fno-omit-frame-pointer -MMD -MP -c src/lpow.c -o lanes/q-slice2/clang-san-inv/lpow.o
clang -Iinclude -DADF_CHECK_INVARIANTS -std=c11 -O2 -g -Wall -Wextra -Wpedantic -Werror -fsanitize=address,undefined -fno-omit-frame-pointer -MMD -MP -c src/lroot.c -o lanes/q-slice2/clang-san-inv/lroot.o
clang -Iinclude -DADF_CHECK_INVARIANTS -std=c11 -O2 -g -Wall -Wextra -Wpedantic -Werror -fsanitize=address,undefined -fno-omit-frame-pointer -MMD -MP -c src/modctx.c -o lanes/q-slice2/clang-san-inv/modctx.o
clang -Iinclude -DADF_CHECK_INVARIANTS -std=c11 -O2 -g -Wall -Wextra -Wpedantic -Werror -fsanitize=address,undefined -fno-omit-frame-pointer -MMD -MP -c src/place.c -o lanes/q-slice2/clang-san-inv/place.o
clang -Iinclude -DADF_CHECK_INVARIANTS -std=c11 -O2 -g -Wall -Wextra -Wpedantic -Werror -fsanitize=address,undefined -fno-omit-frame-pointer -MMD -MP -c src/qclass.c -o lanes/q-slice2/clang-san-inv/qclass.o
clang -Iinclude -DADF_CHECK_INVARIANTS -std=c11 -O2 -g -Wall -Wextra -Wpedantic -Werror -fsanitize=address,undefined -fno-omit-frame-pointer -MMD -MP -c src/rat.c -o lanes/q-slice2/clang-san-inv/rat.o
clang -Iinclude -DADF_CHECK_INVARIANTS -std=c11 -O2 -g -Wall -Wextra -Wpedantic -Werror -fsanitize=address,undefined -fno-omit-frame-pointer -MMD -MP -c src/recon.c -o lanes/q-slice2/clang-san-inv/recon.o
clang -Iinclude -DADF_CHECK_INVARIANTS -std=c11 -O2 -g -Wall -Wextra -Wpedantic -Werror -fsanitize=address,undefined -fno-omit-frame-pointer -MMD -MP -c src/resid.c -o lanes/q-slice2/clang-san-inv/resid.o
clang -Iinclude -DADF_CHECK_INVARIANTS -std=c11 -O2 -g -Wall -Wextra -Wpedantic -Werror -fsanitize=address,undefined -fno-omit-frame-pointer -MMD -MP -c src/rfunc.c -o lanes/q-slice2/clang-san-inv/rfunc.o
clang -Iinclude -DADF_CHECK_INVARIANTS -std=c11 -O2 -g -Wall -Wextra -Wpedantic -Werror -fsanitize=address,undefined -fno-omit-frame-pointer -MMD -MP -c src/roots.c -o lanes/q-slice2/clang-san-inv/roots.o
clang -Iinclude -DADF_CHECK_INVARIANTS -std=c11 -O2 -g -Wall -Wextra -Wpedantic -Werror -fsanitize=address,undefined -fno-omit-frame-pointer -MMD -MP -c src/roots_real.c -o lanes/q-slice2/clang-san-inv/roots_real.o
clang -Iinclude -DADF_CHECK_INVARIANTS -std=c11 -O2 -g -Wall -Wextra -Wpedantic -Werror -fsanitize=address,undefined -fno-omit-frame-pointer -MMD -MP -c src/sball.c -o lanes/q-slice2/clang-san-inv/sball.o
clang -Iinclude -DADF_CHECK_INVARIANTS -std=c11 -O2 -g -Wall -Wextra -Wpedantic -Werror -fsanitize=address,undefined -fno-omit-frame-pointer -MMD -MP -c src/scaled.c -o lanes/q-slice2/clang-san-inv/scaled.o
clang -Iinclude -DADF_CHECK_INVARIANTS -std=c11 -O2 -g -Wall -Wextra -Wpedantic -Werror -fsanitize=address,undefined -fno-omit-frame-pointer -MMD -MP -c src/status.c -o lanes/q-slice2/clang-san-inv/status.o
clang -Iinclude -DADF_CHECK_INVARIANTS -std=c11 -O2 -g -Wall -Wextra -Wpedantic -Werror -fsanitize=address,undefined -fno-omit-frame-pointer -MMD -MP -c src/symbol.c -o lanes/q-slice2/clang-san-inv/symbol.o
clang -Iinclude -DADF_CHECK_INVARIANTS -std=c11 -O2 -g -Wall -Wextra -Wpedantic -Werror -fsanitize=address,undefined -fno-omit-frame-pointer -MMD -MP -c src/text.c -o lanes/q-slice2/clang-san-inv/text.o
clang -Iinclude -DADF_CHECK_INVARIANTS -std=c11 -O2 -g -Wall -Wextra -Wpedantic -Werror -fsanitize=address,undefined -fno-omit-frame-pointer -MMD -MP -c src/text_idele.c -o lanes/q-slice2/clang-san-inv/text_idele.o
clang -Iinclude -DADF_CHECK_INVARIANTS -std=c11 -O2 -g -Wall -Wextra -Wpedantic -Werror -fsanitize=address,undefined -fno-omit-frame-pointer -MMD -MP -c src/ucoset.c -o lanes/q-slice2/clang-san-inv/ucoset.o
clang -Iinclude -DADF_CHECK_INVARIANTS -Itests -std=c11 -O2 -g -Wall -Wextra -Wpedantic -Werror -fsanitize=address,undefined -fno-omit-frame-pointer -MMD -MP -c tests/support/golden.c -o lanes/q-slice2/clang-san-inv/support/golden.o
clang -Iinclude -DADF_CHECK_INVARIANTS -Itests -std=c11 -O2 -g -Wall -Wextra -Wpedantic -Werror -fsanitize=address,undefined -fno-omit-frame-pointer -MMD -MP -c tests/support/jsonl.c -o lanes/q-slice2/clang-san-inv/support/jsonl.o
ar rcs lanes/q-slice2/clang-san-inv/libadelefeld.a lanes/q-slice2/clang-san-inv/adele.o lanes/q-slice2/clang-san-inv/cap.o lanes/q-slice2/clang-san-inv/catalogue.o lanes/q-slice2/clang-san-inv/common.o lanes/q-slice2/clang-san-inv/dump.o lanes/q-slice2/clang-san-inv/fball.o lanes/q-slice2/clang-san-inv/fball_local.o lanes/q-slice2/clang-san-inv/gfunc.o lanes/q-slice2/clang-san-inv/gfunc_log.o lanes/q-slice2/clang-san-inv/idclass.o lanes/q-slice2/clang-san-inv/idele.o lanes/q-slice2/clang-san-inv/idmap.o lanes/q-slice2/clang-san-inv/idpow.o lanes/q-slice2/clang-san-inv/inlines.o lanes/q-slice2/clang-san-inv/lball.o lanes/q-slice2/clang-san-inv/lball_decomp.o lanes/q-slice2/clang-san-inv/lfunc.o lanes/q-slice2/clang-san-inv/linsolve.o lanes/q-slice2/clang-san-inv/localfactor.o lanes/q-slice2/clang-san-inv/lpow.o lanes/q-slice2/clang-san-inv/lroot.o lanes/q-slice2/clang-san-inv/modctx.o lanes/q-slice2/clang-san-inv/place.o lanes/q-slice2/clang-san-inv/qclass.o lanes/q-slice2/clang-san-inv/rat.o lanes/q-slice2/clang-san-inv/recon.o lanes/q-slice2/clang-san-inv/resid.o lanes/q-slice2/clang-san-inv/rfunc.o lanes/q-slice2/clang-san-inv/roots.o lanes/q-slice2/clang-san-inv/roots_real.o lanes/q-slice2/clang-san-inv/sball.o lanes/q-slice2/clang-san-inv/scaled.o lanes/q-slice2/clang-san-inv/status.o lanes/q-slice2/clang-san-inv/symbol.o lanes/q-slice2/clang-san-inv/text.o lanes/q-slice2/clang-san-inv/text_idele.o lanes/q-slice2/clang-san-inv/ucoset.o
clang -Iinclude -DADF_CHECK_INVARIANTS -Itests -std=c11 -O2 -g -Wall -Wextra -Wpedantic -Werror -fsanitize=address,undefined -fno-omit-frame-pointer -MMD -MP -fsanitize=address,undefined tests/test_qclass.c lanes/q-slice2/clang-san-inv/support/golden.o lanes/q-slice2/clang-san-inv/support/jsonl.o lanes/q-slice2/clang-san-inv/libadelefeld.a -lflint -lgmp -lm -pthread -o lanes/q-slice2/clang-san-inv/test_qclass
clang -Iinclude -DADF_CHECK_INVARIANTS -Itests -std=c11 -O2 -g -Wall -Wextra -Wpedantic -Werror -fsanitize=address,undefined -fno-omit-frame-pointer -MMD -MP -fsanitize=address,undefined tests/test_qclass_reduce.c lanes/q-slice2/clang-san-inv/support/golden.o lanes/q-slice2/clang-san-inv/support/jsonl.o lanes/q-slice2/clang-san-inv/libadelefeld.a -lflint -lgmp -lm -pthread -o lanes/q-slice2/clang-san-inv/test_qclass_reduce
