mkdir -p lanes/q-slice2/san
mkdir -p lanes/q-slice2/san/support
cc -Iinclude -std=c11 -O2 -g -Wall -Wextra -Wpedantic -Werror -fsanitize=address,undefined -fno-omit-frame-pointer -MMD -MP -c src/adele.c -o lanes/q-slice2/san/adele.o
cc -Iinclude -std=c11 -O2 -g -Wall -Wextra -Wpedantic -Werror -fsanitize=address,undefined -fno-omit-frame-pointer -MMD -MP -c src/cap.c -o lanes/q-slice2/san/cap.o
cc -Iinclude -std=c11 -O2 -g -Wall -Wextra -Wpedantic -Werror -fsanitize=address,undefined -fno-omit-frame-pointer -MMD -MP -c src/catalogue.c -o lanes/q-slice2/san/catalogue.o
cc -Iinclude -std=c11 -O2 -g -Wall -Wextra -Wpedantic -Werror -fsanitize=address,undefined -fno-omit-frame-pointer -MMD -MP -c src/common.c -o lanes/q-slice2/san/common.o
cc -Iinclude -std=c11 -O2 -g -Wall -Wextra -Wpedantic -Werror -fsanitize=address,undefined -fno-omit-frame-pointer -MMD -MP -c src/dump.c -o lanes/q-slice2/san/dump.o
cc -Iinclude -std=c11 -O2 -g -Wall -Wextra -Wpedantic -Werror -fsanitize=address,undefined -fno-omit-frame-pointer -MMD -MP -c src/fball.c -o lanes/q-slice2/san/fball.o
cc -Iinclude -std=c11 -O2 -g -Wall -Wextra -Wpedantic -Werror -fsanitize=address,undefined -fno-omit-frame-pointer -MMD -MP -c src/fball_local.c -o lanes/q-slice2/san/fball_local.o
cc -Iinclude -std=c11 -O2 -g -Wall -Wextra -Wpedantic -Werror -fsanitize=address,undefined -fno-omit-frame-pointer -MMD -MP -c src/gfunc.c -o lanes/q-slice2/san/gfunc.o
cc -Iinclude -std=c11 -O2 -g -Wall -Wextra -Wpedantic -Werror -fsanitize=address,undefined -fno-omit-frame-pointer -MMD -MP -c src/gfunc_log.c -o lanes/q-slice2/san/gfunc_log.o
cc -Iinclude -std=c11 -O2 -g -Wall -Wextra -Wpedantic -Werror -fsanitize=address,undefined -fno-omit-frame-pointer -MMD -MP -c src/idclass.c -o lanes/q-slice2/san/idclass.o
cc -Iinclude -std=c11 -O2 -g -Wall -Wextra -Wpedantic -Werror -fsanitize=address,undefined -fno-omit-frame-pointer -MMD -MP -c src/idele.c -o lanes/q-slice2/san/idele.o
cc -Iinclude -std=c11 -O2 -g -Wall -Wextra -Wpedantic -Werror -fsanitize=address,undefined -fno-omit-frame-pointer -MMD -MP -c src/idmap.c -o lanes/q-slice2/san/idmap.o
cc -Iinclude -std=c11 -O2 -g -Wall -Wextra -Wpedantic -Werror -fsanitize=address,undefined -fno-omit-frame-pointer -MMD -MP -c src/idpow.c -o lanes/q-slice2/san/idpow.o
cc -Iinclude -std=c11 -O2 -g -Wall -Wextra -Wpedantic -Werror -fsanitize=address,undefined -fno-omit-frame-pointer -MMD -MP -c src/inlines.c -o lanes/q-slice2/san/inlines.o
cc -Iinclude -std=c11 -O2 -g -Wall -Wextra -Wpedantic -Werror -fsanitize=address,undefined -fno-omit-frame-pointer -MMD -MP -c src/lball.c -o lanes/q-slice2/san/lball.o
cc -Iinclude -std=c11 -O2 -g -Wall -Wextra -Wpedantic -Werror -fsanitize=address,undefined -fno-omit-frame-pointer -MMD -MP -c src/lball_decomp.c -o lanes/q-slice2/san/lball_decomp.o
cc -Iinclude -std=c11 -O2 -g -Wall -Wextra -Wpedantic -Werror -fsanitize=address,undefined -fno-omit-frame-pointer -MMD -MP -c src/lfunc.c -o lanes/q-slice2/san/lfunc.o
cc -Iinclude -std=c11 -O2 -g -Wall -Wextra -Wpedantic -Werror -fsanitize=address,undefined -fno-omit-frame-pointer -MMD -MP -c src/linsolve.c -o lanes/q-slice2/san/linsolve.o
cc -Iinclude -std=c11 -O2 -g -Wall -Wextra -Wpedantic -Werror -fsanitize=address,undefined -fno-omit-frame-pointer -MMD -MP -c src/localfactor.c -o lanes/q-slice2/san/localfactor.o
cc -Iinclude -std=c11 -O2 -g -Wall -Wextra -Wpedantic -Werror -fsanitize=address,undefined -fno-omit-frame-pointer -MMD -MP -c src/lpow.c -o lanes/q-slice2/san/lpow.o
cc -Iinclude -std=c11 -O2 -g -Wall -Wextra -Wpedantic -Werror -fsanitize=address,undefined -fno-omit-frame-pointer -MMD -MP -c src/lroot.c -o lanes/q-slice2/san/lroot.o
cc -Iinclude -std=c11 -O2 -g -Wall -Wextra -Wpedantic -Werror -fsanitize=address,undefined -fno-omit-frame-pointer -MMD -MP -c src/modctx.c -o lanes/q-slice2/san/modctx.o
cc -Iinclude -std=c11 -O2 -g -Wall -Wextra -Wpedantic -Werror -fsanitize=address,undefined -fno-omit-frame-pointer -MMD -MP -c src/place.c -o lanes/q-slice2/san/place.o
cc -Iinclude -std=c11 -O2 -g -Wall -Wextra -Wpedantic -Werror -fsanitize=address,undefined -fno-omit-frame-pointer -MMD -MP -c src/qclass.c -o lanes/q-slice2/san/qclass.o
cc -Iinclude -std=c11 -O2 -g -Wall -Wextra -Wpedantic -Werror -fsanitize=address,undefined -fno-omit-frame-pointer -MMD -MP -c src/rat.c -o lanes/q-slice2/san/rat.o
cc -Iinclude -std=c11 -O2 -g -Wall -Wextra -Wpedantic -Werror -fsanitize=address,undefined -fno-omit-frame-pointer -MMD -MP -c src/recon.c -o lanes/q-slice2/san/recon.o
cc -Iinclude -std=c11 -O2 -g -Wall -Wextra -Wpedantic -Werror -fsanitize=address,undefined -fno-omit-frame-pointer -MMD -MP -c src/resid.c -o lanes/q-slice2/san/resid.o
cc -Iinclude -std=c11 -O2 -g -Wall -Wextra -Wpedantic -Werror -fsanitize=address,undefined -fno-omit-frame-pointer -MMD -MP -c src/rfunc.c -o lanes/q-slice2/san/rfunc.o
cc -Iinclude -std=c11 -O2 -g -Wall -Wextra -Wpedantic -Werror -fsanitize=address,undefined -fno-omit-frame-pointer -MMD -MP -c src/roots.c -o lanes/q-slice2/san/roots.o
cc -Iinclude -std=c11 -O2 -g -Wall -Wextra -Wpedantic -Werror -fsanitize=address,undefined -fno-omit-frame-pointer -MMD -MP -c src/roots_real.c -o lanes/q-slice2/san/roots_real.o
cc -Iinclude -std=c11 -O2 -g -Wall -Wextra -Wpedantic -Werror -fsanitize=address,undefined -fno-omit-frame-pointer -MMD -MP -c src/sball.c -o lanes/q-slice2/san/sball.o
cc -Iinclude -std=c11 -O2 -g -Wall -Wextra -Wpedantic -Werror -fsanitize=address,undefined -fno-omit-frame-pointer -MMD -MP -c src/scaled.c -o lanes/q-slice2/san/scaled.o
cc -Iinclude -std=c11 -O2 -g -Wall -Wextra -Wpedantic -Werror -fsanitize=address,undefined -fno-omit-frame-pointer -MMD -MP -c src/status.c -o lanes/q-slice2/san/status.o
cc -Iinclude -std=c11 -O2 -g -Wall -Wextra -Wpedantic -Werror -fsanitize=address,undefined -fno-omit-frame-pointer -MMD -MP -c src/symbol.c -o lanes/q-slice2/san/symbol.o
cc -Iinclude -std=c11 -O2 -g -Wall -Wextra -Wpedantic -Werror -fsanitize=address,undefined -fno-omit-frame-pointer -MMD -MP -c src/text.c -o lanes/q-slice2/san/text.o
cc -Iinclude -std=c11 -O2 -g -Wall -Wextra -Wpedantic -Werror -fsanitize=address,undefined -fno-omit-frame-pointer -MMD -MP -c src/text_idele.c -o lanes/q-slice2/san/text_idele.o
cc -Iinclude -std=c11 -O2 -g -Wall -Wextra -Wpedantic -Werror -fsanitize=address,undefined -fno-omit-frame-pointer -MMD -MP -c src/ucoset.c -o lanes/q-slice2/san/ucoset.o
cc -Iinclude -Itests -std=c11 -O2 -g -Wall -Wextra -Wpedantic -Werror -fsanitize=address,undefined -fno-omit-frame-pointer -MMD -MP -c tests/support/golden.c -o lanes/q-slice2/san/support/golden.o
cc -Iinclude -Itests -std=c11 -O2 -g -Wall -Wextra -Wpedantic -Werror -fsanitize=address,undefined -fno-omit-frame-pointer -MMD -MP -c tests/support/jsonl.c -o lanes/q-slice2/san/support/jsonl.o
ar rcs lanes/q-slice2/san/libadelefeld.a lanes/q-slice2/san/adele.o lanes/q-slice2/san/cap.o lanes/q-slice2/san/catalogue.o lanes/q-slice2/san/common.o lanes/q-slice2/san/dump.o lanes/q-slice2/san/fball.o lanes/q-slice2/san/fball_local.o lanes/q-slice2/san/gfunc.o lanes/q-slice2/san/gfunc_log.o lanes/q-slice2/san/idclass.o lanes/q-slice2/san/idele.o lanes/q-slice2/san/idmap.o lanes/q-slice2/san/idpow.o lanes/q-slice2/san/inlines.o lanes/q-slice2/san/lball.o lanes/q-slice2/san/lball_decomp.o lanes/q-slice2/san/lfunc.o lanes/q-slice2/san/linsolve.o lanes/q-slice2/san/localfactor.o lanes/q-slice2/san/lpow.o lanes/q-slice2/san/lroot.o lanes/q-slice2/san/modctx.o lanes/q-slice2/san/place.o lanes/q-slice2/san/qclass.o lanes/q-slice2/san/rat.o lanes/q-slice2/san/recon.o lanes/q-slice2/san/resid.o lanes/q-slice2/san/rfunc.o lanes/q-slice2/san/roots.o lanes/q-slice2/san/roots_real.o lanes/q-slice2/san/sball.o lanes/q-slice2/san/scaled.o lanes/q-slice2/san/status.o lanes/q-slice2/san/symbol.o lanes/q-slice2/san/text.o lanes/q-slice2/san/text_idele.o lanes/q-slice2/san/ucoset.o
cc -Iinclude -Itests -std=c11 -O2 -g -Wall -Wextra -Wpedantic -Werror -fsanitize=address,undefined -fno-omit-frame-pointer -MMD -MP -fsanitize=address,undefined tests/test_qclass.c lanes/q-slice2/san/support/golden.o lanes/q-slice2/san/support/jsonl.o lanes/q-slice2/san/libadelefeld.a -lflint -lgmp -lm -o lanes/q-slice2/san/test_qclass
cc -Iinclude -Itests -std=c11 -O2 -g -Wall -Wextra -Wpedantic -Werror -fsanitize=address,undefined -fno-omit-frame-pointer -MMD -MP -fsanitize=address,undefined tests/test_qclass_reduce.c lanes/q-slice2/san/support/golden.o lanes/q-slice2/san/support/jsonl.o lanes/q-slice2/san/libadelefeld.a -lflint -lgmp -lm -o lanes/q-slice2/san/test_qclass_reduce
