cc -Iinclude -DADF_CHECK_INVARIANTS -std=c11 -O2 -g -Wall -Wextra -Wpedantic -Werror -MMD -MP -c src/adele.c -o lanes/f-repair1/ri/adele.o
cc -Iinclude -DADF_CHECK_INVARIANTS -std=c11 -O2 -g -Wall -Wextra -Wpedantic -Werror -MMD -MP -c src/cap.c -o lanes/f-repair1/ri/cap.o
cc -Iinclude -DADF_CHECK_INVARIANTS -std=c11 -O2 -g -Wall -Wextra -Wpedantic -Werror -MMD -MP -c src/common.c -o lanes/f-repair1/ri/common.o
cc -Iinclude -DADF_CHECK_INVARIANTS -std=c11 -O2 -g -Wall -Wextra -Wpedantic -Werror -MMD -MP -c src/dump.c -o lanes/f-repair1/ri/dump.o
cc -Iinclude -DADF_CHECK_INVARIANTS -std=c11 -O2 -g -Wall -Wextra -Wpedantic -Werror -MMD -MP -c src/fball.c -o lanes/f-repair1/ri/fball.o
cc -Iinclude -DADF_CHECK_INVARIANTS -std=c11 -O2 -g -Wall -Wextra -Wpedantic -Werror -MMD -MP -c src/fball_local.c -o lanes/f-repair1/ri/fball_local.o
cc -Iinclude -DADF_CHECK_INVARIANTS -std=c11 -O2 -g -Wall -Wextra -Wpedantic -Werror -MMD -MP -c src/idele.c -o lanes/f-repair1/ri/idele.o
cc -Iinclude -DADF_CHECK_INVARIANTS -std=c11 -O2 -g -Wall -Wextra -Wpedantic -Werror -MMD -MP -c src/inlines.c -o lanes/f-repair1/ri/inlines.o
cc -Iinclude -DADF_CHECK_INVARIANTS -std=c11 -O2 -g -Wall -Wextra -Wpedantic -Werror -MMD -MP -c src/lball.c -o lanes/f-repair1/ri/lball.o
cc -Iinclude -DADF_CHECK_INVARIANTS -std=c11 -O2 -g -Wall -Wextra -Wpedantic -Werror -MMD -MP -c src/linsolve.c -o lanes/f-repair1/ri/linsolve.o
cc -Iinclude -DADF_CHECK_INVARIANTS -std=c11 -O2 -g -Wall -Wextra -Wpedantic -Werror -MMD -MP -c src/modctx.c -o lanes/f-repair1/ri/modctx.o
cc -Iinclude -DADF_CHECK_INVARIANTS -std=c11 -O2 -g -Wall -Wextra -Wpedantic -Werror -MMD -MP -c src/place.c -o lanes/f-repair1/ri/place.o
cc -Iinclude -DADF_CHECK_INVARIANTS -std=c11 -O2 -g -Wall -Wextra -Wpedantic -Werror -MMD -MP -c src/rat.c -o lanes/f-repair1/ri/rat.o
cc -Iinclude -DADF_CHECK_INVARIANTS -std=c11 -O2 -g -Wall -Wextra -Wpedantic -Werror -MMD -MP -c src/recon.c -o lanes/f-repair1/ri/recon.o
cc -Iinclude -DADF_CHECK_INVARIANTS -std=c11 -O2 -g -Wall -Wextra -Wpedantic -Werror -MMD -MP -c src/resid.c -o lanes/f-repair1/ri/resid.o
cc -Iinclude -DADF_CHECK_INVARIANTS -std=c11 -O2 -g -Wall -Wextra -Wpedantic -Werror -MMD -MP -c src/roots.c -o lanes/f-repair1/ri/roots.o
cc -Iinclude -DADF_CHECK_INVARIANTS -std=c11 -O2 -g -Wall -Wextra -Wpedantic -Werror -MMD -MP -c src/scaled.c -o lanes/f-repair1/ri/scaled.o
cc -Iinclude -DADF_CHECK_INVARIANTS -std=c11 -O2 -g -Wall -Wextra -Wpedantic -Werror -MMD -MP -c src/status.c -o lanes/f-repair1/ri/status.o
cc -Iinclude -DADF_CHECK_INVARIANTS -std=c11 -O2 -g -Wall -Wextra -Wpedantic -Werror -MMD -MP -c src/text.c -o lanes/f-repair1/ri/text.o
cc -Iinclude -DADF_CHECK_INVARIANTS -std=c11 -O2 -g -Wall -Wextra -Wpedantic -Werror -MMD -MP -c src/ucoset.c -o lanes/f-repair1/ri/ucoset.o
ar rcs lanes/f-repair1/ri/libadelefeld.a lanes/f-repair1/ri/adele.o lanes/f-repair1/ri/cap.o lanes/f-repair1/ri/common.o lanes/f-repair1/ri/dump.o lanes/f-repair1/ri/fball.o lanes/f-repair1/ri/fball_local.o lanes/f-repair1/ri/idele.o lanes/f-repair1/ri/inlines.o lanes/f-repair1/ri/lball.o lanes/f-repair1/ri/linsolve.o lanes/f-repair1/ri/modctx.o lanes/f-repair1/ri/place.o lanes/f-repair1/ri/rat.o lanes/f-repair1/ri/recon.o lanes/f-repair1/ri/resid.o lanes/f-repair1/ri/roots.o lanes/f-repair1/ri/scaled.o lanes/f-repair1/ri/status.o lanes/f-repair1/ri/text.o lanes/f-repair1/ri/ucoset.o
