mkdir -p build/san
mkdir -p build/san/support
cc -Iinclude -std=c11 -O2 -g -Wall -Wextra -Wpedantic -Werror -fsanitize=address,undefined -fno-omit-frame-pointer -MMD -MP -c src/adele.c -o build/san/adele.o
cc -Iinclude -std=c11 -O2 -g -Wall -Wextra -Wpedantic -Werror -fsanitize=address,undefined -fno-omit-frame-pointer -MMD -MP -c src/cap.c -o build/san/cap.o
cc -Iinclude -std=c11 -O2 -g -Wall -Wextra -Wpedantic -Werror -fsanitize=address,undefined -fno-omit-frame-pointer -MMD -MP -c src/common.c -o build/san/common.o
cc -Iinclude -std=c11 -O2 -g -Wall -Wextra -Wpedantic -Werror -fsanitize=address,undefined -fno-omit-frame-pointer -MMD -MP -c src/dump.c -o build/san/dump.o
cc -Iinclude -std=c11 -O2 -g -Wall -Wextra -Wpedantic -Werror -fsanitize=address,undefined -fno-omit-frame-pointer -MMD -MP -c src/fball.c -o build/san/fball.o
cc -Iinclude -std=c11 -O2 -g -Wall -Wextra -Wpedantic -Werror -fsanitize=address,undefined -fno-omit-frame-pointer -MMD -MP -c src/fball_local.c -o build/san/fball_local.o
cc -Iinclude -std=c11 -O2 -g -Wall -Wextra -Wpedantic -Werror -fsanitize=address,undefined -fno-omit-frame-pointer -MMD -MP -c src/idclass.c -o build/san/idclass.o
cc -Iinclude -std=c11 -O2 -g -Wall -Wextra -Wpedantic -Werror -fsanitize=address,undefined -fno-omit-frame-pointer -MMD -MP -c src/idele.c -o build/san/idele.o
cc -Iinclude -std=c11 -O2 -g -Wall -Wextra -Wpedantic -Werror -fsanitize=address,undefined -fno-omit-frame-pointer -MMD -MP -c src/idmap.c -o build/san/idmap.o
cc -Iinclude -std=c11 -O2 -g -Wall -Wextra -Wpedantic -Werror -fsanitize=address,undefined -fno-omit-frame-pointer -MMD -MP -c src/idpow.c -o build/san/idpow.o
cc -Iinclude -std=c11 -O2 -g -Wall -Wextra -Wpedantic -Werror -fsanitize=address,undefined -fno-omit-frame-pointer -MMD -MP -c src/inlines.c -o build/san/inlines.o
cc -Iinclude -std=c11 -O2 -g -Wall -Wextra -Wpedantic -Werror -fsanitize=address,undefined -fno-omit-frame-pointer -MMD -MP -c src/lball.c -o build/san/lball.o
cc -Iinclude -std=c11 -O2 -g -Wall -Wextra -Wpedantic -Werror -fsanitize=address,undefined -fno-omit-frame-pointer -MMD -MP -c src/lball_decomp.c -o build/san/lball_decomp.o
cc -Iinclude -std=c11 -O2 -g -Wall -Wextra -Wpedantic -Werror -fsanitize=address,undefined -fno-omit-frame-pointer -MMD -MP -c src/lfunc.c -o build/san/lfunc.o
cc -Iinclude -std=c11 -O2 -g -Wall -Wextra -Wpedantic -Werror -fsanitize=address,undefined -fno-omit-frame-pointer -MMD -MP -c src/linsolve.c -o build/san/linsolve.o
cc -Iinclude -std=c11 -O2 -g -Wall -Wextra -Wpedantic -Werror -fsanitize=address,undefined -fno-omit-frame-pointer -MMD -MP -c src/modctx.c -o build/san/modctx.o
cc -Iinclude -std=c11 -O2 -g -Wall -Wextra -Wpedantic -Werror -fsanitize=address,undefined -fno-omit-frame-pointer -MMD -MP -c src/place.c -o build/san/place.o
cc -Iinclude -std=c11 -O2 -g -Wall -Wextra -Wpedantic -Werror -fsanitize=address,undefined -fno-omit-frame-pointer -MMD -MP -c src/rat.c -o build/san/rat.o
cc -Iinclude -std=c11 -O2 -g -Wall -Wextra -Wpedantic -Werror -fsanitize=address,undefined -fno-omit-frame-pointer -MMD -MP -c src/recon.c -o build/san/recon.o
cc -Iinclude -std=c11 -O2 -g -Wall -Wextra -Wpedantic -Werror -fsanitize=address,undefined -fno-omit-frame-pointer -MMD -MP -c src/resid.c -o build/san/resid.o
cc -Iinclude -std=c11 -O2 -g -Wall -Wextra -Wpedantic -Werror -fsanitize=address,undefined -fno-omit-frame-pointer -MMD -MP -c src/rfunc.c -o build/san/rfunc.o
cc -Iinclude -std=c11 -O2 -g -Wall -Wextra -Wpedantic -Werror -fsanitize=address,undefined -fno-omit-frame-pointer -MMD -MP -c src/roots.c -o build/san/roots.o
cc -Iinclude -std=c11 -O2 -g -Wall -Wextra -Wpedantic -Werror -fsanitize=address,undefined -fno-omit-frame-pointer -MMD -MP -c src/roots_real.c -o build/san/roots_real.o
cc -Iinclude -std=c11 -O2 -g -Wall -Wextra -Wpedantic -Werror -fsanitize=address,undefined -fno-omit-frame-pointer -MMD -MP -c src/sball.c -o build/san/sball.o
cc -Iinclude -std=c11 -O2 -g -Wall -Wextra -Wpedantic -Werror -fsanitize=address,undefined -fno-omit-frame-pointer -MMD -MP -c src/scaled.c -o build/san/scaled.o
cc -Iinclude -std=c11 -O2 -g -Wall -Wextra -Wpedantic -Werror -fsanitize=address,undefined -fno-omit-frame-pointer -MMD -MP -c src/status.c -o build/san/status.o
cc -Iinclude -std=c11 -O2 -g -Wall -Wextra -Wpedantic -Werror -fsanitize=address,undefined -fno-omit-frame-pointer -MMD -MP -c src/text.c -o build/san/text.o
cc -Iinclude -std=c11 -O2 -g -Wall -Wextra -Wpedantic -Werror -fsanitize=address,undefined -fno-omit-frame-pointer -MMD -MP -c src/text_idele.c -o build/san/text_idele.o
cc -Iinclude -std=c11 -O2 -g -Wall -Wextra -Wpedantic -Werror -fsanitize=address,undefined -fno-omit-frame-pointer -MMD -MP -c src/ucoset.c -o build/san/ucoset.o
cc -Iinclude -Itests -std=c11 -O2 -g -Wall -Wextra -Wpedantic -Werror -fsanitize=address,undefined -fno-omit-frame-pointer -MMD -MP -c tests/support/golden.c -o build/san/support/golden.o
cc -Iinclude -Itests -std=c11 -O2 -g -Wall -Wextra -Wpedantic -Werror -fsanitize=address,undefined -fno-omit-frame-pointer -MMD -MP -c tests/support/jsonl.c -o build/san/support/jsonl.o
ar rcs build/san/libadelefeld.a build/san/adele.o build/san/cap.o build/san/common.o build/san/dump.o build/san/fball.o build/san/fball_local.o build/san/idclass.o build/san/idele.o build/san/idmap.o build/san/idpow.o build/san/inlines.o build/san/lball.o build/san/lball_decomp.o build/san/lfunc.o build/san/linsolve.o build/san/modctx.o build/san/place.o build/san/rat.o build/san/recon.o build/san/resid.o build/san/rfunc.o build/san/roots.o build/san/roots_real.o build/san/sball.o build/san/scaled.o build/san/status.o build/san/text.o build/san/text_idele.o build/san/ucoset.o
cc -Iinclude -Itests -std=c11 -O2 -g -Wall -Wextra -Wpedantic -Werror -fsanitize=address,undefined -fno-omit-frame-pointer -MMD -MP -fsanitize=address,undefined tests/test_abi.c build/san/support/golden.o build/san/support/jsonl.o build/san/libadelefeld.a -lflint -lgmp -lm -o build/san/test_abi
cc -Iinclude -Itests -std=c11 -O2 -g -Wall -Wextra -Wpedantic -Werror -fsanitize=address,undefined -fno-omit-frame-pointer -MMD -MP -fsanitize=address,undefined tests/test_adele.c build/san/support/golden.o build/san/support/jsonl.o build/san/libadelefeld.a -lflint -lgmp -lm -o build/san/test_adele
cc -Iinclude -Itests -std=c11 -O2 -g -Wall -Wextra -Wpedantic -Werror -fsanitize=address,undefined -fno-omit-frame-pointer -MMD -MP -fsanitize=address,undefined tests/test_adele_lowprec.c build/san/support/golden.o build/san/support/jsonl.o build/san/libadelefeld.a -lflint -lgmp -lm -o build/san/test_adele_lowprec
cc -Iinclude -Itests -std=c11 -O2 -g -Wall -Wextra -Wpedantic -Werror -fsanitize=address,undefined -fno-omit-frame-pointer -MMD -MP -fsanitize=address,undefined tests/test_adele_prec.c build/san/support/golden.o build/san/support/jsonl.o build/san/libadelefeld.a -lflint -lgmp -lm -o build/san/test_adele_prec
cc -Iinclude -Itests -std=c11 -O2 -g -Wall -Wextra -Wpedantic -Werror -fsanitize=address,undefined -fno-omit-frame-pointer -MMD -MP -fsanitize=address,undefined tests/test_cadele.c build/san/support/golden.o build/san/support/jsonl.o build/san/libadelefeld.a -lflint -lgmp -lm -o build/san/test_cadele
cc -Iinclude -Itests -std=c11 -O2 -g -Wall -Wextra -Wpedantic -Werror -fsanitize=address,undefined -fno-omit-frame-pointer -MMD -MP -fsanitize=address,undefined tests/test_cap.c build/san/support/golden.o build/san/support/jsonl.o build/san/libadelefeld.a -lflint -lgmp -lm -o build/san/test_cap
cc -Iinclude -Itests -std=c11 -O2 -g -Wall -Wextra -Wpedantic -Werror -fsanitize=address,undefined -fno-omit-frame-pointer -MMD -MP -fsanitize=address,undefined tests/test_cap_chain.c build/san/support/golden.o build/san/support/jsonl.o build/san/libadelefeld.a -lflint -lgmp -lm -o build/san/test_cap_chain
cc -Iinclude -Itests -std=c11 -O2 -g -Wall -Wextra -Wpedantic -Werror -fsanitize=address,undefined -fno-omit-frame-pointer -MMD -MP -fsanitize=address,undefined tests/test_cap_local.c build/san/support/golden.o build/san/support/jsonl.o build/san/libadelefeld.a -lflint -lgmp -lm -o build/san/test_cap_local
cc -Iinclude -Itests -std=c11 -O2 -g -Wall -Wextra -Wpedantic -Werror -fsanitize=address,undefined -fno-omit-frame-pointer -MMD -MP -fsanitize=address,undefined tests/test_cap_vectors.c build/san/support/golden.o build/san/support/jsonl.o build/san/libadelefeld.a -lflint -lgmp -lm -o build/san/test_cap_vectors
cc -Iinclude -Itests -std=c11 -O2 -g -Wall -Wextra -Wpedantic -Werror -fsanitize=address,undefined -fno-omit-frame-pointer -MMD -MP -fsanitize=address,undefined tests/test_common.c build/san/support/golden.o build/san/support/jsonl.o build/san/libadelefeld.a -lflint -lgmp -lm -o build/san/test_common
cc -Iinclude -Itests -std=c11 -O2 -g -Wall -Wextra -Wpedantic -Werror -fsanitize=address,undefined -fno-omit-frame-pointer -MMD -MP -fsanitize=address,undefined tests/test_common_unsupported.c build/san/support/golden.o build/san/support/jsonl.o build/san/libadelefeld.a -lflint -lgmp -lm -o build/san/test_common_unsupported
cc -Iinclude -Itests -std=c11 -O2 -g -Wall -Wextra -Wpedantic -Werror -fsanitize=address,undefined -fno-omit-frame-pointer -MMD -MP -fsanitize=address,undefined tests/test_dlopen.c build/san/support/golden.o build/san/support/jsonl.o build/san/libadelefeld.a -lflint -lgmp -lm -o build/san/test_dlopen
cc -Iinclude -Itests -std=c11 -O2 -g -Wall -Wextra -Wpedantic -Werror -fsanitize=address,undefined -fno-omit-frame-pointer -MMD -MP -fsanitize=address,undefined tests/test_dump.c build/san/support/golden.o build/san/support/jsonl.o build/san/libadelefeld.a -lflint -lgmp -lm -o build/san/test_dump
cc -Iinclude -Itests -std=c11 -O2 -g -Wall -Wextra -Wpedantic -Werror -fsanitize=address,undefined -fno-omit-frame-pointer -MMD -MP -fsanitize=address,undefined tests/test_dump_ctx.c build/san/support/golden.o build/san/support/jsonl.o build/san/libadelefeld.a -lflint -lgmp -lm -o build/san/test_dump_ctx
cc -Iinclude -Itests -std=c11 -O2 -g -Wall -Wextra -Wpedantic -Werror -fsanitize=address,undefined -fno-omit-frame-pointer -MMD -MP -fsanitize=address,undefined tests/test_dump_golden.c build/san/support/golden.o build/san/support/jsonl.o build/san/libadelefeld.a -lflint -lgmp -lm -o build/san/test_dump_golden
cc -Iinclude -Itests -std=c11 -O2 -g -Wall -Wextra -Wpedantic -Werror -fsanitize=address,undefined -fno-omit-frame-pointer -MMD -MP -fsanitize=address,undefined tests/test_dump_limits.c build/san/support/golden.o build/san/support/jsonl.o build/san/libadelefeld.a -lflint -lgmp -lm -o build/san/test_dump_limits
cc -Iinclude -Itests -std=c11 -O2 -g -Wall -Wextra -Wpedantic -Werror -fsanitize=address,undefined -fno-omit-frame-pointer -MMD -MP -fsanitize=address,undefined tests/test_fball.c build/san/support/golden.o build/san/support/jsonl.o build/san/libadelefeld.a -lflint -lgmp -lm -o build/san/test_fball
cc -Iinclude -Itests -std=c11 -O2 -g -Wall -Wextra -Wpedantic -Werror -fsanitize=address,undefined -fno-omit-frame-pointer -MMD -MP -fsanitize=address,undefined tests/test_fball_local.c build/san/support/golden.o build/san/support/jsonl.o build/san/libadelefeld.a -lflint -lgmp -lm -o build/san/test_fball_local
cc -Iinclude -Itests -std=c11 -O2 -g -Wall -Wextra -Wpedantic -Werror -fsanitize=address,undefined -fno-omit-frame-pointer -MMD -MP -fsanitize=address,undefined tests/test_fball_local_vectors.c build/san/support/golden.o build/san/support/jsonl.o build/san/libadelefeld.a -lflint -lgmp -lm -o build/san/test_fball_local_vectors
cc -Iinclude -Itests -std=c11 -O2 -g -Wall -Wextra -Wpedantic -Werror -fsanitize=address,undefined -fno-omit-frame-pointer -MMD -MP -fsanitize=address,undefined tests/test_fball_overwrite.c build/san/support/golden.o build/san/support/jsonl.o build/san/libadelefeld.a -lflint -lgmp -lm -o build/san/test_fball_overwrite
cc -Iinclude -Itests -std=c11 -O2 -g -Wall -Wextra -Wpedantic -Werror -fsanitize=address,undefined -fno-omit-frame-pointer -MMD -MP -fsanitize=address,undefined tests/test_fball_vectors.c build/san/support/golden.o build/san/support/jsonl.o build/san/libadelefeld.a -lflint -lgmp -lm -o build/san/test_fball_vectors
cc -Iinclude -Itests -std=c11 -O2 -g -Wall -Wextra -Wpedantic -Werror -fsanitize=address,undefined -fno-omit-frame-pointer -MMD -MP -fsanitize=address,undefined tests/test_headers.c build/san/support/golden.o build/san/support/jsonl.o build/san/libadelefeld.a -lflint -lgmp -lm -o build/san/test_headers
cc -Iinclude -Itests -std=c11 -O2 -g -Wall -Wextra -Wpedantic -Werror -fsanitize=address,undefined -fno-omit-frame-pointer -MMD -MP -fsanitize=address,undefined tests/test_idclass.c build/san/support/golden.o build/san/support/jsonl.o build/san/libadelefeld.a -lflint -lgmp -lm -o build/san/test_idclass
cc -Iinclude -Itests -std=c11 -O2 -g -Wall -Wextra -Wpedantic -Werror -fsanitize=address,undefined -fno-omit-frame-pointer -MMD -MP -fsanitize=address,undefined tests/test_idele.c build/san/support/golden.o build/san/support/jsonl.o build/san/libadelefeld.a -lflint -lgmp -lm -o build/san/test_idele
cc -Iinclude -Itests -std=c11 -O2 -g -Wall -Wextra -Wpedantic -Werror -fsanitize=address,undefined -fno-omit-frame-pointer -MMD -MP -fsanitize=address,undefined tests/test_idele_maps.c build/san/support/golden.o build/san/support/jsonl.o build/san/libadelefeld.a -lflint -lgmp -lm -o build/san/test_idele_maps
cc -Iinclude -Itests -std=c11 -O2 -g -Wall -Wextra -Wpedantic -Werror -fsanitize=address,undefined -fno-omit-frame-pointer -MMD -MP -fsanitize=address,undefined tests/test_idmap.c build/san/support/golden.o build/san/support/jsonl.o build/san/libadelefeld.a -lflint -lgmp -lm -o build/san/test_idmap
cc -Iinclude -Itests -std=c11 -O2 -g -Wall -Wextra -Wpedantic -Werror -fsanitize=address,undefined -fno-omit-frame-pointer -MMD -MP -fsanitize=address,undefined tests/test_idpow.c build/san/support/golden.o build/san/support/jsonl.o build/san/libadelefeld.a -lflint -lgmp -lm -o build/san/test_idpow
cc -Iinclude -Itests -std=c11 -O2 -g -Wall -Wextra -Wpedantic -Werror -fsanitize=address,undefined -fno-omit-frame-pointer -MMD -MP -fsanitize=address,undefined tests/test_invariants.c build/san/support/golden.o build/san/support/jsonl.o build/san/libadelefeld.a -lflint -lgmp -lm -o build/san/test_invariants
cc -Iinclude -Itests -std=c11 -O2 -g -Wall -Wextra -Wpedantic -Werror -fsanitize=address,undefined -fno-omit-frame-pointer -MMD -MP -fsanitize=address,undefined tests/test_invariants_lifetime.c build/san/support/golden.o build/san/support/jsonl.o build/san/libadelefeld.a -lflint -lgmp -lm -o build/san/test_invariants_lifetime
cc -Iinclude -Itests -std=c11 -O2 -g -Wall -Wextra -Wpedantic -Werror -fsanitize=address,undefined -fno-omit-frame-pointer -MMD -MP -fsanitize=address,undefined tests/test_layouts.c build/san/support/golden.o build/san/support/jsonl.o build/san/libadelefeld.a -lflint -lgmp -lm -o build/san/test_layouts
cc -Iinclude -Itests -std=c11 -O2 -g -Wall -Wextra -Wpedantic -Werror -fsanitize=address,undefined -fno-omit-frame-pointer -MMD -MP -fsanitize=address,undefined tests/test_lball.c build/san/support/golden.o build/san/support/jsonl.o build/san/libadelefeld.a -lflint -lgmp -lm -o build/san/test_lball
cc -Iinclude -Itests -std=c11 -O2 -g -Wall -Wextra -Wpedantic -Werror -fsanitize=address,undefined -fno-omit-frame-pointer -MMD -MP -fsanitize=address,undefined tests/test_lball_decomp.c build/san/support/golden.o build/san/support/jsonl.o build/san/libadelefeld.a -lflint -lgmp -lm -o build/san/test_lball_decomp
cc -Iinclude -Itests -std=c11 -O2 -g -Wall -Wextra -Wpedantic -Werror -fsanitize=address,undefined -fno-omit-frame-pointer -MMD -MP -fsanitize=address,undefined tests/test_lfunc.c build/san/support/golden.o build/san/support/jsonl.o build/san/libadelefeld.a -lflint -lgmp -lm -o build/san/test_lfunc
cc -Iinclude -Itests -std=c11 -O2 -g -Wall -Wextra -Wpedantic -Werror -fsanitize=address,undefined -fno-omit-frame-pointer -MMD -MP -fsanitize=address,undefined tests/test_lfunc_trig.c build/san/support/golden.o build/san/support/jsonl.o build/san/libadelefeld.a -lflint -lgmp -lm -o build/san/test_lfunc_trig
cc -Iinclude -Itests -std=c11 -O2 -g -Wall -Wextra -Wpedantic -Werror -fsanitize=address,undefined -fno-omit-frame-pointer -MMD -MP -fsanitize=address,undefined tests/test_linsolve.c build/san/support/golden.o build/san/support/jsonl.o build/san/libadelefeld.a -lflint -lgmp -lm -o build/san/test_linsolve
cc -Iinclude -Itests -std=c11 -O2 -g -Wall -Wextra -Wpedantic -Werror -fsanitize=address,undefined -fno-omit-frame-pointer -MMD -MP -fsanitize=address,undefined tests/test_linsolve_rest.c build/san/support/golden.o build/san/support/jsonl.o build/san/libadelefeld.a -lflint -lgmp -lm -o build/san/test_linsolve_rest
cc -Iinclude -Itests -std=c11 -O2 -g -Wall -Wextra -Wpedantic -Werror -fsanitize=address,undefined -fno-omit-frame-pointer -MMD -MP -fsanitize=address,undefined tests/test_modctx.c build/san/support/golden.o build/san/support/jsonl.o build/san/libadelefeld.a -lflint -lgmp -lm -o build/san/test_modctx
cc -Iinclude -Itests -std=c11 -O2 -g -Wall -Wextra -Wpedantic -Werror -fsanitize=address,undefined -fno-omit-frame-pointer -MMD -MP -fsanitize=address,undefined tests/test_modctx_limits.c build/san/support/golden.o build/san/support/jsonl.o build/san/libadelefeld.a -lflint -lgmp -lm -o build/san/test_modctx_limits
cc -Iinclude -Itests -std=c11 -O2 -g -Wall -Wextra -Wpedantic -Werror -fsanitize=address,undefined -fno-omit-frame-pointer -MMD -MP -fsanitize=address,undefined tests/test_modctx_pin.c build/san/support/golden.o build/san/support/jsonl.o build/san/libadelefeld.a -lflint -lgmp -lm -o build/san/test_modctx_pin
cc -Iinclude -Itests -std=c11 -O2 -g -Wall -Wextra -Wpedantic -Werror -fsanitize=address,undefined -fno-omit-frame-pointer -MMD -MP -fsanitize=address,undefined tests/test_place.c build/san/support/golden.o build/san/support/jsonl.o build/san/libadelefeld.a -lflint -lgmp -lm -o build/san/test_place
cc -Iinclude -Itests -std=c11 -O2 -g -Wall -Wextra -Wpedantic -Werror -fsanitize=address,undefined -fno-omit-frame-pointer -MMD -MP -fsanitize=address,undefined tests/test_rat.c build/san/support/golden.o build/san/support/jsonl.o build/san/libadelefeld.a -lflint -lgmp -lm -o build/san/test_rat
cc -Iinclude -Itests -std=c11 -O2 -g -Wall -Wextra -Wpedantic -Werror -fsanitize=address,undefined -fno-omit-frame-pointer -MMD -MP -fsanitize=address,undefined tests/test_recon.c build/san/support/golden.o build/san/support/jsonl.o build/san/libadelefeld.a -lflint -lgmp -lm -o build/san/test_recon
cc -Iinclude -Itests -std=c11 -O2 -g -Wall -Wextra -Wpedantic -Werror -fsanitize=address,undefined -fno-omit-frame-pointer -MMD -MP -fsanitize=address,undefined tests/test_recon_canon.c build/san/support/golden.o build/san/support/jsonl.o build/san/libadelefeld.a -lflint -lgmp -lm -o build/san/test_recon_canon
cc -Iinclude -Itests -std=c11 -O2 -g -Wall -Wextra -Wpedantic -Werror -fsanitize=address,undefined -fno-omit-frame-pointer -MMD -MP -fsanitize=address,undefined tests/test_recon_limit.c build/san/support/golden.o build/san/support/jsonl.o build/san/libadelefeld.a -lflint -lgmp -lm -o build/san/test_recon_limit
cc -Iinclude -Itests -std=c11 -O2 -g -Wall -Wextra -Wpedantic -Werror -fsanitize=address,undefined -fno-omit-frame-pointer -MMD -MP -fsanitize=address,undefined tests/test_recon_vectors.c build/san/support/golden.o build/san/support/jsonl.o build/san/libadelefeld.a -lflint -lgmp -lm -o build/san/test_recon_vectors
cc -Iinclude -Itests -std=c11 -O2 -g -Wall -Wextra -Wpedantic -Werror -fsanitize=address,undefined -fno-omit-frame-pointer -MMD -MP -fsanitize=address,undefined tests/test_resid.c build/san/support/golden.o build/san/support/jsonl.o build/san/libadelefeld.a -lflint -lgmp -lm -o build/san/test_resid
cc -Iinclude -Itests -std=c11 -O2 -g -Wall -Wextra -Wpedantic -Werror -fsanitize=address,undefined -fno-omit-frame-pointer -MMD -MP -fsanitize=address,undefined tests/test_resid_full.c build/san/support/golden.o build/san/support/jsonl.o build/san/libadelefeld.a -lflint -lgmp -lm -o build/san/test_resid_full
cc -Iinclude -Itests -std=c11 -O2 -g -Wall -Wextra -Wpedantic -Werror -fsanitize=address,undefined -fno-omit-frame-pointer -MMD -MP -fsanitize=address,undefined tests/test_resid_rest.c build/san/support/golden.o build/san/support/jsonl.o build/san/libadelefeld.a -lflint -lgmp -lm -o build/san/test_resid_rest
cc -Iinclude -Itests -std=c11 -O2 -g -Wall -Wextra -Wpedantic -Werror -fsanitize=address,undefined -fno-omit-frame-pointer -MMD -MP -fsanitize=address,undefined tests/test_rfunc.c build/san/support/golden.o build/san/support/jsonl.o build/san/libadelefeld.a -lflint -lgmp -lm -o build/san/test_rfunc
cc -Iinclude -Itests -std=c11 -O2 -g -Wall -Wextra -Wpedantic -Werror -fsanitize=address,undefined -fno-omit-frame-pointer -MMD -MP -fsanitize=address,undefined tests/test_rfunc_prime.c build/san/support/golden.o build/san/support/jsonl.o build/san/libadelefeld.a -lflint -lgmp -lm -o build/san/test_rfunc_prime
cc -Iinclude -Itests -std=c11 -O2 -g -Wall -Wextra -Wpedantic -Werror -fsanitize=address,undefined -fno-omit-frame-pointer -MMD -MP -fsanitize=address,undefined tests/test_roots_bigp.c build/san/support/golden.o build/san/support/jsonl.o build/san/libadelefeld.a -lflint -lgmp -lm -o build/san/test_roots_bigp
cc -Iinclude -Itests -std=c11 -O2 -g -Wall -Wextra -Wpedantic -Werror -fsanitize=address,undefined -fno-omit-frame-pointer -MMD -MP -fsanitize=address,undefined tests/test_roots_forged.c build/san/support/golden.o build/san/support/jsonl.o build/san/libadelefeld.a -lflint -lgmp -lm -o build/san/test_roots_forged
cc -Iinclude -Itests -std=c11 -O2 -g -Wall -Wextra -Wpedantic -Werror -fsanitize=address,undefined -fno-omit-frame-pointer -MMD -MP -fsanitize=address,undefined tests/test_roots_padic.c build/san/support/golden.o build/san/support/jsonl.o build/san/libadelefeld.a -lflint -lgmp -lm -o build/san/test_roots_padic
cc -Iinclude -Itests -std=c11 -O2 -g -Wall -Wextra -Wpedantic -Werror -fsanitize=address,undefined -fno-omit-frame-pointer -MMD -MP -fsanitize=address,undefined tests/test_roots_real.c build/san/support/golden.o build/san/support/jsonl.o build/san/libadelefeld.a -lflint -lgmp -lm -o build/san/test_roots_real
cc -Iinclude -Itests -std=c11 -O2 -g -Wall -Wextra -Wpedantic -Werror -fsanitize=address,undefined -fno-omit-frame-pointer -MMD -MP -fsanitize=address,undefined tests/test_roots_real_isolate.c build/san/support/golden.o build/san/support/jsonl.o build/san/libadelefeld.a -lflint -lgmp -lm -o build/san/test_roots_real_isolate
cc -Iinclude -Itests -std=c11 -O2 -g -Wall -Wextra -Wpedantic -Werror -fsanitize=address,undefined -fno-omit-frame-pointer -MMD -MP -fsanitize=address,undefined tests/test_roots_seed.c build/san/support/golden.o build/san/support/jsonl.o build/san/libadelefeld.a -lflint -lgmp -lm -o build/san/test_roots_seed
cc -Iinclude -Itests -std=c11 -O2 -g -Wall -Wextra -Wpedantic -Werror -fsanitize=address,undefined -fno-omit-frame-pointer -MMD -MP -fsanitize=address,undefined tests/test_s13_repair.c build/san/support/golden.o build/san/support/jsonl.o build/san/libadelefeld.a -lflint -lgmp -lm -o build/san/test_s13_repair
cc -Iinclude -Itests -std=c11 -O2 -g -Wall -Wextra -Wpedantic -Werror -fsanitize=address,undefined -fno-omit-frame-pointer -MMD -MP -fsanitize=address,undefined tests/test_sball.c build/san/support/golden.o build/san/support/jsonl.o build/san/libadelefeld.a -lflint -lgmp -lm -o build/san/test_sball
cc -Iinclude -Itests -std=c11 -O2 -g -Wall -Wextra -Wpedantic -Werror -fsanitize=address,undefined -fno-omit-frame-pointer -MMD -MP -fsanitize=address,undefined tests/test_scaffold.c build/san/support/golden.o build/san/support/jsonl.o build/san/libadelefeld.a -lflint -lgmp -lm -o build/san/test_scaffold
cc -Iinclude -Itests -std=c11 -O2 -g -Wall -Wextra -Wpedantic -Werror -fsanitize=address,undefined -fno-omit-frame-pointer -MMD -MP -fsanitize=address,undefined tests/test_scaled.c build/san/support/golden.o build/san/support/jsonl.o build/san/libadelefeld.a -lflint -lgmp -lm -o build/san/test_scaled
cc -Iinclude -Itests -std=c11 -O2 -g -Wall -Wextra -Wpedantic -Werror -fsanitize=address,undefined -fno-omit-frame-pointer -MMD -MP -fsanitize=address,undefined tests/test_scaled_alias.c build/san/support/golden.o build/san/support/jsonl.o build/san/libadelefeld.a -lflint -lgmp -lm -o build/san/test_scaled_alias
cc -Iinclude -Itests -std=c11 -O2 -g -Wall -Wextra -Wpedantic -Werror -fsanitize=address,undefined -fno-omit-frame-pointer -MMD -MP -fsanitize=address,undefined tests/test_scaled_vectors.c build/san/support/golden.o build/san/support/jsonl.o build/san/libadelefeld.a -lflint -lgmp -lm -o build/san/test_scaled_vectors
cc -Iinclude -Itests -std=c11 -O2 -g -Wall -Wextra -Wpedantic -Werror -fsanitize=address,undefined -fno-omit-frame-pointer -MMD -MP -fsanitize=address,undefined tests/test_status.c build/san/support/golden.o build/san/support/jsonl.o build/san/libadelefeld.a -lflint -lgmp -lm -o build/san/test_status
cc -Iinclude -Itests -std=c11 -O2 -g -Wall -Wextra -Wpedantic -Werror -fsanitize=address,undefined -fno-omit-frame-pointer -MMD -MP -fsanitize=address,undefined tests/test_support.c build/san/support/golden.o build/san/support/jsonl.o build/san/libadelefeld.a -lflint -lgmp -lm -o build/san/test_support
cc -Iinclude -Itests -std=c11 -O2 -g -Wall -Wextra -Wpedantic -Werror -fsanitize=address,undefined -fno-omit-frame-pointer -MMD -MP -fsanitize=address,undefined tests/test_text_adele.c build/san/support/golden.o build/san/support/jsonl.o build/san/libadelefeld.a -lflint -lgmp -lm -o build/san/test_text_adele
cc -Iinclude -Itests -std=c11 -O2 -g -Wall -Wextra -Wpedantic -Werror -fsanitize=address,undefined -fno-omit-frame-pointer -MMD -MP -fsanitize=address,undefined tests/test_text_classify.c build/san/support/golden.o build/san/support/jsonl.o build/san/libadelefeld.a -lflint -lgmp -lm -o build/san/test_text_classify
cc -Iinclude -Itests -std=c11 -O2 -g -Wall -Wextra -Wpedantic -Werror -fsanitize=address,undefined -fno-omit-frame-pointer -MMD -MP -fsanitize=address,undefined tests/test_text_fball.c build/san/support/golden.o build/san/support/jsonl.o build/san/libadelefeld.a -lflint -lgmp -lm -o build/san/test_text_fball
cc -Iinclude -Itests -std=c11 -O2 -g -Wall -Wextra -Wpedantic -Werror -fsanitize=address,undefined -fno-omit-frame-pointer -MMD -MP -fsanitize=address,undefined tests/test_text_idele.c build/san/support/golden.o build/san/support/jsonl.o build/san/libadelefeld.a -lflint -lgmp -lm -o build/san/test_text_idele
cc -Iinclude -Itests -std=c11 -O2 -g -Wall -Wextra -Wpedantic -Werror -fsanitize=address,undefined -fno-omit-frame-pointer -MMD -MP -fsanitize=address,undefined tests/test_text_limits.c build/san/support/golden.o build/san/support/jsonl.o build/san/libadelefeld.a -lflint -lgmp -lm -o build/san/test_text_limits
cc -Iinclude -Itests -std=c11 -O2 -g -Wall -Wextra -Wpedantic -Werror -fsanitize=address,undefined -fno-omit-frame-pointer -MMD -MP -fsanitize=address,undefined tests/test_text_r3r9.c build/san/support/golden.o build/san/support/jsonl.o build/san/libadelefeld.a -lflint -lgmp -lm -o build/san/test_text_r3r9
cc -Iinclude -Itests -std=c11 -O2 -g -Wall -Wextra -Wpedantic -Werror -fsanitize=address,undefined -fno-omit-frame-pointer -MMD -MP -fsanitize=address,undefined tests/test_text_rat.c build/san/support/golden.o build/san/support/jsonl.o build/san/libadelefeld.a -lflint -lgmp -lm -o build/san/test_text_rat
cc -Iinclude -Itests -std=c11 -O2 -g -Wall -Wextra -Wpedantic -Werror -fsanitize=address,undefined -fno-omit-frame-pointer -MMD -MP -fsanitize=address,undefined tests/test_ucoset.c build/san/support/golden.o build/san/support/jsonl.o build/san/libadelefeld.a -lflint -lgmp -lm -o build/san/test_ucoset
