== build/san/test_abi
ok   sizeof_functions_agree_with_the_layouts
ok   array_of_one_types
ok   resid_function_signatures_and_status_codes
3 tests, 24 checks, 0 failed checks, 0 failed tests
== build/san/test_adele
ok   adele_ops_vectors
ok   adele_set_rat_vectors
ok   init_is_the_exact_zero
ok   set_si_is_exact_in_both_coordinates
ok   set_and_swap_copy_both_coordinates
ok   set_arb_fball_rejects_a_non_finite_real_ball
ok   get_real_get_fin_and_get_arb_at
ok   div_rat_by_zero_is_not_unit_and_leaves_z
ok   aliasing_of_add_sub_mul
ok   aliasing_of_neg_and_scale
ok   identical_separates_midpoint_radius_and_finite_part
ok   is_canonical_sees_a_non_finite_real_ball
ok   the_finite_coordinate_does_not_depend_on_prec
13 tests, 6712 checks, 0 failed checks, 0 failed tests
== build/san/test_adele_lowprec
ok   adele_add_rat_below_prec_two
ok   adele_mul_rat_below_prec_two
ok   adele_div_rat_below_prec_two
ok   adele_add_below_prec_two
ok   adele_sub_below_prec_two
ok   adele_mul_below_prec_two
ok   adele_set_rat_below_prec_two
ok   cadele_add_rat_below_prec_two
ok   cadele_mul_rat_below_prec_two
ok   cadele_div_rat_below_prec_two
ok   cadele_add_below_prec_two
ok   cadele_sub_below_prec_two
ok   cadele_mul_below_prec_two
ok   cadele_set_rat_below_prec_two
14 tests, 1426 checks, 0 failed checks, 0 failed tests
== build/san/test_adele_prec
ok   adele_add_computes_the_real_part_at_the_precision_asked_for
ok   adele_sub_computes_the_real_part_at_the_precision_asked_for
ok   adele_mul_computes_the_real_part_at_the_precision_asked_for
ok   adele_add_rat_computes_the_real_part_at_the_precision_asked_for
ok   adele_mul_rat_computes_the_real_part_at_the_precision_asked_for
ok   adele_div_rat_computes_the_real_part_at_the_precision_asked_for
ok   adele_set_rat_converts_at_the_precision_asked_for
ok   cadele_add_computes_the_real_part_at_the_precision_asked_for
ok   cadele_sub_computes_the_real_part_at_the_precision_asked_for
ok   cadele_mul_computes_the_real_part_at_the_precision_asked_for
ok   cadele_add_rat_computes_the_real_part_at_the_precision_asked_for
ok   cadele_mul_rat_computes_the_real_part_at_the_precision_asked_for
ok   cadele_div_rat_computes_the_real_part_at_the_precision_asked_for
ok   cadele_set_rat_converts_at_the_precision_asked_for
ok   adele_swap_exchanges_the_finite_half
ok   cadele_swap_exchanges_the_finite_half
ok   get_arb_at_the_real_place_returns_ADF_OK
17 tests, 148 checks, 0 failed checks, 0 failed tests
== build/san/test_cadele
ok   cadele_ops_vectors
ok   cadele_set_rat_vectors
ok   cadele_init_is_the_exact_zero
ok   cadele_set_and_swap
ok   cadele_set_rat_has_exact_zero_imaginary_part
ok   cadele_set_adele_is_exact
ok   i_squared_is_minus_one
ok   cadele_set_acb_fball_rejects_a_non_finite_complex_ball
ok   cadele_div_rat_by_zero_is_not_unit_and_leaves_z
ok   cadele_aliasing_of_add_sub_mul
ok   cadele_aliasing_of_neg_and_scale
ok   cadele_is_canonical_needs_both_coordinates
ok   cadele_identical_separates_the_parts
ok   cadele_finite_coordinate_does_not_depend_on_prec
ok   cadele_get_complex_and_get_fin
15 tests, 6141 checks, 0 failed checks, 0 failed tests
== build/san/test_cap
ok   cap_basic
ok   cap_exact_untouched
ok   cap_invariant_and_idempotent
ok   cap_domain_on_nonpositive_C
ok   cap_aliasing
ok   cap_huge_operands
ok   add_cap_basic
ok   add_cap_exact_untouched
ok   add_cap_of_two_capped_needs_no_cap
ok   add_cap_domain_on_nonpositive_C
ok   add_cap_aliasing
ok   sub_cap_basic
ok   sub_cap_exact_untouched
ok   sub_cap_domain_on_nonpositive_C
ok   sub_cap_aliasing
ok   mul_cap_basic
ok   mul_cap_exact_untouched
ok   mul_cap_domain_on_nonpositive_C
ok   mul_cap_aliasing
ok   mul_rat_cap_basic
ok   mul_rat_cap_exact_untouched
ok   mul_rat_cap_domain_on_nonpositive_C
ok   mul_rat_cap_aliasing
23 tests, 852 checks, 0 failed checks, 0 failed tests
== build/san/test_cap_chain
ok   chain_invariant
ok   chain_contains_tight
ok   enumeration_small_radii
3 tests, 320975 checks, 0 failed checks, 0 failed tests
== build/san/test_cap_local
ok   local_matches_global_of_same_value
ok   mixed_local_global_inputs
ok   local_inputs_different_contexts
ok   local_output_aliases_each_input
ok   local_domain_on_nonpositive_C
ok   local_source_exact_result_untouched
6 tests, 253 checks, 0 failed checks, 0 failed tests
== build/san/test_cap_vectors
ok   vectors_cap_absolute_cap
ok   vectors_add_cap
ok   vectors_sub_cap
ok   vectors_mul_cap
ok   vectors_mul_rat_cap
5 tests, 49930 checks, 0 failed checks, 0 failed tests
== build/san/test_common
ok   the_compiled_version_string_names_the_flint_of_the_headers
ok   the_compiled_version_string_is_static
ok   the_run_time_check_accepts_the_installed_flint
ok   adf_str_free_releases_the_memory_of_flint_malloc
ok   adf_str_free_of_null_does_nothing
ok   the_version_comparison_reads_the_major_and_the_minor_number
ok   the_version_comparison_of_the_installed_flint_says_the_versions_agree
7 tests, 78 checks, 0 failed checks, 0 failed tests
== build/san/test_common_unsupported
ok   the_check_accepts_the_same_major_and_minor
ok   the_check_rejects_a_different_minor
ok   the_check_rejects_a_different_major
ok   the_check_rejects_a_string_that_is_not_a_version
ok   unsupported_is_the_code_eight_and_is_named
ok   the_check_writes_nothing
6 tests, 48 checks, 0 failed checks, 0 failed tests
== build/san/test_dlopen
ok   the_shared_object_is_loaded
ok   the_five_functions_are_found_by_name_in_the_loaded_object
2 tests, 29 checks, 0 failed checks, 0 failed tests
== build/san/test_dump
ok   rat_dump_text
ok   rat_round_trip_random
ok   rat_statuses_and_strictness
ok   order_of_checks_two_faults
ok   header_before_the_whitespace_of_the_body
ok   grammar_before_limits_in_sball_and_rfun
ok   fball_global_dump_text
ok   fball_global_round_trip_random
ok   fball_global_statuses
ok   adele_round_trip_random
ok   cadele_round_trip_random
ok   adele_radius_edges
ok   adele_statuses
ok   inspect_without_contexts
ok   hostile_bytes
ok   input_at_the_end_of_a_page
ok   load_over_a_value
17 tests, 12259 checks, 0 failed checks, 0 failed tests
== build/san/test_dump_ctx
ok   local_fball_round_trip_1_2_64_128_blocks
ok   local_fball_raw_example
ok   adele_cadele_local_round_trip
ok   scaled_round_trip_contexts
ok   scaled_statuses
ok   scaled_get_str
ok   binding_rules
ok   inspection_capacity
ok   new_from_dump_every_body
ok   reference_vectors
ok   modctx_vectors_from_dump
ok   local_dump_at_the_end_of_a_page
ok   stage_edges_and_piece_order
ok   binding_counts_of_every_type
14 tests, 28587 checks, 0 failed checks, 0 failed tests
== build/san/test_dump_golden
ok   golden_dump_every_row
1 tests, 761 checks, 0 failed checks, 0 failed tests
== build/san/test_dump_limits
ok   block_cap_refuses_65537_blocks_everywhere
ok   block_cap_accepts_65536_blocks
ok   block_count_of_a_short_text_is_a_grammar_failure
ok   block_cap_and_max_items_in_that_order
ok   block_cap_before_the_predicate_of_the_context
ok   qclass_exponent_bound_at_and_above_the_bound
ok   qclass_exponent_bound_is_a_limit_of_stage_four
ok   no_exponent_bound_in_the_other_bodies
ok   block_cap_accepts_65536_blocks_in_full
9 tests, 297 checks, 0 failed checks, 0 failed tests
== build/san/test_fball
ok   spec_4_3_rows
ok   spec_4_2_rows
ok   radius_zero_is_a_point
ok   aliasing_binary
ok   canonical_form
ok   canonical_predicate
ok   enclosure_by_enumeration
ok   tightness_witnesses
ok   valuation_formula_at_each_prime
ok   accessors
ok   precision_at_a_place
ok   div_rat_status
ok   big_operands_4096_bits
ok   constructors
ok   swap_and_set
ok   canonicalise_raw_and_domains
ok   local_shaped_is_canonical
ok   identical_local_guard
ok   predicates_local_and_radius_edges
ok   arithmetic_local_input_as_set
20 tests, 412 checks, 0 failed checks, 0 failed tests
== build/san/test_fball_local
ok   set_local_and_set_global_basic
ok   prop25_denominator_shares_a_factor_with_the_block
ok   set_local_statuses_leave_the_output_untouched
ok   set_local_enclose_prop20
ok   conversions_aliasing_and_other_contexts
ok   round_trips_on_1_2_64_128_blocks
ok   life_cycle_of_the_residue_array
ok   is_canonical_predicate_L
ok   identical_compares_raw_data
ok   prop24_cancellation_keeps_the_set_not_the_triple
ok   accessors_agree_with_the_global_form
ok   predicates_through_the_canonical_triple
ok   canonical_H_changes_after_a_sum
ok   products_of_proposition_22
ok   scalars_of_proposition_23
ok   different_context_pointers_give_global_results
ok   operations_against_the_global_forms
ok   caller_reconstruct_with_a_local_ball
ok   caller_printer_with_a_local_ball
ok   caller_adele_add_with_local_finite_parts
ok   no_growth_of_live_blocks
ok   local_output_of_another_context_is_resized
ok   is_canonical_rejects_a_context_without_blocks
ok   constructors_over_a_value_with_other_data
ok   no_growth_of_live_blocks_in_the_life_cycle
25 tests, 20554 checks, 0 failed checks, 0 failed tests
== build/san/test_fball_local_vectors
local.jsonl: 967 local results, 632 global results, 154 statuses, 170 predicates
ok   every_record_of_local_jsonl
1 tests, 42682 checks, 0 failed checks, 0 failed tests
== build/san/test_fball_overwrite
ok   zero_writes_every_field_of_a_value_that_holds_other_data
ok   one_writes_every_field_of_a_value_that_holds_other_data
ok   set_si_writes_every_field_of_a_value_that_holds_other_data
ok   set_fmpz_writes_every_field_of_a_value_that_holds_other_data
ok   set_rat_writes_every_field_of_a_value_that_holds_other_data
ok   set_fmpz3_writes_every_field_of_a_value_that_holds_other_data
ok   set_center_radius_writes_every_field_of_a_value_that_holds_other_data
ok   set_copies_every_field_over_a_value_that_holds_other_data
ok   canonicalise_writes_every_field_of_a_raw_triple_over_other_data
ok   swap_moves_every_field
ok   the_constructors_do_not_depend_on_the_earlier_value
11 tests, 44 checks, 0 failed checks, 0 failed tests
== build/san/test_fball_vectors
ok   vectors_canonical
ok   vectors_add
ok   vectors_sub
ok   vectors_mul
ok   vectors_neg
ok   vectors_scale
ok   vectors_predicates
ok   vectors_compare
ok   vectors_membership
9 tests, 34229 checks, 0 failed checks, 0 failed tests
== build/san/test_headers
ok   status_values_are_those_of_conventions_3_1
ok   status_names_are_those_of_the_golden_files
ok   point_comparison_values_are_those_of_conventions_2_1
ok   text_kinds_are_the_thirteen_start_symbols_in_order
ok   text_limits_default_are_those_of_conventions_8_4
ok   version_is_0_1_0
ok   backend_tags_are_those_of_conventions_5_2
ok   header_compiled_against_flint_3_0
8 tests, 58 checks, 0 failed checks, 0 failed tests
== build/san/test_idclass
ok   layout_is_64_bytes
ok   init_is_the_class_of_one
ok   is_canonical_is_the_class_predicate
ok   set_parts_accessors_identical_swap
ok   class_map_hand_cases_and_the_sign_on_the_unit
ok   class_map_units_against_enumeration
ok   class_of_q_times_x_is_the_class_of_x
ok   class_map_not_determined_and_prec
ok   class_map_huge_operands
ok   spec5_sign_preservation_for_classes
ok   mul_inv_units_against_enumeration_and_the_class_of_one
ok   mul_inv_not_determined_leave_the_output_untouched
ok   prec_above_the_limit_is_LIMIT_and_untouched
vectors: 922 lines: 304 class, 309 mul, 309 inv; 301 NOT_DETERMINED, 22 exact results
ok   vectors_of_the_reference
ok   LIMIT_before_any_allocation_of_the_class_functions
ok   class_of_an_exact_rational_is_exact_only_when_it_fits_the_class_precision
16 tests, 9752 checks, 0 failed checks, 0 failed tests
== build/san/test_idele
ok   layout_is_80_bytes
ok   init_is_the_exact_idele_one
ok   is_canonical_is_the_predicate_of_conventions_5_7
ok   set_parts_and_its_refusals
ok   set_rat_negative_exact_and_zero
ok   spec5_sign_preservation
ok   product_of_the_ideles_of_rationals
ok   the_point_one_is_in_x_times_x_inverse
ok   not_determined_leaves_the_output_untouched
ok   aliasing_of_mul_and_inv
ok   prec_below_2_is_2_and_huge_exponents
vectors: 1758 lines: 260 set_rat, 749 mul, 749 inv; 489 NOT_DETERMINED, 82 exact results; largest midpoint minus (2 p + 30) bits: -3
ok   vectors_of_the_reference
12 tests, 8613 checks, 0 failed checks, 0 failed tests
== build/san/test_idele_maps
ok   valuations_of_the_idele_of_minus_6_over_35
ok   valuation_by_divisibility_and_the_product_formula
ok   valuations_of_huge_contents
ok   abs_inf_is_the_exact_absolute_ball
norm of the idele of a rational: 78 exact 1, 6 NOT_DETERMINED (p < 4)
ok   norm_of_the_idele_of_a_rational_is_one
ok   norm_hand_cases_and_not_determined
ok   mul_rat_hand_cases_statuses_and_aliasing
ok   mul_rat_huge_operands_and_prec_below_2
ok   prec_above_the_limit_is_LIMIT_and_untouched
vectors: 1097 lines: 265 mul_rat, 304 norm, 264 valuation lines (2154 places), 264 abs_inf; 161 NOT_DETERMINED, 28 exact results
ok   vectors_of_the_reference
ok   LIMIT_before_any_allocation_of_the_idele_functions
ok   norm_of_an_exact_rational_is_exact_only_when_it_fits_the_norm_precision
12 tests, 10476 checks, 0 failed checks, 0 failed tests
== build/san/test_idmap
hulls: 1680 (coset, content) cases, simple hull strictly coarser in 1392
ok   hulls_contain_every_point_and_the_small_one_is_tight
ok   set_adele_statuses_and_round_trip
division: 4736 cases against enumeration, 600 by exact units, 64 with a = M = 0, 0 too long to enumerate
ok   division_against_enumeration_and_the_inverse
ok   division_statuses_aliasing_local_and_prec
ok   division_by_an_exact_rational_is_P18
vectors: 774 lines: 300 hull, 72 set_adele (47 refused), 402 div (2 LIMIT)
ok   vectors_of_the_reference
ok   LIMIT_before_any_allocation_of_the_division
7 tests, 54200 checks, 0 failed checks, 0 failed tests
== build/san/test_idpow
ucoset powers against enumeration: 296 cases, 118 levels too large (checked by the vectors)
ok   ucoset_pow_against_enumeration
ok   ucoset_pow_hand_cases_and_aliasing
vectors: 1573 lines: 642 ucoset, 509 idele, 422 class; 322 NOT_DETERMINED, 15 LIMIT, 114 exact, 594 with exact ends
ok   vectors_of_the_reference
ok   idele_pow_hand_cases_statuses_aliasing
ok   idele_pow_against_repeated_multiplication
ok   idclass_pow_hand_cases
ok   LIMIT_before_any_allocation_of_the_power_functions
ok   exact_power_only_for_positive_exponents
8 tests, 10136 checks, 0 failed checks, 0 failed tests
== build/san/test_invariants
test_invariants: skipped: built without -DADF_CHECK_INVARIANTS
ok   skipped_without_the_flag
1 tests, 1 checks, 0 failed checks, 0 failed tests
== build/san/test_invariants_lifetime
test_invariants_lifetime: skipped: built without -DADF_CHECK_INVARIANTS
ok   skipped_without_the_flag
1 tests, 1 checks, 0 failed checks, 0 failed tests
== build/san/test_layouts
ok   alignments_left_out_by_test_abi_c
1 tests, 10 checks, 0 failed checks, 0 failed tests
== build/san/test_lball
ok   layout_init_and_copy
ok   is_canonical_rejects_each_clause
ok   vectors_construct
ok   vectors_binary
ok   vectors_unary
ok   vectors_predicates
   enumeration p=2: 57 balls, 12996 binary cases, 114 unary cases
ok   enumeration_p2
   enumeration p=3: 38 balls, 5776 binary cases, 76 unary cases
ok   enumeration_p3
   enumeration p=5: 86 balls, 16000 binary cases, 172 unary cases
ok   enumeration_p5
   enumeration p=7: 158 balls, 8000 binary cases, 316 unary cases
ok   enumeration_p7
ok   statuses_and_untouched_outputs
   aliasing: 1102 cases
ok   aliasing
ok   unit_part_check_rejects_the_wrong_unit
ok   decompose_roundtrip
ok   inverse_times_self_contains_one
ok   the_prime_2_64_minus_59
ok   limits_and_extreme_exponents
ok   get_center_and_abs_values
ok   set_fball_local_backend
ok   set_fball_exact_and_fractional
ok   the_example_of_the_brief
ok   inv_of_an_exact_power_at_the_exponent_limit
ok   sub_of_small_results_at_the_exponent_limit
ok   div_of_small_results_at_the_exponent_limit
ok   add_mul_neg_at_the_exponent_limits
   composition p=2: 3249 pairs
   composition p=3: 3721 pairs
   composition p=5: 7396 pairs
ok   sub_and_div_agree_with_their_compositions
ok   set_fball_limit_is_decided_without_the_full_valuation
ok   set_fball_small_centre_above_the_bound_is_ok
ok   inputs_beyond_the_exponent_limit_are_limit_not_overflow
ok   set_fball_limit_when_the_numerator_alone_is_above_the_bound
30 tests, 3982758 checks, 0 failed checks, 0 failed tests
== build/san/test_lball_decomp
ok   teichmuller_against_the_limit_of_powers
ok   teichmuller_statuses
ok   decompose_teich_p2
ok   decompose_teich_p3
ok   decompose_teich_p5
ok   decompose_teich_p7
ok   decompose_teich_p11
ok   decompose_teich_the_big_prime
ok   decompose_teich_exact_values
ok   decompose_teich_statuses_and_limits
ok   frac_of_exact_values
ok   frac_of_balls
ok   frac_statuses_and_limits
ok   unit_mod_against_the_congruences
ok   pow_balls_p2
ok   pow_balls_p3
ok   pow_balls_p5
ok   pow_balls_p7
ok   pow_the_big_prime_and_large_exponents
ok   pow_the_factor_v_p_of_k
ok   pow_exact_values_and_k_zero
ok   pow_limits
ok   pow_aliasing_and_composition
ok   vectors_slice3
24 tests, 572484 checks, 0 failed checks, 0 failed tests
== build/san/test_lfunc
ok   stored_before_optimisation
ok   review_R1_five_seconds
  cases_from_the_reference: 790 lines, OK 649, DOMAIN 100, NOT_DETERMINED 41
ok   cases_from_the_reference
  points_from_the_reference: 2165 points, 28 exact results
ok   points_from_the_reference
  ball_enumeration_over_the_grid: 7600 calls, 61032 point values enclosed, 3852 smallest-ball witnesses
ok   ball_enumeration_over_the_grid
ok   spec_precision_cases
  identities_as_containment: 1046 round trips, 360 homomorphism checks
ok   identities_as_containment
  flint_second_opinion: 1000 compared, 0 refused by FLINT
ok   flint_second_opinion
ok   precision_2000
ok   every_status
ok   exact_results_and_shortcut_values
ok   zz_free_the_grid
12 tests, 454429 checks, 0 failed checks, 0 failed tests
== build/san/test_lfunc_trig
ok   exact_reference_all_rows_and_aliases
enumeration: 1296 balls/requests, 18108 point enclosures, 480 hull witnesses
ok   every_ball_and_every_grid_point
ok   independent_small_truncations
ok   statuses_limits_and_no_power_shortcuts
ok   hyperbolic_exp_containment
ok   circular_exp_with_hensel_i
6 tests, 2173970 checks, 0 failed checks, 0 failed tests
== build/san/test_linsolve
ok   init_value_and_accessors
ok   accessors_copy_and_aliasing
all systems modulo 4, r, c <= 2: 4455 systems, OK 2569, NO_SOLUTION 1886; kernel of one element 1757, the whole space 42, other 2656; not free 1456; failures 0
   kernel sizes (size:count): 1:1757 2:1204 4:1317 8:156 16:21
ok   every_system_modulo_4_with_r_c_at_most_2
random systems, N in {1, 2, 3, 4, 5, 6, 8, 9, 10, 12, 16, 18}, r, c <= 3: 7088 systems, OK 4749, NO_SOLUTION 2339; kernel of one element 3006, the whole space 1978, other 2104; not free 1159; failures 0
   kernel sizes (size:count): 1:3006 2:538 3:262 4:363 5:166 6:159 8:232 9:249 10:108 12:110 16:238 18:101 20:18 24:18 25:97 27:79 32:44 36:102 40:3 48:17 50:10 54:8 64:158 72:26 81:97 96:1 100:81 108:18 125:61 128:28 144:69 162:9 192:3 200:5 216:53 243:9 250:7 256:77 288:5 324:80 432:9 500:3 512:67 576:4 648:14 729:56 864:7 972:3 1000:48 1024:10 1728:48 1944:3 2048:2 2916:2 4096:51 5832:46
ok   random_systems_small_moduli_r_c_at_most_3
one equation a z = b modulo N, N < 40: 20540 cases, 0 failures
ok   one_equation_every_a_b_for_N_below_40
canonical form: 440 systems changed by permutation, units and redundant equations, 111 without solution; 0 with a different G or status
ok   canonical_under_permutation_units_and_redundant_equations
vectors: 483 lines, OK 342, NO_SOLUTION 141, N above 64 bits 123; 0 differ
ok   vectors_s1_slice1_every_line
changed certificates, generator removed                         :  2598 tried,  2598 refused,     0 accepted and true, 0 accepted and false
changed certificates, generator changed                         :  2598 tried,  2069 refused,   529 accepted and true, 0 accepted and false
changed certificates, row of E removed (with V)                 :  3000 tried,  3000 refused,     0 accepted and true, 0 accepted and false
changed certificates, row of E changed                          :  3000 tried,  2403 refused,   597 accepted and true, 0 accepted and false
changed certificates, row of V removed (E kept)                 :  3000 tried,  3000 refused,     0 accepted and true, 0 accepted and false
changed certificates, row of V changed                          :  3000 tried,  2032 refused,   968 accepted and true, 0 accepted and false
changed certificates, x0 or y changed                           :  3600 tried,  2158 refused,  1442 accepted and true, 0 accepted and false
changed certificates, kind flipped                              :  3600 tried,  3600 refused,     0 accepted and true, 0 accepted and false
changed certificates, generator multiplied by a unit            :  2178 tried,  1520 refused,   658 accepted and true, 0 accepted and false
changed certificates, certificate of another matrix             :  3600 tried,  3393 refused,   207 accepted and true, 0 accepted and false
changed certificates, certificate of A with one row replaced    :  3600 tried,  3243 refused,   357 accepted and true, 0 accepted and false
changed certificates, row of E repeated, generator removed      :  1998 tried,  1998 refused,     0 accepted and true, 0 accepted and false
changed certificates, generator plus a multiple of a later one  :  1308 tried,  1136 refused,   172 accepted and true, 0 accepted and false
ok   checker_refuses_false_certificates
ok   checker_refuses_wrong_shapes_and_moduli
ok   statuses_domain_and_limit_leave_sol_untouched
ok   special_cases_and_huge_entries
wrapper test (FLINT fmpz_mat_howell_form_mod, padded): 270 matrices, 270 identical to Algorithm H
ok   wrapper_test_fmpz_mat_howell_form_mod
12 tests, 14415 checks, 0 failed checks, 0 failed tests
== build/san/test_linsolve_rest
set/swap/identical: 4455 systems, 0 failed; other rhs identical 1014, differing 3438; permuted equations identical 405, differing 4050
ok   set_swap_identical_on_the_grid
identical: 28 single changes, all seen
ok   identical_sees_every_field
grid mod 4: 4455 systems, contains yes 4455 no 63234, shifted 25533, kernel order > 1 in 2698; 0 bad
ok   kernel_order_contains_image_cert_on_the_grid
random small N: 1800 systems, contains yes 171290 no 405431, kernel order > 1 in 1007; 0 bad
ok   kernel_order_contains_image_cert_random_small_moduli
ok   kernel_order_named_values
fball: 2815 systems (185 skipped for N^c > 6000); OK 1591, NO_SOLUTION 1224; lcm below the product in 807; non-canonical raw triples 2651; coordinate balls checked 2774; 0 bad
ok   fball_against_exact_membership
local/global: 544 systems, 358 with some local ball, 52 mixed; 0 bad
ok   fball_local_and_global_backends_agree
ok   fball_statuses
ok   get_fball_statuses_and_named_values
get_fball: 5655 systems, 6564 coordinate balls with solutions compared with the residues; 0 bad
ok   get_fball_residues_on_the_grid
ok   fball_large_operands_planted_solution
ok   fball_limit_and_dimension
vectors: 780 lines, OK 391, NO_SOLUTION 389, N above 64 bits 104, coordinate balls 759; 0 differ
ok   vectors_s1_slice2_every_line
13 tests, 30328 checks, 0 failed checks, 0 failed tests
== build/san/test_modctx
ok   vectors_modctx
ok   golden_modctx_bodies
ok   constructor_validations_touch_no_output
ok   ctx_desc_and_match
ok   two_threads_read_one_context
ok   free_null_and_layout
ok   from_dump_edge_cases
ok   from_dump_many_blocks
ok   dump_input_without_terminator
ok   new_prime_powers_many_blocks
ok   matches_desc_compares_the_first_block
11 tests, 10197 checks, 0 failed checks, 0 failed tests
== build/san/test_modctx_limits
ok   refused_call_retains_no_primorial_memory
ok   primorial_refusals_are_decided_from_n_and_e
ok   factorial_refusals_are_decided_from_n
ok   k_above_the_bound_does_not_read_the_array
ok   largest_admitted_cases_succeed
ok   null_out_is_a_domain_error
ok   recombine_is_the_representative_in_range
7 tests, 239 checks, 0 failed checks, 0 failed tests
== build/san/test_modctx_pin
ok   every_residue_of_K_35_is_the_representative_in_0_K
ok   every_residue_of_K_105_is_the_representative_in_0_K
ok   every_residue_of_K_2310_is_the_representative_in_0_K
ok   the_lower_end_of_the_range_is_0
ok   the_upper_end_of_the_range_is_K_minus_1
ok   one_block_gives_the_residue_itself
ok   a_negative_input_recombines_to_its_class_in_0_K
7 tests, 5716 checks, 0 failed checks, 0 failed tests
== build/san/test_place
ok   the_place_has_the_fixed_layout_of_the_interface
ok   the_archimedean_place_is_not_a_prime
ok   a_place_made_twice_from_the_same_prime_is_one_place
ok   every_prime_gives_a_finite_place
ok   the_largest_prime_below_two_to_the_sixty_four_is_a_place
ok   a_composite_prime_argument_is_outside_the_domain
ok   the_output_is_untouched_when_the_argument_is_not_prime
ok   the_archimedean_place_comes_before_every_prime
ok   the_canonical_order_is_the_increasing_order_of_the_primes
ok   the_order_is_a_strict_total_order
ok   a_place_survives_by_value
11 tests, 797 checks, 0 failed checks, 0 failed tests
== build/san/test_rat
ok   the_vectors_of_the_constructors_from_raw_data
ok   the_vectors_of_adf_rat_set_si
ok   the_vectors_of_the_sum
ok   the_vectors_of_the_difference
ok   the_vectors_of_the_product
ok   the_vectors_of_the_negation
ok   the_vectors_of_the_quotient
ok   the_vectors_of_the_inverse
ok   the_vectors_of_the_predicates
ok   the_life_cycle
ok   the_zero_and_the_one
ok   the_zero_keeps_its_canonical_form_under_arithmetic
ok   a_copy_may_be_its_own_source
ok   a_swap_exchanges_the_values
ok   a_copy_owns_its_own_limbs
ok   the_constructor_from_two_integers_reduces_and_moves_the_sign
ok   the_constructor_from_two_integers_admits_aliased_arguments
ok   the_constructor_from_an_fmpq_canonicalises
ok   a_zero_denominator_is_outside_the_domain_and_writes_nothing
ok   the_quotient_by_the_exact_zero_is_not_a_unit_and_writes_nothing
ok   the_inverse_of_the_exact_zero_is_not_a_unit_and_writes_nothing
ok   the_sign_of_every_value
ok   the_equality_of_two_values
ok   a_non_canonical_value_is_told_from_a_canonical_one
ok   the_arithmetic_of_huge_operands_is_exact
ok   the_layout_of_the_rational_is_the_documented_one
26 tests, 41415 checks, 0 failed checks, 0 failed tests
== build/san/test_recon
ok   one_candidate_of_a_ball_of_radius_one_sixth
ok   the_end_points_of_the_closed_interval_are_candidates
ok   an_interval_of_the_width_of_the_radius
ok   an_interval_just_below_the_width_of_the_radius
ok   no_candidate_gives_no_solution
ok   an_empty_interval_gives_no_solution
ok   an_exact_finite_ball_gives_its_centre
ok   negative_centres
ok   a_radius_with_a_denominator
ok   several_candidates_give_not_unique
ok   the_output_may_be_one_of_the_interval_end_points
ok   operands_of_4096_bits
ok   the_enumeration_of_candidates_agrees_with_the_function
ok   an_adele_with_a_real_ball_of_radius_zero
ok   the_end_points_of_the_real_interval_are_candidates
ok   the_adele_agrees_with_the_finite_ball_call_on_the_exact_interval
ok   an_adele_with_an_exact_finite_ball
ok   an_adele_with_operands_of_4096_bits
ok   an_adele_with_an_infinite_real_ball_is_rejected
19 tests, 52740 checks, 0 failed checks, 0 failed tests
== build/san/test_recon_canon
ok   the_bound_is_the_value_mn_times_two_to_the_exp
ok   the_bound_is_in_canonical_form
ok   a_bound_that_is_not_canonical_on_entry_comes_out_canonical
ok   the_refusal_of_an_exponent_beyond_the_bound_leaves_it_untouched
ok   the_public_reconstruction_returns_a_canonical_rational
5 tests, 139 checks, 0 failed checks, 0 failed tests
== build/san/test_recon_limit
ok   the_real_balls_of_the_review_are_answered_limit
ok   one_above_the_bound_gives_limit
ok   at_the_bound_the_ball_is_computed
ok   a_zero_midpoint_a_zero_radius_and_two_zeros
4 tests, 778 checks, 0 failed checks, 0 failed tests
== build/san/test_recon_vectors
ok   vectors_recon
ok   vectors_recon_edges_of_the_lane
ok   vectors_recon_adele
3 tests, 21194 checks, 0 failed checks, 0 failed tests
== build/san/test_resid
ok   life_cycle_and_init_values
ok   set_fmpz2_reduces_and_refuses_m_below_one
ok   get_fmpz2_aliasing_and_is_canonical
brute force: 804804 cases, 61214 inside 2AB < m (OK 22622, NO_SOLUTION by (b) 29754, by (c) 8838), 743590 in the range 2AB >= m
ok   brute_force_every_m_up_to_36
vectors: 2643 lines, OK 1117, NO_SOLUTION (b) 1384, (c) 140, empty box 2
ok   vectors_s3_slice1_every_line
ok   boundary_2AB_against_m
ok   boundary_small_moduli_and_zero_A
ok   empty_box_is_no_solution_with_no_certificate
ok   null_cert_gives_the_same_answers
ok   certificate_check_refuses_changed_quadruples
ok   aliasing_of_the_inputs
wrapper test (FLINT fmpq_reconstruct_fmpz_2): 120651 cases, both OK and equal 51645, both none 69006
ok   wrapper_test_against_fmpq_reconstruct_fmpz_2
12 tests, 3395820 checks, 0 failed checks, 0 failed tests
== build/san/test_resid_full
enumeration against the literal definition: 79664 problems
ok   enumeration_agrees_with_the_literal_definition
brute force whole range: 804804 cases; NO_SOLUTION 52674, OK 92246, NOT_UNIQUE 659884; in the range 2AB >= m: NO_SOLUTION 14082, OK 69624, NOT_UNIQUE 659884
ok   brute_force_every_m_up_to_36_whole_range
limits grid: 1236900 calls (NO_SOLUTION 71481, OK 70868, NOT_UNIQUE 785882, NOT_DETERMINED 308669), NOT_UNIQUE found in a cut search 108402, OK from a cut search 0, 'limit 0 is 2AB >= m' fails 127564 times, 247380 cert = NULL calls
ok   limits_grid_m_up_to_24
vectors: 11298 lines (NO_SOLUTION 1114, OK 1293, NOT_UNIQUE 6281, NOT_DETERMINED 2610), X >= 2^64 in 314, limit WORD_MAX in 237, largest m 4001 bits, slowest call 0.001 s
ok   vectors_s3_slice2_every_line
ok   edge_cases_of_check_s3_edge
large operands: 368 calls (NO_SOLUTION 83, OK 51, NOT_UNIQUE 19, NOT_DETERMINED 215), 24 with X above 2^64, 71 with a decided problem at limit WORD_MAX, slowest call 0.000 s
ok   large_operands_return_at_once
ok   aliasing_in_the_search_range
7 tests, 29391859 checks, 0 failed checks, 0 failed tests
== build/san/test_resid_rest
make: *** [Makefile:102: check] Terminated
