mkdir -p lanes/f-slice7/build
mkdir -p lanes/f-slice7/build/support
cc -Iinclude -std=c11 -O2 -g -Wall -Wextra -Wpedantic -Werror -MMD -MP -c src/adele.c -o lanes/f-slice7/build/adele.o
cc -Iinclude -std=c11 -O2 -g -Wall -Wextra -Wpedantic -Werror -MMD -MP -c src/cap.c -o lanes/f-slice7/build/cap.o
cc -Iinclude -std=c11 -O2 -g -Wall -Wextra -Wpedantic -Werror -MMD -MP -c src/common.c -o lanes/f-slice7/build/common.o
cc -Iinclude -std=c11 -O2 -g -Wall -Wextra -Wpedantic -Werror -MMD -MP -c src/dump.c -o lanes/f-slice7/build/dump.o
cc -Iinclude -std=c11 -O2 -g -Wall -Wextra -Wpedantic -Werror -MMD -MP -c src/fball.c -o lanes/f-slice7/build/fball.o
cc -Iinclude -std=c11 -O2 -g -Wall -Wextra -Wpedantic -Werror -MMD -MP -c src/fball_local.c -o lanes/f-slice7/build/fball_local.o
cc -Iinclude -std=c11 -O2 -g -Wall -Wextra -Wpedantic -Werror -MMD -MP -c src/idclass.c -o lanes/f-slice7/build/idclass.o
cc -Iinclude -std=c11 -O2 -g -Wall -Wextra -Wpedantic -Werror -MMD -MP -c src/idele.c -o lanes/f-slice7/build/idele.o
cc -Iinclude -std=c11 -O2 -g -Wall -Wextra -Wpedantic -Werror -MMD -MP -c src/idmap.c -o lanes/f-slice7/build/idmap.o
cc -Iinclude -std=c11 -O2 -g -Wall -Wextra -Wpedantic -Werror -MMD -MP -c src/idpow.c -o lanes/f-slice7/build/idpow.o
cc -Iinclude -std=c11 -O2 -g -Wall -Wextra -Wpedantic -Werror -MMD -MP -c src/inlines.c -o lanes/f-slice7/build/inlines.o
cc -Iinclude -std=c11 -O2 -g -Wall -Wextra -Wpedantic -Werror -MMD -MP -c src/lball.c -o lanes/f-slice7/build/lball.o
cc -Iinclude -std=c11 -O2 -g -Wall -Wextra -Wpedantic -Werror -MMD -MP -c src/lball_decomp.c -o lanes/f-slice7/build/lball_decomp.o
cc -Iinclude -std=c11 -O2 -g -Wall -Wextra -Wpedantic -Werror -MMD -MP -c src/lfunc.c -o lanes/f-slice7/build/lfunc.o
cc -Iinclude -std=c11 -O2 -g -Wall -Wextra -Wpedantic -Werror -MMD -MP -c src/linsolve.c -o lanes/f-slice7/build/linsolve.o
cc -Iinclude -std=c11 -O2 -g -Wall -Wextra -Wpedantic -Werror -MMD -MP -c src/modctx.c -o lanes/f-slice7/build/modctx.o
cc -Iinclude -std=c11 -O2 -g -Wall -Wextra -Wpedantic -Werror -MMD -MP -c src/place.c -o lanes/f-slice7/build/place.o
cc -Iinclude -std=c11 -O2 -g -Wall -Wextra -Wpedantic -Werror -MMD -MP -c src/rat.c -o lanes/f-slice7/build/rat.o
cc -Iinclude -std=c11 -O2 -g -Wall -Wextra -Wpedantic -Werror -MMD -MP -c src/recon.c -o lanes/f-slice7/build/recon.o
cc -Iinclude -std=c11 -O2 -g -Wall -Wextra -Wpedantic -Werror -MMD -MP -c src/resid.c -o lanes/f-slice7/build/resid.o
cc -Iinclude -std=c11 -O2 -g -Wall -Wextra -Wpedantic -Werror -MMD -MP -c src/rfunc.c -o lanes/f-slice7/build/rfunc.o
cc -Iinclude -std=c11 -O2 -g -Wall -Wextra -Wpedantic -Werror -MMD -MP -c src/roots.c -o lanes/f-slice7/build/roots.o
cc -Iinclude -std=c11 -O2 -g -Wall -Wextra -Wpedantic -Werror -MMD -MP -c src/roots_real.c -o lanes/f-slice7/build/roots_real.o
cc -Iinclude -std=c11 -O2 -g -Wall -Wextra -Wpedantic -Werror -MMD -MP -c src/sball.c -o lanes/f-slice7/build/sball.o
cc -Iinclude -std=c11 -O2 -g -Wall -Wextra -Wpedantic -Werror -MMD -MP -c src/scaled.c -o lanes/f-slice7/build/scaled.o
cc -Iinclude -std=c11 -O2 -g -Wall -Wextra -Wpedantic -Werror -MMD -MP -c src/status.c -o lanes/f-slice7/build/status.o
cc -Iinclude -std=c11 -O2 -g -Wall -Wextra -Wpedantic -Werror -MMD -MP -c src/text.c -o lanes/f-slice7/build/text.o
cc -Iinclude -std=c11 -O2 -g -Wall -Wextra -Wpedantic -Werror -MMD -MP -c src/text_idele.c -o lanes/f-slice7/build/text_idele.o
cc -Iinclude -std=c11 -O2 -g -Wall -Wextra -Wpedantic -Werror -MMD -MP -c src/ucoset.c -o lanes/f-slice7/build/ucoset.o
cc -Iinclude -Itests -std=c11 -O2 -g -Wall -Wextra -Wpedantic -Werror -MMD -MP -c tests/support/golden.c -o lanes/f-slice7/build/support/golden.o
cc -Iinclude -Itests -std=c11 -O2 -g -Wall -Wextra -Wpedantic -Werror -MMD -MP -c tests/support/jsonl.c -o lanes/f-slice7/build/support/jsonl.o
ar rcs lanes/f-slice7/build/libadelefeld.a lanes/f-slice7/build/adele.o lanes/f-slice7/build/cap.o lanes/f-slice7/build/common.o lanes/f-slice7/build/dump.o lanes/f-slice7/build/fball.o lanes/f-slice7/build/fball_local.o lanes/f-slice7/build/idclass.o lanes/f-slice7/build/idele.o lanes/f-slice7/build/idmap.o lanes/f-slice7/build/idpow.o lanes/f-slice7/build/inlines.o lanes/f-slice7/build/lball.o lanes/f-slice7/build/lball_decomp.o lanes/f-slice7/build/lfunc.o lanes/f-slice7/build/linsolve.o lanes/f-slice7/build/modctx.o lanes/f-slice7/build/place.o lanes/f-slice7/build/rat.o lanes/f-slice7/build/recon.o lanes/f-slice7/build/resid.o lanes/f-slice7/build/rfunc.o lanes/f-slice7/build/roots.o lanes/f-slice7/build/roots_real.o lanes/f-slice7/build/sball.o lanes/f-slice7/build/scaled.o lanes/f-slice7/build/status.o lanes/f-slice7/build/text.o lanes/f-slice7/build/text_idele.o lanes/f-slice7/build/ucoset.o
cc -Iinclude -Itests -std=c11 -O2 -g -Wall -Wextra -Wpedantic -Werror -MMD -MP  tests/test_lfunc_trig.c lanes/f-slice7/build/support/golden.o lanes/f-slice7/build/support/jsonl.o lanes/f-slice7/build/libadelefeld.a -lflint -lgmp -lm -o lanes/f-slice7/build/test_lfunc_trig
/usr/bin/ld: /tmp/ccDuRPN9.o: in function `adf_test_fn_independent_small_truncations':
/home/tobias/Projects/adelefeld-wt/f-slice7/tests/test_lfunc_trig.c:185:(.text+0x21ff): undefined reference to `adf_lball_cos'
/usr/bin/ld: /home/tobias/Projects/adelefeld-wt/f-slice7/tests/test_lfunc_trig.c:187:(.text+0x2266): undefined reference to `adf_lball_sin'
/usr/bin/ld: /home/tobias/Projects/adelefeld-wt/f-slice7/tests/test_lfunc_trig.c:188:(.text+0x2299): undefined reference to `adf_lball_cos'
/usr/bin/ld: /tmp/ccDuRPN9.o:/home/tobias/Projects/adelefeld-wt/f-slice7/tests/test_lfunc_trig.c:13:(.data.rel.ro+0x0): undefined reference to `adf_lball_sin'
/usr/bin/ld: /tmp/ccDuRPN9.o:(.data.rel.ro+0x8): undefined reference to `adf_lball_cos'
/usr/bin/ld: /tmp/ccDuRPN9.o:(.data.rel.ro+0x10): undefined reference to `adf_lball_sinh'
/usr/bin/ld: /tmp/ccDuRPN9.o:(.data.rel.ro+0x18): undefined reference to `adf_lball_cosh'
collect2: error: ld returned 1 exit status
make: *** [Makefile:99: lanes/f-slice7/build/test_lfunc_trig] Error 1
