== fuzz driver for 120 s, 1 worker(s)
INFO: Running with entropic power schedule (0xFF, 100).
INFO: Seed: 4255350287
INFO: Loaded 1 modules   (395 inline 8-bit counters): 395 [0x593a8fdea040, 0x593a8fdea1cb), 
INFO: Loaded 1 PC tables (395 PCs): 395 [0x593a8fdea1d0,0x593a8fdeba80), 
INFO:       18 files found in /home/tobias/Projects/adelefeld-wt/m1-driver/build/fuzz/corpus/driver
INFO:       18 files found in /home/tobias/Projects/adelefeld-wt/m1-driver/tests/fuzz/corpus/driver
INFO: -max_len is not provided; libFuzzer will not generate inputs larger than 65552 bytes
INFO: seed corpus: files: 36 min: 37b max: 65552b total: 295326b rss: 33Mb
#38	INITED cov: 233 ft: 733 corp: 18/144Kb exec/s: 0 rss: 52Mb
#39	NEW    cov: 233 ft: 734 corp: 19/145Kb lim: 65552 exec/s: 0 rss: 52Mb L: 1675/65552 MS: 1 InsertByte-
#40	NEW    cov: 233 ft: 744 corp: 20/146Kb lim: 65552 exec/s: 0 rss: 52Mb L: 357/65552 MS: 1 EraseBytes-
#41	NEW    cov: 233 ft: 748 corp: 21/147Kb lim: 65552 exec/s: 0 rss: 52Mb L: 852/65552 MS: 1 ChangeBit-
#42	NEW    cov: 233 ft: 750 corp: 22/148Kb lim: 65552 exec/s: 0 rss: 52Mb L: 1357/65552 MS: 1 EraseBytes-
   ... (the libFuzzer trace of every new corpus entry is left out; the last lines)
#38	INITED cov: 233 ft: 733 corp: 18/144Kb exec/s: 0 rss: 52Mb
#46047	DONE   cov: 244 ft: 1693 corp: 298/2590Kb lim: 65552 exec/s: 380 rss: 493Mb
---------------------------------------------------------------------------------------------------------------------------------------------------------------------------------------------------------------------------------------------------------------------------------------
include/adelefeld/adele.h            4                 4     0.00%           4                 4     0.00%           4                 4     0.00%           0                 0         -
include/adelefeld/dump.h             2                 2     0.00%           2                 2     0.00%           2                 2     0.00%           0                 0         -
include/adelefeld/fball.h            2                 2     0.00%           2                 2     0.00%           2                 2     0.00%           0                 0         -
include/adelefeld/place.h            2                 2     0.00%           2                 2     0.00%           2                 2     0.00%           0                 0         -
include/adelefeld/rat.h              2                 2     0.00%           2                 2     0.00%           2                 2     0.00%           0                 0         -
include/adelefeld/scaled.h           2                 2     0.00%           2                 2     0.00%           2                 2     0.00%           0                 0         -
include/adelefeld/status.h          24                 1    95.83%           1                 0   100.00%          17                 1    94.12%          24                 1    95.83%
include/adelefeld/text.h             3                 3     0.00%           3                 3     0.00%           8                 8     0.00%           0                 0         -
tests/fuzz/fuzz_driver.c            61                 9    85.25%           4                 0   100.00%          81                28    65.43%          46                12    73.91%
tests/support/golden.c             341               341     0.00%          20                20     0.00%         480               480     0.00%         246               246     0.00%
tests/support/jsonl.c              830               830     0.00%          33                33     0.00%         812               812     0.00%         524               524     0.00%
tools/adf/adf.c                    444                12    97.30%          26                 0   100.00%         654                20    96.94%         342                21    93.86%

Files which contain no functions:
tests/support/golden.h               0                 0         -           0                 0         -           0                 0         -           0                 0         -
tests/support/jsonl.h                0                 0         -           0                 0         -           0                 0         -           0                 0         -
---------------------------------------------------------------------------------------------------------------------------------------------------------------------------------------------------------------------------------------------------------------------------------------
TOTAL                             1717              1210    29.53%         101                70    30.69%        2066              1363    34.03%        1182               804    31.98%
fuzz passed: 1 target(s), no crash
