2: 4 + O(2^3)
2: 1 + O(2^3)
2: 4 + O(2^3)
2: 1 + O(2^3)
2: 4 + O(2^5)
2: 25 + O(2^5)
2: 4 + O(2^5)
2: 9 + O(2^5)
2: 0 + O(2^3)
2: 1 + O(2^3)
2: 0 + O(2^3)
2: 1 + O(2^3)
2: 304 + O(2^10)
2: 897 + O(2^10)
2: 304 + O(2^10)
2: 129 + O(2^10)
2: 0 + O(2^3)
2: 1 + O(2^3)
2: 0 + O(2^3)
2: 1 + O(2^3)
2: 48 + O(2^7)
2: 1 + O(2^7)
2: 48 + O(2^7)
2: 1 + O(2^7)
2: 0 + O(2^3)
2: 1 + O(2^3)
2: 0 + O(2^3)
2: 1 + O(2^3)
2: 2944 + O(2^12)
2: 1 + O(2^12)
2: 2944 + O(2^12)
2: 1 + O(2^12)
3: 3 + O(3^2)
3: 1 + O(3^2)
3: 3 + O(3^2)
3: 1 + O(3^2)
3: 12 + O(3^4)
3: 10 + O(3^4)
3: 21 + O(3^4)
3: 19 + O(3^4)
3: 0 + O(3^2)
3: 1 + O(3^2)
3: 0 + O(3^2)
3: 1 + O(3^2)
3: 26649 + O(3^10)
3: 6562 + O(3^10)
3: 26649 + O(3^10)
3: 52489 + O(3^10)
3: 0 + O(3^2)
3: 1 + O(3^2)
3: 0 + O(3^2)
3: 1 + O(3^2)
3: 81 + O(3^6)
3: 1 + O(3^6)
3: 81 + O(3^6)
3: 1 + O(3^6)
3: 0 + O(3^2)
3: 1 + O(3^2)
3: 0 + O(3^2)
3: 1 + O(3^2)
3: 469152 + O(3^12)
3: 65611 + O(3^12)
3: 292005 + O(3^12)
3: 465832 + O(3^12)
5: 10 + O(5^2)
5: 1 + O(5^2)
5: 10 + O(5^2)
5: 1 + O(5^2)
5: 510 + O(5^4)
5: 576 + O(5^4)
5: 10 + O(5^4)
5: 51 + O(5^4)
5: 0 + O(5^2)
5: 1 + O(5^2)
5: 0 + O(5^2)
5: 1 + O(5^2)
5: 3028150 + O(5^10)
5: 8476251 + O(5^10)
5: 7590650 + O(5^10)
5: 508126 + O(5^10)
5: 0 + O(5^2)
5: 1 + O(5^2)
5: 0 + O(5^2)
5: 1 + O(5^2)
5: 13500 + O(5^6)
5: 1 + O(5^6)
5: 13500 + O(5^6)
5: 1 + O(5^6)
5: 0 + O(5^2)
5: 1 + O(5^2)
5: 0 + O(5^2)
5: 1 + O(5^2)
5: 104205000 + O(5^12)
5: 51953126 + O(5^12)
5: 104205000 + O(5^12)
5: 192187501 + O(5^12)
7: 0 + O(7^2)
7: 1 + O(7^2)
7: 0 + O(7^2)
7: 1 + O(7^2)
7: 1372 + O(7^4)
7: 1 + O(7^4)
7: 1372 + O(7^4)
7: 1 + O(7^4)
7: 0 + O(7^2)
7: 1 + O(7^2)
7: 0 + O(7^2)
7: 1 + O(7^2)
7: 201723004 + O(7^10)
7: 3591897 + O(7^10)
7: 33131987 + O(7^10)
7: 71350518 + O(7^10)
7: 0 + O(7^2)
7: 1 + O(7^2)
7: 0 + O(7^2)
7: 1 + O(7^2)
7: 13720 + O(7^6)
7: 1 + O(7^6)
7: 13720 + O(7^6)
7: 1 + O(7^6)
7: 0 + O(7^2)
7: 1 + O(7^2)
7: 0 + O(7^2)
7: 1 + O(7^2)
7: 3401124545 + O(7^12)
7: 1083782589 + O(7^12)
7: 3401124545 + O(7^12)
7: 12757504614 + O(7^12)
13: 0 + O(13^2)
13: 1 + O(13^2)
13: 0 + O(13^2)
13: 1 + O(13^2)
13: 20449 + O(13^4)
13: 1 + O(13^4)
13: 20449 + O(13^4)
13: 1 + O(13^4)
13: 0 + O(13^2)
13: 1 + O(13^2)
13: 0 + O(13^2)
13: 1 + O(13^2)
13: 92605761196 + O(13^10)
13: 90548194985 + O(13^10)
13: 103369545266 + O(13^10)
13: 71782218496 + O(13^10)
13: 0 + O(13^2)
13: 1 + O(13^2)
13: 0 + O(13^2)
13: 1 + O(13^2)
13: 296595 + O(13^6)
13: 1 + O(13^6)
13: 296595 + O(13^6)
13: 1 + O(13^6)
13: 0 + O(13^2)
13: 1 + O(13^2)
13: 0 + O(13^2)
13: 1 + O(13^2)
13: 146836670760 + O(13^12)
13: 10083247442282 + O(13^12)
13: 146836670760 + O(13^12)
13: 13214837680201 + O(13^12)
65537: 2810226560 + O(65537^2)
65537: 1 + O(65537^2)
65537: 2810226560 + O(65537^2)
65537: 1 + O(65537^2)
65537: 10543537932798635712 + O(65537^4)
65537: 988328949006017668 + O(65537^4)
65537: 5399065770374555484 + O(65537^4)
65537: 17459541050380442495 + O(65537^4)
65537: 0 + O(65537^2)
65537: 1 + O(65537^2)
65537: 0 + O(65537^2)
65537: 1 + O(65537^2)
65537: 695496447752055628305035440208989461154044214318 + O(65537^10)
65537: 1023374387461129746972429492335093566585798737032 + O(65537^10)
65537: 1400382077895666680587800607786868325499564094105 + O(65537^10)
65537: 711662313851648368796907195944722764990749802721 + O(65537^10)
65537: 0 + O(65537^2)
65537: 1 + O(65537^2)
65537: 0 + O(65537^2)
65537: 1 + O(65537^2)
65537: 42054091295879748961728426314 + O(65537^6)
65537: 1 + O(65537^6)
65537: 42054091295879748961728426314 + O(65537^6)
65537: 1 + O(65537^6)
65537: 0 + O(65537^2)
65537: 1 + O(65537^2)
65537: 0 + O(65537^2)
65537: 1 + O(65537^2)
65537: 1737065550377249487626362871200652657422697187516505812814 + O(65537^12)
65537: 1244782546574685107134822021299492035644442416385384867132 + O(65537^12)
65537: 1737065550377249487626362871200652657422697187516505812814 + O(65537^12)
65537: 5033468656931659469571889498897152569053098815066708286151 + O(65537^12)
18446744073709551557: 297747071055821153600462182790935350327 + O(18446744073709551557^2)
18446744073709551557: 1 + O(18446744073709551557^2)
18446744073709551557: 297747071055821153600462182790935350327 + O(18446744073709551557^2)
18446744073709551557: 1 + O(18446744073709551557^2)
18446744073709551557: 95626474737978901054574458055111577206420341392559360596461883968929975632266 + O(18446744073709551557^4)
18446744073709551557: 87748692625153678221804473588834622698355170895622754973015654653348117483782 + O(18446744073709551557^4)
18446744073709551557: 107009681427324438344231748995393118510111752131306678920321992069155070775454 + O(18446744073709551557^4)
18446744073709551557: 28043396612162515720370501868596631996806025403729267608032690823387738330221 + O(18446744073709551557^4)
18446744073709551557: 0 + O(18446744073709551557^2)
18446744073709551557: 1 + O(18446744073709551557^2)
18446744073709551557: 0 + O(18446744073709551557^2)
18446744073709551557: 1 + O(18446744073709551557^2)
18446744073709551557: 102288792118542052494477559032205072670425564856677997132758626707033738861425350213043796880331213015174831780378988273262324945344835310293907379174969253661924284334062454744343012289939881 + O(18446744073709551557^10)
18446744073709551557: 986598681573321024382858147939995614560367103148434341051981993302466608882332245953361694445790199959866158324354375940359013883760652717533647627501103844041480629561730344147383221157341763 + O(18446744073709551557^10)
18446744073709551557: 2026850162771815648106431984699816814412221104516905863890521158274175153046874633778681814177763879544806828251397028747511954811526497327215989851950241390811166095113420944337974366225594884 + O(18446744073709551557^10)
18446744073709551557: 2122139457514845131370009904597073954337778660147679066931064545292444684566758904082282020343440915991856377008175110907089628278768567388361002761488970685517672367884106276491336167682996767 + O(18446744073709551557^10)
18446744073709551557: 0 + O(18446744073709551557^2)
18446744073709551557: 1 + O(18446744073709551557^2)
18446744073709551557: 0 + O(18446744073709551557^2)
18446744073709551557: 1 + O(18446744073709551557^2)
18446744073709551557: 36530139855549399851464729283256505298243925220131483969142817971356874829311162064604932258464285598823545398894911 + O(18446744073709551557^6)
18446744073709551557: 1 + O(18446744073709551557^6)
18446744073709551557: 36530139855549399851464729283256505298243925220131483969142817971356874829311162064604932258464285598823545398894911 + O(18446744073709551557^6)
18446744073709551557: 1 + O(18446744073709551557^6)
18446744073709551557: 0 + O(18446744073709551557^2)
18446744073709551557: 1 + O(18446744073709551557^2)
18446744073709551557: 0 + O(18446744073709551557^2)
18446744073709551557: 1 + O(18446744073709551557^2)
18446744073709551557: 791444781230395893986233461570863212256630148118753305203317985292204896011641614339840165955965539026781859198358093796140089733330699018203700304983401610269695787670267902237603289958650868491563238810106605584807432336967030153 + O(18446744073709551557^12)
18446744073709551557: 189508681235110186358199571012945525311530366040306210455277071973052638562412387222091375924181244346542380943188031854380820722026601285895704384358246743050313893808916535213724361752926770247395221223660369066545259690369783722 + O(18446744073709551557^12)
18446744073709551557: 791444781230395893986233461570863212256630148118753305203317985292204896011641614339840165955965539026781859198358093796140089733330699018203700304983401610269695787670267902237603289958650868491563238810106605584807432336967030153 + O(18446744073709551557^12)
18446744073709551557: 1363009411065598689203960424709582988121904394039144404040622091049353805306925226460349039912690208055880724346593420761523779680376056607600944746636281337778651730355731592927449168392451765658504455207588013764940256468985658281 + O(18446744073709551557^12)
error: UNSUPPORTED
error: UNSUPPORTED
error: UNSUPPORTED
error: UNSUPPORTED
error: UNSUPPORTED
error: UNSUPPORTED
error: UNSUPPORTED
error: UNSUPPORTED
error: UNSUPPORTED
error: UNSUPPORTED
error: UNSUPPORTED
error: UNSUPPORTED
error: UNSUPPORTED
error: UNSUPPORTED
error: UNSUPPORTED
error: UNSUPPORTED
error: UNSUPPORTED
error: UNSUPPORTED
error: UNSUPPORTED
error: UNSUPPORTED
error: UNSUPPORTED
error: PARSE
error: PARSE
error: PARSE
error: DOMAIN
error: DOMAIN
error: DOMAIN
error: DOMAIN
error: NOT_DETERMINED
error: UNSUPPORTED
error: UNSUPPORTED
error: UNSUPPORTED
error: UNSUPPORTED
error: UNSUPPORTED
error: UNSUPPORTED
error: UNSUPPORTED
error: UNSUPPORTED
error: UNSUPPORTED
error: UNSUPPORTED
error: UNSUPPORTED
error: UNSUPPORTED
error: UNSUPPORTED
error: UNSUPPORTED
error: UNSUPPORTED
error: UNSUPPORTED
error: UNSUPPORTED
error: UNSUPPORTED
error: UNSUPPORTED
error: UNSUPPORTED
error: UNSUPPORTED
error: PARSE
error: PARSE
error: PARSE
error: DOMAIN
error: DOMAIN
error: DOMAIN
error: DOMAIN
error: NOT_DETERMINED
error: UNSUPPORTED
error: UNSUPPORTED
error: UNSUPPORTED
error: UNSUPPORTED
error: UNSUPPORTED
error: UNSUPPORTED
error: UNSUPPORTED
error: UNSUPPORTED
error: UNSUPPORTED
error: UNSUPPORTED
error: UNSUPPORTED
error: UNSUPPORTED
error: UNSUPPORTED
error: UNSUPPORTED
error: UNSUPPORTED
error: UNSUPPORTED
error: UNSUPPORTED
error: UNSUPPORTED
error: UNSUPPORTED
error: UNSUPPORTED
error: UNSUPPORTED
error: PARSE
error: PARSE
error: PARSE
error: DOMAIN
error: DOMAIN
error: DOMAIN
error: DOMAIN
error: NOT_DETERMINED
error: UNSUPPORTED
error: UNSUPPORTED
error: UNSUPPORTED
error: UNSUPPORTED
error: UNSUPPORTED
error: UNSUPPORTED
error: UNSUPPORTED
error: UNSUPPORTED
error: UNSUPPORTED
error: UNSUPPORTED
error: UNSUPPORTED
error: UNSUPPORTED
error: UNSUPPORTED
error: UNSUPPORTED
error: UNSUPPORTED
error: UNSUPPORTED
error: UNSUPPORTED
error: UNSUPPORTED
error: UNSUPPORTED
error: UNSUPPORTED
error: UNSUPPORTED
error: PARSE
error: PARSE
error: PARSE
error: DOMAIN
error: DOMAIN
error: DOMAIN
error: DOMAIN
error: NOT_DETERMINED
