1 19 -23/29 0 0 1
1 19 -23/29 0 0 1
1 19 -23/29 0 0 1
1 19 -23/29 0 0 1
1 19 -23/29 0 0 1
1 19 -23/29 0 0 1
1 19 -23/29 0 0 1
1 19 -23/29 0 0 1
1 19 -23/29 0 0 1
1 19 -23/29 0 0 1
1 19 -23/29 0 0 1
1 19 -23/29 0 0 1
1 19 -23/29 0 0 1
1 19 -23/29 0 0 1
1 19 -23/29 0 0 1
1 19 -23/29 0 0 1
1 19 -23/29 0 0 1
1 19 -23/29 0 0 1
1 19 -23/29 0 0 1
1 19 -23/29 0 0 1
1 19 -23/29 0 0 1
1 19 -23/29 0 0 1
1 19 -23/29 0 0 1
1 19 -23/29 0 0 1
1 19 -23/29 0 0 1
1 19 -23/29 0 0 1
1 19 -23/29 0 0 1
1 19 -23/29 0 0 1
1 19 -23/29 0 0 1
1 19 -23/29 0 0 1
1 19 -23/29 0 0 1
1 19 -23/29 0 0 1
1 19 -23/29 0 0 1
1 19 -23/29 0 0 1
1 19 -23/29 0 0 1
1 19 -23/29 0 0 1
1 19 -23/29 0 0 1
1 19 -23/29 0 0 1
1 19 -23/29 0 0 1
1 19 -23/29 0 0 1
1 19 -23/29 0 0 1
1 19 -23/29 0 0 1
1 19 -23/29 0 0 1
1 19 -23/29 0 0 1
1 19 -23/29 0 0 1
1 19 -23/29 0 0 1
1 19 -23/29 0 0 1
1 19 -23/29 0 0 1
1 19 -23/29 0 0 1
1 19 -23/29 0 0 1
1 19 -23/29 0 0 1
1 19 -23/29 0 0 1
1 19 -23/29 0 0 1
1 19 -23/29 0 0 1
1 19 -23/29 0 0 1
1 19 -23/29 0 0 1
1 19 -23/29 0 0 1
1 19 -23/29 0 0 1
1 19 -23/29 0 0 1
1 19 -23/29 0 0 1
1 19 -23/29 0 0 1
1 19 -23/29 0 0 1
1 19 -23/29 0 0 1
1 19 -23/29 0 0 1
1 19 -23/29 0 0 1
1 19 -23/29 0 0 1
1 19 -23/29 0 0 1
1 19 -23/29 0 0 1
1 19 -23/29 0 0 1
1 19 -23/29 0 0 1
1 19 -23/29 0 0 1
1 19 -23/29 0 0 1
1 19 -23/29 0 0 1
1 19 -23/29 0 0 1
1 19 -23/29 0 0 1
1 19 -23/29 0 0 1
1 19 -23/29 0 0 1
1 19 -23/29 0 0 1
1 19 -23/29 0 0 1
1 19 -23/29 0 0 1
10 19 -23/29 0 0 1
10 19 -23/29 0 0 1
10 19 -23/29 0 0 1
10 19 -23/29 0 0 1
0 2 0 0 -1 0
0 2 0 0 -1 0
0 2 0 0 -1 0
0 2 0 0 -1 0
0 2 0 0 2 0
0 2 1 0 2 0
0 2 0 0 2 0
0 2 1 0 2 0
0 2 0 0 2 0
0 2 1 0 3 0
0 2 0 0 2 0
0 2 1 0 3 0
0 2 0 0 2 0
0 2 1 0 3 0
0 2 0 0 2 0
0 2 1 0 3 0
10 19 -23/29 0 0 1
10 19 -23/29 0 0 1
10 19 -23/29 0 0 1
10 19 -23/29 0 0 1
0 2 0 0 -1 0
0 2 0 0 -1 0
0 2 0 0 -1 0
0 2 0 0 -1 0
0 2 0 0 2 0
0 2 1 0 2 0
0 2 0 0 2 0
0 2 1 0 2 0
0 2 0 0 3 0
0 2 1 0 5 0
0 2 0 0 3 0
0 2 1 0 5 0
0 2 0 0 3 0
0 2 1 0 5 0
0 2 0 0 3 0
0 2 1 0 5 0
10 19 -23/29 0 0 1
10 19 -23/29 0 0 1
10 19 -23/29 0 0 1
10 19 -23/29 0 0 1
0 2 0 0 -1 0
0 2 0 0 -1 0
0 2 0 0 -1 0
0 2 0 0 -1 0
0 2 0 0 2 0
0 2 1 0 2 0
0 2 0 0 2 0
0 2 1 0 2 0
0 2 0 0 4 0
0 2 1 0 7 0
0 2 0 0 4 0
0 2 1 0 7 0
0 2 0 0 4 0
0 2 1 0 7 0
0 2 0 0 4 0
0 2 1 0 7 0
10 19 -23/29 0 0 1
10 19 -23/29 0 0 1
10 19 -23/29 0 0 1
10 19 -23/29 0 0 1
10 19 -23/29 0 0 1
10 19 -23/29 0 0 1
10 19 -23/29 0 0 1
10 19 -23/29 0 0 1
10 19 -23/29 0 0 1
10 19 -23/29 0 0 1
10 19 -23/29 0 0 1
10 19 -23/29 0 0 1
10 19 -23/29 0 0 1
10 19 -23/29 0 0 1
10 19 -23/29 0 0 1
10 19 -23/29 0 0 1
10 19 -23/29 0 0 1
10 19 -23/29 0 0 1
10 19 -23/29 0 0 1
10 19 -23/29 0 0 1
7 19 -23/29 0 0 1
7 19 -23/29 0 0 1
7 19 -23/29 0 0 1
7 19 -23/29 0 0 1
7 19 -23/29 0 0 1
7 19 -23/29 0 0 1
7 19 -23/29 0 0 1
7 19 -23/29 0 0 1
7 19 -23/29 0 0 1
7 19 -23/29 0 0 1
7 19 -23/29 0 0 1
7 19 -23/29 0 0 1
7 19 -23/29 0 0 1
7 19 -23/29 0 0 1
7 19 -23/29 0 0 1
7 19 -23/29 0 0 1
7 19 -23/29 0 0 1
7 19 -23/29 0 0 1
7 19 -23/29 0 0 1
7 19 -23/29 0 0 1
7 19 -23/29 0 0 1
7 19 -23/29 0 0 1
7 19 -23/29 0 0 1
7 19 -23/29 0 0 1
7 19 -23/29 0 0 1
7 19 -23/29 0 0 1
7 19 -23/29 0 0 1
7 19 -23/29 0 0 1
7 19 -23/29 0 0 1
7 19 -23/29 0 0 1
7 19 -23/29 0 0 1
7 19 -23/29 0 0 1
7 19 -23/29 0 0 1
7 19 -23/29 0 0 1
7 19 -23/29 0 0 1
7 19 -23/29 0 0 1
7 19 -23/29 0 0 1
7 19 -23/29 0 0 1
7 19 -23/29 0 0 1
7 19 -23/29 0 0 1
7 19 -23/29 0 0 1
7 19 -23/29 0 0 1
7 19 -23/29 0 0 1
7 19 -23/29 0 0 1
7 19 -23/29 0 0 1
7 19 -23/29 0 0 1
7 19 -23/29 0 0 1
7 19 -23/29 0 0 1
7 19 -23/29 0 0 1
7 19 -23/29 0 0 1
7 19 -23/29 0 0 1
7 19 -23/29 0 0 1
7 19 -23/29 0 0 1
7 19 -23/29 0 0 1
7 19 -23/29 0 0 1
7 19 -23/29 0 0 1
7 19 -23/29 0 0 1
7 19 -23/29 0 0 1
7 19 -23/29 0 0 1
7 19 -23/29 0 0 1
7 19 -23/29 0 0 1
7 19 -23/29 0 0 1
7 19 -23/29 0 0 1
7 19 -23/29 0 0 1
7 19 -23/29 0 0 1
7 19 -23/29 0 0 1
7 19 -23/29 0 0 1
7 19 -23/29 0 0 1
7 19 -23/29 0 0 1
7 19 -23/29 0 0 1
7 19 -23/29 0 0 1
7 19 -23/29 0 0 1
7 19 -23/29 0 0 1
7 19 -23/29 0 0 1
7 19 -23/29 0 0 1
7 19 -23/29 0 0 1
7 19 -23/29 0 0 1
7 19 -23/29 0 0 1
7 19 -23/29 0 0 1
7 19 -23/29 0 0 1
10 19 -23/29 0 0 1
10 19 -23/29 0 0 1
10 19 -23/29 0 0 1
10 19 -23/29 0 0 1
0 2 0 0 2 0
0 2 1 0 2 0
0 2 0 0 2 0
0 2 1 0 2 0
10 19 -23/29 0 0 1
10 19 -23/29 0 0 1
10 19 -23/29 0 0 1
10 19 -23/29 0 0 1
10 19 -23/29 0 0 1
10 19 -23/29 0 0 1
10 19 -23/29 0 0 1
10 19 -23/29 0 0 1
10 19 -23/29 0 0 1
10 19 -23/29 0 0 1
10 19 -23/29 0 0 1
10 19 -23/29 0 0 1
10 19 -23/29 0 0 1
10 19 -23/29 0 0 1
10 19 -23/29 0 0 1
10 19 -23/29 0 0 1
0 2 0 0 2 0
0 2 1 0 2 0
0 2 0 0 2 0
0 2 1 0 2 0
10 19 -23/29 0 0 1
0 2 1 0 1152921504606846976 0
10 19 -23/29 0 0 1
0 2 1 0 1152921504606846976 0
10 19 -23/29 0 0 1
10 19 -23/29 0 0 1
10 19 -23/29 0 0 1
10 19 -23/29 0 0 1
10 19 -23/29 0 0 1
10 19 -23/29 0 0 1
10 19 -23/29 0 0 1
10 19 -23/29 0 0 1
10 19 -23/29 0 0 1
10 19 -23/29 0 0 1
10 19 -23/29 0 0 1
10 19 -23/29 0 0 1
0 2 0 0 2 0
0 2 1 0 2 0
0 2 0 0 2 0
0 2 1 0 2 0
0 2 0 0 1152921504606846976 0
0 2 1 0 1152921504606846976 0
0 2 0 0 1152921504606846976 0
0 2 1 0 1152921504606846976 0
10 19 -23/29 0 0 1
10 19 -23/29 0 0 1
10 19 -23/29 0 0 1
10 19 -23/29 0 0 1
10 19 -23/29 0 0 1
10 19 -23/29 0 0 1
10 19 -23/29 0 0 1
10 19 -23/29 0 0 1
10 19 -23/29 0 0 1
10 19 -23/29 0 0 1
10 19 -23/29 0 0 1
10 19 -23/29 0 0 1
10 19 -23/29 0 0 1
10 19 -23/29 0 0 1
10 19 -23/29 0 0 1
10 19 -23/29 0 0 1
10 19 -23/29 0 0 1
10 19 -23/29 0 0 1
10 19 -23/29 0 0 1
10 19 -23/29 0 0 1
10 19 -23/29 0 0 1
10 19 -23/29 0 0 1
10 19 -23/29 0 0 1
10 19 -23/29 0 0 1
10 19 -23/29 0 0 1
10 19 -23/29 0 0 1
10 19 -23/29 0 0 1
10 19 -23/29 0 0 1
0 2 0 0 576460752303423488 0
0 2 1 0 1152921504606846975 0
0 2 0 0 576460752303423488 0
0 2 1 0 1152921504606846975 0
0 2 0 0 576460752303423488 0
0 2 1 0 1152921504606846975 0
0 2 0 0 576460752303423488 0
0 2 1 0 1152921504606846975 0
0 2 0 0 576460752303423488 0
0 2 1 0 1152921504606846975 0
0 2 0 0 576460752303423488 0
0 2 1 0 1152921504606846975 0
0 2 0 0 576460752303423489 0
0 2 1 0 1152921504606846976 0
0 2 0 0 576460752303423489 0
0 2 1 0 1152921504606846976 0
0 2 0 0 576460752303423489 0
10 19 -23/29 0 0 1
0 2 0 0 576460752303423489 0
10 19 -23/29 0 0 1
0 2 0 0 576460752303423489 0
10 19 -23/29 0 0 1
0 2 0 0 576460752303423489 0
10 19 -23/29 0 0 1
0 2 0 0 1152921504606846976 0
0 2 1 0 1152921504606846976 0
0 2 0 0 1152921504606846976 0
0 2 1 0 1152921504606846976 0
0 2 0 0 1152921504606846976 0
10 19 -23/29 0 0 1
0 2 0 0 1152921504606846976 0
10 19 -23/29 0 0 1
0 2 0 0 1152921504606846976 0
10 19 -23/29 0 0 1
0 2 0 0 1152921504606846976 0
10 19 -23/29 0 0 1
10 19 -23/29 0 0 1
10 19 -23/29 0 0 1
10 19 -23/29 0 0 1
10 19 -23/29 0 0 1
10 19 -23/29 0 0 1
10 19 -23/29 0 0 1
10 19 -23/29 0 0 1
10 19 -23/29 0 0 1
10 19 -23/29 0 0 1
10 19 -23/29 0 0 1
10 19 -23/29 0 0 1
10 19 -23/29 0 0 1
0 2 0 0 0 1
0 2 1 0 0 1
0 2 0 0 0 1
0 2 1 0 0 1
0 2 0 0 0 1
0 2 1 0 0 1
0 2 0 0 0 1
0 2 1 0 0 1
10 19 -23/29 0 0 1
10 19 -23/29 0 0 1
10 19 -23/29 0 0 1
10 19 -23/29 0 0 1
10 19 -23/29 0 0 1
10 19 -23/29 0 0 1
10 19 -23/29 0 0 1
10 19 -23/29 0 0 1
1 19 -23/29 0 0 1
1 19 -23/29 0 0 1
1 19 -23/29 0 0 1
1 19 -23/29 0 0 1
1 19 -23/29 0 0 1
1 19 -23/29 0 0 1
1 19 -23/29 0 0 1
1 19 -23/29 0 0 1
1 19 -23/29 0 0 1
1 19 -23/29 0 0 1
1 19 -23/29 0 0 1
1 19 -23/29 0 0 1
1 19 -23/29 0 0 1
1 19 -23/29 0 0 1
1 19 -23/29 0 0 1
1 19 -23/29 0 0 1
1 19 -23/29 0 0 1
1 19 -23/29 0 0 1
1 19 -23/29 0 0 1
1 19 -23/29 0 0 1
1 19 -23/29 0 0 1
1 19 -23/29 0 0 1
1 19 -23/29 0 0 1
1 19 -23/29 0 0 1
1 19 -23/29 0 0 1
1 19 -23/29 0 0 1
1 19 -23/29 0 0 1
1 19 -23/29 0 0 1
1 19 -23/29 0 0 1
1 19 -23/29 0 0 1
1 19 -23/29 0 0 1
1 19 -23/29 0 0 1
1 19 -23/29 0 0 1
1 19 -23/29 0 0 1
1 19 -23/29 0 0 1
1 19 -23/29 0 0 1
1 19 -23/29 0 0 1
1 19 -23/29 0 0 1
1 19 -23/29 0 0 1
1 19 -23/29 0 0 1
1 19 -23/29 0 0 1
1 19 -23/29 0 0 1
1 19 -23/29 0 0 1
1 19 -23/29 0 0 1
1 19 -23/29 0 0 1
1 19 -23/29 0 0 1
1 19 -23/29 0 0 1
1 19 -23/29 0 0 1
1 19 -23/29 0 0 1
1 19 -23/29 0 0 1
1 19 -23/29 0 0 1
1 19 -23/29 0 0 1
1 19 -23/29 0 0 1
1 19 -23/29 0 0 1
1 19 -23/29 0 0 1
1 19 -23/29 0 0 1
1 19 -23/29 0 0 1
1 19 -23/29 0 0 1
1 19 -23/29 0 0 1
1 19 -23/29 0 0 1
10 19 -23/29 0 0 1
10 19 -23/29 0 0 1
10 19 -23/29 0 0 1
10 19 -23/29 0 0 1
0 3 0 0 -1 0
0 3 0 0 -1 0
0 3 0 0 -1 0
0 3 0 0 -1 0
0 3 0 0 1 0
0 3 1 0 1 0
0 3 0 0 1 0
0 3 1 0 1 0
0 3 0 0 1 0
0 3 1 0 2 0
0 3 0 0 1 0
0 3 1 0 2 0
0 3 0 0 1 0
0 3 1 0 2 0
0 3 0 0 1 0
0 3 1 0 2 0
10 19 -23/29 0 0 1
10 19 -23/29 0 0 1
10 19 -23/29 0 0 1
10 19 -23/29 0 0 1
0 3 0 0 -1 0
0 3 0 0 -1 0
0 3 0 0 -1 0
0 3 0 0 -1 0
0 3 0 0 1 0
0 3 1 0 1 0
0 3 0 0 1 0
0 3 1 0 1 0
0 3 0 0 2 0
0 3 1 0 4 0
0 3 0 0 2 0
0 3 1 0 4 0
0 3 0 0 2 0
0 3 1 0 4 0
0 3 0 0 2 0
0 3 1 0 4 0
10 19 -23/29 0 0 1
10 19 -23/29 0 0 1
10 19 -23/29 0 0 1
10 19 -23/29 0 0 1
0 3 0 0 -1 0
0 3 0 0 -1 0
0 3 0 0 -1 0
0 3 0 0 -1 0
0 3 0 0 1 0
0 3 1 0 1 0
0 3 0 0 1 0
0 3 1 0 1 0
0 3 0 0 3 0
0 3 1 0 6 0
0 3 0 0 3 0
0 3 1 0 6 0
0 3 0 0 3 0
0 3 1 0 6 0
0 3 0 0 3 0
0 3 1 0 6 0
10 19 -23/29 0 0 1
10 19 -23/29 0 0 1
10 19 -23/29 0 0 1
10 19 -23/29 0 0 1
10 19 -23/29 0 0 1
10 19 -23/29 0 0 1
10 19 -23/29 0 0 1
10 19 -23/29 0 0 1
10 19 -23/29 0 0 1
10 19 -23/29 0 0 1
10 19 -23/29 0 0 1
10 19 -23/29 0 0 1
10 19 -23/29 0 0 1
10 19 -23/29 0 0 1
10 19 -23/29 0 0 1
10 19 -23/29 0 0 1
10 19 -23/29 0 0 1
10 19 -23/29 0 0 1
10 19 -23/29 0 0 1
10 19 -23/29 0 0 1
7 19 -23/29 0 0 1
7 19 -23/29 0 0 1
7 19 -23/29 0 0 1
7 19 -23/29 0 0 1
7 19 -23/29 0 0 1
7 19 -23/29 0 0 1
7 19 -23/29 0 0 1
7 19 -23/29 0 0 1
7 19 -23/29 0 0 1
7 19 -23/29 0 0 1
7 19 -23/29 0 0 1
7 19 -23/29 0 0 1
7 19 -23/29 0 0 1
7 19 -23/29 0 0 1
7 19 -23/29 0 0 1
7 19 -23/29 0 0 1
7 19 -23/29 0 0 1
7 19 -23/29 0 0 1
7 19 -23/29 0 0 1
7 19 -23/29 0 0 1
7 19 -23/29 0 0 1
7 19 -23/29 0 0 1
7 19 -23/29 0 0 1
7 19 -23/29 0 0 1
7 19 -23/29 0 0 1
7 19 -23/29 0 0 1
7 19 -23/29 0 0 1
7 19 -23/29 0 0 1
7 19 -23/29 0 0 1
7 19 -23/29 0 0 1
7 19 -23/29 0 0 1
7 19 -23/29 0 0 1
7 19 -23/29 0 0 1
7 19 -23/29 0 0 1
7 19 -23/29 0 0 1
7 19 -23/29 0 0 1
7 19 -23/29 0 0 1
7 19 -23/29 0 0 1
7 19 -23/29 0 0 1
7 19 -23/29 0 0 1
7 19 -23/29 0 0 1
7 19 -23/29 0 0 1
7 19 -23/29 0 0 1
7 19 -23/29 0 0 1
7 19 -23/29 0 0 1
7 19 -23/29 0 0 1
7 19 -23/29 0 0 1
7 19 -23/29 0 0 1
7 19 -23/29 0 0 1
7 19 -23/29 0 0 1
7 19 -23/29 0 0 1
7 19 -23/29 0 0 1
7 19 -23/29 0 0 1
7 19 -23/29 0 0 1
7 19 -23/29 0 0 1
7 19 -23/29 0 0 1
7 19 -23/29 0 0 1
7 19 -23/29 0 0 1
7 19 -23/29 0 0 1
7 19 -23/29 0 0 1
7 19 -23/29 0 0 1
7 19 -23/29 0 0 1
7 19 -23/29 0 0 1
7 19 -23/29 0 0 1
7 19 -23/29 0 0 1
7 19 -23/29 0 0 1
7 19 -23/29 0 0 1
7 19 -23/29 0 0 1
7 19 -23/29 0 0 1
7 19 -23/29 0 0 1
7 19 -23/29 0 0 1
7 19 -23/29 0 0 1
7 19 -23/29 0 0 1
7 19 -23/29 0 0 1
7 19 -23/29 0 0 1
7 19 -23/29 0 0 1
7 19 -23/29 0 0 1
7 19 -23/29 0 0 1
7 19 -23/29 0 0 1
7 19 -23/29 0 0 1
10 19 -23/29 0 0 1
10 19 -23/29 0 0 1
10 19 -23/29 0 0 1
10 19 -23/29 0 0 1
0 3 0 0 1 0
0 3 1 0 1 0
0 3 0 0 1 0
0 3 1 0 1 0
10 19 -23/29 0 0 1
10 19 -23/29 0 0 1
10 19 -23/29 0 0 1
10 19 -23/29 0 0 1
10 19 -23/29 0 0 1
10 19 -23/29 0 0 1
10 19 -23/29 0 0 1
10 19 -23/29 0 0 1
10 19 -23/29 0 0 1
10 19 -23/29 0 0 1
10 19 -23/29 0 0 1
10 19 -23/29 0 0 1
10 19 -23/29 0 0 1
10 19 -23/29 0 0 1
10 19 -23/29 0 0 1
10 19 -23/29 0 0 1
0 3 0 0 1 0
0 3 1 0 1 0
0 3 0 0 1 0
0 3 1 0 1 0
10 19 -23/29 0 0 1
0 3 1 0 1152921504606846976 0
10 19 -23/29 0 0 1
0 3 1 0 1152921504606846976 0
10 19 -23/29 0 0 1
10 19 -23/29 0 0 1
10 19 -23/29 0 0 1
10 19 -23/29 0 0 1
10 19 -23/29 0 0 1
10 19 -23/29 0 0 1
10 19 -23/29 0 0 1
10 19 -23/29 0 0 1
10 19 -23/29 0 0 1
10 19 -23/29 0 0 1
10 19 -23/29 0 0 1
10 19 -23/29 0 0 1
0 3 0 0 1 0
0 3 1 0 1 0
0 3 0 0 1 0
0 3 1 0 1 0
0 3 0 0 1152921504606846976 0
0 3 1 0 1152921504606846976 0
0 3 0 0 1152921504606846976 0
0 3 1 0 1152921504606846976 0
10 19 -23/29 0 0 1
10 19 -23/29 0 0 1
10 19 -23/29 0 0 1
10 19 -23/29 0 0 1
10 19 -23/29 0 0 1
10 19 -23/29 0 0 1
10 19 -23/29 0 0 1
10 19 -23/29 0 0 1
10 19 -23/29 0 0 1
10 19 -23/29 0 0 1
10 19 -23/29 0 0 1
10 19 -23/29 0 0 1
10 19 -23/29 0 0 1
10 19 -23/29 0 0 1
10 19 -23/29 0 0 1
10 19 -23/29 0 0 1
10 19 -23/29 0 0 1
10 19 -23/29 0 0 1
10 19 -23/29 0 0 1
10 19 -23/29 0 0 1
10 19 -23/29 0 0 1
10 19 -23/29 0 0 1
10 19 -23/29 0 0 1
10 19 -23/29 0 0 1
10 19 -23/29 0 0 1
10 19 -23/29 0 0 1
10 19 -23/29 0 0 1
10 19 -23/29 0 0 1
0 3 0 0 576460752303423488 0
0 3 1 0 1152921504606846976 0
0 3 0 0 576460752303423488 0
0 3 1 0 1152921504606846976 0
0 3 0 0 576460752303423488 0
0 3 1 0 1152921504606846976 0
0 3 0 0 576460752303423488 0
0 3 1 0 1152921504606846976 0
0 3 0 0 576460752303423488 0
0 3 1 0 1152921504606846976 0
0 3 0 0 576460752303423488 0
0 3 1 0 1152921504606846976 0
0 3 0 0 576460752303423489 0
0 3 1 0 1152921504606846976 0
0 3 0 0 576460752303423489 0
0 3 1 0 1152921504606846976 0
0 3 0 0 576460752303423489 0
10 19 -23/29 0 0 1
0 3 0 0 576460752303423489 0
10 19 -23/29 0 0 1
0 3 0 0 576460752303423489 0
10 19 -23/29 0 0 1
0 3 0 0 576460752303423489 0
10 19 -23/29 0 0 1
0 3 0 0 1152921504606846976 0
0 3 1 0 1152921504606846976 0
0 3 0 0 1152921504606846976 0
0 3 1 0 1152921504606846976 0
0 3 0 0 1152921504606846976 0
10 19 -23/29 0 0 1
0 3 0 0 1152921504606846976 0
10 19 -23/29 0 0 1
0 3 0 0 1152921504606846976 0
10 19 -23/29 0 0 1
0 3 0 0 1152921504606846976 0
10 19 -23/29 0 0 1
10 19 -23/29 0 0 1
10 19 -23/29 0 0 1
10 19 -23/29 0 0 1
10 19 -23/29 0 0 1
10 19 -23/29 0 0 1
10 19 -23/29 0 0 1
10 19 -23/29 0 0 1
10 19 -23/29 0 0 1
10 19 -23/29 0 0 1
10 19 -23/29 0 0 1
10 19 -23/29 0 0 1
10 19 -23/29 0 0 1
0 3 0 0 0 1
0 3 1 0 0 1
0 3 0 0 0 1
0 3 1 0 0 1
0 3 0 0 0 1
0 3 1 0 0 1
0 3 0 0 0 1
0 3 1 0 0 1
10 19 -23/29 0 0 1
10 19 -23/29 0 0 1
10 19 -23/29 0 0 1
10 19 -23/29 0 0 1
10 19 -23/29 0 0 1
10 19 -23/29 0 0 1
10 19 -23/29 0 0 1
10 19 -23/29 0 0 1
1 19 -23/29 0 0 1
1 19 -23/29 0 0 1
1 19 -23/29 0 0 1
1 19 -23/29 0 0 1
1 19 -23/29 0 0 1
1 19 -23/29 0 0 1
1 19 -23/29 0 0 1
1 19 -23/29 0 0 1
1 19 -23/29 0 0 1
1 19 -23/29 0 0 1
1 19 -23/29 0 0 1
1 19 -23/29 0 0 1
1 19 -23/29 0 0 1
1 19 -23/29 0 0 1
1 19 -23/29 0 0 1
1 19 -23/29 0 0 1
1 19 -23/29 0 0 1
1 19 -23/29 0 0 1
1 19 -23/29 0 0 1
1 19 -23/29 0 0 1
1 19 -23/29 0 0 1
1 19 -23/29 0 0 1
1 19 -23/29 0 0 1
1 19 -23/29 0 0 1
1 19 -23/29 0 0 1
1 19 -23/29 0 0 1
1 19 -23/29 0 0 1
1 19 -23/29 0 0 1
1 19 -23/29 0 0 1
1 19 -23/29 0 0 1
1 19 -23/29 0 0 1
1 19 -23/29 0 0 1
1 19 -23/29 0 0 1
1 19 -23/29 0 0 1
1 19 -23/29 0 0 1
1 19 -23/29 0 0 1
1 19 -23/29 0 0 1
1 19 -23/29 0 0 1
1 19 -23/29 0 0 1
1 19 -23/29 0 0 1
1 19 -23/29 0 0 1
1 19 -23/29 0 0 1
1 19 -23/29 0 0 1
1 19 -23/29 0 0 1
1 19 -23/29 0 0 1
1 19 -23/29 0 0 1
1 19 -23/29 0 0 1
1 19 -23/29 0 0 1
1 19 -23/29 0 0 1
1 19 -23/29 0 0 1
1 19 -23/29 0 0 1
1 19 -23/29 0 0 1
1 19 -23/29 0 0 1
1 19 -23/29 0 0 1
1 19 -23/29 0 0 1
1 19 -23/29 0 0 1
1 19 -23/29 0 0 1
1 19 -23/29 0 0 1
1 19 -23/29 0 0 1
1 19 -23/29 0 0 1
10 19 -23/29 0 0 1
10 19 -23/29 0 0 1
10 19 -23/29 0 0 1
10 19 -23/29 0 0 1
0 5 0 0 -1 0
0 5 0 0 -1 0
0 5 0 0 -1 0
0 5 0 0 -1 0
0 5 0 0 1 0
0 5 1 0 1 0
0 5 0 0 1 0
0 5 1 0 1 0
0 5 0 0 1 0
0 5 1 0 2 0
0 5 0 0 1 0
0 5 1 0 2 0
0 5 0 0 1 0
0 5 1 0 2 0
0 5 0 0 1 0
0 5 1 0 2 0
10 19 -23/29 0 0 1
10 19 -23/29 0 0 1
10 19 -23/29 0 0 1
10 19 -23/29 0 0 1
0 5 0 0 -1 0
0 5 0 0 -1 0
0 5 0 0 -1 0
0 5 0 0 -1 0
0 5 0 0 1 0
0 5 1 0 1 0
0 5 0 0 1 0
0 5 1 0 1 0
0 5 0 0 2 0
0 5 1 0 4 0
0 5 0 0 2 0
0 5 1 0 4 0
0 5 0 0 2 0
0 5 1 0 4 0
0 5 0 0 2 0
0 5 1 0 4 0
10 19 -23/29 0 0 1
10 19 -23/29 0 0 1
10 19 -23/29 0 0 1
10 19 -23/29 0 0 1
0 5 0 0 -1 0
0 5 0 0 -1 0
0 5 0 0 -1 0
0 5 0 0 -1 0
0 5 0 0 1 0
0 5 1 0 1 0
0 5 0 0 1 0
0 5 1 0 1 0
0 5 0 0 3 0
0 5 1 0 6 0
0 5 0 0 3 0
0 5 1 0 6 0
0 5 0 0 3 0
0 5 1 0 6 0
0 5 0 0 3 0
0 5 1 0 6 0
10 19 -23/29 0 0 1
10 19 -23/29 0 0 1
10 19 -23/29 0 0 1
10 19 -23/29 0 0 1
10 19 -23/29 0 0 1
10 19 -23/29 0 0 1
10 19 -23/29 0 0 1
10 19 -23/29 0 0 1
10 19 -23/29 0 0 1
10 19 -23/29 0 0 1
10 19 -23/29 0 0 1
10 19 -23/29 0 0 1
10 19 -23/29 0 0 1
10 19 -23/29 0 0 1
10 19 -23/29 0 0 1
10 19 -23/29 0 0 1
10 19 -23/29 0 0 1
10 19 -23/29 0 0 1
10 19 -23/29 0 0 1
10 19 -23/29 0 0 1
7 19 -23/29 0 0 1
7 19 -23/29 0 0 1
7 19 -23/29 0 0 1
7 19 -23/29 0 0 1
7 19 -23/29 0 0 1
7 19 -23/29 0 0 1
7 19 -23/29 0 0 1
7 19 -23/29 0 0 1
7 19 -23/29 0 0 1
7 19 -23/29 0 0 1
7 19 -23/29 0 0 1
7 19 -23/29 0 0 1
7 19 -23/29 0 0 1
7 19 -23/29 0 0 1
7 19 -23/29 0 0 1
7 19 -23/29 0 0 1
7 19 -23/29 0 0 1
7 19 -23/29 0 0 1
7 19 -23/29 0 0 1
7 19 -23/29 0 0 1
7 19 -23/29 0 0 1
7 19 -23/29 0 0 1
7 19 -23/29 0 0 1
7 19 -23/29 0 0 1
7 19 -23/29 0 0 1
7 19 -23/29 0 0 1
7 19 -23/29 0 0 1
7 19 -23/29 0 0 1
7 19 -23/29 0 0 1
7 19 -23/29 0 0 1
7 19 -23/29 0 0 1
7 19 -23/29 0 0 1
7 19 -23/29 0 0 1
7 19 -23/29 0 0 1
7 19 -23/29 0 0 1
7 19 -23/29 0 0 1
7 19 -23/29 0 0 1
7 19 -23/29 0 0 1
7 19 -23/29 0 0 1
7 19 -23/29 0 0 1
7 19 -23/29 0 0 1
7 19 -23/29 0 0 1
7 19 -23/29 0 0 1
7 19 -23/29 0 0 1
7 19 -23/29 0 0 1
7 19 -23/29 0 0 1
7 19 -23/29 0 0 1
7 19 -23/29 0 0 1
7 19 -23/29 0 0 1
7 19 -23/29 0 0 1
7 19 -23/29 0 0 1
7 19 -23/29 0 0 1
7 19 -23/29 0 0 1
7 19 -23/29 0 0 1
7 19 -23/29 0 0 1
7 19 -23/29 0 0 1
7 19 -23/29 0 0 1
7 19 -23/29 0 0 1
7 19 -23/29 0 0 1
7 19 -23/29 0 0 1
7 19 -23/29 0 0 1
7 19 -23/29 0 0 1
7 19 -23/29 0 0 1
7 19 -23/29 0 0 1
7 19 -23/29 0 0 1
7 19 -23/29 0 0 1
7 19 -23/29 0 0 1
7 19 -23/29 0 0 1
7 19 -23/29 0 0 1
7 19 -23/29 0 0 1
7 19 -23/29 0 0 1
7 19 -23/29 0 0 1
7 19 -23/29 0 0 1
7 19 -23/29 0 0 1
7 19 -23/29 0 0 1
7 19 -23/29 0 0 1
7 19 -23/29 0 0 1
7 19 -23/29 0 0 1
7 19 -23/29 0 0 1
7 19 -23/29 0 0 1
10 19 -23/29 0 0 1
10 19 -23/29 0 0 1
10 19 -23/29 0 0 1
10 19 -23/29 0 0 1
0 5 0 0 1 0
0 5 1 0 1 0
0 5 0 0 1 0
0 5 1 0 1 0
10 19 -23/29 0 0 1
10 19 -23/29 0 0 1
10 19 -23/29 0 0 1
10 19 -23/29 0 0 1
10 19 -23/29 0 0 1
10 19 -23/29 0 0 1
10 19 -23/29 0 0 1
10 19 -23/29 0 0 1
10 19 -23/29 0 0 1
10 19 -23/29 0 0 1
10 19 -23/29 0 0 1
10 19 -23/29 0 0 1
10 19 -23/29 0 0 1
10 19 -23/29 0 0 1
10 19 -23/29 0 0 1
10 19 -23/29 0 0 1
0 5 0 0 1 0
0 5 1 0 1 0
0 5 0 0 1 0
0 5 1 0 1 0
10 19 -23/29 0 0 1
0 5 1 0 1152921504606846976 0
10 19 -23/29 0 0 1
0 5 1 0 1152921504606846976 0
10 19 -23/29 0 0 1
10 19 -23/29 0 0 1
10 19 -23/29 0 0 1
10 19 -23/29 0 0 1
10 19 -23/29 0 0 1
10 19 -23/29 0 0 1
10 19 -23/29 0 0 1
10 19 -23/29 0 0 1
10 19 -23/29 0 0 1
10 19 -23/29 0 0 1
10 19 -23/29 0 0 1
10 19 -23/29 0 0 1
0 5 0 0 1 0
0 5 1 0 1 0
0 5 0 0 1 0
0 5 1 0 1 0
0 5 0 0 1152921504606846976 0
0 5 1 0 1152921504606846976 0
0 5 0 0 1152921504606846976 0
0 5 1 0 1152921504606846976 0
10 19 -23/29 0 0 1
10 19 -23/29 0 0 1
10 19 -23/29 0 0 1
10 19 -23/29 0 0 1
10 19 -23/29 0 0 1
10 19 -23/29 0 0 1
10 19 -23/29 0 0 1
10 19 -23/29 0 0 1
10 19 -23/29 0 0 1
10 19 -23/29 0 0 1
10 19 -23/29 0 0 1
10 19 -23/29 0 0 1
10 19 -23/29 0 0 1
10 19 -23/29 0 0 1
10 19 -23/29 0 0 1
10 19 -23/29 0 0 1
10 19 -23/29 0 0 1
10 19 -23/29 0 0 1
10 19 -23/29 0 0 1
10 19 -23/29 0 0 1
10 19 -23/29 0 0 1
10 19 -23/29 0 0 1
10 19 -23/29 0 0 1
10 19 -23/29 0 0 1
10 19 -23/29 0 0 1
10 19 -23/29 0 0 1
10 19 -23/29 0 0 1
10 19 -23/29 0 0 1
0 5 0 0 576460752303423488 0
0 5 1 0 1152921504606846976 0
0 5 0 0 576460752303423488 0
0 5 1 0 1152921504606846976 0
0 5 0 0 576460752303423488 0
0 5 1 0 1152921504606846976 0
0 5 0 0 576460752303423488 0
0 5 1 0 1152921504606846976 0
0 5 0 0 576460752303423488 0
0 5 1 0 1152921504606846976 0
0 5 0 0 576460752303423488 0
0 5 1 0 1152921504606846976 0
0 5 0 0 576460752303423489 0
0 5 1 0 1152921504606846976 0
0 5 0 0 576460752303423489 0
0 5 1 0 1152921504606846976 0
0 5 0 0 576460752303423489 0
10 19 -23/29 0 0 1
0 5 0 0 576460752303423489 0
10 19 -23/29 0 0 1
0 5 0 0 576460752303423489 0
10 19 -23/29 0 0 1
0 5 0 0 576460752303423489 0
10 19 -23/29 0 0 1
0 5 0 0 1152921504606846976 0
0 5 1 0 1152921504606846976 0
0 5 0 0 1152921504606846976 0
0 5 1 0 1152921504606846976 0
0 5 0 0 1152921504606846976 0
10 19 -23/29 0 0 1
0 5 0 0 1152921504606846976 0
10 19 -23/29 0 0 1
0 5 0 0 1152921504606846976 0
10 19 -23/29 0 0 1
0 5 0 0 1152921504606846976 0
10 19 -23/29 0 0 1
10 19 -23/29 0 0 1
10 19 -23/29 0 0 1
10 19 -23/29 0 0 1
10 19 -23/29 0 0 1
10 19 -23/29 0 0 1
10 19 -23/29 0 0 1
10 19 -23/29 0 0 1
10 19 -23/29 0 0 1
10 19 -23/29 0 0 1
10 19 -23/29 0 0 1
10 19 -23/29 0 0 1
10 19 -23/29 0 0 1
0 5 0 0 0 1
0 5 1 0 0 1
0 5 0 0 0 1
0 5 1 0 0 1
0 5 0 0 0 1
0 5 1 0 0 1
0 5 0 0 0 1
0 5 1 0 0 1
10 19 -23/29 0 0 1
10 19 -23/29 0 0 1
10 19 -23/29 0 0 1
10 19 -23/29 0 0 1
1 19 -23/29 0 0 1
1 19 -23/29 0 0 1
1 19 -23/29 0 0 1
1 19 -23/29 0 0 1
1 19 -23/29 0 0 1
1 19 -23/29 0 0 1
1 19 -23/29 0 0 1
1 19 -23/29 0 0 1
1 19 -23/29 0 0 1
1 19 -23/29 0 0 1
1 19 -23/29 0 0 1
1 19 -23/29 0 0 1
1 19 -23/29 0 0 1
1 19 -23/29 0 0 1
1 19 -23/29 0 0 1
1 19 -23/29 0 0 1
1 19 -23/29 0 0 1
1 19 -23/29 0 0 1
1 19 -23/29 0 0 1
1 19 -23/29 0 0 1
1 19 -23/29 0 0 1
1 19 -23/29 0 0 1
1 19 -23/29 0 0 1
1 19 -23/29 0 0 1
1 19 -23/29 0 0 1
1 19 -23/29 0 0 1
1 19 -23/29 0 0 1
1 19 -23/29 0 0 1
1 19 -23/29 0 0 1
1 19 -23/29 0 0 1
1 19 -23/29 0 0 1
1 19 -23/29 0 0 1
1 19 -23/29 0 0 1
1 19 -23/29 0 0 1
1 19 -23/29 0 0 1
1 19 -23/29 0 0 1
1 19 -23/29 0 0 1
1 19 -23/29 0 0 1
1 19 -23/29 0 0 1
1 19 -23/29 0 0 1
1 19 -23/29 0 0 1
1 19 -23/29 0 0 1
1 19 -23/29 0 0 1
1 19 -23/29 0 0 1
1 19 -23/29 0 0 1
1 19 -23/29 0 0 1
1 19 -23/29 0 0 1
1 19 -23/29 0 0 1
1 19 -23/29 0 0 1
1 19 -23/29 0 0 1
1 19 -23/29 0 0 1
1 19 -23/29 0 0 1
1 19 -23/29 0 0 1
1 19 -23/29 0 0 1
1 19 -23/29 0 0 1
1 19 -23/29 0 0 1
1 19 -23/29 0 0 1
1 19 -23/29 0 0 1
1 19 -23/29 0 0 1
1 19 -23/29 0 0 1
10 19 -23/29 0 0 1
10 19 -23/29 0 0 1
10 19 -23/29 0 0 1
10 19 -23/29 0 0 1
0 7 0 0 -1 0
0 7 0 0 -1 0
0 7 0 0 -1 0
0 7 0 0 -1 0
0 7 0 0 1 0
0 7 1 0 1 0
0 7 0 0 1 0
0 7 1 0 1 0
0 7 0 0 1 0
0 7 1 0 2 0
0 7 0 0 1 0
0 7 1 0 2 0
0 7 0 0 1 0
0 7 1 0 2 0
0 7 0 0 1 0
0 7 1 0 2 0
10 19 -23/29 0 0 1
10 19 -23/29 0 0 1
10 19 -23/29 0 0 1
10 19 -23/29 0 0 1
0 7 0 0 -1 0
0 7 0 0 -1 0
0 7 0 0 -1 0
0 7 0 0 -1 0
0 7 0 0 1 0
0 7 1 0 1 0
0 7 0 0 1 0
0 7 1 0 1 0
0 7 0 0 2 0
0 7 1 0 4 0
0 7 0 0 2 0
0 7 1 0 4 0
0 7 0 0 2 0
0 7 1 0 4 0
0 7 0 0 2 0
0 7 1 0 4 0
10 19 -23/29 0 0 1
10 19 -23/29 0 0 1
10 19 -23/29 0 0 1
10 19 -23/29 0 0 1
0 7 0 0 -1 0
0 7 0 0 -1 0
0 7 0 0 -1 0
0 7 0 0 -1 0
0 7 0 0 1 0
0 7 1 0 1 0
0 7 0 0 1 0
0 7 1 0 1 0
0 7 0 0 3 0
0 7 1 0 6 0
0 7 0 0 3 0
0 7 1 0 6 0
0 7 0 0 3 0
0 7 1 0 6 0
0 7 0 0 3 0
0 7 1 0 6 0
10 19 -23/29 0 0 1
10 19 -23/29 0 0 1
10 19 -23/29 0 0 1
10 19 -23/29 0 0 1
10 19 -23/29 0 0 1
10 19 -23/29 0 0 1
10 19 -23/29 0 0 1
10 19 -23/29 0 0 1
10 19 -23/29 0 0 1
10 19 -23/29 0 0 1
10 19 -23/29 0 0 1
10 19 -23/29 0 0 1
10 19 -23/29 0 0 1
10 19 -23/29 0 0 1
10 19 -23/29 0 0 1
10 19 -23/29 0 0 1
10 19 -23/29 0 0 1
10 19 -23/29 0 0 1
10 19 -23/29 0 0 1
10 19 -23/29 0 0 1
7 19 -23/29 0 0 1
7 19 -23/29 0 0 1
7 19 -23/29 0 0 1
7 19 -23/29 0 0 1
7 19 -23/29 0 0 1
7 19 -23/29 0 0 1
7 19 -23/29 0 0 1
7 19 -23/29 0 0 1
7 19 -23/29 0 0 1
7 19 -23/29 0 0 1
7 19 -23/29 0 0 1
7 19 -23/29 0 0 1
7 19 -23/29 0 0 1
7 19 -23/29 0 0 1
7 19 -23/29 0 0 1
7 19 -23/29 0 0 1
7 19 -23/29 0 0 1
7 19 -23/29 0 0 1
7 19 -23/29 0 0 1
7 19 -23/29 0 0 1
7 19 -23/29 0 0 1
7 19 -23/29 0 0 1
7 19 -23/29 0 0 1
7 19 -23/29 0 0 1
7 19 -23/29 0 0 1
7 19 -23/29 0 0 1
7 19 -23/29 0 0 1
7 19 -23/29 0 0 1
7 19 -23/29 0 0 1
7 19 -23/29 0 0 1
7 19 -23/29 0 0 1
7 19 -23/29 0 0 1
7 19 -23/29 0 0 1
7 19 -23/29 0 0 1
7 19 -23/29 0 0 1
7 19 -23/29 0 0 1
7 19 -23/29 0 0 1
7 19 -23/29 0 0 1
7 19 -23/29 0 0 1
7 19 -23/29 0 0 1
7 19 -23/29 0 0 1
7 19 -23/29 0 0 1
7 19 -23/29 0 0 1
7 19 -23/29 0 0 1
7 19 -23/29 0 0 1
7 19 -23/29 0 0 1
7 19 -23/29 0 0 1
7 19 -23/29 0 0 1
7 19 -23/29 0 0 1
7 19 -23/29 0 0 1
7 19 -23/29 0 0 1
7 19 -23/29 0 0 1
7 19 -23/29 0 0 1
7 19 -23/29 0 0 1
7 19 -23/29 0 0 1
7 19 -23/29 0 0 1
7 19 -23/29 0 0 1
7 19 -23/29 0 0 1
7 19 -23/29 0 0 1
7 19 -23/29 0 0 1
7 19 -23/29 0 0 1
7 19 -23/29 0 0 1
7 19 -23/29 0 0 1
7 19 -23/29 0 0 1
7 19 -23/29 0 0 1
7 19 -23/29 0 0 1
7 19 -23/29 0 0 1
7 19 -23/29 0 0 1
7 19 -23/29 0 0 1
7 19 -23/29 0 0 1
7 19 -23/29 0 0 1
7 19 -23/29 0 0 1
7 19 -23/29 0 0 1
7 19 -23/29 0 0 1
7 19 -23/29 0 0 1
7 19 -23/29 0 0 1
7 19 -23/29 0 0 1
7 19 -23/29 0 0 1
7 19 -23/29 0 0 1
7 19 -23/29 0 0 1
10 19 -23/29 0 0 1
10 19 -23/29 0 0 1
10 19 -23/29 0 0 1
10 19 -23/29 0 0 1
0 7 0 0 1 0
0 7 1 0 1 0
0 7 0 0 1 0
0 7 1 0 1 0
10 19 -23/29 0 0 1
10 19 -23/29 0 0 1
10 19 -23/29 0 0 1
10 19 -23/29 0 0 1
10 19 -23/29 0 0 1
10 19 -23/29 0 0 1
10 19 -23/29 0 0 1
10 19 -23/29 0 0 1
10 19 -23/29 0 0 1
10 19 -23/29 0 0 1
10 19 -23/29 0 0 1
10 19 -23/29 0 0 1
10 19 -23/29 0 0 1
10 19 -23/29 0 0 1
10 19 -23/29 0 0 1
10 19 -23/29 0 0 1
0 7 0 0 1 0
0 7 1 0 1 0
0 7 0 0 1 0
0 7 1 0 1 0
10 19 -23/29 0 0 1
0 7 1 0 1152921504606846976 0
10 19 -23/29 0 0 1
0 7 1 0 1152921504606846976 0
10 19 -23/29 0 0 1
10 19 -23/29 0 0 1
10 19 -23/29 0 0 1
10 19 -23/29 0 0 1
10 19 -23/29 0 0 1
10 19 -23/29 0 0 1
10 19 -23/29 0 0 1
10 19 -23/29 0 0 1
10 19 -23/29 0 0 1
10 19 -23/29 0 0 1
10 19 -23/29 0 0 1
10 19 -23/29 0 0 1
0 7 0 0 1 0
0 7 1 0 1 0
0 7 0 0 1 0
0 7 1 0 1 0
0 7 0 0 1152921504606846976 0
0 7 1 0 1152921504606846976 0
0 7 0 0 1152921504606846976 0
0 7 1 0 1152921504606846976 0
10 19 -23/29 0 0 1
10 19 -23/29 0 0 1
10 19 -23/29 0 0 1
10 19 -23/29 0 0 1
10 19 -23/29 0 0 1
10 19 -23/29 0 0 1
10 19 -23/29 0 0 1
10 19 -23/29 0 0 1
10 19 -23/29 0 0 1
10 19 -23/29 0 0 1
10 19 -23/29 0 0 1
10 19 -23/29 0 0 1
10 19 -23/29 0 0 1
10 19 -23/29 0 0 1
10 19 -23/29 0 0 1
10 19 -23/29 0 0 1
10 19 -23/29 0 0 1
10 19 -23/29 0 0 1
10 19 -23/29 0 0 1
10 19 -23/29 0 0 1
10 19 -23/29 0 0 1
10 19 -23/29 0 0 1
10 19 -23/29 0 0 1
10 19 -23/29 0 0 1
10 19 -23/29 0 0 1
10 19 -23/29 0 0 1
10 19 -23/29 0 0 1
10 19 -23/29 0 0 1
0 7 0 0 576460752303423488 0
0 7 1 0 1152921504606846976 0
0 7 0 0 576460752303423488 0
0 7 1 0 1152921504606846976 0
0 7 0 0 576460752303423488 0
0 7 1 0 1152921504606846976 0
0 7 0 0 576460752303423488 0
0 7 1 0 1152921504606846976 0
0 7 0 0 576460752303423488 0
0 7 1 0 1152921504606846976 0
0 7 0 0 576460752303423488 0
0 7 1 0 1152921504606846976 0
0 7 0 0 576460752303423489 0
0 7 1 0 1152921504606846976 0
0 7 0 0 576460752303423489 0
0 7 1 0 1152921504606846976 0
0 7 0 0 576460752303423489 0
10 19 -23/29 0 0 1
0 7 0 0 576460752303423489 0
10 19 -23/29 0 0 1
0 7 0 0 576460752303423489 0
10 19 -23/29 0 0 1
0 7 0 0 576460752303423489 0
10 19 -23/29 0 0 1
0 7 0 0 1152921504606846976 0
0 7 1 0 1152921504606846976 0
0 7 0 0 1152921504606846976 0
0 7 1 0 1152921504606846976 0
0 7 0 0 1152921504606846976 0
10 19 -23/29 0 0 1
0 7 0 0 1152921504606846976 0
10 19 -23/29 0 0 1
0 7 0 0 1152921504606846976 0
10 19 -23/29 0 0 1
0 7 0 0 1152921504606846976 0
10 19 -23/29 0 0 1
10 19 -23/29 0 0 1
10 19 -23/29 0 0 1
10 19 -23/29 0 0 1
10 19 -23/29 0 0 1
10 19 -23/29 0 0 1
10 19 -23/29 0 0 1
10 19 -23/29 0 0 1
10 19 -23/29 0 0 1
10 19 -23/29 0 0 1
10 19 -23/29 0 0 1
10 19 -23/29 0 0 1
10 19 -23/29 0 0 1
0 7 0 0 0 1
0 7 1 0 0 1
0 7 0 0 0 1
0 7 1 0 0 1
0 7 0 0 0 1
0 7 1 0 0 1
0 7 0 0 0 1
0 7 1 0 0 1
10 19 -23/29 0 0 1
10 19 -23/29 0 0 1
10 19 -23/29 0 0 1
10 19 -23/29 0 0 1
1 19 -23/29 0 0 1
1 19 -23/29 0 0 1
1 19 -23/29 0 0 1
1 19 -23/29 0 0 1
1 19 -23/29 0 0 1
1 19 -23/29 0 0 1
1 19 -23/29 0 0 1
1 19 -23/29 0 0 1
1 19 -23/29 0 0 1
1 19 -23/29 0 0 1
1 19 -23/29 0 0 1
1 19 -23/29 0 0 1
1 19 -23/29 0 0 1
1 19 -23/29 0 0 1
1 19 -23/29 0 0 1
1 19 -23/29 0 0 1
1 19 -23/29 0 0 1
1 19 -23/29 0 0 1
1 19 -23/29 0 0 1
1 19 -23/29 0 0 1
1 19 -23/29 0 0 1
1 19 -23/29 0 0 1
1 19 -23/29 0 0 1
1 19 -23/29 0 0 1
1 19 -23/29 0 0 1
1 19 -23/29 0 0 1
1 19 -23/29 0 0 1
1 19 -23/29 0 0 1
1 19 -23/29 0 0 1
1 19 -23/29 0 0 1
1 19 -23/29 0 0 1
1 19 -23/29 0 0 1
1 19 -23/29 0 0 1
1 19 -23/29 0 0 1
1 19 -23/29 0 0 1
1 19 -23/29 0 0 1
1 19 -23/29 0 0 1
1 19 -23/29 0 0 1
1 19 -23/29 0 0 1
1 19 -23/29 0 0 1
1 19 -23/29 0 0 1
1 19 -23/29 0 0 1
1 19 -23/29 0 0 1
1 19 -23/29 0 0 1
1 19 -23/29 0 0 1
1 19 -23/29 0 0 1
1 19 -23/29 0 0 1
1 19 -23/29 0 0 1
1 19 -23/29 0 0 1
1 19 -23/29 0 0 1
1 19 -23/29 0 0 1
1 19 -23/29 0 0 1
1 19 -23/29 0 0 1
1 19 -23/29 0 0 1
1 19 -23/29 0 0 1
1 19 -23/29 0 0 1
1 19 -23/29 0 0 1
1 19 -23/29 0 0 1
1 19 -23/29 0 0 1
1 19 -23/29 0 0 1
10 19 -23/29 0 0 1
10 19 -23/29 0 0 1
10 19 -23/29 0 0 1
10 19 -23/29 0 0 1
0 13 0 0 -1 0
0 13 0 0 -1 0
0 13 0 0 -1 0
0 13 0 0 -1 0
0 13 0 0 1 0
0 13 1 0 1 0
0 13 0 0 1 0
0 13 1 0 1 0
0 13 0 0 1 0
0 13 1 0 2 0
0 13 0 0 1 0
0 13 1 0 2 0
0 13 0 0 1 0
0 13 1 0 2 0
0 13 0 0 1 0
0 13 1 0 2 0
10 19 -23/29 0 0 1
10 19 -23/29 0 0 1
10 19 -23/29 0 0 1
10 19 -23/29 0 0 1
0 13 0 0 -1 0
0 13 0 0 -1 0
0 13 0 0 -1 0
0 13 0 0 -1 0
0 13 0 0 1 0
0 13 1 0 1 0
0 13 0 0 1 0
0 13 1 0 1 0
0 13 0 0 2 0
0 13 1 0 4 0
0 13 0 0 2 0
0 13 1 0 4 0
0 13 0 0 2 0
0 13 1 0 4 0
0 13 0 0 2 0
0 13 1 0 4 0
10 19 -23/29 0 0 1
10 19 -23/29 0 0 1
10 19 -23/29 0 0 1
10 19 -23/29 0 0 1
0 13 0 0 -1 0
0 13 0 0 -1 0
0 13 0 0 -1 0
0 13 0 0 -1 0
0 13 0 0 1 0
0 13 1 0 1 0
0 13 0 0 1 0
0 13 1 0 1 0
0 13 0 0 3 0
0 13 1 0 6 0
0 13 0 0 3 0
0 13 1 0 6 0
0 13 0 0 3 0
0 13 1 0 6 0
0 13 0 0 3 0
0 13 1 0 6 0
10 19 -23/29 0 0 1
10 19 -23/29 0 0 1
10 19 -23/29 0 0 1
10 19 -23/29 0 0 1
10 19 -23/29 0 0 1
10 19 -23/29 0 0 1
10 19 -23/29 0 0 1
10 19 -23/29 0 0 1
10 19 -23/29 0 0 1
10 19 -23/29 0 0 1
10 19 -23/29 0 0 1
10 19 -23/29 0 0 1
10 19 -23/29 0 0 1
10 19 -23/29 0 0 1
10 19 -23/29 0 0 1
10 19 -23/29 0 0 1
10 19 -23/29 0 0 1
10 19 -23/29 0 0 1
10 19 -23/29 0 0 1
10 19 -23/29 0 0 1
7 19 -23/29 0 0 1
7 19 -23/29 0 0 1
7 19 -23/29 0 0 1
7 19 -23/29 0 0 1
7 19 -23/29 0 0 1
7 19 -23/29 0 0 1
7 19 -23/29 0 0 1
7 19 -23/29 0 0 1
7 19 -23/29 0 0 1
7 19 -23/29 0 0 1
7 19 -23/29 0 0 1
7 19 -23/29 0 0 1
7 19 -23/29 0 0 1
7 19 -23/29 0 0 1
7 19 -23/29 0 0 1
7 19 -23/29 0 0 1
7 19 -23/29 0 0 1
7 19 -23/29 0 0 1
7 19 -23/29 0 0 1
7 19 -23/29 0 0 1
7 19 -23/29 0 0 1
7 19 -23/29 0 0 1
7 19 -23/29 0 0 1
7 19 -23/29 0 0 1
7 19 -23/29 0 0 1
7 19 -23/29 0 0 1
7 19 -23/29 0 0 1
7 19 -23/29 0 0 1
7 19 -23/29 0 0 1
7 19 -23/29 0 0 1
7 19 -23/29 0 0 1
7 19 -23/29 0 0 1
7 19 -23/29 0 0 1
7 19 -23/29 0 0 1
7 19 -23/29 0 0 1
7 19 -23/29 0 0 1
7 19 -23/29 0 0 1
7 19 -23/29 0 0 1
7 19 -23/29 0 0 1
7 19 -23/29 0 0 1
7 19 -23/29 0 0 1
7 19 -23/29 0 0 1
7 19 -23/29 0 0 1
7 19 -23/29 0 0 1
7 19 -23/29 0 0 1
7 19 -23/29 0 0 1
7 19 -23/29 0 0 1
7 19 -23/29 0 0 1
7 19 -23/29 0 0 1
7 19 -23/29 0 0 1
7 19 -23/29 0 0 1
7 19 -23/29 0 0 1
7 19 -23/29 0 0 1
7 19 -23/29 0 0 1
7 19 -23/29 0 0 1
7 19 -23/29 0 0 1
7 19 -23/29 0 0 1
7 19 -23/29 0 0 1
7 19 -23/29 0 0 1
7 19 -23/29 0 0 1
7 19 -23/29 0 0 1
7 19 -23/29 0 0 1
7 19 -23/29 0 0 1
7 19 -23/29 0 0 1
7 19 -23/29 0 0 1
7 19 -23/29 0 0 1
7 19 -23/29 0 0 1
7 19 -23/29 0 0 1
7 19 -23/29 0 0 1
7 19 -23/29 0 0 1
7 19 -23/29 0 0 1
7 19 -23/29 0 0 1
7 19 -23/29 0 0 1
7 19 -23/29 0 0 1
7 19 -23/29 0 0 1
7 19 -23/29 0 0 1
7 19 -23/29 0 0 1
7 19 -23/29 0 0 1
7 19 -23/29 0 0 1
7 19 -23/29 0 0 1
10 19 -23/29 0 0 1
10 19 -23/29 0 0 1
10 19 -23/29 0 0 1
10 19 -23/29 0 0 1
0 13 0 0 1 0
0 13 1 0 1 0
0 13 0 0 1 0
0 13 1 0 1 0
10 19 -23/29 0 0 1
10 19 -23/29 0 0 1
10 19 -23/29 0 0 1
10 19 -23/29 0 0 1
10 19 -23/29 0 0 1
10 19 -23/29 0 0 1
10 19 -23/29 0 0 1
10 19 -23/29 0 0 1
10 19 -23/29 0 0 1
10 19 -23/29 0 0 1
10 19 -23/29 0 0 1
10 19 -23/29 0 0 1
10 19 -23/29 0 0 1
10 19 -23/29 0 0 1
10 19 -23/29 0 0 1
10 19 -23/29 0 0 1
0 13 0 0 1 0
0 13 1 0 1 0
0 13 0 0 1 0
0 13 1 0 1 0
10 19 -23/29 0 0 1
0 13 1 0 1152921504606846976 0
10 19 -23/29 0 0 1
0 13 1 0 1152921504606846976 0
10 19 -23/29 0 0 1
10 19 -23/29 0 0 1
10 19 -23/29 0 0 1
10 19 -23/29 0 0 1
10 19 -23/29 0 0 1
10 19 -23/29 0 0 1
10 19 -23/29 0 0 1
10 19 -23/29 0 0 1
10 19 -23/29 0 0 1
10 19 -23/29 0 0 1
10 19 -23/29 0 0 1
10 19 -23/29 0 0 1
0 13 0 0 1 0
0 13 1 0 1 0
0 13 0 0 1 0
0 13 1 0 1 0
0 13 0 0 1152921504606846976 0
0 13 1 0 1152921504606846976 0
0 13 0 0 1152921504606846976 0
0 13 1 0 1152921504606846976 0
10 19 -23/29 0 0 1
10 19 -23/29 0 0 1
10 19 -23/29 0 0 1
10 19 -23/29 0 0 1
10 19 -23/29 0 0 1
10 19 -23/29 0 0 1
10 19 -23/29 0 0 1
10 19 -23/29 0 0 1
10 19 -23/29 0 0 1
10 19 -23/29 0 0 1
10 19 -23/29 0 0 1
10 19 -23/29 0 0 1
10 19 -23/29 0 0 1
10 19 -23/29 0 0 1
10 19 -23/29 0 0 1
10 19 -23/29 0 0 1
10 19 -23/29 0 0 1
10 19 -23/29 0 0 1
10 19 -23/29 0 0 1
10 19 -23/29 0 0 1
10 19 -23/29 0 0 1
10 19 -23/29 0 0 1
10 19 -23/29 0 0 1
10 19 -23/29 0 0 1
10 19 -23/29 0 0 1
10 19 -23/29 0 0 1
10 19 -23/29 0 0 1
10 19 -23/29 0 0 1
0 13 0 0 576460752303423488 0
0 13 1 0 1152921504606846976 0
0 13 0 0 576460752303423488 0
0 13 1 0 1152921504606846976 0
0 13 0 0 576460752303423488 0
0 13 1 0 1152921504606846976 0
0 13 0 0 576460752303423488 0
0 13 1 0 1152921504606846976 0
0 13 0 0 576460752303423488 0
0 13 1 0 1152921504606846976 0
0 13 0 0 576460752303423488 0
0 13 1 0 1152921504606846976 0
0 13 0 0 576460752303423489 0
0 13 1 0 1152921504606846976 0
0 13 0 0 576460752303423489 0
0 13 1 0 1152921504606846976 0
0 13 0 0 576460752303423489 0
10 19 -23/29 0 0 1
0 13 0 0 576460752303423489 0
10 19 -23/29 0 0 1
0 13 0 0 576460752303423489 0
10 19 -23/29 0 0 1
0 13 0 0 576460752303423489 0
10 19 -23/29 0 0 1
0 13 0 0 1152921504606846976 0
0 13 1 0 1152921504606846976 0
0 13 0 0 1152921504606846976 0
0 13 1 0 1152921504606846976 0
0 13 0 0 1152921504606846976 0
10 19 -23/29 0 0 1
0 13 0 0 1152921504606846976 0
10 19 -23/29 0 0 1
0 13 0 0 1152921504606846976 0
10 19 -23/29 0 0 1
0 13 0 0 1152921504606846976 0
10 19 -23/29 0 0 1
10 19 -23/29 0 0 1
10 19 -23/29 0 0 1
10 19 -23/29 0 0 1
10 19 -23/29 0 0 1
10 19 -23/29 0 0 1
10 19 -23/29 0 0 1
10 19 -23/29 0 0 1
10 19 -23/29 0 0 1
10 19 -23/29 0 0 1
10 19 -23/29 0 0 1
10 19 -23/29 0 0 1
10 19 -23/29 0 0 1
0 13 0 0 0 1
0 13 1 0 0 1
0 13 0 0 0 1
0 13 1 0 0 1
0 13 0 0 0 1
0 13 1 0 0 1
0 13 0 0 0 1
0 13 1 0 0 1
10 19 -23/29 0 0 1
10 19 -23/29 0 0 1
10 19 -23/29 0 0 1
10 19 -23/29 0 0 1
1 19 -23/29 0 0 1
1 19 -23/29 0 0 1
1 19 -23/29 0 0 1
1 19 -23/29 0 0 1
1 19 -23/29 0 0 1
1 19 -23/29 0 0 1
1 19 -23/29 0 0 1
1 19 -23/29 0 0 1
1 19 -23/29 0 0 1
1 19 -23/29 0 0 1
1 19 -23/29 0 0 1
1 19 -23/29 0 0 1
1 19 -23/29 0 0 1
1 19 -23/29 0 0 1
1 19 -23/29 0 0 1
1 19 -23/29 0 0 1
1 19 -23/29 0 0 1
1 19 -23/29 0 0 1
1 19 -23/29 0 0 1
1 19 -23/29 0 0 1
1 19 -23/29 0 0 1
1 19 -23/29 0 0 1
1 19 -23/29 0 0 1
1 19 -23/29 0 0 1
1 19 -23/29 0 0 1
1 19 -23/29 0 0 1
1 19 -23/29 0 0 1
1 19 -23/29 0 0 1
1 19 -23/29 0 0 1
1 19 -23/29 0 0 1
1 19 -23/29 0 0 1
1 19 -23/29 0 0 1
1 19 -23/29 0 0 1
1 19 -23/29 0 0 1
1 19 -23/29 0 0 1
1 19 -23/29 0 0 1
1 19 -23/29 0 0 1
1 19 -23/29 0 0 1
1 19 -23/29 0 0 1
1 19 -23/29 0 0 1
1 19 -23/29 0 0 1
1 19 -23/29 0 0 1
1 19 -23/29 0 0 1
1 19 -23/29 0 0 1
1 19 -23/29 0 0 1
1 19 -23/29 0 0 1
1 19 -23/29 0 0 1
1 19 -23/29 0 0 1
1 19 -23/29 0 0 1
1 19 -23/29 0 0 1
1 19 -23/29 0 0 1
1 19 -23/29 0 0 1
1 19 -23/29 0 0 1
1 19 -23/29 0 0 1
1 19 -23/29 0 0 1
1 19 -23/29 0 0 1
1 19 -23/29 0 0 1
1 19 -23/29 0 0 1
1 19 -23/29 0 0 1
1 19 -23/29 0 0 1
10 19 -23/29 0 0 1
10 19 -23/29 0 0 1
10 19 -23/29 0 0 1
10 19 -23/29 0 0 1
0 65537 0 0 -1 0
0 65537 0 0 -1 0
0 65537 0 0 -1 0
0 65537 0 0 -1 0
0 65537 0 0 1 0
0 65537 1 0 1 0
0 65537 0 0 1 0
0 65537 1 0 1 0
0 65537 0 0 1 0
0 65537 1 0 2 0
0 65537 0 0 1 0
0 65537 1 0 2 0
0 65537 0 0 1 0
0 65537 1 0 2 0
0 65537 0 0 1 0
0 65537 1 0 2 0
10 19 -23/29 0 0 1
10 19 -23/29 0 0 1
10 19 -23/29 0 0 1
10 19 -23/29 0 0 1
0 65537 0 0 -1 0
0 65537 0 0 -1 0
0 65537 0 0 -1 0
0 65537 0 0 -1 0
0 65537 0 0 1 0
0 65537 1 0 1 0
0 65537 0 0 1 0
0 65537 1 0 1 0
0 65537 0 0 2 0
0 65537 1 0 4 0
0 65537 0 0 2 0
0 65537 1 0 4 0
0 65537 0 0 2 0
0 65537 1 0 4 0
0 65537 0 0 2 0
0 65537 1 0 4 0
10 19 -23/29 0 0 1
10 19 -23/29 0 0 1
10 19 -23/29 0 0 1
10 19 -23/29 0 0 1
0 65537 0 0 -1 0
0 65537 0 0 -1 0
0 65537 0 0 -1 0
0 65537 0 0 -1 0
0 65537 0 0 1 0
0 65537 1 0 1 0
0 65537 0 0 1 0
0 65537 1 0 1 0
0 65537 0 0 3 0
0 65537 1 0 6 0
0 65537 0 0 3 0
0 65537 1 0 6 0
0 65537 0 0 3 0
0 65537 1 0 6 0
0 65537 0 0 3 0
0 65537 1 0 6 0
10 19 -23/29 0 0 1
10 19 -23/29 0 0 1
10 19 -23/29 0 0 1
10 19 -23/29 0 0 1
10 19 -23/29 0 0 1
10 19 -23/29 0 0 1
10 19 -23/29 0 0 1
10 19 -23/29 0 0 1
10 19 -23/29 0 0 1
10 19 -23/29 0 0 1
10 19 -23/29 0 0 1
10 19 -23/29 0 0 1
10 19 -23/29 0 0 1
10 19 -23/29 0 0 1
10 19 -23/29 0 0 1
10 19 -23/29 0 0 1
10 19 -23/29 0 0 1
10 19 -23/29 0 0 1
10 19 -23/29 0 0 1
10 19 -23/29 0 0 1
7 19 -23/29 0 0 1
7 19 -23/29 0 0 1
7 19 -23/29 0 0 1
7 19 -23/29 0 0 1
7 19 -23/29 0 0 1
7 19 -23/29 0 0 1
7 19 -23/29 0 0 1
7 19 -23/29 0 0 1
7 19 -23/29 0 0 1
7 19 -23/29 0 0 1
7 19 -23/29 0 0 1
7 19 -23/29 0 0 1
7 19 -23/29 0 0 1
7 19 -23/29 0 0 1
7 19 -23/29 0 0 1
7 19 -23/29 0 0 1
7 19 -23/29 0 0 1
7 19 -23/29 0 0 1
7 19 -23/29 0 0 1
7 19 -23/29 0 0 1
7 19 -23/29 0 0 1
7 19 -23/29 0 0 1
7 19 -23/29 0 0 1
7 19 -23/29 0 0 1
7 19 -23/29 0 0 1
7 19 -23/29 0 0 1
7 19 -23/29 0 0 1
7 19 -23/29 0 0 1
7 19 -23/29 0 0 1
7 19 -23/29 0 0 1
7 19 -23/29 0 0 1
7 19 -23/29 0 0 1
7 19 -23/29 0 0 1
7 19 -23/29 0 0 1
7 19 -23/29 0 0 1
7 19 -23/29 0 0 1
7 19 -23/29 0 0 1
7 19 -23/29 0 0 1
7 19 -23/29 0 0 1
7 19 -23/29 0 0 1
7 19 -23/29 0 0 1
7 19 -23/29 0 0 1
7 19 -23/29 0 0 1
7 19 -23/29 0 0 1
7 19 -23/29 0 0 1
7 19 -23/29 0 0 1
7 19 -23/29 0 0 1
7 19 -23/29 0 0 1
7 19 -23/29 0 0 1
7 19 -23/29 0 0 1
7 19 -23/29 0 0 1
7 19 -23/29 0 0 1
7 19 -23/29 0 0 1
7 19 -23/29 0 0 1
7 19 -23/29 0 0 1
7 19 -23/29 0 0 1
7 19 -23/29 0 0 1
7 19 -23/29 0 0 1
7 19 -23/29 0 0 1
7 19 -23/29 0 0 1
7 19 -23/29 0 0 1
7 19 -23/29 0 0 1
7 19 -23/29 0 0 1
7 19 -23/29 0 0 1
7 19 -23/29 0 0 1
7 19 -23/29 0 0 1
7 19 -23/29 0 0 1
7 19 -23/29 0 0 1
7 19 -23/29 0 0 1
7 19 -23/29 0 0 1
7 19 -23/29 0 0 1
7 19 -23/29 0 0 1
7 19 -23/29 0 0 1
7 19 -23/29 0 0 1
7 19 -23/29 0 0 1
7 19 -23/29 0 0 1
7 19 -23/29 0 0 1
7 19 -23/29 0 0 1
7 19 -23/29 0 0 1
7 19 -23/29 0 0 1
10 19 -23/29 0 0 1
10 19 -23/29 0 0 1
10 19 -23/29 0 0 1
10 19 -23/29 0 0 1
0 65537 0 0 1 0
0 65537 1 0 1 0
0 65537 0 0 1 0
0 65537 1 0 1 0
10 19 -23/29 0 0 1
10 19 -23/29 0 0 1
10 19 -23/29 0 0 1
10 19 -23/29 0 0 1
10 19 -23/29 0 0 1
10 19 -23/29 0 0 1
10 19 -23/29 0 0 1
10 19 -23/29 0 0 1
10 19 -23/29 0 0 1
10 19 -23/29 0 0 1
10 19 -23/29 0 0 1
10 19 -23/29 0 0 1
10 19 -23/29 0 0 1
10 19 -23/29 0 0 1
10 19 -23/29 0 0 1
10 19 -23/29 0 0 1
0 65537 0 0 1 0
0 65537 1 0 1 0
0 65537 0 0 1 0
0 65537 1 0 1 0
10 19 -23/29 0 0 1
0 65537 1 0 1152921504606846976 0
10 19 -23/29 0 0 1
0 65537 1 0 1152921504606846976 0
10 19 -23/29 0 0 1
10 19 -23/29 0 0 1
10 19 -23/29 0 0 1
10 19 -23/29 0 0 1
10 19 -23/29 0 0 1
10 19 -23/29 0 0 1
10 19 -23/29 0 0 1
10 19 -23/29 0 0 1
10 19 -23/29 0 0 1
10 19 -23/29 0 0 1
10 19 -23/29 0 0 1
10 19 -23/29 0 0 1
0 65537 0 0 1 0
0 65537 1 0 1 0
0 65537 0 0 1 0
0 65537 1 0 1 0
0 65537 0 0 1152921504606846976 0
0 65537 1 0 1152921504606846976 0
0 65537 0 0 1152921504606846976 0
0 65537 1 0 1152921504606846976 0
10 19 -23/29 0 0 1
10 19 -23/29 0 0 1
10 19 -23/29 0 0 1
10 19 -23/29 0 0 1
10 19 -23/29 0 0 1
10 19 -23/29 0 0 1
10 19 -23/29 0 0 1
10 19 -23/29 0 0 1
10 19 -23/29 0 0 1
10 19 -23/29 0 0 1
10 19 -23/29 0 0 1
10 19 -23/29 0 0 1
10 19 -23/29 0 0 1
10 19 -23/29 0 0 1
10 19 -23/29 0 0 1
10 19 -23/29 0 0 1
10 19 -23/29 0 0 1
10 19 -23/29 0 0 1
10 19 -23/29 0 0 1
10 19 -23/29 0 0 1
10 19 -23/29 0 0 1
10 19 -23/29 0 0 1
10 19 -23/29 0 0 1
10 19 -23/29 0 0 1
10 19 -23/29 0 0 1
10 19 -23/29 0 0 1
10 19 -23/29 0 0 1
10 19 -23/29 0 0 1
0 65537 0 0 576460752303423488 0
0 65537 1 0 1152921504606846976 0
0 65537 0 0 576460752303423488 0
0 65537 1 0 1152921504606846976 0
0 65537 0 0 576460752303423488 0
0 65537 1 0 1152921504606846976 0
0 65537 0 0 576460752303423488 0
0 65537 1 0 1152921504606846976 0
0 65537 0 0 576460752303423488 0
0 65537 1 0 1152921504606846976 0
0 65537 0 0 576460752303423488 0
0 65537 1 0 1152921504606846976 0
0 65537 0 0 576460752303423489 0
0 65537 1 0 1152921504606846976 0
0 65537 0 0 576460752303423489 0
0 65537 1 0 1152921504606846976 0
0 65537 0 0 576460752303423489 0
10 19 -23/29 0 0 1
0 65537 0 0 576460752303423489 0
10 19 -23/29 0 0 1
0 65537 0 0 576460752303423489 0
10 19 -23/29 0 0 1
0 65537 0 0 576460752303423489 0
10 19 -23/29 0 0 1
0 65537 0 0 1152921504606846976 0
0 65537 1 0 1152921504606846976 0
0 65537 0 0 1152921504606846976 0
0 65537 1 0 1152921504606846976 0
0 65537 0 0 1152921504606846976 0
10 19 -23/29 0 0 1
0 65537 0 0 1152921504606846976 0
10 19 -23/29 0 0 1
0 65537 0 0 1152921504606846976 0
10 19 -23/29 0 0 1
0 65537 0 0 1152921504606846976 0
10 19 -23/29 0 0 1
10 19 -23/29 0 0 1
10 19 -23/29 0 0 1
10 19 -23/29 0 0 1
10 19 -23/29 0 0 1
10 19 -23/29 0 0 1
10 19 -23/29 0 0 1
10 19 -23/29 0 0 1
10 19 -23/29 0 0 1
10 19 -23/29 0 0 1
10 19 -23/29 0 0 1
10 19 -23/29 0 0 1
10 19 -23/29 0 0 1
0 65537 0 0 0 1
0 65537 1 0 0 1
0 65537 0 0 0 1
0 65537 1 0 0 1
0 65537 0 0 0 1
0 65537 1 0 0 1
0 65537 0 0 0 1
0 65537 1 0 0 1
10 19 -23/29 0 0 1
10 19 -23/29 0 0 1
10 19 -23/29 0 0 1
10 19 -23/29 0 0 1
1 19 -23/29 0 0 1
1 19 -23/29 0 0 1
1 19 -23/29 0 0 1
1 19 -23/29 0 0 1
1 19 -23/29 0 0 1
1 19 -23/29 0 0 1
1 19 -23/29 0 0 1
1 19 -23/29 0 0 1
1 19 -23/29 0 0 1
1 19 -23/29 0 0 1
1 19 -23/29 0 0 1
1 19 -23/29 0 0 1
1 19 -23/29 0 0 1
1 19 -23/29 0 0 1
1 19 -23/29 0 0 1
1 19 -23/29 0 0 1
1 19 -23/29 0 0 1
1 19 -23/29 0 0 1
1 19 -23/29 0 0 1
1 19 -23/29 0 0 1
1 19 -23/29 0 0 1
1 19 -23/29 0 0 1
1 19 -23/29 0 0 1
1 19 -23/29 0 0 1
1 19 -23/29 0 0 1
1 19 -23/29 0 0 1
1 19 -23/29 0 0 1
1 19 -23/29 0 0 1
1 19 -23/29 0 0 1
1 19 -23/29 0 0 1
1 19 -23/29 0 0 1
1 19 -23/29 0 0 1
1 19 -23/29 0 0 1
1 19 -23/29 0 0 1
1 19 -23/29 0 0 1
1 19 -23/29 0 0 1
1 19 -23/29 0 0 1
1 19 -23/29 0 0 1
1 19 -23/29 0 0 1
1 19 -23/29 0 0 1
1 19 -23/29 0 0 1
1 19 -23/29 0 0 1
1 19 -23/29 0 0 1
1 19 -23/29 0 0 1
1 19 -23/29 0 0 1
1 19 -23/29 0 0 1
1 19 -23/29 0 0 1
1 19 -23/29 0 0 1
1 19 -23/29 0 0 1
1 19 -23/29 0 0 1
1 19 -23/29 0 0 1
1 19 -23/29 0 0 1
1 19 -23/29 0 0 1
1 19 -23/29 0 0 1
1 19 -23/29 0 0 1
1 19 -23/29 0 0 1
1 19 -23/29 0 0 1
1 19 -23/29 0 0 1
1 19 -23/29 0 0 1
1 19 -23/29 0 0 1
10 19 -23/29 0 0 1
10 19 -23/29 0 0 1
10 19 -23/29 0 0 1
10 19 -23/29 0 0 1
0 18446744073709551557 0 0 -1 0
0 18446744073709551557 0 0 -1 0
0 18446744073709551557 0 0 -1 0
0 18446744073709551557 0 0 -1 0
0 18446744073709551557 0 0 1 0
0 18446744073709551557 1 0 1 0
0 18446744073709551557 0 0 1 0
0 18446744073709551557 1 0 1 0
0 18446744073709551557 0 0 1 0
0 18446744073709551557 1 0 2 0
0 18446744073709551557 0 0 1 0
0 18446744073709551557 1 0 2 0
0 18446744073709551557 0 0 1 0
0 18446744073709551557 1 0 2 0
0 18446744073709551557 0 0 1 0
0 18446744073709551557 1 0 2 0
10 19 -23/29 0 0 1
10 19 -23/29 0 0 1
10 19 -23/29 0 0 1
10 19 -23/29 0 0 1
0 18446744073709551557 0 0 -1 0
0 18446744073709551557 0 0 -1 0
0 18446744073709551557 0 0 -1 0
0 18446744073709551557 0 0 -1 0
0 18446744073709551557 0 0 1 0
0 18446744073709551557 1 0 1 0
0 18446744073709551557 0 0 1 0
0 18446744073709551557 1 0 1 0
0 18446744073709551557 0 0 2 0
0 18446744073709551557 1 0 4 0
0 18446744073709551557 0 0 2 0
0 18446744073709551557 1 0 4 0
0 18446744073709551557 0 0 2 0
0 18446744073709551557 1 0 4 0
0 18446744073709551557 0 0 2 0
0 18446744073709551557 1 0 4 0
10 19 -23/29 0 0 1
10 19 -23/29 0 0 1
10 19 -23/29 0 0 1
10 19 -23/29 0 0 1
0 18446744073709551557 0 0 -1 0
0 18446744073709551557 0 0 -1 0
0 18446744073709551557 0 0 -1 0
0 18446744073709551557 0 0 -1 0
0 18446744073709551557 0 0 1 0
0 18446744073709551557 1 0 1 0
0 18446744073709551557 0 0 1 0
0 18446744073709551557 1 0 1 0
0 18446744073709551557 0 0 3 0
0 18446744073709551557 1 0 6 0
0 18446744073709551557 0 0 3 0
0 18446744073709551557 1 0 6 0
0 18446744073709551557 0 0 3 0
0 18446744073709551557 1 0 6 0
0 18446744073709551557 0 0 3 0
0 18446744073709551557 1 0 6 0
10 19 -23/29 0 0 1
10 19 -23/29 0 0 1
10 19 -23/29 0 0 1
10 19 -23/29 0 0 1
10 19 -23/29 0 0 1
10 19 -23/29 0 0 1
10 19 -23/29 0 0 1
10 19 -23/29 0 0 1
10 19 -23/29 0 0 1
10 19 -23/29 0 0 1
10 19 -23/29 0 0 1
10 19 -23/29 0 0 1
10 19 -23/29 0 0 1
10 19 -23/29 0 0 1
10 19 -23/29 0 0 1
10 19 -23/29 0 0 1
10 19 -23/29 0 0 1
10 19 -23/29 0 0 1
10 19 -23/29 0 0 1
10 19 -23/29 0 0 1
7 19 -23/29 0 0 1
7 19 -23/29 0 0 1
7 19 -23/29 0 0 1
7 19 -23/29 0 0 1
7 19 -23/29 0 0 1
7 19 -23/29 0 0 1
7 19 -23/29 0 0 1
7 19 -23/29 0 0 1
7 19 -23/29 0 0 1
7 19 -23/29 0 0 1
7 19 -23/29 0 0 1
7 19 -23/29 0 0 1
7 19 -23/29 0 0 1
7 19 -23/29 0 0 1
7 19 -23/29 0 0 1
7 19 -23/29 0 0 1
7 19 -23/29 0 0 1
7 19 -23/29 0 0 1
7 19 -23/29 0 0 1
7 19 -23/29 0 0 1
7 19 -23/29 0 0 1
7 19 -23/29 0 0 1
7 19 -23/29 0 0 1
7 19 -23/29 0 0 1
7 19 -23/29 0 0 1
7 19 -23/29 0 0 1
7 19 -23/29 0 0 1
7 19 -23/29 0 0 1
7 19 -23/29 0 0 1
7 19 -23/29 0 0 1
7 19 -23/29 0 0 1
7 19 -23/29 0 0 1
7 19 -23/29 0 0 1
7 19 -23/29 0 0 1
7 19 -23/29 0 0 1
7 19 -23/29 0 0 1
7 19 -23/29 0 0 1
7 19 -23/29 0 0 1
7 19 -23/29 0 0 1
7 19 -23/29 0 0 1
7 19 -23/29 0 0 1
7 19 -23/29 0 0 1
7 19 -23/29 0 0 1
7 19 -23/29 0 0 1
7 19 -23/29 0 0 1
7 19 -23/29 0 0 1
7 19 -23/29 0 0 1
7 19 -23/29 0 0 1
7 19 -23/29 0 0 1
7 19 -23/29 0 0 1
7 19 -23/29 0 0 1
7 19 -23/29 0 0 1
7 19 -23/29 0 0 1
7 19 -23/29 0 0 1
7 19 -23/29 0 0 1
7 19 -23/29 0 0 1
7 19 -23/29 0 0 1
7 19 -23/29 0 0 1
7 19 -23/29 0 0 1
7 19 -23/29 0 0 1
7 19 -23/29 0 0 1
7 19 -23/29 0 0 1
7 19 -23/29 0 0 1
7 19 -23/29 0 0 1
7 19 -23/29 0 0 1
7 19 -23/29 0 0 1
7 19 -23/29 0 0 1
7 19 -23/29 0 0 1
7 19 -23/29 0 0 1
7 19 -23/29 0 0 1
7 19 -23/29 0 0 1
7 19 -23/29 0 0 1
7 19 -23/29 0 0 1
7 19 -23/29 0 0 1
7 19 -23/29 0 0 1
7 19 -23/29 0 0 1
7 19 -23/29 0 0 1
7 19 -23/29 0 0 1
7 19 -23/29 0 0 1
7 19 -23/29 0 0 1
10 19 -23/29 0 0 1
10 19 -23/29 0 0 1
10 19 -23/29 0 0 1
10 19 -23/29 0 0 1
0 18446744073709551557 0 0 1 0
0 18446744073709551557 1 0 1 0
0 18446744073709551557 0 0 1 0
0 18446744073709551557 1 0 1 0
10 19 -23/29 0 0 1
10 19 -23/29 0 0 1
10 19 -23/29 0 0 1
10 19 -23/29 0 0 1
10 19 -23/29 0 0 1
10 19 -23/29 0 0 1
10 19 -23/29 0 0 1
10 19 -23/29 0 0 1
10 19 -23/29 0 0 1
10 19 -23/29 0 0 1
10 19 -23/29 0 0 1
10 19 -23/29 0 0 1
10 19 -23/29 0 0 1
10 19 -23/29 0 0 1
10 19 -23/29 0 0 1
10 19 -23/29 0 0 1
0 18446744073709551557 0 0 1 0
0 18446744073709551557 1 0 1 0
0 18446744073709551557 0 0 1 0
0 18446744073709551557 1 0 1 0
10 19 -23/29 0 0 1
0 18446744073709551557 1 0 1152921504606846976 0
10 19 -23/29 0 0 1
0 18446744073709551557 1 0 1152921504606846976 0
10 19 -23/29 0 0 1
10 19 -23/29 0 0 1
10 19 -23/29 0 0 1
10 19 -23/29 0 0 1
10 19 -23/29 0 0 1
10 19 -23/29 0 0 1
10 19 -23/29 0 0 1
10 19 -23/29 0 0 1
10 19 -23/29 0 0 1
10 19 -23/29 0 0 1
10 19 -23/29 0 0 1
10 19 -23/29 0 0 1
0 18446744073709551557 0 0 1 0
0 18446744073709551557 1 0 1 0
0 18446744073709551557 0 0 1 0
0 18446744073709551557 1 0 1 0
0 18446744073709551557 0 0 1152921504606846976 0
0 18446744073709551557 1 0 1152921504606846976 0
0 18446744073709551557 0 0 1152921504606846976 0
0 18446744073709551557 1 0 1152921504606846976 0
10 19 -23/29 0 0 1
10 19 -23/29 0 0 1
10 19 -23/29 0 0 1
10 19 -23/29 0 0 1
10 19 -23/29 0 0 1
10 19 -23/29 0 0 1
10 19 -23/29 0 0 1
10 19 -23/29 0 0 1
10 19 -23/29 0 0 1
10 19 -23/29 0 0 1
10 19 -23/29 0 0 1
10 19 -23/29 0 0 1
10 19 -23/29 0 0 1
10 19 -23/29 0 0 1
10 19 -23/29 0 0 1
10 19 -23/29 0 0 1
10 19 -23/29 0 0 1
10 19 -23/29 0 0 1
10 19 -23/29 0 0 1
10 19 -23/29 0 0 1
10 19 -23/29 0 0 1
10 19 -23/29 0 0 1
10 19 -23/29 0 0 1
10 19 -23/29 0 0 1
10 19 -23/29 0 0 1
10 19 -23/29 0 0 1
10 19 -23/29 0 0 1
10 19 -23/29 0 0 1
0 18446744073709551557 0 0 576460752303423488 0
0 18446744073709551557 1 0 1152921504606846976 0
0 18446744073709551557 0 0 576460752303423488 0
0 18446744073709551557 1 0 1152921504606846976 0
0 18446744073709551557 0 0 576460752303423488 0
0 18446744073709551557 1 0 1152921504606846976 0
0 18446744073709551557 0 0 576460752303423488 0
0 18446744073709551557 1 0 1152921504606846976 0
0 18446744073709551557 0 0 576460752303423488 0
0 18446744073709551557 1 0 1152921504606846976 0
0 18446744073709551557 0 0 576460752303423488 0
0 18446744073709551557 1 0 1152921504606846976 0
0 18446744073709551557 0 0 576460752303423489 0
0 18446744073709551557 1 0 1152921504606846976 0
0 18446744073709551557 0 0 576460752303423489 0
0 18446744073709551557 1 0 1152921504606846976 0
0 18446744073709551557 0 0 576460752303423489 0
10 19 -23/29 0 0 1
0 18446744073709551557 0 0 576460752303423489 0
10 19 -23/29 0 0 1
0 18446744073709551557 0 0 576460752303423489 0
10 19 -23/29 0 0 1
0 18446744073709551557 0 0 576460752303423489 0
10 19 -23/29 0 0 1
0 18446744073709551557 0 0 1152921504606846976 0
0 18446744073709551557 1 0 1152921504606846976 0
0 18446744073709551557 0 0 1152921504606846976 0
0 18446744073709551557 1 0 1152921504606846976 0
0 18446744073709551557 0 0 1152921504606846976 0
10 19 -23/29 0 0 1
0 18446744073709551557 0 0 1152921504606846976 0
10 19 -23/29 0 0 1
0 18446744073709551557 0 0 1152921504606846976 0
10 19 -23/29 0 0 1
0 18446744073709551557 0 0 1152921504606846976 0
10 19 -23/29 0 0 1
10 19 -23/29 0 0 1
10 19 -23/29 0 0 1
10 19 -23/29 0 0 1
10 19 -23/29 0 0 1
10 19 -23/29 0 0 1
10 19 -23/29 0 0 1
10 19 -23/29 0 0 1
10 19 -23/29 0 0 1
10 19 -23/29 0 0 1
10 19 -23/29 0 0 1
10 19 -23/29 0 0 1
10 19 -23/29 0 0 1
0 18446744073709551557 0 0 0 1
0 18446744073709551557 1 0 0 1
0 18446744073709551557 0 0 0 1
0 18446744073709551557 1 0 0 1
0 18446744073709551557 0 0 0 1
0 18446744073709551557 1 0 0 1
0 18446744073709551557 0 0 0 1
0 18446744073709551557 1 0 0 1
10 19 -23/29 0 0 1
10 19 -23/29 0 0 1
10 19 -23/29 0 0 1
10 19 -23/29 0 0 1
