0 2 0 0 -2 0
0 2 0 0 -2 0
0 2 0 0 -2 0
0 2 0 0 -2 0
0 2 1 2 3 0
0 2 1 0 3 0
0 2 1 2 3 0
0 2 1 0 3 0
0 2 1 2 5 0
0 2 25 0 5 0
0 2 1 2 5 0
0 2 9 0 5 0
0 2 0 0 -2 0
0 2 0 0 -2 0
0 2 0 0 -2 0
0 2 0 0 -2 0
0 2 0 0 3 0
0 2 1 0 3 0
0 2 0 0 3 0
0 2 1 0 3 0
0 2 19 4 10 0
0 2 897 0 10 0
0 2 19 4 10 0
0 2 129 0 10 0
0 2 0 0 -2 0
0 2 0 0 -2 0
0 2 0 0 -2 0
0 2 0 0 -2 0
0 2 0 0 3 0
0 2 1 0 3 0
0 2 0 0 3 0
0 2 1 0 3 0
0 2 3 4 7 0
0 2 1 0 7 0
0 2 3 4 7 0
0 2 1 0 7 0
0 2 0 0 -2 0
0 2 0 0 -2 0
0 2 0 0 -2 0
0 2 0 0 -2 0
0 2 0 0 3 0
0 2 1 0 3 0
0 2 0 0 3 0
0 2 1 0 3 0
0 2 23 7 12 0
0 2 1 0 12 0
0 2 23 7 12 0
0 2 1 0 12 0
0 2 0 0 -2 0
0 2 0 0 -2 0
0 2 0 0 -2 0
0 2 0 0 -2 0
0 2 0 0 3 0
0 2 1 0 3 0
0 2 0 0 3 0
0 2 1 0 3 0
0 2 37 3 9 0
0 2 225 0 9 0
0 2 37 3 9 0
0 2 289 0 9 0
0 2 0 0 -2 0
0 2 0 0 -2 0
0 2 0 0 -2 0
0 2 0 0 -2 0
0 2 0 0 3 0
0 2 1 0 3 0
0 2 0 0 3 0
0 2 1 0 3 0
0 2 871 4 14 0
0 2 10113 0 14 0
0 2 103 4 14 0
0 2 6273 0 14 0
0 2 0 0 -2 0
0 2 0 0 -2 0
0 2 0 0 -2 0
0 2 0 0 -2 0
0 2 0 0 3 0
0 2 1 0 3 0
0 2 0 0 3 0
0 2 1 0 3 0
0 2 3 4 6 0
0 2 1 0 6 0
0 2 3 4 6 0
0 2 1 0 6 0
0 2 0 0 -2 0
0 2 0 0 -2 0
0 2 0 0 -2 0
0 2 0 0 -2 0
0 2 0 0 3 0
0 2 1 0 3 0
0 2 0 0 3 0
0 2 1 0 3 0
0 2 467 5 16 0
0 2 11777 0 16 0
0 2 1491 5 16 0
0 2 53761 0 16 0
0 2 0 0 -2 0
0 2 0 0 -2 0
0 2 0 0 -2 0
0 2 0 0 -2 0
0 2 0 0 3 0
0 2 1 0 3 0
0 2 0 0 3 0
0 2 1 0 3 0
0 2 5 3 8 0
0 2 225 0 8 0
0 2 5 3 8 0
0 2 33 0 8 0
0 2 0 0 -2 0
0 2 0 0 -2 0
0 2 0 0 -2 0
0 2 0 0 -2 0
0 2 0 0 3 0
0 2 1 0 3 0
0 2 0 0 3 0
0 2 1 0 3 0
0 2 12137 3 18 0
0 2 23521 0 18 0
0 2 23593 3 18 0
0 2 118817 0 18 0
0 2 0 0 -2 0
0 2 0 0 -2 0
0 2 0 0 -2 0
0 2 0 0 -2 0
0 2 0 0 3 0
0 2 1 0 3 0
0 2 0 0 3 0
0 2 1 0 3 0
0 2 1 4 5 0
0 2 1 0 5 0
0 2 1 4 5 0
0 2 1 0 5 0
0 2 0 0 -2 0
0 2 0 0 -2 0
0 2 0 0 -2 0
0 2 0 0 -2 0
0 2 0 0 3 0
0 2 1 0 3 0
0 2 0 0 3 0
0 2 1 0 3 0
0 2 26263 5 20 0
0 2 253441 0 20 0
0 2 6807 5 20 0
0 2 532993 0 20 0
0 2 0 0 -2 0
0 2 0 0 -2 0
0 2 0 0 -2 0
0 2 0 0 -2 0
0 2 0 0 3 0
0 2 1 0 3 0
0 2 0 0 3 0
0 2 1 0 3 0
0 2 7 3 7 0
0 2 97 0 7 0
0 2 7 3 7 0
0 2 33 0 7 0
0 2 0 0 -2 0
0 2 0 0 -2 0
0 2 0 0 -2 0
0 2 0 0 -2 0
0 2 0 0 3 0
0 2 1 0 3 0
0 2 0 0 3 0
0 2 1 0 3 0
0 2 369739 3 22 0
0 2 892641 0 22 0
0 2 16523 3 22 0
0 2 3886369 0 22 0
0 2 0 0 -2 0
0 2 0 0 -2 0
0 2 0 0 -2 0
0 2 0 0 -2 0
0 2 0 0 3 0
0 2 1 0 3 0
0 2 0 0 3 0
0 2 1 0 3 0
0 2 27 4 9 0
0 2 385 0 9 0
0 2 27 4 9 0
0 2 129 0 9 0
0 2 0 0 -2 0
0 2 0 0 -2 0
0 2 0 0 -2 0
0 2 0 0 -2 0
0 2 0 0 3 0
0 2 1 0 3 0
0 2 0 0 3 0
0 2 1 0 3 0
0 2 21 5 10 0
0 2 513 0 10 0
0 2 21 5 10 0
0 2 513 0 10 0
0 2 0 0 -2 0
0 2 0 0 -2 0
0 2 0 0 -2 0
0 2 0 0 -2 0
0 2 0 0 3 0
0 2 1 0 3 0
0 2 0 0 3 0
0 2 1 0 3 0
0 2 5 3 6 0
0 2 33 0 6 0
0 2 5 3 6 0
0 2 33 0 6 0
0 2 0 0 -2 0
0 2 0 0 -2 0
0 2 0 0 -2 0
0 2 0 0 -2 0
0 2 0 0 3 0
0 2 1 0 3 0
0 2 0 0 3 0
0 2 1 0 3 0
0 2 59 3 12 0
0 2 2785 0 12 0
0 2 123 3 12 0
0 2 289 0 12 0
0 2 0 0 -2 0
0 2 0 0 -2 0
0 2 0 0 -2 0
0 2 0 0 -2 0
0 2 0 0 3 0
0 2 1 0 3 0
0 2 0 0 3 0
0 2 1 0 3 0
0 2 1 7 8 0
0 2 1 0 8 0
0 2 1 7 8 0
0 2 1 0 8 0
0 2 0 0 -2 0
0 2 0 0 -2 0
0 2 0 0 -2 0
0 2 0 0 -2 0
0 2 0 0 3 0
0 2 1 0 3 0
0 2 0 0 3 0
0 2 1 0 3 0
0 2 273 5 14 0
0 2 15873 0 14 0
0 2 273 5 14 0
0 2 513 0 14 0
0 2 0 0 -2 0
0 2 0 0 -2 0
0 2 0 0 -2 0
0 2 0 0 -2 0
0 2 0 0 3 0
0 2 1 0 3 0
0 2 0 0 3 0
0 2 1 0 3 0
0 2 1 3 5 0
0 2 1 0 5 0
0 2 1 3 5 0
0 2 1 0 5 0
0 2 0 0 -2 0
0 2 0 0 -2 0
0 2 0 0 -2 0
0 2 0 0 -2 0
0 2 0 0 3 0
0 2 1 0 3 0
0 2 0 0 3 0
0 2 1 0 3 0
0 2 6129 3 16 0
0 2 8673 0 16 0
0 2 5809 3 16 0
0 2 35361 0 16 0
0 2 15 2 12 0
0 2 1497 0 12 0
0 2 223 2 12 0
0 2 2281 0 12 0
0 2 40743951 2 31 0
0 2 1356015065 0 31 0
0 2 477766879 2 31 0
0 2 1082075369 0 31 0
0 2 897 2 12 0
0 2 3289 0 12 0
0 2 945 2 12 0
0 2 489 0 12 0
0 2 243857281 2 31 0
0 2 1782320345 0 31 0
0 2 524462001 2 31 0
0 2 75493865 0 31 0
0 2 1015 2 12 0
0 2 3673 0 12 0
0 2 839 2 12 0
0 2 2153 0 12 0
0 2 277794807 2 31 0
0 2 1052548697 0 31 0
0 2 422516551 2 31 0
0 2 1695996009 0 31 0
0 3 0 0 -2 0
0 3 0 0 -2 0
0 3 0 0 -2 0
0 3 0 0 -2 0
0 3 1 1 2 0
0 3 1 0 2 0
0 3 1 1 2 0
0 3 1 0 2 0
0 3 4 1 4 0
0 3 10 0 4 0
0 3 7 1 4 0
0 3 19 0 4 0
0 3 0 0 -2 0
0 3 0 0 -2 0
0 3 0 0 -2 0
0 3 0 0 -2 0
0 3 0 0 2 0
0 3 1 0 2 0
0 3 0 0 2 0
0 3 1 0 2 0
0 3 329 4 10 0
0 3 6562 0 10 0
0 3 329 4 10 0
0 3 52489 0 10 0
0 3 0 0 -2 0
0 3 0 0 -2 0
0 3 0 0 -2 0
0 3 0 0 -2 0
0 3 0 0 2 0
0 3 1 0 2 0
0 3 0 0 2 0
0 3 1 0 2 0
0 3 1 4 6 0
0 3 1 0 6 0
0 3 1 4 6 0
0 3 1 0 6 0
0 3 0 0 -2 0
0 3 0 0 -2 0
0 3 0 0 -2 0
0 3 0 0 -2 0
0 3 0 0 2 0
0 3 1 0 2 0
0 3 0 0 2 0
0 3 1 0 2 0
0 3 5792 4 12 0
0 3 65611 0 12 0
0 3 3605 4 12 0
0 3 465832 0 12 0
0 3 0 0 -2 0
0 3 0 0 -2 0
0 3 0 0 -2 0
0 3 0 0 -2 0
0 3 2 1 2 0
0 3 1 0 2 0
0 3 2 1 2 0
0 3 1 0 2 0
0 3 1205 1 8 0
0 3 4735 0 8 0
0 3 905 1 8 0
0 3 2665 0 8 0
0 3 0 0 -2 0
0 3 0 0 -2 0
0 3 0 0 -2 0
0 3 0 0 -2 0
0 3 0 0 2 0
0 3 1 0 2 0
0 3 0 0 2 0
0 3 1 0 2 0
0 3 28324 2 14 0
0 3 3233440 0 14 0
0 3 227368 2 14 0
0 3 147664 0 14 0
0 3 0 0 -2 0
0 3 0 0 -2 0
0 3 0 0 -2 0
0 3 0 0 -2 0
0 3 0 0 2 0
0 3 1 0 2 0
0 3 0 0 2 0
0 3 1 0 2 0
0 3 1 3 5 0
0 3 1 0 5 0
0 3 1 3 5 0
0 3 1 0 5 0
0 3 0 0 -2 0
0 3 0 0 -2 0
0 3 0 0 -2 0
0 3 0 0 -2 0
0 3 0 0 2 0
0 3 1 0 2 0
0 3 0 0 2 0
0 3 1 0 2 0
0 3 142342 5 16 0
0 3 22202425 0 16 0
0 3 162025 5 16 0
0 3 20844298 0 16 0
0 3 0 0 -2 0
0 3 0 0 -2 0
0 3 0 0 -2 0
0 3 0 0 -2 0
0 3 0 0 2 0
0 3 1 0 2 0
0 3 0 0 2 0
0 3 1 0 2 0
0 3 212 2 7 0
0 3 1540 0 7 0
0 3 185 2 7 0
0 3 649 0 7 0
0 3 0 0 -2 0
0 3 0 0 -2 0
0 3 0 0 -2 0
0 3 0 0 -2 0
0 3 0 0 2 0
0 3 1 0 2 0
0 3 0 0 2 0
0 3 1 0 2 0
0 3 32324146 2 18 0
0 3 213265873 0 18 0
0 3 41049331 2 18 0
0 3 89172172 0 18 0
0 3 0 0 -2 0
0 3 0 0 -2 0
0 3 0 0 -2 0
0 3 0 0 -2 0
0 3 0 0 2 0
0 3 1 0 2 0
0 3 0 0 2 0
0 3 1 0 2 0
0 3 2 3 4 0
0 3 1 0 4 0
0 3 2 3 4 0
0 3 1 0 4 0
0 3 0 0 -2 0
0 3 0 0 -2 0
0 3 0 0 -2 0
0 3 0 0 -2 0
0 3 0 0 2 0
0 3 1 0 2 0
0 3 0 0 2 0
0 3 1 0 2 0
0 3 7042160 5 20 0
0 3 2829273787 0 20 0
0 3 6668183 5 20 0
0 3 1819772083 0 20 0
0 3 0 0 -2 0
0 3 0 0 -2 0
0 3 0 0 -2 0
0 3 0 0 -2 0
0 3 1 1 2 0
0 3 1 0 2 0
0 3 1 1 2 0
0 3 1 0 2 0
0 3 118 1 6 0
0 3 118 0 6 0
0 3 175 1 6 0
0 3 721 0 6 0
0 3 0 0 -2 0
0 3 0 0 -2 0
0 3 0 0 -2 0
0 3 0 0 -2 0
0 3 0 0 2 0
0 3 1 0 2 0
0 3 0 0 2 0
0 3 1 0 2 0
0 3 549444142 2 22 0
0 3 291580642 0 22 0
0 3 2997449497 2 22 0
0 3 12802491370 0 22 0
0 3 0 0 -2 0
0 3 0 0 -2 0
0 3 0 0 -2 0
0 3 0 0 -2 0
0 3 0 0 2 0
0 3 1 0 2 0
0 3 0 0 2 0
0 3 1 0 2 0
0 3 103 3 8 0
0 3 730 0 8 0
0 3 103 3 8 0
0 3 5833 0 8 0
0 3 0 0 -2 0
0 3 0 0 -2 0
0 3 0 0 -2 0
0 3 0 0 -2 0
0 3 0 0 2 0
0 3 1 0 2 0
0 3 0 0 2 0
0 3 1 0 2 0
0 3 41 4 10 0
0 3 6562 0 10 0
0 3 41 4 10 0
0 3 52489 0 10 0
0 3 0 0 -2 0
0 3 0 0 -2 0
0 3 0 0 -2 0
0 3 0 0 -2 0
0 3 1 1 2 0
0 3 1 0 2 0
0 3 1 1 2 0
0 3 1 0 2 0
0 3 19 1 5 0
0 3 37 0 5 0
0 3 76 1 5 0
0 3 73 0 5 0
0 3 0 0 -2 0
0 3 0 0 -2 0
0 3 0 0 -2 0
0 3 0 0 -2 0
0 3 0 0 2 0
0 3 1 0 2 0
0 3 0 0 2 0
0 3 1 0 2 0
0 3 3641 3 12 0
0 3 525610 0 12 0
0 3 7772 3 12 0
0 3 182980 0 12 0
0 3 0 0 -2 0
0 3 0 0 -2 0
0 3 0 0 -2 0
0 3 0 0 -2 0
0 3 0 0 2 0
0 3 1 0 2 0
0 3 0 0 2 0
0 3 1 0 2 0
0 3 25 4 7 0
0 3 1 0 7 0
0 3 25 4 7 0
0 3 1 0 7 0
0 3 0 0 -2 0
0 3 0 0 -2 0
0 3 0 0 -2 0
0 3 0 0 -2 0
0 3 0 0 2 0
0 3 1 0 2 0
0 3 0 0 2 0
0 3 1 0 2 0
0 3 51299 4 14 0
0 3 4159675 0 14 0
0 3 49112 4 14 0
0 3 623296 0 14 0
0 3 0 0 -2 0
0 3 0 0 -2 0
0 3 0 0 -2 0
0 3 0 0 -2 0
0 3 1 1 2 0
0 3 1 0 2 0
0 3 1 1 2 0
0 3 1 0 2 0
0 3 19 1 4 0
0 3 37 0 4 0
0 3 22 1 4 0
0 3 73 0 4 0
0 3 0 0 -2 0
0 3 0 0 -2 0
0 3 0 0 -2 0
0 3 0 0 -2 0
0 3 0 0 2 0
0 3 1 0 2 0
0 3 0 0 2 0
0 3 1 0 2 0
0 3 518756 4 16 0
0 3 40750372 0 16 0
0 3 437837 4 16 0
0 3 16645258 0 16 0
0 3 124198 1 12 0
0 3 450100 0 12 0
0 3 102682 1 12 0
0 3 377830 0 12 0
0 3 81312046189558 1 31 0
0 3 473792140813600 0 31 0
0 3 32429179166437 1 31 0
0 3 220641046782085 0 31 0
0 3 91433 1 12 0
0 3 87625 0 12 0
0 3 117890 1 12 0
0 3 114580 0 12 0
0 3 85034460336932 1 31 0
0 3 283531439092609 0 31 0
0 3 133133782269149 1 31 0
0 3 580036222372024 0 31 0
0 3 38140 1 12 0
0 3 112654 0 12 0
0 3 30394 1 12 0
0 3 202546 0 12 0
0 3 177006979329253 1 31 0
0 3 7388159324779 0 31 0
0 3 104523119722684 1 31 0
0 3 22349570767606 0 31 0
0 5 0 0 -2 0
0 5 0 0 -2 0
0 5 0 0 -2 0
0 5 0 0 -2 0
0 5 2 1 2 0
0 5 1 0 2 0
0 5 2 1 2 0
0 5 1 0 2 0
0 5 102 1 4 0
0 5 576 0 4 0
0 5 2 1 4 0
0 5 51 0 4 0
0 5 0 0 -2 0
0 5 0 0 -2 0
0 5 0 0 -2 0
0 5 0 0 -2 0
0 5 0 0 2 0
0 5 1 0 2 0
0 5 0 0 2 0
0 5 1 0 2 0
0 5 121126 2 10 0
0 5 8476251 0 10 0
0 5 303626 2 10 0
0 5 508126 0 10 0
0 5 0 0 -2 0
0 5 0 0 -2 0
0 5 0 0 -2 0
0 5 0 0 -2 0
0 5 0 0 2 0
0 5 1 0 2 0
0 5 0 0 2 0
0 5 1 0 2 0
0 5 108 3 6 0
0 5 1 0 6 0
0 5 108 3 6 0
0 5 1 0 6 0
0 5 0 0 -2 0
0 5 0 0 -2 0
0 5 0 0 -2 0
0 5 0 0 -2 0
0 5 0 0 2 0
0 5 1 0 2 0
0 5 0 0 2 0
0 5 1 0 2 0
0 5 166728 4 12 0
0 5 51953126 0 12 0
0 5 166728 4 12 0
0 5 192187501 0 12 0
0 5 0 0 -2 0
0 5 0 0 -2 0
0 5 0 0 -2 0
0 5 0 0 -2 0
0 5 0 0 2 0
0 5 1 0 2 0
0 5 0 0 2 0
0 5 1 0 2 0
0 5 3006 2 8 0
0 5 66876 0 8 0
0 5 1131 2 8 0
0 5 323751 0 8 0
0 5 0 0 -2 0
0 5 0 0 -2 0
0 5 0 0 -2 0
0 5 0 0 -2 0
0 5 0 0 2 0
0 5 1 0 2 0
0 5 0 0 2 0
0 5 1 0 2 0
0 5 39841151 3 14 0
0 5 5943937501 0 14 0
0 5 25263026 3 14 0
0 5 5774812501 0 14 0
0 5 0 0 -2 0
0 5 0 0 -2 0
0 5 0 0 -2 0
0 5 0 0 -2 0
0 5 0 0 2 0
0 5 1 0 2 0
0 5 0 0 2 0
0 5 1 0 2 0
0 5 6 3 5 0
0 5 1 0 5 0
0 5 6 3 5 0
0 5 1 0 5 0
0 5 0 0 -2 0
0 5 0 0 -2 0
0 5 0 0 -2 0
0 5 0 0 -2 0
0 5 0 0 2 0
0 5 1 0 2 0
0 5 0 0 2 0
0 5 1 0 2 0
0 5 30445471 4 16 0
0 5 130133593751 0 16 0
0 5 142554846 4 16 0
0 5 22454296876 0 16 0
0 5 0 0 -2 0
0 5 0 0 -2 0
0 5 0 0 -2 0
0 5 0 0 -2 0
0 5 3 1 2 0
0 5 1 0 2 0
0 5 3 1 2 0
0 5 1 0 2 0
0 5 1543 1 7 0
0 5 45951 0 7 0
0 5 13893 1 7 0
0 5 62176 0 7 0
0 5 0 0 -2 0
0 5 0 0 -2 0
0 5 0 0 -2 0
0 5 0 0 -2 0
0 5 0 0 2 0
0 5 1 0 2 0
0 5 0 0 2 0
0 5 1 0 2 0
0 5 84875871178 2 18 0
0 5 1059524161251 0 18 0
0 5 136887564303 2 18 0
0 5 944182088751 0 18 0
0 5 0 0 -2 0
0 5 0 0 -2 0
0 5 0 0 -2 0
0 5 0 0 -2 0
0 5 0 0 2 0
0 5 1 0 2 0
0 5 0 0 2 0
0 5 1 0 2 0
0 5 4 3 4 0
0 5 1 0 4 0
0 5 4 3 4 0
0 5 1 0 4 0
0 5 0 0 -2 0
0 5 0 0 -2 0
0 5 0 0 -2 0
0 5 0 0 -2 0
0 5 0 0 2 0
0 5 1 0 2 0
0 5 0 0 2 0
0 5 1 0 2 0
0 5 73244941006 4 20 0
0 5 40439787890626 0 20 0
0 5 61456659756 4 20 0
0 5 90480622265626 0 20 0
0 5 0 0 -2 0
0 5 0 0 -2 0
0 5 0 0 -2 0
0 5 0 0 -2 0
0 5 0 0 2 0
0 5 1 0 2 0
0 5 0 0 2 0
0 5 1 0 2 0
0 5 337 2 6 0
0 5 1876 0 6 0
0 5 337 2 6 0
0 5 13751 0 6 0
0 5 0 0 -2 0
0 5 0 0 -2 0
0 5 0 0 -2 0
0 5 0 0 -2 0
0 5 0 0 2 0
0 5 1 0 2 0
0 5 0 0 2 0
0 5 1 0 2 0
0 5 10140519549247 3 22 0
0 5 4642567312501 0 22 0
0 5 6374495971122 3 22 0
0 5 1658116954171876 0 22 0
0 5 0 0 -2 0
0 5 0 0 -2 0
0 5 0 0 -2 0
0 5 0 0 -2 0
0 5 0 0 2 0
0 5 1 0 2 0
0 5 0 0 2 0
0 5 1 0 2 0
0 5 3 4 8 0
0 5 1 0 8 0
0 5 3 4 8 0
0 5 1 0 8 0
0 5 0 0 -2 0
0 5 0 0 -2 0
0 5 0 0 -2 0
0 5 0 0 -2 0
0 5 0 0 2 0
0 5 1 0 2 0
0 5 0 0 2 0
0 5 1 0 2 0
0 5 2307 5 10 0
0 5 1 0 10 0
0 5 2307 5 10 0
0 5 1 0 10 0
0 5 0 0 -2 0
0 5 0 0 -2 0
0 5 0 0 -2 0
0 5 0 0 -2 0
0 5 0 0 2 0
0 5 1 0 2 0
0 5 0 0 2 0
0 5 1 0 2 0
0 5 73 2 5 0
0 5 1876 0 5 0
0 5 73 2 5 0
0 5 1251 0 5 0
0 5 0 0 -2 0
0 5 0 0 -2 0
0 5 0 0 -2 0
0 5 0 0 -2 0
0 5 0 0 2 0
0 5 1 0 2 0
0 5 0 0 2 0
0 5 1 0 2 0
0 5 7363999 2 12 0
0 5 194491876 0 12 0
0 5 5306499 2 12 0
0 5 78164376 0 12 0
0 5 0 0 -2 0
0 5 0 0 -2 0
0 5 0 0 -2 0
0 5 0 0 -2 0
0 5 0 0 2 0
0 5 1 0 2 0
0 5 0 0 2 0
0 5 1 0 2 0
0 5 376 3 7 0
0 5 31251 0 7 0
0 5 376 3 7 0
0 5 46876 0 7 0
0 5 0 0 -2 0
0 5 0 0 -2 0
0 5 0 0 -2 0
0 5 0 0 -2 0
0 5 0 0 2 0
0 5 1 0 2 0
0 5 0 0 2 0
0 5 1 0 2 0
0 5 1731179 5 14 0
0 5 2851562501 0 14 0
0 5 1731179 5 14 0
0 5 3251953126 0 14 0
0 5 0 0 -2 0
0 5 0 0 -2 0
0 5 0 0 -2 0
0 5 0 0 -2 0
0 5 4 1 2 0
0 5 1 0 2 0
0 5 4 1 2 0
0 5 1 0 2 0
0 5 94 1 4 0
0 5 176 0 4 0
0 5 44 1 4 0
0 5 451 0 4 0
0 5 0 0 -2 0
0 5 0 0 -2 0
0 5 0 0 -2 0
0 5 0 0 -2 0
0 5 0 0 2 0
0 5 1 0 2 0
0 5 0 0 2 0
0 5 1 0 2 0
0 5 3768359784 2 16 0
0 5 37797529376 0 16 0
0 5 2912980409 2 16 0
0 5 33648955001 0 16 0
0 5 14539557 1 12 0
0 5 224947201 0 12 0
0 5 20984082 1 12 0
0 5 28426551 0 12 0
0 5 293941979558071180182 1 31 0
0 5 1514322953366191744076 0 31 0
0 5 287432545279561999707 1 31 0
0 5 1094853760902860457801 0 31 0
0 5 15101126 1 12 0
0 5 68090926 0 12 0
0 5 7090301 1 12 0
0 5 9954701 0 12 0
0 5 779205375544253382376 1 31 0
0 5 1644528066512519262801 0 31 0
0 5 882848181301667246551 1 31 0
0 5 3651412394146494329701 0 31 0
0 5 1901998 1 12 0
0 5 102770576 0 12 0
0 5 11411098 1 12 0
0 5 147381301 0 12 0
0 5 669608179800783151998 1 31 0
0 5 1599913740818706286201 0 31 0
0 5 334137251276378598598 1 31 0
0 5 443415009277002850051 0 31 0
0 7 0 0 -2 0
0 7 0 0 -2 0
0 7 0 0 -2 0
0 7 0 0 -2 0
0 7 0 0 2 0
0 7 1 0 2 0
0 7 0 0 2 0
0 7 1 0 2 0
0 7 4 3 4 0
0 7 1 0 4 0
0 7 4 3 4 0
0 7 1 0 4 0
0 7 0 0 -2 0
0 7 0 0 -2 0
0 7 0 0 -2 0
0 7 0 0 -2 0
0 7 0 0 2 0
0 7 1 0 2 0
0 7 0 0 2 0
0 7 1 0 2 0
0 7 4116796 2 10 0
0 7 3591897 0 10 0
0 7 676163 2 10 0
0 7 71350518 0 10 0
0 7 0 0 -2 0
0 7 0 0 -2 0
0 7 0 0 -2 0
0 7 0 0 -2 0
0 7 0 0 2 0
0 7 1 0 2 0
0 7 0 0 2 0
0 7 1 0 2 0
0 7 40 3 6 0
0 7 1 0 6 0
0 7 40 3 6 0
0 7 1 0 6 0
0 7 0 0 -2 0
0 7 0 0 -2 0
0 7 0 0 -2 0
0 7 0 0 -2 0
0 7 0 0 2 0
0 7 1 0 2 0
0 7 0 0 2 0
0 7 1 0 2 0
0 7 1416545 4 12 0
0 7 1083782589 0 12 0
0 7 1416545 4 12 0
0 7 12757504614 0 12 0
0 7 0 0 -2 0
0 7 0 0 -2 0
0 7 0 0 -2 0
0 7 0 0 -2 0
0 7 1 1 2 0
0 7 1 0 2 0
0 7 1 1 2 0
0 7 1 0 2 0
0 7 132462 1 8 0
0 7 821633 0 8 0
0 7 170780 1 8 0
0 7 1689815 0 8 0
0 7 0 0 -2 0
0 7 0 0 -2 0
0 7 0 0 -2 0
0 7 0 0 -2 0
0 7 0 0 2 0
0 7 1 0 2 0
0 7 0 0 2 0
0 7 1 0 2 0
0 7 7219759518 2 14 0
0 7 522813978030 0 14 0
0 7 5516593361 2 14 0
0 7 120924055239 0 14 0
0 7 0 0 -2 0
0 7 0 0 -2 0
0 7 0 0 -2 0
0 7 0 0 -2 0
0 7 0 0 2 0
0 7 1 0 2 0
0 7 0 0 2 0
0 7 1 0 2 0
0 7 32 3 5 0
0 7 1 0 5 0
0 7 32 3 5 0
0 7 1 0 5 0
0 7 0 0 -2 0
0 7 0 0 -2 0
0 7 0 0 -2 0
0 7 0 0 -2 0
0 7 0 0 2 0
0 7 1 0 2 0
0 7 0 0 2 0
0 7 1 0 2 0
0 7 1841438987 4 16 0
0 7 11553554748156 0 16 0
0 7 13434453798 4 16 0
0 7 21679375821447 0 16 0
0 7 0 0 -2 0
0 7 0 0 -2 0
0 7 0 0 -2 0
0 7 0 0 -2 0
0 7 4 1 2 0
0 7 1 0 2 0
0 7 4 1 2 0
0 7 1 0 2 0
0 7 93412 1 7 0
0 7 585110 0 7 0
0 7 59014 1 7 0
0 7 418510 0 7 0
0 7 0 0 -2 0
0 7 0 0 -2 0
0 7 0 0 -2 0
0 7 0 0 -2 0
0 7 0 0 2 0
0 7 1 0 2 0
0 7 0 0 2 0
0 7 1 0 2 0
0 7 4358241176244 2 18 0
0 7 805211951036081 0 18 0
0 7 2483792445229 2 18 0
0 7 457073762569838 0 18 0
0 7 0 0 -2 0
0 7 0 0 -2 0
0 7 0 0 -2 0
0 7 0 0 -2 0
0 7 0 0 2 0
0 7 1 0 2 0
0 7 0 0 2 0
0 7 1 0 2 0
0 7 5 3 4 0
0 7 1 0 4 0
0 7 5 3 4 0
0 7 1 0 4 0
0 7 0 0 -2 0
0 7 0 0 -2 0
0 7 0 0 -2 0
0 7 0 0 -2 0
0 7 0 0 2 0
0 7 1 0 2 0
0 7 0 0 2 0
0 7 1 0 2 0
0 7 4673846455541 4 20 0
0 7 38104533896435504 0 20 0
0 7 4228734640729 4 20 0
0 7 38364439344216399 0 20 0
0 7 0 0 -2 0
0 7 0 0 -2 0
0 7 0 0 -2 0
0 7 0 0 -2 0
0 7 1 1 2 0
0 7 1 0 2 0
0 7 1 1 2 0
0 7 1 0 2 0
0 7 16122 1 6 0
0 7 106821 0 6 0
0 7 8135 1 6 0
0 7 1226 0 6 0
0 7 0 0 -2 0
0 7 0 0 -2 0
0 7 0 0 -2 0
0 7 0 0 -2 0
0 7 0 0 2 0
0 7 1 0 2 0
0 7 0 0 2 0
0 7 1 0 2 0
0 7 2964467999697481 2 22 0
0 7 3228161646547792123 0 22 0
0 7 59950903915934021 2 22 0
0 7 3591719529646815428 0 22 0
0 7 0 0 -2 0
0 7 0 0 -2 0
0 7 0 0 -2 0
0 7 0 0 -2 0
0 7 0 0 2 0
0 7 1 0 2 0
0 7 0 0 2 0
0 7 1 0 2 0
0 7 11709 3 8 0
0 7 5529504 0 8 0
0 7 11709 3 8 0
0 7 235299 0 8 0
0 7 0 0 -2 0
0 7 0 0 -2 0
0 7 0 0 -2 0
0 7 0 0 -2 0
0 7 0 0 2 0
0 7 1 0 2 0
0 7 0 0 2 0
0 7 1 0 2 0
0 7 14592 4 10 0
0 7 276710449 0 10 0
0 7 14592 4 10 0
0 7 5764802 0 10 0
0 7 0 0 -2 0
0 7 0 0 -2 0
0 7 0 0 -2 0
0 7 0 0 -2 0
0 7 1 1 2 0
0 7 1 0 2 0
0 7 1 1 2 0
0 7 1 0 2 0
0 7 1520 1 5 0
0 7 15583 0 5 0
0 7 736 1 5 0
0 7 8429 0 5 0
0 7 0 0 -2 0
0 7 0 0 -2 0
0 7 0 0 -2 0
0 7 0 0 -2 0
0 7 0 0 2 0
0 7 1 0 2 0
0 7 0 0 2 0
0 7 1 0 2 0
0 7 202979163 2 12 0
0 7 4661635140 0 12 0
0 7 268488047 2 12 0
0 7 10303788258 0 12 0
0 7 0 0 -2 0
0 7 0 0 -2 0
0 7 0 0 -2 0
0 7 0 0 -2 0
0 7 0 0 2 0
0 7 1 0 2 0
0 7 0 0 2 0
0 7 1 0 2 0
0 7 181 4 7 0
0 7 1 0 7 0
0 7 181 4 7 0
0 7 1 0 7 0
0 7 0 0 -2 0
0 7 0 0 -2 0
0 7 0 0 -2 0
0 7 0 0 -2 0
0 7 0 0 2 0
0 7 1 0 2 0
0 7 0 0 2 0
0 7 1 0 2 0
0 7 205454538 4 14 0
0 7 634871769330 0 14 0
0 7 274632150 4 14 0
0 7 43351303521 0 14 0
0 7 0 0 -2 0
0 7 0 0 -2 0
0 7 0 0 -2 0
0 7 0 0 -2 0
0 7 4 1 2 0
0 7 1 0 2 0
0 7 4 1 2 0
0 7 1 0 2 0
0 7 109 1 4 0
0 7 638 0 4 0
0 7 11 1 4 0
0 7 1765 0 4 0
0 7 0 0 -2 0
0 7 0 0 -2 0
0 7 0 0 -2 0
0 7 0 0 -2 0
0 7 0 0 2 0
0 7 1 0 2 0
0 7 0 0 2 0
0 7 1 0 2 0
0 7 48660673010 2 16 0
0 7 10136170987160 0 16 0
0 7 422864179799 2 16 0
0 7 15965827571065 0 16 0
0 7 715707255 1 12 0
0 7 8616310529 0 12 0
0 7 733616216 1 12 0
0 7 7171508191 0 12 0
0 7 17236993211809689356987547 1 31 0
0 7 40680071128687271710433481 0 31 0
0 7 10359939998377693380717106 1 31 0
0 7 87188210234679254060919994 0 31 0
0 7 1403871363 1 12 0
0 7 5084836576 0 12 0
0 7 1038283882 1 12 0
0 7 6436990988 0 12 0
0 7 16516248610108505915805245 1 31 0
0 7 39317446801348866677357174 0 31 0
0 7 10389136438653438906408919 1 31 0
0 7 26837596902599636034115053 0 31 0
0 7 1326784339 1 12 0
0 7 10430728932 0 12 0
0 7 112429981 1 12 0
0 7 11416663959 0 12 0
0 7 941704804840578501140473 1 31 0
0 7 54907012794429426048839604 0 31 0
0 7 6880660288884477740702868 1 31 0
0 7 60605524343620573357190193 0 31 0
0 13 0 0 -2 0
0 13 0 0 -2 0
0 13 0 0 -2 0
0 13 0 0 -2 0
0 13 0 0 2 0
0 13 1 0 2 0
0 13 0 0 2 0
0 13 1 0 2 0
0 13 121 2 4 0
0 13 1 0 4 0
0 13 121 2 4 0
0 13 1 0 4 0
0 13 0 0 -2 0
0 13 0 0 -2 0
0 13 0 0 -2 0
0 13 0 0 -2 0
0 13 0 0 2 0
0 13 1 0 2 0
0 13 0 0 2 0
0 13 1 0 2 0
0 13 547963084 2 10 0
0 13 90548194985 0 10 0
0 13 611654114 2 10 0
0 13 71782218496 0 10 0
0 13 0 0 -2 0
0 13 0 0 -2 0
0 13 0 0 -2 0
0 13 0 0 -2 0
0 13 0 0 2 0
0 13 1 0 2 0
0 13 0 0 2 0
0 13 1 0 2 0
0 13 135 3 6 0
0 13 1 0 6 0
0 13 135 3 6 0
0 13 1 0 6 0
0 13 0 0 -2 0
0 13 0 0 -2 0
0 13 0 0 -2 0
0 13 0 0 -2 0
0 13 0 0 2 0
0 13 1 0 2 0
0 13 0 0 2 0
0 13 1 0 2 0
0 13 5141160 4 12 0
0 13 10083247442282 0 12 0
0 13 5141160 4 12 0
0 13 13214837680201 0 12 0
0 13 0 0 -2 0
0 13 0 0 -2 0
0 13 0 0 -2 0
0 13 0 0 -2 0
0 13 5 1 2 0
0 13 1 0 2 0
0 13 5 1 2 0
0 13 1 0 2 0
0 13 15118927 1 8 0
0 13 617632809 0 8 0
0 13 13076900 1 8 0
0 13 491390823 0 8 0
0 13 0 0 -2 0
0 13 0 0 -2 0
0 13 0 0 -2 0
0 13 0 0 -2 0
0 13 0 0 2 0
0 13 1 0 2 0
0 13 0 0 2 0
0 13 1 0 2 0
0 13 2001144854170 2 14 0
0 13 73948195938852 0 14 0
0 13 1185682006789 2 14 0
0 13 1178467651934080 0 14 0
0 13 0 0 -2 0
0 13 0 0 -2 0
0 13 0 0 -2 0
0 13 0 0 -2 0
0 13 0 0 2 0
0 13 1 0 2 0
0 13 0 0 2 0
0 13 1 0 2 0
0 13 149 3 5 0
0 13 1 0 5 0
0 13 149 3 5 0
0 13 1 0 5 0
0 13 0 0 -2 0
0 13 0 0 -2 0
0 13 0 0 -2 0
0 13 0 0 -2 0
0 13 0 0 2 0
0 13 1 0 2 0
0 13 0 0 2 0
0 13 1 0 2 0
0 13 22683447494962 4 16 0
0 13 465555249118998052 0 16 0
0 13 20779531992148 4 16 0
0 13 199861360064181791 0 16 0
0 13 0 0 -2 0
0 13 0 0 -2 0
0 13 0 0 -2 0
0 13 0 0 -2 0
0 13 12 1 2 0
0 13 1 0 2 0
0 13 12 1 2 0
0 13 1 0 2 0
0 13 1528591 1 7 0
0 13 18690894 0 7 0
0 13 4563324 1 7 0
0 13 32518981 0 7 0
0 13 0 0 -2 0
0 13 0 0 -2 0
0 13 0 0 -2 0
0 13 0 0 -2 0
0 13 0 0 2 0
0 13 1 0 2 0
0 13 0 0 2 0
0 13 1 0 2 0
0 13 328302918286902470 2 18 0
0 13 81632157428608912074 0 18 0
0 13 207224553361369585 2 18 0
0 13 104366866793252177817 0 18 0
0 13 0 0 -2 0
0 13 0 0 -2 0
0 13 0 0 -2 0
0 13 0 0 -2 0
0 13 0 0 2 0
0 13 1 0 2 0
0 13 0 0 2 0
0 13 1 0 2 0
0 13 3 3 4 0
0 13 1 0 4 0
0 13 3 3 4 0
0 13 1 0 4 0
0 13 0 0 -2 0
0 13 0 0 -2 0
0 13 0 0 -2 0
0 13 0 0 -2 0
0 13 0 0 2 0
0 13 1 0 2 0
0 13 0 0 2 0
0 13 1 0 2 0
0 13 441068247362506649 4 20 0
0 13 4469446757080436040222 0 20 0
0 13 504252638715791422 4 20 0
0 13 9741190348635552644176 0 20 0
0 13 0 0 -2 0
0 13 0 0 -2 0
0 13 0 0 -2 0
0 13 0 0 -2 0
0 13 10 1 2 0
0 13 1 0 2 0
0 13 10 1 2 0
0 13 1 0 2 0
0 13 59771 1 6 0
0 13 2729013 0 6 0
0 13 264768 1 6 0
0 13 2383408 0 6 0
0 13 0 0 -2 0
0 13 0 0 -2 0
0 13 0 0 -2 0
0 13 0 0 -2 0
0 13 0 0 2 0
0 13 1 0 2 0
0 13 0 0 2 0
0 13 1 0 2 0
0 13 16732331928033985663913 2 22 0
0 13 1490666923118504813174013 0 22 0
0 13 6575166993119250126815 2 22 0
0 13 318021135091057167209779 0 22 0
0 13 0 0 -2 0
0 13 0 0 -2 0
0 13 0 0 -2 0
0 13 0 0 -2 0
0 13 0 0 2 0
0 13 1 0 2 0
0 13 0 0 2 0
0 13 1 0 2 0
0 13 308693 3 8 0
0 13 410278766 0 8 0
0 13 308693 3 8 0
0 13 405451957 0 8 0
0 13 0 0 -2 0
0 13 0 0 -2 0
0 13 0 0 -2 0
0 13 0 0 -2 0
0 13 0 0 2 0
0 13 1 0 2 0
0 13 0 0 2 0
0 13 1 0 2 0
0 13 1844106 4 10 0
0 13 78310149217 0 10 0
0 13 1844106 4 10 0
0 13 59548342634 0 10 0
0 13 0 0 -2 0
0 13 0 0 -2 0
0 13 0 0 -2 0
0 13 0 0 -2 0
0 13 3 1 2 0
0 13 1 0 2 0
0 13 3 1 2 0
0 13 1 0 2 0
0 13 18385 1 5 0
0 13 147538 0 5 0
0 13 17709 1 5 0
0 13 138074 0 5 0
0 13 0 0 -2 0
0 13 0 0 -2 0
0 13 0 0 -2 0
0 13 0 0 -2 0
0 13 0 0 2 0
0 13 1 0 2 0
0 13 0 0 2 0
0 13 1 0 2 0
0 13 77431793799 2 12 0
0 13 10930655168382 0 12 0
0 13 63010659435 2 12 0
0 13 1893447496461 0 12 0
0 13 0 0 -2 0
0 13 0 0 -2 0
0 13 0 0 -2 0
0 13 0 0 -2 0
0 13 0 0 2 0
0 13 1 0 2 0
0 13 0 0 2 0
0 13 1 0 2 0
0 13 2200 3 7 0
0 13 9653619 0 7 0
0 13 2200 3 7 0
0 13 53094900 0 7 0
0 13 0 0 -2 0
0 13 0 0 -2 0
0 13 0 0 -2 0
0 13 0 0 -2 0
0 13 0 0 2 0
0 13 1 0 2 0
0 13 0 0 2 0
0 13 1 0 2 0
0 13 46545902760 4 14 0
0 13 2855511885511598 0 14 0
0 13 137092012791 4 14 0
0 13 1081864500187693 0 14 0
0 13 0 0 -2 0
0 13 0 0 -2 0
0 13 0 0 -2 0
0 13 0 0 -2 0
0 13 1 1 2 0
0 13 1 0 2 0
0 13 1 1 2 0
0 13 1 0 2 0
0 13 2042 1 4 0
0 13 12000 0 4 0
0 13 1366 1 4 0
0 13 16563 0 4 0
0 13 0 0 -2 0
0 13 0 0 -2 0
0 13 0 0 -2 0
0 13 0 0 -2 0
0 13 0 0 2 0
0 13 1 0 2 0
0 13 0 0 2 0
0 13 1 0 2 0
0 13 2632502978301153 2 16 0
0 13 380184416283150909 0 16 0
0 13 1689195137695334 2 16 0
0 13 80964151067472856 0 16 0
0 13 1108827112756 1 12 0
0 13 16993399132373 0 12 0
0 13 1698406392266 1 12 0
0 13 10314968930943 0 12 0
0 13 218022680676087541881140266678860 1 31 0
0 13 13866493349683272926524398189394643 0 31 0
0 13 1551874287998050829130259855797233 1 31 0
0 13 25246761791640505238196474894720396 0 31 0
0 13 973307121772 1 12 0
0 13 19711950585341 0 12 0
0 13 914694719729 1 12 0
0 13 22199567524850 0 12 0
0 13 2035477412948151751713594467732294 1 31 0
0 13 26575266030379615180092290869328134 0 31 0
0 13 2235541901997813215682937024690452 1 31 0
0 13 7938156115152990687556844180650524 0 31 0
0 13 705875142086 1 12 0
0 13 16028059295106 0 12 0
0 13 758013852437 1 12 0
0 13 12795747402569 0 12 0
0 13 204171009123369940532110117405333 1 31 0
0 13 21290521016657927926205061184375966 0 31 0
0 13 876273009921211876206179744563854 1 31 0
0 13 16845062900378965461236255191043484 0 31 0
0 65537 0 0 -2 0
0 65537 0 0 -2 0
0 65537 0 0 -2 0
0 65537 0 0 -2 0
0 65537 42880 1 2 0
0 65537 1 0 2 0
0 65537 42880 1 2 0
0 65537 1 0 2 0
0 65537 160879166467776 1 4 0
0 65537 988328949006017668 0 4 0
0 65537 82381948675932 1 4 0
0 65537 17459541050380442495 0 4 0
0 65537 0 0 -2 0
0 65537 0 0 -2 0
0 65537 0 0 -2 0
0 65537 0 0 -2 0
0 65537 0 0 2 0
0 65537 1 0 2 0
0 65537 0 0 2 0
0 65537 1 0 2 0
0 65537 161927943902710561715899885646830795822 2 10 0
0 65537 1023374387461129746972429492335093566585798737032 0 10 0
0 65537 326041910472404056035672278170090107545 2 10 0
0 65537 711662313851648368796907195944722764990749802721 0 10 0
0 65537 0 0 -2 0
0 65537 0 0 -2 0
0 65537 0 0 -2 0
0 65537 0 0 -2 0
0 65537 0 0 2 0
0 65537 1 0 2 0
0 65537 0 0 2 0
0 65537 1 0 2 0
0 65537 149399306334538 3 6 0
0 65537 1 0 6 0
0 65537 149399306334538 3 6 0
0 65537 1 0 6 0
0 65537 0 0 -2 0
0 65537 0 0 -2 0
0 65537 0 0 -2 0
0 65537 0 0 -2 0
0 65537 0 0 2 0
0 65537 1 0 2 0
0 65537 0 0 2 0
0 65537 1 0 2 0
0 65537 94160764924894899420827430748548656974 4 12 0
0 65537 1244782546574685107134822021299492035644442416385384867132 0 12 0
0 65537 94160764924894899420827430748548656974 4 12 0
0 65537 5033468656931659469571889498897152569053098815066708286151 0 12 0
0 65537 0 0 -2 0
0 65537 0 0 -2 0
0 65537 0 0 -2 0
0 65537 0 0 -2 0
0 65537 0 0 2 0
0 65537 1 0 2 0
0 65537 0 0 2 0
0 65537 1 0 2 0
0 65537 0 0 8 0
0 65537 1 0 13 0
0 65537 0 0 8 0
0 65537 1 0 13 0
0 65537 0 0 -2 0
0 65537 0 0 -2 0
0 65537 0 0 -2 0
0 65537 0 0 -2 0
0 65537 0 0 2 0
0 65537 1 0 2 0
0 65537 0 0 2 0
0 65537 1 0 2 0
0 65537 1762332289943133096180883307058320244988380451945876187612 2 14 0
0 65537 4068138245887891919991266919679946196167659624953360513610869001098 0 14 0
0 65537 3726400833687423401477908742322771783980516262262750150155 2 14 0
0 65537 16224986560383368369858314133230958083740076274425799560762843675675 0 14 0
0 65537 0 0 -2 0
0 65537 0 0 -2 0
0 65537 0 0 -2 0
0 65537 0 0 -2 0
0 65537 0 0 2 0
0 65537 1 0 2 0
0 65537 0 0 2 0
0 65537 1 0 2 0
0 65537 3919277263 3 5 0
0 65537 1 0 5 0
0 65537 3919277263 3 5 0
0 65537 1 0 5 0
0 65537 0 0 -2 0
0 65537 0 0 -2 0
0 65537 0 0 -2 0
0 65537 0 0 -2 0
0 65537 0 0 2 0
0 65537 1 0 2 0
0 65537 0 0 2 0
0 65537 1 0 2 0
0 65537 219647272425877944410297956014207588999201619061954994438 4 16 0
0 65537 4727361715337821701783249116939547557725625314723812681068900708584351494897 0 16 0
0 65537 4264817872935796753237353129840538557213327831975254400761 4 16 0
0 65537 111093000310438809991906354248079367609615110063637964947708081791938621443346 0 16 0
0 65537 0 0 -2 0
0 65537 0 0 -2 0
0 65537 0 0 -2 0
0 65537 0 0 -2 0
0 65537 9914 1 2 0
0 65537 1 0 2 0
0 65537 9914 1 2 0
0 65537 1 0 2 0
0 65537 1781664515793778949924546630 1 7 0
0 65537 1757627239261875779459934995809839 0 7 0
0 65537 15381518625005839507129968067 1 7 0
0 65537 4758314762065543223957542926191218 0 7 0
0 65537 0 0 -2 0
0 65537 0 0 -2 0
0 65537 0 0 -2 0
0 65537 0 0 -2 0
0 65537 0 0 2 0
0 65537 1 0 2 0
0 65537 0 0 2 0
0 65537 1 0 2 0
0 65537 94834470982129652110502118299784081236571289309687802483877058250350707902551 2 18 0
0 65537 60703004106810610788949531301562192129003233041207928959998505684675546666940259799137 0 18 0
0 65537 28596521017693287061210899587549829807578976915393975525160754973550152056175 2 18 0
0 65537 462969005555353795588328345464196393789189527863737801202115675350137747982761560909866 0 18 0
0 65537 0 0 -2 0
0 65537 0 0 -2 0
0 65537 0 0 -2 0
0 65537 0 0 -2 0
0 65537 0 0 2 0
0 65537 1 0 2 0
0 65537 0 0 2 0
0 65537 1 0 2 0
0 65537 4145 3 4 0
0 65537 1 0 4 0
0 65537 4145 3 4 0
0 65537 1 0 4 0
0 65537 0 0 -2 0
0 65537 0 0 -2 0
0 65537 0 0 -2 0
0 65537 0 0 -2 0
0 65537 0 0 2 0
0 65537 1 0 2 0
0 65537 0 0 2 0
0 65537 1 0 2 0
0 65537 71052472126793603452353940656079883796147998104474551823088770676523666760029 4 20 0
0 65537 1139864670810871195835671653206214570952936188625891579717286159856751577171876850787631876670280 0 20 0
0 65537 37853241419832184558130313254311036435829111281149209230835854659788979435629 4 20 0
0 65537 1711388230079424171055455198407868624358769730428347207492526200357285149940224920710105169280737 0 20 0
0 65537 0 0 -2 0
0 65537 0 0 -2 0
0 65537 0 0 -2 0
0 65537 0 0 -2 0
0 65537 46481 1 2 0
0 65537 1 0 2 0
0 65537 46481 1 2 0
0 65537 1 0 2 0
0 65537 762445053898171907681562 1 6 0
0 65537 62267870617811512778667062385 0 6 0
0 65537 1207670569432440474732035 1 6 0
0 65537 73495366415057939226299590818 0 6 0
0 65537 0 0 -2 0
0 65537 0 0 -2 0
0 65537 0 0 -2 0
0 65537 0 0 -2 0
0 65537 0 0 2 0
0 65537 1 0 2 0
0 65537 0 0 2 0
0 65537 1 0 2 0
0 65537 1702503613804000715936564182377709453126608501335576840955043550958288299303078750819318280398428 2 22 0
0 65537 672365369825669091517443581644161456881465248244132455428085437253162786177446311718605413351479262038422 0 22 0
0 65537 970909204040058371014381027898838289910010945258550637470373713749466356730816818505796940445859 2 22 0
0 65537 1447954546577722361586804361200720606032953409933649068560492315068708382693111350252033979593305938104780 0 22 0
0 65537 0 0 -2 0
0 65537 0 0 -2 0
0 65537 0 0 -2 0
0 65537 0 0 -2 0
0 65537 0 0 2 0
0 65537 1 0 2 0
0 65537 0 0 2 0
0 65537 1 0 2 0
0 65537 676164193040669437648262 3 8 0
0 65537 273740779630685796111795884845670972130 0 8 0
0 65537 676164193040669437648262 3 8 0
0 65537 66583127883577197509194686288369173793 0 8 0
0 65537 0 0 -2 0
0 65537 0 0 -2 0
0 65537 0 0 -2 0
0 65537 0 0 -2 0
0 65537 0 0 2 0
0 65537 1 0 2 0
0 65537 0 0 2 0
0 65537 1 0 2 0
0 65537 51935819117473341604867033928 4 10 0
0 65537 1256003504446155140727337113375934735966676862263 0 10 0
0 65537 51935819117473341604867033928 4 10 0
0 65537 205721155650062687411236892866259575159132240588 0 10 0
0 65537 0 0 -2 0
0 65537 0 0 -2 0
0 65537 0 0 -2 0
0 65537 0 0 -2 0
0 65537 34414 1 2 0
0 65537 1 0 2 0
0 65537 34414 1 2 0
0 65537 1 0 2 0
0 65537 5875979219970100710 1 5 0
0 65537 352809770110021878248107 0 5 0
0 65537 446424206992211220 1 5 0
0 65537 158749664972964662016425 0 5 0
0 65537 0 0 -2 0
0 65537 0 0 -2 0
0 65537 0 0 -2 0
0 65537 0 0 -2 0
0 65537 0 0 2 0
0 65537 1 0 2 0
0 65537 0 0 2 0
0 65537 1 0 2 0
0 65537 797765309217661204901053156850647451644057351628 2 12 0
0 65537 829643133084454491121596713701912404387452085170006150694 0 12 0
0 65537 406643666775845006773306853168784520956669259929 2 12 0
0 65537 5311359076287547457934604622376554877220490602077689648607 0 12 0
0 65537 0 0 -2 0
0 65537 0 0 -2 0
0 65537 0 0 -2 0
0 65537 0 0 -2 0
0 65537 0 0 2 0
0 65537 1 0 2 0
0 65537 0 0 2 0
0 65537 1 0 2 0
0 65537 5112060361275766067 3 7 0
0 65537 4651515116585402945522212666795346 0 7 0
0 65537 5112060361275766067 3 7 0
0 65537 541336364475112391172945352858289 0 7 0
0 65537 0 0 -2 0
0 65537 0 0 -2 0
0 65537 0 0 -2 0
0 65537 0 0 -2 0
0 65537 0 0 2 0
0 65537 1 0 2 0
0 65537 0 0 2 0
0 65537 1 0 2 0
0 65537 935132828730154611586217109928339379990864080923 4 14 0
0 65537 19028951073062196440145759396509291667754265827559301033492343732693 0 14 0
0 65537 189583090288324106175963444874682353847605700993 4 14 0
0 65537 7936755431290191232419232645240827133154793253960835770800946365998 0 14 0
0 65537 0 0 -2 0
0 65537 0 0 -2 0
0 65537 0 0 -2 0
0 65537 0 0 -2 0
0 65537 43096 1 2 0
0 65537 1 0 2 0
0 65537 43096 1 2 0
0 65537 1 0 2 0
0 65537 59702123425255 1 4 0
0 65537 11216842919185810403 0 4 0
0 65537 36684691265784 1 4 0
0 65537 7231027080200649760 0 4 0
0 65537 0 0 -2 0
0 65537 0 0 -2 0
0 65537 0 0 -2 0
0 65537 0 0 -2 0
0 65537 0 0 2 0
0 65537 1 0 2 0
0 65537 0 0 2 0
0 65537 1 0 2 0
0 65537 16273461251453980501674413483220136167920061962563072937431962731430 2 16 0
0 65537 40294374652837646288122778794527458696900300700944188349178752596101195726470 0 16 0
0 65537 13248344797145931542526679852968687782849705273901193520301531085601 2 16 0
0 65537 13969471650905341217087773078719752970883778067984162982825632644715084174522 0 16 0
0 65537 53100020433569113904720164265446326810909100221627425 1 12 0
0 65537 3451775710640792278588322973161888688082993730038395511436 0 12 0
0 65537 9136501224021306673346777881859629010760193550357695 1 12 0
0 65537 2309804199824700190665803422268168197345224893307606715178 0 12 0
0 65537 716883433961530518305829520568720827949269851557069096542944505025212691627069559828308679302769723176310780456712690473886518477842125827452316 1 31 0
0 65537 173132419168450145593708950419148157163835073358528243163753551883378357208661971796451500926327466827844414905342692340157565965152582317683551557254 0 31 0
0 65537 2951549031083832075443022889197359382934364983845028684682364419709943059137650729086954476689071357449227325091401600643871957451787847228992668 1 31 0
0 65537 160275005693983882815054508674127417171614853536471982969726689558942509059111781428327346156179512732737475741042131163713179174662422214637486962689 0 31 0
0 65537 31731180601959512869228153669716793833668883876057894 1 12 0
0 65537 5660083056412664827904064701502390179167970238801930174582 0 12 0
0 65537 9336714969894726624041244528710232864088064065166117 1 12 0
0 65537 2597729340195600171928344082817029998412399269276235652112 0 12 0
0 65537 752224940374376694691938978173691079825421164435941439198920166531555372301608320099696827804366492130701537825028396385913360609866429966084526 1 31 0
0 65537 187130280817805750294121171798844964036351394577654998541373458790068406091171242547064287525332177950420738302202264706426075544408378868694856292255 0 31 0
0 65537 28255925828726227207468165845060361387074487949215920190227416754670905544086162372412110122523815697054761523330627879750706423837563822195967 1 31 0
0 65537 49821859887391019937813611670496612867049198448939928451718943765933059911714349022373105306999723788624973438365615294662620847925007593057188901923 0 31 0
0 65537 70729352316207223734564021742428358591734914739531538 1 12 0
0 65537 4521102134868341090999686792771701175952576073199039445946 0 12 0
0 65537 60423694377144674977984578290131068750697051445208570 1 12 0
0 65537 4781986004188440137964387661589344262283599811830621137267 0 12 0
0 65537 2028388726229594014255543003147388368665270285175494126102441060320463731676281742717500919812152253562382385286228996504680767272424287174089200 1 31 0
0 65537 139050324613772904434772269848702096086052456041145568975888123594549801225142479772321555098488532703923425304571791665978752086284568862503684677078 0 31 0
0 65537 2502465602527512345101234129149699199294157520985525545071647593982896228300455370862802188894541064154623376199025855642227197256340298237196207 1 31 0
0 65537 89978194171128280805730926445638765588486851569004481237596159782339617802319496851925710975792364819540574146106758918857769552948898290987766362503 0 31 0
0 18446744073709551557 0 0 -2 0
0 18446744073709551557 0 0 -2 0
0 18446744073709551557 0 0 -2 0
0 18446744073709551557 0 0 -2 0
0 18446744073709551557 16140901064495857611 1 2 0
0 18446744073709551557 1 0 2 0
0 18446744073709551557 16140901064495857611 1 2 0
0 18446744073709551557 1 0 2 0
0 18446744073709551557 5183921582902346661946893559104532291206165799315431758338 1 4 0
0 18446744073709551557 87748692625153678221804473588834622698355170895622754973015654653348117483782 0 4 0
0 18446744073709551557 5801006454024344569363274777748195216311531209566907951622 1 4 0
0 18446744073709551557 28043396612162515720370501868596631996806025403729267608032690823387738330221 0 4 0
0 18446744073709551557 0 0 -2 0
0 18446744073709551557 0 0 -2 0
0 18446744073709551557 0 0 -2 0
0 18446744073709551557 0 0 -2 0
0 18446744073709551557 0 0 2 0
0 18446744073709551557 1 0 2 0
0 18446744073709551557 0 0 2 0
0 18446744073709551557 1 0 2 0
0 18446744073709551557 300599743219453774195248928263133161649358216060475215815992253816456560781687812404469484535822778024917011561435675088258692488772793803030849953908369 2 10 0
0 18446744073709551557 986598681573321024382858147939995614560367103148434341051981993302466608882332245953361694445790199959866158324354375940359013883760652717533647627501103844041480629561730344147383221157341763 0 10 0
0 18446744073709551557 5956377290753758045507619732720585731712833726167478064935388359763971882296656365809645970487549308233025135926241252312572677619377728049346318056318116 2 10 0
0 18446744073709551557 2122139457514845131370009904597073954337778660147679066931064545292444684566758904082282020343440915991856377008175110907089628278768567388361002761488970685517672367884106276491336167682996767 0 10 0
0 18446744073709551557 0 0 -2 0
0 18446744073709551557 0 0 -2 0
0 18446744073709551557 0 0 -2 0
0 18446744073709551557 0 0 -2 0
0 18446744073709551557 0 0 2 0
0 18446744073709551557 1 0 2 0
0 18446744073709551557 0 0 2 0
0 18446744073709551557 1 0 2 0
0 18446744073709551557 5819587031641295812672442367545468300525826986796474848427 3 6 0
0 18446744073709551557 1 0 6 0
0 18446744073709551557 5819587031641295812672442367545468300525826986796474848427 3 6 0
0 18446744073709551557 1 0 6 0
0 18446744073709551557 0 0 -2 0
0 18446744073709551557 0 0 -2 0
0 18446744073709551557 0 0 -2 0
0 18446744073709551557 0 0 -2 0
0 18446744073709551557 0 0 2 0
0 18446744073709551557 1 0 2 0
0 18446744073709551557 0 0 2 0
0 18446744073709551557 1 0 2 0
0 18446744073709551557 6835050532755547023167115280657046201938478621749917729836088143554487424668025162622521321491091157847119113933193026891093942851990829805859983795488153 4 12 0
0 18446744073709551557 189508681235110186358199571012945525311530366040306210455277071973052638562412387222091375924181244346542380943188031854380820722026601285895704384358246743050313893808916535213724361752926770247395221223660369066545259690369783722 0 12 0
0 18446744073709551557 6835050532755547023167115280657046201938478621749917729836088143554487424668025162622521321491091157847119113933193026891093942851990829805859983795488153 4 12 0
0 18446744073709551557 1363009411065598689203960424709582988121904394039144404040622091049353805306925226460349039912690208055880724346593420761523779680376056607600944746636281337778651730355731592927449168392451765658504455207588013764940256468985658281 0 12 0
0 18446744073709551557 0 0 -2 0
0 18446744073709551557 0 0 -2 0
0 18446744073709551557 0 0 -2 0
0 18446744073709551557 0 0 -2 0
0 18446744073709551557 12631021804165653527 1 2 0
0 18446744073709551557 1 0 2 0
0 18446744073709551557 12631021804165653527 1 2 0
0 18446744073709551557 1 0 2 0
0 18446744073709551557 169419579199126160255414672596553622103146507307016181074557948614871522596960012887903378755332778040797981135098198480851578361451017 1 8 0
0 18446744073709551557 2380343114792490368715873413467412407362106516463356417266009904398929085623699269563512862618750617876339346253303041177948881468431925472360753621920085 0 8 0
0 18446744073709551557 646829005925216925215343116054567437900364013143331532129827058306041479151329618824224944354907828063576533922198718516731422356677721 1 8 0
0 18446744073709551557 9235097964231472092934823281010511398101962939834101104162796930423432454747680842532808570102811124064694147771570575992877157347374553555216516542323828 0 8 0
0 18446744073709551557 0 0 -2 0
0 18446744073709551557 0 0 -2 0
0 18446744073709551557 0 0 -2 0
0 18446744073709551557 0 0 -2 0
0 18446744073709551557 0 0 2 0
0 18446744073709551557 1 0 2 0
0 18446744073709551557 0 0 2 0
0 18446744073709551557 1 0 2 0
0 18446744073709551557 666395256299242132953554887460755512164361975884501882805117808829439178111348356891969478703992913355098518063364780400693381268090285493950568690962851186694891975129490243585610138548264680459075910087761152581306888689575262382 2 14 0
0 18446744073709551557 301544535543631103665066332238333088209787210086897423048550788227246785884368177279281289345891295563877371333938860489521877694174945855973320569409640742062046506856047204426619260420458974077256848615825972796031765055326698743836307963366968840479261536793289986822 0 14 0
0 18446744073709551557 845727025955897665222687932551411517072089486625998827395618119009892584175457203750617982057905575151329645058520143788674621096748848846691815644249085067735710045770971618083444026607707511565751037102043912581193290099322834009 2 14 0
0 18446744073709551557 383837557837578965174494713201606186211119111368565741792024684301113437805986741378420631965710094339206973408578755340622580237279454492818996452811349344372919275836106451773657392093504743581608815729202882525448984617382445375766996314570273793068171748650324018341 0 14 0
0 18446744073709551557 0 0 -2 0
0 18446744073709551557 0 0 -2 0
0 18446744073709551557 0 0 -2 0
0 18446744073709551557 0 0 -2 0
0 18446744073709551557 0 0 2 0
0 18446744073709551557 1 0 2 0
0 18446744073709551557 0 0 2 0
0 18446744073709551557 1 0 2 0
0 18446744073709551557 287479930674585941431832440171862329108 3 5 0
0 18446744073709551557 1 0 5 0
0 18446744073709551557 287479930674585941431832440171862329108 3 5 0
0 18446744073709551557 1 0 5 0
0 18446744073709551557 0 0 -2 0
0 18446744073709551557 0 0 -2 0
0 18446744073709551557 0 0 -2 0
0 18446744073709551557 0 0 -2 0
0 18446744073709551557 0 0 2 0
0 18446744073709551557 1 0 2 0
0 18446744073709551557 0 0 2 0
0 18446744073709551557 1 0 2 0
0 18446744073709551557 1282145803102424874290922528635112722914716861129826030991587913415769301478978373896136657226317602454590757970299261931143077231518713923029236653041931331223035689938706556588188275192568006696839969699382802790447309572950838481 4 16 0
0 18446744073709551557 120926867434951525641528915449009259727457802527545117353350000325679423907319674596983289621742920113359982574982664120680463902774657049080408466594341640677999371699078933415160263646993660470780886972107944325331679625897529744721605741161200355242018043963887721718871186841976351241576937591433105563440 0 16 0
0 18446744073709551557 1144779030838913138082109188816196217624905292557591021553725720734199392385733298067218475576148116243449958344761399629351470523961303013931042448282848197429140458180743390850887588023196141385945731388545703704748439825581806493 4 16 0
0 18446744073709551557 58842446051280055931825176868294302459938467202591186927806074007045226893918195780030658948810386837051823004913984161639172997962135488381952661492189339518834640822758013481837895812133766025284682195107979535383256026573931192205247552479501450731403904155876230595509865973518851741635937889701893692563 0 16 0
0 18446744073709551557 0 0 -2 0
0 18446744073709551557 0 0 -2 0
0 18446744073709551557 0 0 -2 0
0 18446744073709551557 0 0 -2 0
0 18446744073709551557 2882303761517117432 1 2 0
0 18446744073709551557 1 0 2 0
0 18446744073709551557 2882303761517117432 1 2 0
0 18446744073709551557 1 0 2 0
0 18446744073709551557 25412260669605768217982456044502946396175612995101121713978635590445403567639032393626978172852459693832021268831025 1 7 0
0 18446744073709551557 439915408372808931871427795462008806908742994387899826848508333198006589449945350671618834702847027017424758286453106031823294102806266 0 7 0
0 18446744073709551557 1232117157542274343638223644426639273647462674886600815055244679057322916781766547620624971197634164663016290736252 1 7 0
0 18446744073709551557 168091025129176883957064117548246900553614863419706809540399927854753322750063617997594724331338345911945598656896817217330426313558527 0 7 0
0 18446744073709551557 0 0 -2 0
0 18446744073709551557 0 0 -2 0
0 18446744073709551557 0 0 -2 0
0 18446744073709551557 0 0 -2 0
0 18446744073709551557 0 0 2 0
0 18446744073709551557 1 0 2 0
0 18446744073709551557 0 0 2 0
0 18446744073709551557 1 0 2 0
0 18446744073709551557 76523319830408138959595762072987130238072015180431105220919811259695466247179919864579802384495666626066742065991197740077691547047261235648506273567359600776877925020116199078289635962759754027324242216221386808867983258484917375469340605704800967549863431223351614356987122395276683006598831403286907544884 2 18 0
0 18446744073709551557 16342426869180386947077823011549097881247150001262579139609161443965224331716983034897189057044536693071690657241788943998539059353684899403575336956548982918119005363646967309701849634033125738134955375774317620544719025348466253131493523464826649148640106142162608587306808113075554122164372628985752088278960647580205786639395830843332566427673 0 18 0
0 18446744073709551557 84780896050727042991606697314991785188429919481534847662655556788565802039162105332505711201314481476075521370707242488625151049564601492201774178916508413736460069279636001590697600575388571397575074028039638057924656886756780082437504211754882241568666496918596195296144160731206377038066807431794195371112 2 18 0
0 18446744073709551557 58462954474238371126489240874167656011669141761785295260877021513006276742083263276769935227572592498874510627864193991299222133606547720920483378697347546581315321476933612948739711833662019856617578514715796858168189771106042519826609298537038431488238216287696324719889068843140680344419810994058348830747165907719769899179430988447062988208946 0 18 0
0 18446744073709551557 0 0 -2 0
0 18446744073709551557 0 0 -2 0
0 18446744073709551557 0 0 -2 0
0 18446744073709551557 0 0 -2 0
0 18446744073709551557 0 0 2 0
0 18446744073709551557 1 0 2 0
0 18446744073709551557 0 0 2 0
0 18446744073709551557 1 0 2 0
0 18446744073709551557 10325535990944340185 3 4 0
0 18446744073709551557 1 0 4 0
0 18446744073709551557 10325535990944340185 3 4 0
0 18446744073709551557 1 0 4 0
0 18446744073709551557 0 0 -2 0
0 18446744073709551557 0 0 -2 0
0 18446744073709551557 0 0 -2 0
0 18446744073709551557 0 0 -2 0
0 18446744073709551557 0 0 2 0
0 18446744073709551557 1 0 2 0
0 18446744073709551557 0 0 2 0
0 18446744073709551557 1 0 2 0
0 18446744073709551557 7453787891589505063752907000390725289763113680757531721596543878334353110040717988010927342839807422374952557596521930175781928749247542351957264793267905130357828901064913761440409756384795614719237788856175559134125672626300657074781614663358608481845689366703737378324854622480199205242413494979246792391 4 20 0
0 18446744073709551557 17763777819931188885605609617233406416677468855950411218453360028189212315077170283781010194999403055539752845585297361704215387296547835806589997327351654706916407775271709208975863540504990291922077771709421727467807296886172798792420728389878631728098069187496788669135560613509501584862394862922234708985513563854932475442128517753058925989151693932407371534273207450361030888226539 0 20 0
0 18446744073709551557 33478301948352455048333870942626085792905575427027349868574377662039875072394981728601479408609253237103427789826099524875458473264668296947164961294126841129844377026984114147414555782001141495154153344602219412228659675936431987025486519888678110416718077282104054840949600480124862397089133537648414576669 4 20 0
0 18446744073709551557 17789594418605764718836678605471995601291812179651852555685480131049199001281357563493425869189345131775458205968372044926741693248321027302434664068918980809072796606222778532352301030304797896312416331155576122252144717152219259678604602393466157914151227814225480266499263392552038394586901203040366168213717141254993578729128961071910542810390236482294616120886262281708050157235703 0 20 0
0 18446744073709551557 0 0 -2 0
0 18446744073709551557 0 0 -2 0
0 18446744073709551557 0 0 -2 0
0 18446744073709551557 0 0 -2 0
0 18446744073709551557 6344739999874622824 1 2 0
0 18446744073709551557 1 0 2 0
0 18446744073709551557 6344739999874622824 1 2 0
0 18446744073709551557 1 0 2 0
0 18446744073709551557 1423543059495804249929316519789025860614073699239585562187018054620469127763823381669613800002908 1 6 0
0 18446744073709551557 5228594572009678376829082372301128865603009367297135165848916744479250792644965596006029536522759097271787040108167 0 6 0
0 18446744073709551557 638928253055915502799558264992350630296836288745355872822982702993108887594072701165994697435874 1 6 0
0 18446744073709551557 25283670629454813137295137394956759531066433073036020062216319604539693313693528969696011277226587765863586650287213 0 6 0
0 18446744073709551557 0 0 -2 0
0 18446744073709551557 0 0 -2 0
0 18446744073709551557 0 0 -2 0
0 18446744073709551557 0 0 -2 0
0 18446744073709551557 0 0 2 0
0 18446744073709551557 1 0 2 0
0 18446744073709551557 0 0 2 0
0 18446744073709551557 1 0 2 0
0 18446744073709551557 10026175557651927573496229835768009911417846585194463879006216163666330352120242797802834078048058069857321777441213007287264090338658236751666438992557892133521241858189797958882765851702126086515108894962404551727003468572929673069921984342180386323084580535041529461453253934110547388522246139080536587315086570803310659931586733729809910083049634816492220009796225780195770148394304 2 22 0
0 18446744073709551557 1542355017297107189130525899211694944325744906795095042995491824002738984895117128101679305787290689655313758720210923964273979359849313582659795760354682916220764800915404966415870288943460940878458193348917322785910420834246940837922325470162981270826803792537142217224700031028321654114784871972898887857405495993397520818832500550344791080649142425193663768645417732053274062473866566232696768326458199741745065963832810 0 22 0
0 18446744073709551557 16156860858676805299398560295694553251347014035983197252743538650324096656450193308242344160270391070196406828675310701691376402622349560930613260666080523078275628532028503669108122786826504253399616334977231882120078259547956496052044408470838055181481456420012274516475698314301644525567708720334397338373773761979543094358624670624034265000323152600879623783627462682913854860832669 2 22 0
0 18446744073709551557 450351130255530989587340044627027692613111947073757798440349766709559755708365626625310798364157303116829184869412996230526277079771435437874202267847849874587912097540914433886760019782412088828846470528482420659116233079157685328809492369562490656643229487031424567679126314426797628038602548830230605001333502660587801525139986823028520768498416633398740918601452569466354236916952945555412786454095410889851230615866945 0 22 0
0 18446744073709551557 0 0 -2 0
0 18446744073709551557 0 0 -2 0
0 18446744073709551557 0 0 -2 0
0 18446744073709551557 0 0 -2 0
0 18446744073709551557 0 0 2 0
0 18446744073709551557 1 0 2 0
0 18446744073709551557 0 0 2 0
0 18446744073709551557 1 0 2 0
0 18446744073709551557 1394216992537466740576093785157995656823105367170660936385610164581612130228578647574996987981620 3 8 0
0 18446744073709551557 12363572389693067472919679119686864509850417344605835186539756631689387668541428008095806860542234201544555139912001468253678076480472235511223286122443640 0 8 0
0 18446744073709551557 1394216992537466740576093785157995656823105367170660936385610164581612130228578647574996987981620 3 8 0
0 18446744073709551557 1044235540249529283586468010992533118782851103025493272213201825982958995197880945220154828793563126151035176133020519033817716608421739886727788185184363 0 8 0
0 18446744073709551557 0 0 -2 0
0 18446744073709551557 0 0 -2 0
0 18446744073709551557 0 0 -2 0
0 18446744073709551557 0 0 -2 0
0 18446744073709551557 0 0 2 0
0 18446744073709551557 1 0 2 0
0 18446744073709551557 0 0 2 0
0 18446744073709551557 1 0 2 0
0 18446744073709551557 16886574084169062195488412593203478864282569205532478438565283633860417015138160219202005699537954093996195889204391 4 10 0
0 18446744073709551557 3351997188457122910567029602376944078775324981592581271392985225638819278310380021571022930060664182280480393833382772762558380400708427287352442840209447578003965219596639448145652224144254387 0 10 0
0 18446744073709551557 16886574084169062195488412593203478864282569205532478438565283633860417015138160219202005699537954093996195889204391 4 10 0
0 18446744073709551557 1210443429165072162149205134191674250687489309922241287942614313606628347207405658411246236492396730348051734806137263710529361935444428364454479797915942163289620486366694766549750906368241864 0 10 0
0 18446744073709551557 0 0 -2 0
0 18446744073709551557 0 0 -2 0
0 18446744073709551557 0 0 -2 0
0 18446744073709551557 0 0 -2 0
0 18446744073709551557 7981256031891525175 1 2 0
0 18446744073709551557 1 0 2 0
0 18446744073709551557 7981256031891525175 1 2 0
0 18446744073709551557 1 0 2 0
0 18446744073709551557 99124335442420047826567040888761512423742170030368682658993703082817438479460 1 5 0
0 18446744073709551557 130368640261542218254329299839091483171870235638624118504351939193398689697673756038205335983273 0 5 0
0 18446744073709551557 53163827766543084034345032850381599052128858913478246752757559306356652691395 1 5 0
0 18446744073709551557 1268885978756770682319490210305772996294096607398165204774805757501784719536281756774395684863803 0 5 0
0 18446744073709551557 0 0 -2 0
0 18446744073709551557 0 0 -2 0
0 18446744073709551557 0 0 -2 0
0 18446744073709551557 0 0 -2 0
0 18446744073709551557 0 0 2 0
0 18446744073709551557 1 0 2 0
0 18446744073709551557 0 0 2 0
0 18446744073709551557 1 0 2 0
0 18446744073709551557 75191231055314212628494417594248553174523111711388228356211764636897884084138112259196793066013945554992565806102508547177438446423503966568017737846126313931552021995228082927353874773041084 2 12 0
0 18446744073709551557 1455002730177501786097458884022644389968105804789110758332334702256724950595247953775888697866708056134457035713355111917847804771087399541772409463165010097621152352673436772283219308736304266078943126626579118076242575099109578314 0 12 0
0 18446744073709551557 1285767900576770743512222163733581003195755807132156924255314183554455423227859543817804157875938191862577854836192666429091947949082118506473133108969357927620015553677142739735216324709241159 2 12 0
0 18446744073709551557 1371846644580072057273853504756712997993173631880277214191973319541325044036235129662020088972497704514385080686092855533677789884118288249372969310987695146955994333921540256319731383847277161214691850676966821140508946860942907195 0 12 0
0 18446744073709551557 0 0 -2 0
0 18446744073709551557 0 0 -2 0
0 18446744073709551557 0 0 -2 0
0 18446744073709551557 0 0 -2 0
0 18446744073709551557 0 0 2 0
0 18446744073709551557 1 0 2 0
0 18446744073709551557 0 0 2 0
0 18446744073709551557 1 0 2 0
0 18446744073709551557 67282080744636375934297497777833249116610518555963775560737561898199646556451 3 7 0
0 18446744073709551557 492103837199709420902023506975498897203362523923269449880912918531817795347471645253435662249078252578772000159695555471168728382236936 0 7 0
0 18446744073709551557 67282080744636375934297497777833249116610518555963775560737561898199646556451 3 7 0
0 18446744073709551557 234734887095897453374271741801585878621823588259183209716904363170322314226869486677946629440654922669629028634312214874846726275270759 0 7 0
0 18446744073709551557 0 0 -2 0
0 18446744073709551557 0 0 -2 0
0 18446744073709551557 0 0 -2 0
0 18446744073709551557 0 0 -2 0
0 18446744073709551557 0 0 2 0
0 18446744073709551557 1 0 2 0
0 18446744073709551557 0 0 2 0
0 18446744073709551557 1 0 2 0
0 18446744073709551557 4018208650820184294710304830353425039127909153652461646462655228457340141969777253908216905193059969917496626680962654663952589224330263896941212328282820678069106891313578237486989063227570373 4 14 0
0 18446744073709551557 1034396554377414996379967360416196258112859477232868647890278567266012544275981011431030119876397904171952004500675553866977371284396045899251959713689795097307597747236569086023548704363935731579178490924576621081528678871936343040403448333609651424211552327715410006 0 14 0
0 18446744073709551557 458148181563856153992416043261068416194097321041326524960951866651400924575974733998915107274094133038799046701207947158699535331895179384076900448745863596407618706990070425987746083690350481 4 14 0
0 18446744073709551557 527260134581287807700225180895782947203527553531335864429162902423684757795947775553980534740633004426557717203238029053618843259914522670702714053346078413142669562175931321668836659843917988486794448935867198430409082557740074762926510782763405739558024539282638772245 0 14 0
0 18446744073709551557 0 0 -2 0
0 18446744073709551557 0 0 -2 0
0 18446744073709551557 0 0 -2 0
0 18446744073709551557 0 0 -2 0
0 18446744073709551557 718280300215239174 1 2 0
0 18446744073709551557 1 0 2 0
0 18446744073709551557 718280300215239174 1 2 0
0 18446744073709551557 1 0 2 0
0 18446744073709551557 6223101976303955789586153848103449695463025709178211001214 1 4 0
0 18446744073709551557 59725829861535821273198229881413605150566334608499263133555026799166802647402 0 4 0
0 18446744073709551557 1620497714285418682530133227313011108893479057720329413684 1 4 0
0 18446744073709551557 56066259375780372668976745576017649544594861690852759447493318677569053166601 0 4 0
0 18446744073709551557 0 0 -2 0
0 18446744073709551557 0 0 -2 0
0 18446744073709551557 0 0 -2 0
0 18446744073709551557 0 0 -2 0
0 18446744073709551557 0 0 2 0
0 18446744073709551557 1 0 2 0
0 18446744073709551557 0 0 2 0
0 18446744073709551557 1 0 2 0
0 18446744073709551557 372896686892905898476379662066120843161114891624882432778037128532837729313194356340210396926525915427252347580920645345590749446041336753310527487180961666024838478238540608326802876443935351379361931535141541533598396160319835249655363722421691054195463498160009259450 2 16 0
0 18446744073709551557 159990766674295150540867686542912092707707632108487031690428972928104057135427013245377557815165357185665798282523640505895699773687476763029741932266856614845626326862877086664032741141726794774252690025199349036945115083013372716688865915505948705019719653278346455335578671822758148531366698473250557558944 0 16 0
0 18446744073709551557 477338852764903055896491610104260721798888824587989975279195526891844242116352005707778614741819941499978821366256238352948064703708558789262696141469607111108003688044186798671754802759188928216732160352893604971351396604896259471704505690956481539101166737545584562702 2 16 0
0 18446744073709551557 87262268173545251220386747245813487877106312443484582446986056299343632925851143861901606241228557601584664555361790014565703343441677020616509945415454231536728365052762863636720269205738999720937920885008621813471297945124881004606855707212629519549828258254010463553359223702922674335744329777149587330099 0 16 0
0 18446744073709551557 17894388249091313458633262036859892034354662557842977665364877248421236979559891166105112583538545057138764284395613265621370952762896910678816266313226792565510758701715523248827096636620379871279301622189370666 1 12 0
0 18446744073709551557 1127921562016147703299328146395612188142272287262558415790600252928063587107033997519638028792823499793493024722708960355344434893724300762579105680980472029713761897577025539347543413285073715910285986200550319389874282452883716382 0 12 0
0 18446744073709551557 83863582440071240748521774900982249387273748926100547824683287190240005180460593805978845236114048016701460698652506242554072692619104761583673871535804662767539504612634808878025599118573073532464809563869754219 1 12 0
0 18446744073709551557 534231443628463496922787549629016380603158220876449584161071008383080524831369902317863232673078390281317635946279771574431305968370491389122472586977352472158370697158349109570152143263744483782997094977025586515050645581146305265 0 12 0
0 18446744073709551557 26246138712078179248869997017629354587206511063050898359602403563235389767561540627955501902382001287560144480425032414964598688934280818948962992141119035007465133714846448678587490256544021375937042851642673514883656001861298910093700280178540611012323280159459379258608057582130810839894176662905046017377765370324733502853189444683577286731217359238743610675432525307370993454543973876437843383778534050114803140281577724742859103374513992298577137396958674752759681271907926021026711418732479304860620518855377000379688685440536512554616971017691138801282845622664125227587 1 31 0
0 18446744073709551557 1177591430430825562272942072315507027238084699705093615120523080903810931229237465470742623736606551540789656141834467465480849918695309233514807031618278046010993881204748767204854402062372651130608571233173315727055159694286652577172825611171725910777250008395732640612268020031791733118362890369954016011452994829547994514467154267344929155932819986961998046344646180170876310396565581736229879990781652259109474509742386505977658078938175332386333824810736658607041393990871862454345551771502489293910553624696050780929278080913234064782603977783740917514740590920615474983149334302928970809291 0 31 0
0 18446744073709551557 69019594527894479909451177475921742217582436328002467131872786670195455319113288639466491536286355915729161524968811450408091708367518942598123804561281680173239884712270130773315341591418394538091124920215430443343567861185876696591801417013643104950356330062033405903560272641643435028916882315713289653260255178347280079854776771255662919264863096935589668647102299407961816480245470251052203063053187216607979891728425333770671809342921708826220966856765417904094574667848768473833665218936522343833075458676787475895781384114070845731420851166294028269593037833867063740931 1 31 0
0 18446744073709551557 738249810084708271734118774919864805764105161671216430581521842569523471842171099981052302938301020344457838486768001958302103305454235639937288091811483110757981781461551480783181501257537976448710468213060602209797110213705493418967784652953841753699668505266341114761868816453734502421065920379789010930761137624904289218083027348244372850118680412094528186233815732513553334370458230843850047450642429213891502875026386336578732739277241634918757719954240259348818690876318417674573019257453160362213835590030067764864159234574252918915199384351791037790903079279238018984377316225816069430172 0 31 0
0 18446744073709551557 56467600381677063073004684281041662185954511403937591143519323968636044473755439177443364328661493868280281683573880003737918597596834802806852892762759267710112681337881031567227942532733049175250772235725284873 1 12 0
0 18446744073709551557 374089561402131112407033280634053393856079300237840606761539433277085282374428706547695606788051158528733270446783390236738022636097881513787525704771438299590406606434584848250930485548709950923531976188102963028144485041559811556 0 12 0
0 18446744073709551557 47723665863481174236985190526588437876700102732467403160586263495100502327695343816274205714172197841600025463012916423836868689070489828018827730216752449602990893297005577563431266432219521954303413963178724519 1 12 0
0 18446744073709551557 1101462734372491441488780045687066551402979230459806910636912515691783135806490962527144483944413648700512185298276988576600582858717112396757453808362136795180359902311662643942125406111101841071243915271059158018667286714935862490 0 12 0
0 18446744073709551557 81026892378373284472474565796019936570071720565985259063811758855550362413791425548551892868282258159289095141940224300999554006651142968129524505625047383577027572724121612074155151648289619670390957574917997491510504546491993680976003697438287810761928745583516261477260264762343251901104196093357984586693348816245273416214086765408714775081740199837537924761120940233845719816366919931139652842202009314189663381570706214560519809621691821129321254105476812086422835267085293411301497080918298657648272585572033347124003723559506850688511150304965383674376071332176491918174 1 31 0
0 18446744073709551557 2657065091392882807596810538830759199204340532257498811071598728849648441134109179249774835823550356322923253461402695097152470217163927346745837321955531583024474171559039301009496188499714609154776431153195667994081219633244151839431957173561526128990230616722769067041385395301121985792935828335470447100465617468252549972690613449911240744897039259299611624216853934379769856612810958188036877096029754785396318931214352457738774261011735736032765101685850931568419441786441447192832414329135207789641157758450330806880165448613481649768001852813274131714340942342957977076908388443657895599 0 31 0
0 18446744073709551557 81579439412775717374702954192957702347294224241260336426003919897260967308487442155307181752458490032566107277844621685161282702208058574705588850924592783146109579574796534346268994935922980546708691012599672265667468283319952410235899590789105754374602150773467625440988137005033237223874280333987093772905711802129910775003271408035363236018083628472248077181595123521064382962580181951527721522271866928418782056807005941905435156355559971188460093503631007857469484049643681555721800119514731303354845091071626456175836372497709501891351837794536097405493451204074099026560 1 31 0
0 18446744073709551557 752895525558477911319270731308484441397704538545979223028535390557304700950762636648349865120769429034423760916580919734349453045593691841832203974670166167687918751571738905229503971672939713348107732659083631957391133102180301786829449909294431540002344678947292331855752459620628094725296185517255548408334971934518023956311680349887434934241385672697824439957445019566426477483846078259827458520453623103040116591879767627403220463326026897226986928846350420120868696824245054817175395642714007104240851329588336028785551168309739730878966632519515310136903267533808716452290318039222804814695 0 31 0
0 18446744073709551557 72428027661580785315349870650140745665034258709329399023595151197934937619085315606391921413627618876640271166093863525340396756892402193551920617417753650544448528491331097668931003554177639938548394754968582508 1 12 0
0 18446744073709551557 1363512310606550468267422840505856272004676613941095557186692383137966646507242585071574939895211353677527855468070408399121313047047974193590450591727429269484520088960782745881782067923486913934075664632720256953220077089966208267 0 12 0
0 18446744073709551557 24193512409073763167297848298314231973215361934570085830066198563023514106913880596553057562552725753705616718076341106990284638146786622507770574475993311207782408034849723356893947115508193648170752642523556548 1 12 0
0 18446744073709551557 582131377562709331605831281296021738438556072099086924712429909109636530462571119792330909083906924715741129792040910407015725865544122601096751751030023378363650546793916860105501049890124177960020286666385742404640129395191655167 0 12 0
0 18446744073709551557 27808096162930770973684989907419976202794176033970112015077982485175678009836115255335887414714164858991185911825369520713836620670886801421566267912140620004573122582167459256685847138960320477403098527488006934251624368493283941527490811793499488893406176374558413389294579051467236083650474043922749155607892985074063842365730387122382184370888456216607767424907237938039047593846239923136955954682978728811943581755725442405251237277764166101039276911713695711370969361445598635987626841070154485194946538001430767257975902850008764119678250370951150044599481750219094479450 1 31 0
0 18446744073709551557 1396305735968525821298061862928745211858819390647467082484765412733430784272124771110229438997912530182743257300804661476799730841617078218994472299714723513615032619706721562975428990741165993759806823884024765545729826619328818329108896240305638133492609371163148369936744728211097999490614729764805100002941344933866344623034052022144974049674252856979043943059253824479975359376417653892036087002919695477750116083536962799848116145361953936167537732062527846920045350025501315760859181957756556166494538327074811473003745950130496507041298644499581601741474703912463157079121905249569611220466 0 31 0
0 18446744073709551557 32369983094136162068478595570374266670601135328923469189177291766627541898768244751286127660960034047805368102924479142925385334507579932209802125030588410094505950061582098086668581908681451791452801415430439659529960940855723905217756541050252087922900792173226846191987730633408502856418792915515172170203688857054838468612729147463979600849307097530964313979673609168199828294932776793431003839020297082048369672850698662105501366547634760365980149422047328948503171002934693788208885970243149233696246242087758625260252635577557740123403472217535486751948361019888069027017 1 31 0
0 18446744073709551557 1516933835603553647674912150109679114853187276646039582696783207664701368884642521301299246834231674627276704463740512394488919864929730656088809038730750406386094525845073519977324702948462082162705146385228433530873476270189902712273295249775226481439510075774705647463977817718826436043521835912291634437941646648309498836585688075492233130746930898503510376046791440603535930811829263001377651712916457959612899324022934078638704249836467763526054563931463451754149183342780772876407389404519191227826170531389697148144024703125038120963677153671273336638006351556995336670866617200924043941790 0 31 0
