1 19 -23/29 0 0 1
1 19 -23/29 0 0 1
1 19 -23/29 0 0 1
7 19 -23/29 0 0 1
0 2 0 0 -4 0
0 2 0 0 -4 0
1 19 -23/29 0 0 1
1 19 -23/29 0 0 1
1 19 -23/29 0 0 1
0 2 0 0 -2 0
7 19 -23/29 0 0 1
0 2 0 0 -2 0
1 19 -23/29 0 0 1
7 19 -23/29 0 0 1
1 19 -23/29 0 0 1
0 2 0 0 0 0
7 19 -23/29 0 0 1
0 2 0 0 0 0
7 19 -23/29 0 0 1
0 2 0 0 1 0
0 2 0 0 1 0
7 19 -23/29 0 0 1
7 19 -23/29 0 0 1
0 2 0 0 2 0
7 19 -23/29 0 0 1
0 2 0 0 3 0
0 2 0 0 3 0
0 2 5 0 4 0
7 19 -23/29 0 0 1
0 2 0 0 4 0
0 2 9 0 5 0
7 19 -23/29 0 0 1
0 2 1 2 4 0
0 2 5 0 6 0
7 19 -23/29 0 0 1
0 2 0 0 6 0
7 19 -23/29 0 0 1
7 19 -23/29 0 0 1
0 2 3 3 7 0
7 19 -23/29 0 0 1
0 2 19 2 8 0
0 2 19 2 8 0
7 19 -23/29 0 0 1
7 19 -23/29 0 0 1
0 2 27 4 9 0
7 19 -23/29 0 0 1
7 19 -23/29 0 0 1
0 2 205 2 10 0
7 19 -23/29 0 0 1
7 19 -23/29 0 0 1
0 2 99 4 11 0
7 19 -23/29 0 0 1
7 19 -23/29 0 0 1
0 2 211 3 12 0
1 19 -23/29 0 0 1
1 19 -23/29 0 0 1
1 19 -23/29 0 0 1
7 19 -23/29 0 0 1
0 2 3269 2 14 0
0 2 3269 2 14 0
7 19 -23/29 0 0 1
7 19 -23/29 0 0 1
0 2 1 2 4 0
7 19 -23/29 0 0 1
7 19 -23/29 0 0 1
0 2 13217 2 16 0
7 19 -23/29 0 0 1
0 2 0 0 2 0
0 2 0 0 2 0
0 2 182661 0 18 0
7 19 -23/29 0 0 1
0 2 1807 7 18 0
7 19 -23/29 0 0 1
7 19 -23/29 0 0 1
0 2 0 0 3 0
7 19 -23/29 0 0 1
0 2 127347 2 20 0
0 2 127347 2 20 0
7 19 -23/29 0 0 1
0 2 9 2 6 0
0 2 9 2 6 0
7 19 -23/29 0 0 1
0 2 482125 3 22 0
0 2 482125 3 22 0
7 19 -23/29 0 0 1
7 19 -23/29 0 0 1
0 2 25 4 9 0
7 19 -23/29 0 0 1
7 19 -23/29 0 0 1
0 2 2787343 2 24 0
0 2 253 0 10 0
7 19 -23/29 0 0 1
0 2 29 2 8 0
7 19 -23/29 0 0 1
0 2 1883417 5 26 0
0 2 1883417 5 26 0
7 19 -23/29 0 0 1
7 19 -23/29 0 0 1
0 2 691 2 13 0
0 2 0 0 -5 0
7 19 -23/29 0 0 1
0 2 0 0 -5 0
1 19 -23/29 0 0 1
1 19 -23/29 0 0 1
1 19 -23/29 0 0 1
7 19 -23/29 0 0 1
7 19 -23/29 0 0 1
0 2 0 0 -3 0
1 19 -23/29 0 0 1
1 19 -23/29 0 0 1
1 19 -23/29 0 0 1
7 19 -23/29 0 0 1
7 19 -23/29 0 0 1
0 2 0 0 -1 0
7 19 -23/29 0 0 1
7 19 -23/29 0 0 1
0 2 0 0 0 0
0 2 1 0 1 0
7 19 -23/29 0 0 1
0 2 0 0 1 0
7 19 -23/29 0 0 1
0 2 0 0 2 0
0 2 0 0 2 0
7 19 -23/29 0 0 1
0 2 1 2 3 0
0 2 1 2 3 0
7 19 -23/29 0 0 1
7 19 -23/29 0 0 1
0 2 1 3 4 0
7 19 -23/29 0 0 1
0 2 1 3 5 0
0 2 1 3 5 0
7 19 -23/29 0 0 1
0 2 1 3 6 0
0 2 1 3 6 0
0 2 17 0 7 0
7 19 -23/29 0 0 1
0 2 5 4 7 0
7 19 -23/29 0 0 1
7 19 -23/29 0 0 1
0 2 1 3 8 0
7 19 -23/29 0 0 1
7 19 -23/29 0 0 1
0 2 55 3 9 0
1 19 -23/29 0 0 1
1 19 -23/29 0 0 1
1 19 -23/29 0 0 1
7 19 -23/29 0 0 1
7 19 -23/29 0 0 1
0 3 0 0 -4 0
1 19 -23/29 0 0 1
1 19 -23/29 0 0 1
1 19 -23/29 0 0 1
0 3 0 0 -2 0
7 19 -23/29 0 0 1
0 3 0 0 -2 0
7 19 -23/29 0 0 1
0 3 0 0 -1 0
0 3 0 0 -1 0
7 19 -23/29 0 0 1
0 3 0 0 0 0
0 3 0 0 0 0
7 19 -23/29 0 0 1
7 19 -23/29 0 0 1
0 3 0 0 1 0
7 19 -23/29 0 0 1
7 19 -23/29 0 0 1
0 3 1 1 2 0
7 19 -23/29 0 0 1
0 3 4 1 3 0
0 3 4 1 3 0
0 3 22 0 4 0
7 19 -23/29 0 0 1
0 3 25 1 4 0
7 19 -23/29 0 0 1
0 3 34 1 5 0
0 3 34 1 5 0
7 19 -23/29 0 0 1
7 19 -23/29 0 0 1
0 3 28 1 6 0
0 3 2098 0 7 0
7 19 -23/29 0 0 1
0 3 5 5 7 0
7 19 -23/29 0 0 1
7 19 -23/29 0 0 1
0 3 391 1 8 0
7 19 -23/29 0 0 1
7 19 -23/29 0 0 1
0 3 3904 1 9 0
0 3 37993 0 10 0
7 19 -23/29 0 0 1
0 3 7061 1 10 0
7 19 -23/29 0 0 1
0 3 15985 1 11 0
0 3 15985 1 11 0
7 19 -23/29 0 0 1
0 3 169385 1 12 0
0 3 169385 1 12 0
1 19 -23/29 0 0 1
1 19 -23/29 0 0 1
1 19 -23/29 0 0 1
7 19 -23/29 0 0 1
0 3 1032626 1 14 0
0 3 1032626 1 14 0
1 19 -23/29 0 0 1
1 19 -23/29 0 0 1
1 19 -23/29 0 0 1
7 19 -23/29 0 0 1
7 19 -23/29 0 0 1
0 3 10734956 1 16 0
7 19 -23/29 0 0 1
7 19 -23/29 0 0 1
0 3 1 1 2 0
7 19 -23/29 0 0 1
7 19 -23/29 0 0 1
0 3 11763269 2 18 0
7 19 -23/29 0 0 1
0 3 8 1 4 0
0 3 8 1 4 0
7 19 -23/29 0 0 1
0 3 535806125 1 20 0
0 3 535806125 1 20 0
7 19 -23/29 0 0 1
0 3 17 2 6 0
0 3 17 2 6 0
0 3 29476042324 0 22 0
7 19 -23/29 0 0 1
0 3 326273402 1 22 0
7 19 -23/29 0 0 1
7 19 -23/29 0 0 1
0 3 970 1 9 0
7 19 -23/29 0 0 1
7 19 -23/29 0 0 1
0 3 12467071123 2 24 0
0 3 18559 0 10 0
7 19 -23/29 0 0 1
0 3 191 2 8 0
7 19 -23/29 0 0 1
0 3 2729045669 1 26 0
0 3 2729045669 1 26 0
7 19 -23/29 0 0 1
7 19 -23/29 0 0 1
0 3 460991 2 14 0
0 3 0 0 -5 0
7 19 -23/29 0 0 1
0 3 0 0 -5 0
1 19 -23/29 0 0 1
1 19 -23/29 0 0 1
1 19 -23/29 0 0 1
7 19 -23/29 0 0 1
7 19 -23/29 0 0 1
0 3 0 0 -3 0
1 19 -23/29 0 0 1
1 19 -23/29 0 0 1
1 19 -23/29 0 0 1
7 19 -23/29 0 0 1
0 3 0 0 -1 0
0 3 0 0 -1 0
0 3 0 0 0 0
7 19 -23/29 0 0 1
1 19 -23/29 0 0 1
0 3 1 0 1 0
7 19 -23/29 0 0 1
0 3 0 0 1 0
7 19 -23/29 0 0 1
0 3 1 1 2 0
0 3 1 1 2 0
7 19 -23/29 0 0 1
0 3 5 1 3 0
0 3 5 1 3 0
7 19 -23/29 0 0 1
7 19 -23/29 0 0 1
0 3 16 1 4 0
7 19 -23/29 0 0 1
0 3 35 1 5 0
0 3 35 1 5 0
7 19 -23/29 0 0 1
7 19 -23/29 0 0 1
0 3 131 1 6 0
0 3 1687 0 7 0
7 19 -23/29 0 0 1
0 3 7 5 7 0
7 19 -23/29 0 0 1
7 19 -23/29 0 0 1
0 3 1376 1 8 0
7 19 -23/29 0 0 1
7 19 -23/29 0 0 1
0 3 2138 2 9 0
1 19 -23/29 0 0 1
1 19 -23/29 0 0 1
1 19 -23/29 0 0 1
7 19 -23/29 0 0 1
0 5 0 0 -4 0
0 5 0 0 -4 0
1 19 -23/29 0 0 1
1 19 -23/29 0 0 1
1 19 -23/29 0 0 1
0 5 0 0 -2 0
7 19 -23/29 0 0 1
0 5 0 0 -2 0
7 19 -23/29 0 0 1
0 5 0 0 -1 0
0 5 0 0 -1 0
7 19 -23/29 0 0 1
7 19 -23/29 0 0 1
0 5 0 0 0 0
0 5 1 0 1 0
7 19 -23/29 0 0 1
0 5 0 0 1 0
7 19 -23/29 0 0 1
7 19 -23/29 0 0 1
0 5 4 1 2 0
7 19 -23/29 0 0 1
0 5 22 1 3 0
0 5 22 1 3 0
0 5 301 0 4 0
7 19 -23/29 0 0 1
0 5 103 1 4 0
7 19 -23/29 0 0 1
7 19 -23/29 0 0 1
0 5 393 1 5 0
0 5 11751 0 6 0
7 19 -23/29 0 0 1
0 5 1266 1 6 0
0 5 6606 0 7 0
7 19 -23/29 0 0 1
0 5 6201 1 7 0
7 19 -23/29 0 0 1
0 5 74222 1 8 0
0 5 74222 1 8 0
7 19 -23/29 0 0 1
7 19 -23/29 0 0 1
0 5 190748 1 9 0
0 5 4783766 0 10 0
7 19 -23/29 0 0 1
0 5 87451 2 10 0
7 19 -23/29 0 0 1
7 19 -23/29 0 0 1
0 5 101341 2 11 0
7 19 -23/29 0 0 1
7 19 -23/29 0 0 1
0 5 3832507 2 12 0
1 19 -23/29 0 0 1
1 19 -23/29 0 0 1
1 19 -23/29 0 0 1
7 19 -23/29 0 0 1
0 5 2276683 2 14 0
0 5 2276683 2 14 0
1 19 -23/29 0 0 1
1 19 -23/29 0 0 1
1 19 -23/29 0 0 1
7 19 -23/29 0 0 1
7 19 -23/29 0 0 1
0 5 2942462491 1 16 0
7 19 -23/29 0 0 1
0 5 4 1 2 0
0 5 4 1 2 0
7 19 -23/29 0 0 1
7 19 -23/29 0 0 1
0 5 549702808218 1 18 0
0 5 476 0 4 0
7 19 -23/29 0 0 1
0 5 1 1 2 0
7 19 -23/29 0 0 1
0 5 1891305243919 1 20 0
0 5 1891305243919 1 20 0
7 19 -23/29 0 0 1
0 5 391 1 6 0
0 5 391 1 6 0
0 5 2157691382147871 0 22 0
7 19 -23/29 0 0 1
0 5 188481421997723 1 22 0
7 19 -23/29 0 0 1
7 19 -23/29 0 0 1
0 5 89561 1 9 0
7 19 -23/29 0 0 1
7 19 -23/29 0 0 1
0 5 3562993337053069 1 24 0
0 5 3091346 0 10 0
7 19 -23/29 0 0 1
0 5 282209 1 9 0
7 19 -23/29 0 0 1
0 5 146427305605223503 1 26 0
0 5 146427305605223503 1 26 0
7 19 -23/29 0 0 1
7 19 -23/29 0 0 1
0 5 42575143 1 12 0
0 5 0 0 -5 0
7 19 -23/29 0 0 1
0 5 0 0 -5 0
1 19 -23/29 0 0 1
1 19 -23/29 0 0 1
1 19 -23/29 0 0 1
7 19 -23/29 0 0 1
7 19 -23/29 0 0 1
0 5 0 0 -3 0
1 19 -23/29 0 0 1
1 19 -23/29 0 0 1
1 19 -23/29 0 0 1
7 19 -23/29 0 0 1
0 5 0 0 -1 0
0 5 0 0 -1 0
7 19 -23/29 0 0 1
7 19 -23/29 0 0 1
0 5 0 0 0 0
0 5 1 0 1 0
7 19 -23/29 0 0 1
0 5 0 0 1 0
7 19 -23/29 0 0 1
0 5 2 1 2 0
0 5 2 1 2 0
7 19 -23/29 0 0 1
7 19 -23/29 0 0 1
0 5 24 1 3 0
7 19 -23/29 0 0 1
7 19 -23/29 0 0 1
0 5 72 1 4 0
7 19 -23/29 0 0 1
0 5 504 1 5 0
0 5 504 1 5 0
7 19 -23/29 0 0 1
7 19 -23/29 0 0 1
0 5 1466 1 6 0
0 5 62656 0 7 0
7 19 -23/29 0 0 1
0 5 9338 1 7 0
0 5 278961 0 8 0
7 19 -23/29 0 0 1
0 5 8262 2 8 0
0 5 631756 0 9 0
7 19 -23/29 0 0 1
0 5 117107 1 9 0
1 19 -23/29 0 0 1
1 19 -23/29 0 0 1
1 19 -23/29 0 0 1
7 19 -23/29 0 0 1
0 7 0 0 -4 0
0 7 0 0 -4 0
1 19 -23/29 0 0 1
1 19 -23/29 0 0 1
1 19 -23/29 0 0 1
0 7 0 0 -2 0
7 19 -23/29 0 0 1
0 7 0 0 -2 0
7 19 -23/29 0 0 1
0 7 0 0 -1 0
0 7 0 0 -1 0
7 19 -23/29 0 0 1
7 19 -23/29 0 0 1
0 7 0 0 0 0
0 7 1 0 1 0
7 19 -23/29 0 0 1
0 7 0 0 1 0
7 19 -23/29 0 0 1
7 19 -23/29 0 0 1
0 7 4 1 2 0
7 19 -23/29 0 0 1
0 7 8 1 3 0
0 7 8 1 3 0
0 7 701 0 4 0
7 19 -23/29 0 0 1
0 7 158 1 4 0
7 19 -23/29 0 0 1
0 7 2182 1 5 0
0 7 2182 1 5 0
0 7 84484 0 6 0
7 19 -23/29 0 0 1
0 7 432 1 6 0
0 7 2353 0 7 0
7 19 -23/29 0 0 1
0 7 15410 2 7 0
7 19 -23/29 0 0 1
0 7 107900 2 8 0
0 7 107900 2 8 0
7 19 -23/29 0 0 1
7 19 -23/29 0 0 1
0 7 654804 1 9 0
0 7 2885695 0 10 0
7 19 -23/29 0 0 1
0 7 36390363 1 10 0
7 19 -23/29 0 0 1
7 19 -23/29 0 0 1
0 7 119545295 1 11 0
7 19 -23/29 0 0 1
7 19 -23/29 0 0 1
0 7 537354747 1 12 0
1 19 -23/29 0 0 1
1 19 -23/29 0 0 1
1 19 -23/29 0 0 1
7 19 -23/29 0 0 1
7 19 -23/29 0 0 1
0 7 3552612675 1 14 0
7 19 -23/29 0 0 1
7 19 -23/29 0 0 1
0 7 6 1 2 0
7 19 -23/29 0 0 1
7 19 -23/29 0 0 1
0 7 2097847807638 1 16 0
7 19 -23/29 0 0 1
0 7 5 1 2 0
0 7 5 1 2 0
7 19 -23/29 0 0 1
0 7 171263585105348 1 18 0
0 7 171263585105348 1 18 0
0 7 1338 0 4 0
7 19 -23/29 0 0 1
0 7 2 2 3 0
7 19 -23/29 0 0 1
0 7 2244933826824049 1 20 0
0 7 2244933826824049 1 20 0
7 19 -23/29 0 0 1
7 19 -23/29 0 0 1
0 7 15432 1 6 0
0 7 2848023406841585659 0 22 0
7 19 -23/29 0 0 1
0 7 334795471900407842 1 22 0
7 19 -23/29 0 0 1
7 19 -23/29 0 0 1
0 7 607321 1 9 0
7 19 -23/29 0 0 1
7 19 -23/29 0 0 1
0 7 6754418256403624209 1 24 0
0 7 274721098 0 10 0
7 19 -23/29 0 0 1
0 7 430069 1 8 0
7 19 -23/29 0 0 1
7 19 -23/29 0 0 1
0 7 432840185422191957007 1 26 0
7 19 -23/29 0 0 1
7 19 -23/29 0 0 1
0 7 421733335 2 13 0
0 7 0 0 -5 0
7 19 -23/29 0 0 1
0 7 0 0 -5 0
1 19 -23/29 0 0 1
1 19 -23/29 0 0 1
1 19 -23/29 0 0 1
7 19 -23/29 0 0 1
7 19 -23/29 0 0 1
0 7 0 0 -3 0
1 19 -23/29 0 0 1
1 19 -23/29 0 0 1
1 19 -23/29 0 0 1
7 19 -23/29 0 0 1
0 7 0 0 -1 0
0 7 0 0 -1 0
0 7 0 0 0 0
7 19 -23/29 0 0 1
1 19 -23/29 0 0 1
0 7 1 0 1 0
7 19 -23/29 0 0 1
0 7 0 0 1 0
7 19 -23/29 0 0 1
0 7 4 1 2 0
0 7 4 1 2 0
7 19 -23/29 0 0 1
7 19 -23/29 0 0 1
0 7 26 1 3 0
7 19 -23/29 0 0 1
7 19 -23/29 0 0 1
0 7 17 2 4 0
7 19 -23/29 0 0 1
0 7 2040 1 5 0
0 7 2040 1 5 0
7 19 -23/29 0 0 1
0 7 3665 1 6 0
0 7 3665 1 6 0
0 7 342035 0 7 0
7 19 -23/29 0 0 1
0 7 25264 1 7 0
7 19 -23/29 0 0 1
0 7 19746 1 8 0
0 7 19746 1 8 0
7 19 -23/29 0 0 1
0 7 2668420 1 9 0
0 7 2668420 1 9 0
1 19 -23/29 0 0 1
1 19 -23/29 0 0 1
1 19 -23/29 0 0 1
7 19 -23/29 0 0 1
0 13 0 0 -4 0
0 13 0 0 -4 0
1 19 -23/29 0 0 1
1 19 -23/29 0 0 1
1 19 -23/29 0 0 1
0 13 0 0 -2 0
7 19 -23/29 0 0 1
0 13 0 0 -2 0
7 19 -23/29 0 0 1
0 13 0 0 -1 0
0 13 0 0 -1 0
7 19 -23/29 0 0 1
7 19 -23/29 0 0 1
0 13 0 0 0 0
0 13 1 0 1 0
7 19 -23/29 0 0 1
0 13 0 0 1 0
7 19 -23/29 0 0 1
7 19 -23/29 0 0 1
0 13 12 1 2 0
7 19 -23/29 0 0 1
7 19 -23/29 0 0 1
0 13 168 1 3 0
0 13 21672 0 4 0
7 19 -23/29 0 0 1
0 13 1591 1 4 0
7 19 -23/29 0 0 1
0 13 1034 1 5 0
0 13 1034 1 5 0
7 19 -23/29 0 0 1
7 19 -23/29 0 0 1
0 13 348019 1 6 0
7 19 -23/29 0 0 1
7 19 -23/29 0 0 1
0 13 2453717 1 7 0
7 19 -23/29 0 0 1
0 13 20010513 1 8 0
0 13 20010513 1 8 0
7 19 -23/29 0 0 1
7 19 -23/29 0 0 1
0 13 111194504 1 9 0
0 13 4011860685 0 10 0
7 19 -23/29 0 0 1
0 13 4704327893 1 10 0
7 19 -23/29 0 0 1
0 13 99646886535 1 11 0
0 13 99646886535 1 11 0
7 19 -23/29 0 0 1
7 19 -23/29 0 0 1
0 13 735429727509 1 12 0
1 19 -23/29 0 0 1
1 19 -23/29 0 0 1
1 19 -23/29 0 0 1
7 19 -23/29 0 0 1
0 13 255114184473132 1 14 0
0 13 255114184473132 1 14 0
1 19 -23/29 0 0 1
1 19 -23/29 0 0 1
1 19 -23/29 0 0 1
7 19 -23/29 0 0 1
7 19 -23/29 0 0 1
0 13 5359973673663946 1 16 0
7 19 -23/29 0 0 1
0 13 6 1 2 0
0 13 6 1 2 0
7 19 -23/29 0 0 1
7 19 -23/29 0 0 1
0 13 8569632955705161687 1 18 0
0 13 27964 0 4 0
7 19 -23/29 0 0 1
0 13 20 1 3 0
7 19 -23/29 0 0 1
0 13 56428504782847096420 2 20 0
0 13 56428504782847096420 2 20 0
7 19 -23/29 0 0 1
7 19 -23/29 0 0 1
0 13 336536 1 6 0
7 19 -23/29 0 0 1
7 19 -23/29 0 0 1
0 13 31150416452525537986744 1 22 0
7 19 -23/29 0 0 1
7 19 -23/29 0 0 1
0 13 426296238 1 9 0
7 19 -23/29 0 0 1
0 13 2178929634122064127646175 2 24 0
0 13 2178929634122064127646175 2 24 0
7 19 -23/29 0 0 1
7 19 -23/29 0 0 1
0 13 9353291864 1 10 0
7 19 -23/29 0 0 1
0 13 6589410721663726572469879449 1 26 0
0 13 6589410721663726572469879449 1 26 0
7 19 -23/29 0 0 1
7 19 -23/29 0 0 1
0 13 71379953800 2 12 0
0 13 0 0 -5 0
7 19 -23/29 0 0 1
0 13 0 0 -5 0
1 19 -23/29 0 0 1
1 19 -23/29 0 0 1
1 19 -23/29 0 0 1
7 19 -23/29 0 0 1
7 19 -23/29 0 0 1
0 13 0 0 -3 0
1 19 -23/29 0 0 1
1 19 -23/29 0 0 1
1 19 -23/29 0 0 1
7 19 -23/29 0 0 1
0 13 0 0 -1 0
0 13 0 0 -1 0
7 19 -23/29 0 0 1
7 19 -23/29 0 0 1
0 13 0 0 0 0
0 13 1 0 1 0
7 19 -23/29 0 0 1
0 13 0 0 1 0
7 19 -23/29 0 0 1
0 13 3 1 2 0
0 13 3 1 2 0
0 13 534 0 3 0
7 19 -23/29 0 0 1
0 13 121 1 3 0
7 19 -23/29 0 0 1
7 19 -23/29 0 0 1
0 13 1305 1 4 0
7 19 -23/29 0 0 1
0 13 15318 1 5 0
0 13 15318 1 5 0
7 19 -23/29 0 0 1
7 19 -23/29 0 0 1
0 13 112595 1 6 0
0 13 27406874 0 7 0
7 19 -23/29 0 0 1
0 13 7029 2 7 0
7 19 -23/29 0 0 1
0 13 1950249 1 8 0
0 13 1950249 1 8 0
7 19 -23/29 0 0 1
7 19 -23/29 0 0 1
0 13 411145179 1 9 0
1 19 -23/29 0 0 1
1 19 -23/29 0 0 1
1 19 -23/29 0 0 1
7 19 -23/29 0 0 1
0 65537 0 0 -4 0
0 65537 0 0 -4 0
1 19 -23/29 0 0 1
1 19 -23/29 0 0 1
1 19 -23/29 0 0 1
0 65537 0 0 -2 0
7 19 -23/29 0 0 1
0 65537 0 0 -2 0
7 19 -23/29 0 0 1
0 65537 0 0 -1 0
0 65537 0 0 -1 0
7 19 -23/29 0 0 1
7 19 -23/29 0 0 1
0 65537 0 0 0 0
0 65537 1 0 1 0
7 19 -23/29 0 0 1
0 65537 0 0 1 0
7 19 -23/29 0 0 1
7 19 -23/29 0 0 1
0 65537 61368 1 2 0
7 19 -23/29 0 0 1
7 19 -23/29 0 0 1
0 65537 269611082 1 3 0
0 65537 15994505809747743645 0 4 0
7 19 -23/29 0 0 1
0 65537 52056121212004 1 4 0
7 19 -23/29 0 0 1
0 65537 7617815054644285693 1 5 0
0 65537 7617815054644285693 1 5 0
7 19 -23/29 0 0 1
7 19 -23/29 0 0 1
0 65537 216907797541004856341696 1 6 0
0 65537 1156053761138046146783401677547420 0 7 0
7 19 -23/29 0 0 1
0 65537 49430716922526034660440452938 1 7 0
7 19 -23/29 0 0 1
0 65537 3449866507085072130475873204334059 1 8 0
0 65537 3449866507085072130475873204334059 1 8 0
7 19 -23/29 0 0 1
7 19 -23/29 0 0 1
0 65537 281219654289225098423061323633107707288 1 9 0
0 65537 868882001288923710294244141722073807246820735524 0 10 0
7 19 -23/29 0 0 1
0 65537 1277335304923410114659043190077099050066766 1 10 0
7 19 -23/29 0 0 1
0 65537 302109871174226890390132369122387939719575698159 1 11 0
0 65537 302109871174226890390132369122387939719575698159 1 11 0
7 19 -23/29 0 0 1
7 19 -23/29 0 0 1
0 65537 36990927761157896317862997825659662468577541034228798 1 12 0
1 19 -23/29 0 0 1
1 19 -23/29 0 0 1
1 19 -23/29 0 0 1
7 19 -23/29 0 0 1
0 65537 356036606029039971587234504948593148988517376478584649953127865 1 14 0
0 65537 356036606029039971587234504948593148988517376478584649953127865 1 14 0
1 19 -23/29 0 0 1
1 19 -23/29 0 0 1
1 19 -23/29 0 0 1
7 19 -23/29 0 0 1
7 19 -23/29 0 0 1
0 65537 793749454136558398581615078700879848062672537773346304504656325883827009 1 16 0
7 19 -23/29 0 0 1
0 65537 1490 1 2 0
0 65537 1490 1 2 0
7 19 -23/29 0 0 1
7 19 -23/29 0 0 1
0 65537 1689140991665369933341701475138666360643308393919125535063750075943925626904155538 1 18 0
0 65537 2862669327523316116 0 4 0
7 19 -23/29 0 0 1
0 65537 2167403665 1 3 0
7 19 -23/29 0 0 1
0 65537 11970210983871438597813022658297600323810572576956646954438954871082420468904012399666872979 1 20 0
0 65537 11970210983871438597813022658297600323810572576956646954438954871082420468904012399666872979 1 20 0
7 19 -23/29 0 0 1
7 19 -23/29 0 0 1
0 65537 599394362645615657205345 1 6 0
0 65537 739610149972198819996048397036355692505163539117246799334548320947220937426715904756484215853222030977928 0 22 0
7 19 -23/29 0 0 1
0 65537 5935785074537943947760212130412158751762288483739841218024905250199304860654669027951663783428047180 1 22 0
7 19 -23/29 0 0 1
7 19 -23/29 0 0 1
0 65537 137664638569180738924103198400737316222 1 9 0
7 19 -23/29 0 0 1
7 19 -23/29 0 0 1
0 65537 583059727654754689698839017407724371449804593318324626321061899892533147609593765250870882959607914529397966824 1 24 0
0 65537 40791599941694190652280008639936385086471681201 0 10 0
7 19 -23/29 0 0 1
0 65537 90011173202136947243425858593699995507 1 9 0
7 19 -23/29 0 0 1
0 65537 1343951466487648265530020816919571018486693445537686640238331625650176670654493623842326268934071236142253709724952994422 1 26 0
0 65537 1343951466487648265530020816919571018486693445537686640238331625650176670654493623842326268934071236142253709724952994422 1 26 0
7 19 -23/29 0 0 1
7 19 -23/29 0 0 1
0 65537 83531073099155015841962322981576043823770113072622934 1 12 0
0 65537 0 0 -5 0
7 19 -23/29 0 0 1
0 65537 0 0 -5 0
1 19 -23/29 0 0 1
1 19 -23/29 0 0 1
1 19 -23/29 0 0 1
7 19 -23/29 0 0 1
7 19 -23/29 0 0 1
0 65537 0 0 -3 0
1 19 -23/29 0 0 1
1 19 -23/29 0 0 1
1 19 -23/29 0 0 1
7 19 -23/29 0 0 1
0 65537 0 0 -1 0
0 65537 0 0 -1 0
7 19 -23/29 0 0 1
7 19 -23/29 0 0 1
0 65537 0 0 0 0
0 65537 1 0 1 0
7 19 -23/29 0 0 1
0 65537 0 0 1 0
7 19 -23/29 0 0 1
0 65537 189 1 2 0
0 65537 189 1 2 0
7 19 -23/29 0 0 1
7 19 -23/29 0 0 1
0 65537 762927694 1 3 0
7 19 -23/29 0 0 1
7 19 -23/29 0 0 1
0 65537 104181645304525 1 4 0
7 19 -23/29 0 0 1
0 65537 6150920415928357545 1 5 0
0 65537 6150920415928357545 1 5 0
7 19 -23/29 0 0 1
7 19 -23/29 0 0 1
0 65537 706182651024828777479443 1 6 0
0 65537 311029386342635261904971434322371 0 7 0
7 19 -23/29 0 0 1
0 65537 31462171763479433170343540565 1 7 0
7 19 -23/29 0 0 1
0 65537 4478880234841578982290460846154514 1 8 0
0 65537 4478880234841578982290460846154514 1 8 0
7 19 -23/29 0 0 1
7 19 -23/29 0 0 1
0 65537 318305390581104732868535143343364671101 1 9 0
1 19 -23/29 0 0 1
1 19 -23/29 0 0 1
1 19 -23/29 0 0 1
7 19 -23/29 0 0 1
0 18446744073709551557 0 0 -4 0
0 18446744073709551557 0 0 -4 0
1 19 -23/29 0 0 1
1 19 -23/29 0 0 1
1 19 -23/29 0 0 1
0 18446744073709551557 0 0 -2 0
7 19 -23/29 0 0 1
0 18446744073709551557 0 0 -2 0
7 19 -23/29 0 0 1
0 18446744073709551557 0 0 -1 0
0 18446744073709551557 0 0 -1 0
7 19 -23/29 0 0 1
7 19 -23/29 0 0 1
0 18446744073709551557 0 0 0 0
0 18446744073709551557 1 0 1 0
7 19 -23/29 0 0 1
0 18446744073709551557 0 0 1 0
7 19 -23/29 0 0 1
7 19 -23/29 0 0 1
0 18446744073709551557 4630356812024259905 1 2 0
7 19 -23/29 0 0 1
7 19 -23/29 0 0 1
0 18446744073709551557 53794973648478647592229549901619861926 1 3 0
0 18446744073709551557 51960989450209671287476925066706234806411395716867651491621782741315437832872 0 4 0
7 19 -23/29 0 0 1
0 18446744073709551557 1626035031402388035034390727810615492163027498019817477333 1 4 0
7 19 -23/29 0 0 1
0 18446744073709551557 42149876382689901948126130422925479531891913062507288048616064870779585424614 1 5 0
0 18446744073709551557 42149876382689901948126130422925479531891913062507288048616064870779585424614 1 5 0
7 19 -23/29 0 0 1
7 19 -23/29 0 0 1
0 18446744073709551557 417121755022027625616597033761646973628497502328446014195262955453146364689870787136907742614414 1 6 0
0 18446744073709551557 385658046803245820935709970357241487802707160912984580999822710387100997333131996095310089010963323356847834568002596974032128152075054 0 7 0
7 19 -23/29 0 0 1
0 18446744073709551557 25894197016124548441274674346751748036941047461888315388112936167805988146756337039131936634256338804389365348799807 1 7 0
7 19 -23/29 0 0 1
0 18446744073709551557 368325150850662836337261258128314330126662733352590467845478642258256987323423313909722079873904689349866963933279706729539555398605389 1 8 0
0 18446744073709551557 368325150850662836337261258128314330126662733352590467845478642258256987323423313909722079873904689349866963933279706729539555398605389 1 8 0
7 19 -23/29 0 0 1
7 19 -23/29 0 0 1
0 18446744073709551557 1549080561132224226097432153566546041374736555244776373981633960177752341946954903695080296558183571410219711252451333320070302045020860865879625017447195 1 9 0
0 18446744073709551557 4049530173161685240497215849670040141224020163902031106249696060486024599032990702429033755084370958287148079994566106689276182610804308474074861653283063471291587704733757891649268327689115735 0 10 0
7 19 -23/29 0 0 1
0 18446744073709551557 218670851771119439942004961928470543068260121444432080566184363001049090555006059828489313190362238945536910759188328418232436226313264492750092569979977600649169268388124857 1 10 0
7 19 -23/29 0 0 1
0 18446744073709551557 3703224446992578209778921767253887093917091547399686993388123900693756504455172263793313597363892268264890231565845285884714516373251365602935438189473206616637270271290231131855682258637282061 1 11 0
0 18446744073709551557 3703224446992578209778921767253887093917091547399686993388123900693756504455172263793313597363892268264890231565845285884714516373251365602935438189473206616637270271290231131855682258637282061 1 11 0
7 19 -23/29 0 0 1
7 19 -23/29 0 0 1
0 18446744073709551557 29155627649304529045125493291715666674258538401603737195268803292124163491128629109084016026565267763865841308617914155167052233008261343515234012035469844443752470992835016642342716317037892895785845205924437830 1 12 0
1 19 -23/29 0 0 1
1 19 -23/29 0 0 1
1 19 -23/29 0 0 1
7 19 -23/29 0 0 1
0 18446744073709551557 2567914368201802236364725728745511045532698108454451714852812473640875966586486978762501602920861975992576973329665983163187170463293728394353978055070259258538326302947137995921528909523830126609201178398029757482298131018365297030342829605275055286 1 14 0
0 18446744073709551557 2567914368201802236364725728745511045532698108454451714852812473640875966586486978762501602920861975992576973329665983163187170463293728394353978055070259258538326302947137995921528909523830126609201178398029757482298131018365297030342829605275055286 1 14 0
1 19 -23/29 0 0 1
1 19 -23/29 0 0 1
1 19 -23/29 0 0 1
7 19 -23/29 0 0 1
7 19 -23/29 0 0 1
0 18446744073709551557 1676672392209505469507728184394634816778193783458459006272094710575285169302886242723402501195788865490941649213737116737141174105716314458767481329554457496058725886748115407761077731112950367497928092522627178042141668407033465644624188779700241399721501091797722056486062892082072351902 1 16 0
7 19 -23/29 0 0 1
0 18446744073709551557 3259096543748964067 1 2 0
0 18446744073709551557 3259096543748964067 1 2 0
7 19 -23/29 0 0 1
7 19 -23/29 0 0 1
0 18446744073709551557 2518882357635778399793954638482884649846399946877752054419875438509173166475231388140349140932085495757749038523610998798559270781898353963321960061489739993462007543966816324418453964482221830100005442407588070363278666143224782695007824924306171271921262127531941025208414242044984143305410691830114149083113467253000095597492 1 18 0
0 18446744073709551557 41084755090159797405870535246747413087739142896375162672284931346953480823696 0 4 0
7 19 -23/29 0 0 1
0 18446744073709551557 228899012635495682045628355016597508483 1 3 0
7 19 -23/29 0 0 1
0 18446744073709551557 763468915155106202551918103728063782954648255343638958327449065196439426530238281440401105649323646456626729756635883271178751390050294836759974604362451380855704456862700934518272444642602571054896592177034833246399728524188802393532810956176877524046502435795914133088633645772356642136736864626970307283206076605248803875475536344705308197293284296255671373018632 1 20 0
0 18446744073709551557 763468915155106202551918103728063782954648255343638958327449065196439426530238281440401105649323646456626729756635883271178751390050294836759974604362451380855704456862700934518272444642602571054896592177034833246399728524188802393532810956176877524046502435795914133088633645772356642136736864626970307283206076605248803875475536344705308197293284296255671373018632 1 20 0
7 19 -23/29 0 0 1
7 19 -23/29 0 0 1
0 18446744073709551557 69318417796089834786451986889959253819682445254042971163122757411675595236210049496654796000095 1 6 0
0 18446744073709551557 189410092573334307576320122324861835831731603204438929007040471257485134341566621739674406572490691042272430331981247440409569402101821617204744864352847172944867470736150690067512882675056903205875065735542537664883183277006230746860246668396999147696934367192489839993560270948319564985977035691532176815638569337350041216786348252011343935303315051616185989960497160895110345809493709832740043494206428605628122557777669 0 22 0
7 19 -23/29 0 0 1
0 18446744073709551557 1727419577542340686642678649550237138238720638630822658706380791700669641521204681136071986512577043937532071559844735488390777742750831251213855669513928668913821264082708444415015270748038208085160127019177289472725039410840043761239276057138247986919989608633273253946360573602046075911944690654743624757736386403059971084340964946642917476234574770075781823509172977133803120157109803943404390903671 1 22 0
7 19 -23/29 0 0 1
7 19 -23/29 0 0 1
0 18446744073709551557 4300648783389484087347045850706760894738996577312510405778076263138896292950790869970415672688316489317804228693617733353307034254780266700392156854110953 1 9 0
7 19 -23/29 0 0 1
7 19 -23/29 0 0 1
0 18446744073709551557 34438752506257388592749420469582166781165919348489215101122184071221435941645256050001062240545175342161913240663623287389646319509227183961702628981856626508104043060311581548084245720609339508428176837067710696312336596300326744194781577933913866765533609387140069750894844943236826896313786153179058621822986713696311777854485998757780318873838625524784114961823698627005344582285479251713855014763040480842513138308901341885933511876404168 1 24 0
0 18446744073709551557 2158496094716452300498733651848498837163126975227888064708873025604712169645942217898679111137929519563092746729840665563709115465444799513308402872111440042470118210631077990815254451996340836 0 10 0
7 19 -23/29 0 0 1
0 18446744073709551557 4659758347108318097043084515385660347046845351498028121766357845722928183490517863048430364129742878658979440339216976727229498784391910687171493485121822 1 9 0
7 19 -23/29 0 0 1
0 18446744073709551557 32205386836495498016981396245465902360961772342122297422675738672990499258294136197179394501396647625083407330565919613163398603969796755819925895924766457700189505118132813441595726738738469682662361428040865344345597949795919457907516640814323638827184629157180157339484119212250110852446892991322681086417930151563062612588969341816736229743545355396887449105611249867412868212964296079159752374268895299692364207774394926977308086444294341343996954531800682379483717319566097174 1 26 0
0 18446744073709551557 32205386836495498016981396245465902360961772342122297422675738672990499258294136197179394501396647625083407330565919613163398603969796755819925895924766457700189505118132813441595726738738469682662361428040865344345597949795919457907516640814323638827184629157180157339484119212250110852446892991322681086417930151563062612588969341816736229743545355396887449105611249867412868212964296079159752374268895299692364207774394926977308086444294341343996954531800682379483717319566097174 1 26 0
7 19 -23/29 0 0 1
7 19 -23/29 0 0 1
0 18446744073709551557 67293390125664168970748070492979447099298561303319192455108346210871591739491339983201930802986834605563431458250828354232482852059528306086696943050204701532127975699011363500016406631956275440952877757563338561 1 12 0
0 18446744073709551557 0 0 -5 0
7 19 -23/29 0 0 1
0 18446744073709551557 0 0 -5 0
1 19 -23/29 0 0 1
1 19 -23/29 0 0 1
1 19 -23/29 0 0 1
7 19 -23/29 0 0 1
7 19 -23/29 0 0 1
0 18446744073709551557 0 0 -3 0
1 19 -23/29 0 0 1
1 19 -23/29 0 0 1
1 19 -23/29 0 0 1
7 19 -23/29 0 0 1
0 18446744073709551557 0 0 -1 0
0 18446744073709551557 0 0 -1 0
7 19 -23/29 0 0 1
7 19 -23/29 0 0 1
0 18446744073709551557 0 0 0 0
0 18446744073709551557 1 0 1 0
7 19 -23/29 0 0 1
0 18446744073709551557 0 0 1 0
7 19 -23/29 0 0 1
0 18446744073709551557 18277895157703056806 1 2 0
0 18446744073709551557 18277895157703056806 1 2 0
7 19 -23/29 0 0 1
7 19 -23/29 0 0 1
0 18446744073709551557 240007517123504420593966711997687483657 1 3 0
7 19 -23/29 0 0 1
7 19 -23/29 0 0 1
0 18446744073709551557 431002391740792888758856509960189634319261102039979566089 1 4 0
7 19 -23/29 0 0 1
0 18446744073709551557 50497654697935714231988636318800580736166367561857199571189947148192135765336 1 5 0
0 18446744073709551557 50497654697935714231988636318800580736166367561857199571189947148192135765336 1 5 0
7 19 -23/29 0 0 1
7 19 -23/29 0 0 1
0 18446744073709551557 873778770937889855568891358869227660511203542742032642929838406649608156080783292737296191458652 1 6 0
0 18446744073709551557 151198637441804741074209771872305044650596147078998156290602113361080471768312083291524734205180571512184762264075707735332581434998756 0 7 0
7 19 -23/29 0 0 1
0 18446744073709551557 404012613737604376319473195421667321839958692429119287435579476265914253020645433167917986069041527447654021699666 1 7 0
7 19 -23/29 0 0 1
0 18446744073709551557 183577249751893294320941057588881313146427315968393378030849130794443310131691903140770554957981423144745083272668928889480888225089333 1 8 0
0 18446744073709551557 183577249751893294320941057588881313146427315968393378030849130794443310131691903140770554957981423144745083272668928889480888225089333 1 8 0
7 19 -23/29 0 0 1
7 19 -23/29 0 0 1
0 18446744073709551557 9306488061178702612624916239610684493969748938351005361201741948356965682780114604743188704036039333230352376072034760654081263527156791241373053664846535 1 9 0
