mutate: src/ffun.c: 537 mutants
mutate: 537 mutants, 6 of them run (--limit 6, --seed 20261008)
mutate: every mutant is built and run with SAN=1
mutate: the baseline passes (35.4 s)

SURVIVED src/ffun.c:298:22 drop_call: 'ADF_INV_FFUN(y);' -> '' (the statement is removed)
  the tests pass with the mutant
  --- a/src/ffun.c
  +++ b/src/ffun.c
  @@ -296,5 +296,5 @@
       int enumerate=!fmpz_is_zero(a->u.N);
       if (st==ADF_OK && enumerate && L>ADF_FFUN_ITEMS_MAX-D*M) return ADF_LIMIT;
  -    ADF_INV_FFUN(x); ADF_INV_FFUN(y); ADF_FFUN_INV_IDELE(a);
  +    ADF_INV_FFUN(x);  ADF_FFUN_INV_IDELE(a);
       if (st!=ADF_OK) return st;
       if (!enumerate) unit=fmpz_fdiv_ui(a->u.c,L);


SURVIVED src/ffun.c:25:44 op: '/' -> '*'
  the tests pass with the mutant
  --- a/src/ffun.c
  +++ b/src/ffun.c
  @@ -23,5 +23,5 @@
       if (D==0 || M==0) return ADF_DOMAIN;
       if (D>ADF_FFUN_ITEMS_MAX/M) return ADF_LIMIT;
  -    if (D*M>(ulong)WORD_MAX || D*M>SIZE_MAX/sizeof(acb_struct)) return ADF_LIMIT;
  +    if (D*M>(ulong)WORD_MAX || D*M>SIZE_MAX*sizeof(acb_struct)) return ADF_LIMIT;
       return ADF_OK;
   }


mutate: 6 mutants in 155.6 s: 4 killed, 2 survived, 0 not compiled, 0 timed out, 0 excused
mutate: FAILED: 2 mutant(s) survived; each one is a claim the tests do not check
