B sign under translation                         caught (exit 1)
C without -pi A q^2                              caught (exit 1)
C with +B q                                      caught (exit 1)
dilation of A by h, not h^2                      caught (exit 1)
dilation loses the sign of h in B                caught (exit 1)
product adds only A                              caught (exit 1)
product multiplies A                             caught (exit 1)
product order j before i                         caught (exit 1)
sum order y before x                             caught (exit 1)
reflection forgets B                             caught (exit 1)
conjugation forgets A                            caught (exit 1)
Re(A) > 0 not re-checked after rounding          caught (exit 1)
y written before the last check (product)        caught (exit 1)
evaluation with +pi A x^2                        caught (exit 1)
evaluation at the midpoint of x only             caught (exit 1)
translation shift with +q                        caught (exit 1)
dilation by 0 accepted                           caught (exit 1)
idele dilation by two signed copies (h h)        caught (exit 1)
an inexact trailing coefficient removed (reader) caught (exit 1)
reader: Re(A) <= 0 not DOMAIN                    caught (exit 134)
printer: Re(A) unconstrained                     caught (exit 1)
LIMIT cap of terms off by one                    caught (exit 1)
faults: 22, caught: 22
exit 0
