cc -Iinclude -Itests -std=c11 -O2 -g -Wall -Wextra -Wpedantic -Werror -MMD -MP  tests/test_rfun.c lanes/f4-slice2/build/support/golden.o lanes/f4-slice2/build/support/jsonl.o lanes/f4-slice2/build/libadelefeld.a -lflint -lgmp -lm -o lanes/f4-slice2/build/test_rfun
/usr/bin/ld: /tmp/cc3wAqYp.o: in function `fun_simple':
/home/tobias/Projects/adelefeld-wt/f4-slice2/tests/test_rfun.c:138:(.text+0x383): undefined reference to `adf_rfun_set_terms'
/usr/bin/ld: /tmp/cc3wAqYp.o: in function `read_r':
/home/tobias/Projects/adelefeld-wt/f4-slice2/tests/test_rfun.c:197:(.text+0x47e): undefined reference to `adf_rfun_init'
/usr/bin/ld: /home/tobias/Projects/adelefeld-wt/f4-slice2/tests/test_rfun.c:197:(.text+0x489): undefined reference to `adf_rfun_set'
/usr/bin/ld: /home/tobias/Projects/adelefeld-wt/f4-slice2/tests/test_rfun.c:198:(.text+0x49d): undefined reference to `adf_rfun_set_str'
/usr/bin/ld: /home/tobias/Projects/adelefeld-wt/f4-slice2/tests/test_rfun.c:199:(.text+0x522): undefined reference to `adf_rfun_identical'
/usr/bin/ld: /home/tobias/Projects/adelefeld-wt/f4-slice2/tests/test_rfun.c:201:(.text+0x52e): undefined reference to `adf_rfun_clear'
/usr/bin/ld: /home/tobias/Projects/adelefeld-wt/f4-slice2/tests/test_rfun.c:200:(.text+0x564): undefined reference to `adf_rfun_is_canonical'
/usr/bin/ld: /tmp/cc3wAqYp.o: in function `shifted_gaussian':
/home/tobias/Projects/adelefeld-wt/f4-slice2/tests/test_rfun.c:524:(.text+0x877): undefined reference to `adf_rfun_init'
/usr/bin/ld: /home/tobias/Projects/adelefeld-wt/f4-slice2/tests/test_rfun.c:524:(.text+0x87f): undefined reference to `adf_rfun_init'
/usr/bin/ld: /home/tobias/Projects/adelefeld-wt/f4-slice2/tests/test_rfun.c:524:(.text+0x890): undefined reference to `adf_rfun_init'
/usr/bin/ld: /home/tobias/Projects/adelefeld-wt/f4-slice2/tests/test_rfun.c:527:(.text+0x96b): undefined reference to `adf_rfun_translate_rat'
/usr/bin/ld: /home/tobias/Projects/adelefeld-wt/f4-slice2/tests/test_rfun.c:535:(.text+0xacb): undefined reference to `adf_rfun_eval'
/usr/bin/ld: /home/tobias/Projects/adelefeld-wt/f4-slice2/tests/test_rfun.c:537:(.text+0xb25): undefined reference to `adf_rfun_set'
/usr/bin/ld: /home/tobias/Projects/adelefeld-wt/f4-slice2/tests/test_rfun.c:538:(.text+0xb6b): undefined reference to `adf_rfun_eval'
/usr/bin/ld: /home/tobias/Projects/adelefeld-wt/f4-slice2/tests/test_rfun.c:540:(.text+0xbaf): undefined reference to `adf_rfun_eval'
/usr/bin/ld: /home/tobias/Projects/adelefeld-wt/f4-slice2/tests/test_rfun.c:541:(.text+0xbe7): undefined reference to `adf_rfun_eval'
/usr/bin/ld: /home/tobias/Projects/adelefeld-wt/f4-slice2/tests/test_rfun.c:548:(.text+0xcb6): undefined reference to `adf_rfun_translate_rat'
/usr/bin/ld: /home/tobias/Projects/adelefeld-wt/f4-slice2/tests/test_rfun.c:551:(.text+0xd0b): undefined reference to `adf_rfun_init'
/usr/bin/ld: /home/tobias/Projects/adelefeld-wt/f4-slice2/tests/test_rfun.c:553:(.text+0xd63): undefined reference to `adf_rfun_dilate_rat'
/usr/bin/ld: /home/tobias/Projects/adelefeld-wt/f4-slice2/tests/test_rfun.c:556:(.text+0xdc8): undefined reference to `adf_rfun_mul'
/usr/bin/ld: /home/tobias/Projects/adelefeld-wt/f4-slice2/tests/test_rfun.c:558:(.text+0xe3d): undefined reference to `adf_rfun_clear'
/usr/bin/ld: /home/tobias/Projects/adelefeld-wt/f4-slice2/tests/test_rfun.c:559:(.text+0xe45): undefined reference to `adf_rfun_clear'
/usr/bin/ld: /home/tobias/Projects/adelefeld-wt/f4-slice2/tests/test_rfun.c:559:(.text+0xe4d): undefined reference to `adf_rfun_clear'
/usr/bin/ld: /home/tobias/Projects/adelefeld-wt/f4-slice2/tests/test_rfun.c:559:(.text+0xe56): undefined reference to `adf_rfun_clear'
/usr/bin/ld: /tmp/cc3wAqYp.o: in function `expect_print':
/home/tobias/Projects/adelefeld-wt/f4-slice2/tests/test_rfun.c:183:(.text+0x11a8): undefined reference to `adf_rfun_get_str'
/usr/bin/ld: /tmp/cc3wAqYp.o: in function `statuses':
/home/tobias/Projects/adelefeld-wt/f4-slice2/tests/test_rfun.c:568:(.text+0x13c7): undefined reference to `adf_rfun_init'
/usr/bin/ld: /home/tobias/Projects/adelefeld-wt/f4-slice2/tests/test_rfun.c:568:(.text+0x13cf): undefined reference to `adf_rfun_init'
/usr/bin/ld: /home/tobias/Projects/adelefeld-wt/f4-slice2/tests/test_rfun.c:568:(.text+0x13e1): undefined reference to `adf_rfun_init'
/usr/bin/ld: /home/tobias/Projects/adelefeld-wt/f4-slice2/tests/test_rfun.c:573:(.text+0x150a): undefined reference to `adf_rfun_dilate_rat'
/usr/bin/ld: /home/tobias/Projects/adelefeld-wt/f4-slice2/tests/test_rfun.c:574:(.text+0x1584): undefined reference to `adf_rfun_dilate_rat'
/usr/bin/ld: /home/tobias/Projects/adelefeld-wt/f4-slice2/tests/test_rfun.c:576:(.text+0x15cc): undefined reference to `adf_rfun_dilate_rat'
/usr/bin/ld: /home/tobias/Projects/adelefeld-wt/f4-slice2/tests/test_rfun.c:578:(.text+0x1626): undefined reference to `adf_rfun_translate_rat'
/usr/bin/ld: /home/tobias/Projects/adelefeld-wt/f4-slice2/tests/test_rfun.c:579:(.text+0x164a): undefined reference to `adf_rfun_add'
/usr/bin/ld: /home/tobias/Projects/adelefeld-wt/f4-slice2/tests/test_rfun.c:580:(.text+0x166e): undefined reference to `adf_rfun_mul'
/usr/bin/ld: /home/tobias/Projects/adelefeld-wt/f4-slice2/tests/test_rfun.c:581:(.text+0x1693): undefined reference to `adf_rfun_dilate_idele'
/usr/bin/ld: /home/tobias/Projects/adelefeld-wt/f4-slice2/tests/test_rfun.c:583:(.text+0x1719): undefined reference to `adf_rfun_eval'
/usr/bin/ld: /home/tobias/Projects/adelefeld-wt/f4-slice2/tests/test_rfun.c:586:(.text+0x1791): undefined reference to `adf_rfun_translate_rat'
/usr/bin/ld: /home/tobias/Projects/adelefeld-wt/f4-slice2/tests/test_rfun.c:586:(.text+0x17a1): undefined reference to `adf_rfun_is_canonical'
/usr/bin/ld: /home/tobias/Projects/adelefeld-wt/f4-slice2/tests/test_rfun.c:587:(.text+0x17c1): undefined reference to `adf_rfun_translate_rat'
/usr/bin/ld: /home/tobias/Projects/adelefeld-wt/f4-slice2/tests/test_rfun.c:587:(.text+0x17d1): undefined reference to `adf_rfun_is_canonical'
/usr/bin/ld: /home/tobias/Projects/adelefeld-wt/f4-slice2/tests/test_rfun.c:588:(.text+0x17f6): undefined reference to `adf_rfun_translate_rat'
/usr/bin/ld: /home/tobias/Projects/adelefeld-wt/f4-slice2/tests/test_rfun.c:588:(.text+0x1806): undefined reference to `adf_rfun_is_canonical'
/usr/bin/ld: /home/tobias/Projects/adelefeld-wt/f4-slice2/tests/test_rfun.c:589:(.text+0x1829): undefined reference to `adf_rfun_translate_rat'
/usr/bin/ld: /home/tobias/Projects/adelefeld-wt/f4-slice2/tests/test_rfun.c:589:(.text+0x1839): undefined reference to `adf_rfun_is_canonical'
/usr/bin/ld: /home/tobias/Projects/adelefeld-wt/f4-slice2/tests/test_rfun.c:590:(.text+0x185c): undefined reference to `adf_rfun_translate_rat'
/usr/bin/ld: /home/tobias/Projects/adelefeld-wt/f4-slice2/tests/test_rfun.c:592:(.text+0x18a1): undefined reference to `adf_rfun_eval'
/usr/bin/ld: /home/tobias/Projects/adelefeld-wt/f4-slice2/tests/test_rfun.c:596:(.text+0x18f5): undefined reference to `adf_rfun_set_str'
/usr/bin/ld: /home/tobias/Projects/adelefeld-wt/f4-slice2/tests/test_rfun.c:598:(.text+0x193a): undefined reference to `adf_rfun_dilate_rat'
/usr/bin/ld: /home/tobias/Projects/adelefeld-wt/f4-slice2/tests/test_rfun.c:599:(.text+0x1985): undefined reference to `adf_rfun_dilate_rat'
/usr/bin/ld: /home/tobias/Projects/adelefeld-wt/f4-slice2/tests/test_rfun.c:601:(.text+0x19d1): undefined reference to `adf_rfun_mul'
/usr/bin/ld: /home/tobias/Projects/adelefeld-wt/f4-slice2/tests/test_rfun.c:602:(.text+0x1a1c): undefined reference to `adf_rfun_mul'
/usr/bin/ld: /home/tobias/Projects/adelefeld-wt/f4-slice2/tests/test_rfun.c:604:(.text+0x1a3f): undefined reference to `adf_rfun_translate_rat'
/usr/bin/ld: /home/tobias/Projects/adelefeld-wt/f4-slice2/tests/test_rfun.c:609:(.text+0x1adb): undefined reference to `adf_rfun_dilate_idele'
/usr/bin/ld: /home/tobias/Projects/adelefeld-wt/f4-slice2/tests/test_rfun.c:609:(.text+0x1aeb): undefined reference to `adf_rfun_is_canonical'
/usr/bin/ld: /home/tobias/Projects/adelefeld-wt/f4-slice2/tests/test_rfun.c:619:(.text+0x1c65): undefined reference to `adf_rfun_dilate_idele'
/usr/bin/ld: /home/tobias/Projects/adelefeld-wt/f4-slice2/tests/test_rfun.c:629:(.text+0x1dcc): undefined reference to `adf_rfun_init'
/usr/bin/ld: /home/tobias/Projects/adelefeld-wt/f4-slice2/tests/test_rfun.c:630:(.text+0x1df7): undefined reference to `adf_rfun_dilate_idele'
/usr/bin/ld: /home/tobias/Projects/adelefeld-wt/f4-slice2/tests/test_rfun.c:630:(.text+0x1e12): undefined reference to `adf_rfun_dilate_rat'
/usr/bin/ld: /home/tobias/Projects/adelefeld-wt/f4-slice2/tests/test_rfun.c:631:(.text+0x1e2d): undefined reference to `adf_rfun_identical'
/usr/bin/ld: /home/tobias/Projects/adelefeld-wt/f4-slice2/tests/test_rfun.c:631:(.text+0x1e3d): undefined reference to `adf_rfun_clear'
/usr/bin/ld: /home/tobias/Projects/adelefeld-wt/f4-slice2/tests/test_rfun.c:636:(.text+0x1f0c): undefined reference to `adf_rfun_dilate_idele'
/usr/bin/ld: /home/tobias/Projects/adelefeld-wt/f4-slice2/tests/test_rfun.c:639:(.text+0x1f64): undefined reference to `adf_rfun_eval'
/usr/bin/ld: /home/tobias/Projects/adelefeld-wt/f4-slice2/tests/test_rfun.c:641:(.text+0x1fa5): undefined reference to `adf_rfun_eval'
/usr/bin/ld: /home/tobias/Projects/adelefeld-wt/f4-slice2/tests/test_rfun.c:643:(.text+0x1fe7): undefined reference to `adf_rfun_set_str'
/usr/bin/ld: /home/tobias/Projects/adelefeld-wt/f4-slice2/tests/test_rfun.c:645:(.text+0x2012): undefined reference to `adf_rfun_eval'
/usr/bin/ld: /home/tobias/Projects/adelefeld-wt/f4-slice2/tests/test_rfun.c:647:(.text+0x204d): undefined reference to `adf_rfun_eval'
/usr/bin/ld: /home/tobias/Projects/adelefeld-wt/f4-slice2/tests/test_rfun.c:649:(.text+0x2089): undefined reference to `adf_rfun_set_str'
/usr/bin/ld: /home/tobias/Projects/adelefeld-wt/f4-slice2/tests/test_rfun.c:650:(.text+0x20ac): undefined reference to `adf_rfun_eval'
/usr/bin/ld: /home/tobias/Projects/adelefeld-wt/f4-slice2/tests/test_rfun.c:654:(.text+0x2125): undefined reference to `adf_rfun_eval'
/usr/bin/ld: /home/tobias/Projects/adelefeld-wt/f4-slice2/tests/test_rfun.c:658:(.text+0x21e4): undefined reference to `adf_rfun_clear'
/usr/bin/ld: /home/tobias/Projects/adelefeld-wt/f4-slice2/tests/test_rfun.c:658:(.text+0x21ec): undefined reference to `adf_rfun_clear'
/usr/bin/ld: /home/tobias/Projects/adelefeld-wt/f4-slice2/tests/test_rfun.c:658:(.text+0x21f6): undefined reference to `adf_rfun_clear'
/usr/bin/ld: /tmp/cc3wAqYp.o: in function `order':
/home/tobias/Projects/adelefeld-wt/f4-slice2/tests/test_rfun.c:666:(.text+0x25f1): undefined reference to `adf_rfun_init'
/usr/bin/ld: /home/tobias/Projects/adelefeld-wt/f4-slice2/tests/test_rfun.c:666:(.text+0x25fe): undefined reference to `adf_rfun_init'
/usr/bin/ld: /home/tobias/Projects/adelefeld-wt/f4-slice2/tests/test_rfun.c:666:(.text+0x2606): undefined reference to `adf_rfun_init'
/usr/bin/ld: /home/tobias/Projects/adelefeld-wt/f4-slice2/tests/test_rfun.c:666:(.text+0x260e): undefined reference to `adf_rfun_init'
/usr/bin/ld: /home/tobias/Projects/adelefeld-wt/f4-slice2/tests/test_rfun.c:668:(.text+0x271e): undefined reference to `adf_rfun_add'
/usr/bin/ld: /home/tobias/Projects/adelefeld-wt/f4-slice2/tests/test_rfun.c:668:(.text+0x273d): undefined reference to `adf_rfun_add'
/usr/bin/ld: /home/tobias/Projects/adelefeld-wt/f4-slice2/tests/test_rfun.c:669:(.text+0x2764): undefined reference to `adf_rfun_identical'
/usr/bin/ld: /home/tobias/Projects/adelefeld-wt/f4-slice2/tests/test_rfun.c:673:(.text+0x280c): undefined reference to `adf_rfun_eval'
/usr/bin/ld: /home/tobias/Projects/adelefeld-wt/f4-slice2/tests/test_rfun.c:673:(.text+0x2827): undefined reference to `adf_rfun_eval'
/usr/bin/ld: /home/tobias/Projects/adelefeld-wt/f4-slice2/tests/test_rfun.c:677:(.text+0x28c4): undefined reference to `adf_rfun_init'
/usr/bin/ld: /home/tobias/Projects/adelefeld-wt/f4-slice2/tests/test_rfun.c:678:(.text+0x28df): undefined reference to `adf_rfun_mul'
/usr/bin/ld: /home/tobias/Projects/adelefeld-wt/f4-slice2/tests/test_rfun.c:684:(.text+0x29f2): undefined reference to `adf_rfun_eval'
/usr/bin/ld: /home/tobias/Projects/adelefeld-wt/f4-slice2/tests/test_rfun.c:684:(.text+0x2a0d): undefined reference to `adf_rfun_eval'
/usr/bin/ld: /home/tobias/Projects/adelefeld-wt/f4-slice2/tests/test_rfun.c:686:(.text+0x2a6b): undefined reference to `adf_rfun_clear'
/usr/bin/ld: /home/tobias/Projects/adelefeld-wt/f4-slice2/tests/test_rfun.c:687:(.text+0x2a75): undefined reference to `adf_rfun_clear'
/usr/bin/ld: /home/tobias/Projects/adelefeld-wt/f4-slice2/tests/test_rfun.c:687:(.text+0x2a7f): undefined reference to `adf_rfun_clear'
/usr/bin/ld: /home/tobias/Projects/adelefeld-wt/f4-slice2/tests/test_rfun.c:687:(.text+0x2a87): undefined reference to `adf_rfun_clear'
/usr/bin/ld: /home/tobias/Projects/adelefeld-wt/f4-slice2/tests/test_rfun.c:687:(.text+0x2a8f): undefined reference to `adf_rfun_clear'
/usr/bin/ld: /tmp/cc3wAqYp.o: in function `fun_from_json':
/home/tobias/Projects/adelefeld-wt/f4-slice2/tests/test_rfun.c:128:(.text+0x2e88): undefined reference to `adf_rfun_set_terms'
/usr/bin/ld: /home/tobias/Projects/adelefeld-wt/f4-slice2/tests/test_rfun.c:129:(.text+0x2ea0): undefined reference to `adf_rfun_is_canonical'
/usr/bin/ld: /tmp/cc3wAqYp.o: in function `texts':
/home/tobias/Projects/adelefeld-wt/f4-slice2/tests/test_rfun.c:239:(.text+0x2f8d): undefined reference to `adf_rfun_init'
/usr/bin/ld: /home/tobias/Projects/adelefeld-wt/f4-slice2/tests/test_rfun.c:239:(.text+0x2f9f): undefined reference to `adf_rfun_init'
/usr/bin/ld: /home/tobias/Projects/adelefeld-wt/f4-slice2/tests/test_rfun.c:253:(.text+0x3044): undefined reference to `adf_rfun_identical'
/usr/bin/ld: /home/tobias/Projects/adelefeld-wt/f4-slice2/tests/test_rfun.c:255:(.text+0x3316): undefined reference to `adf_rfun_clear'
/usr/bin/ld: /home/tobias/Projects/adelefeld-wt/f4-slice2/tests/test_rfun.c:255:(.text+0x3320): undefined reference to `adf_rfun_clear'
/usr/bin/ld: /tmp/cc3wAqYp.o: in function `golden':
/home/tobias/Projects/adelefeld-wt/f4-slice2/tests/test_rfun.c:208:(.text+0x340d): undefined reference to `adf_rfun_init'
/usr/bin/ld: /home/tobias/Projects/adelefeld-wt/f4-slice2/tests/test_rfun.c:208:(.text+0x341f): undefined reference to `adf_rfun_init'
/usr/bin/ld: /home/tobias/Projects/adelefeld-wt/f4-slice2/tests/test_rfun.c:232:(.text+0x3563): undefined reference to `adf_rfun_clear'
/usr/bin/ld: /home/tobias/Projects/adelefeld-wt/f4-slice2/tests/test_rfun.c:232:(.text+0x356d): undefined reference to `adf_rfun_clear'
/usr/bin/ld: /home/tobias/Projects/adelefeld-wt/f4-slice2/tests/test_rfun.c:219:(.text+0x3650): undefined reference to `adf_rfun_get_str'
/usr/bin/ld: /tmp/cc3wAqYp.o: in function `values':
/home/tobias/Projects/adelefeld-wt/f4-slice2/tests/test_rfun.c:476:(.text+0x3b82): undefined reference to `adf_rfun_init'
/usr/bin/ld: /home/tobias/Projects/adelefeld-wt/f4-slice2/tests/test_rfun.c:486:(.text+0x3d9e): undefined reference to `adf_rfun_set_terms'
/usr/bin/ld: /home/tobias/Projects/adelefeld-wt/f4-slice2/tests/test_rfun.c:492:(.text+0x3ea4): undefined reference to `adf_rfun_eval'
/usr/bin/ld: /home/tobias/Projects/adelefeld-wt/f4-slice2/tests/test_rfun.c:508:(.text+0x420e): undefined reference to `adf_rfun_eval'
/usr/bin/ld: /home/tobias/Projects/adelefeld-wt/f4-slice2/tests/test_rfun.c:516:(.text+0x433c): undefined reference to `adf_rfun_clear'
/usr/bin/ld: /tmp/cc3wAqYp.o: in function `closure':
/home/tobias/Projects/adelefeld-wt/f4-slice2/tests/test_rfun.c:426:(.text+0x48c1): undefined reference to `adf_rfun_init'
/usr/bin/ld: /home/tobias/Projects/adelefeld-wt/f4-slice2/tests/test_rfun.c:426:(.text+0x48d6): undefined reference to `adf_rfun_init'
/usr/bin/ld: /home/tobias/Projects/adelefeld-wt/f4-slice2/tests/test_rfun.c:426:(.text+0x48eb): undefined reference to `adf_rfun_init'
/usr/bin/ld: /home/tobias/Projects/adelefeld-wt/f4-slice2/tests/test_rfun.c:426:(.text+0x48f3): undefined reference to `adf_rfun_init'
/usr/bin/ld: /home/tobias/Projects/adelefeld-wt/f4-slice2/tests/test_rfun.c:441:(.text+0x4b40): undefined reference to `adf_rfun_mul'
/usr/bin/ld: /home/tobias/Projects/adelefeld-wt/f4-slice2/tests/test_rfun.c:442:(.text+0x4b61): undefined reference to `adf_rfun_is_canonical'
/usr/bin/ld: /home/tobias/Projects/adelefeld-wt/f4-slice2/tests/test_rfun.c:436:(.text+0x4ebd): undefined reference to `adf_rfun_translate_rat'
/usr/bin/ld: /home/tobias/Projects/adelefeld-wt/f4-slice2/tests/test_rfun.c:451:(.text+0x4f7f): undefined reference to `adf_rfun_conj'
/usr/bin/ld: /home/tobias/Projects/adelefeld-wt/f4-slice2/tests/test_rfun.c:451:(.text+0x4f90): undefined reference to `adf_rfun_identical'
/usr/bin/ld: /home/tobias/Projects/adelefeld-wt/f4-slice2/tests/test_rfun.c:450:(.text+0x4fbf): undefined reference to `adf_rfun_reflect'
/usr/bin/ld: /home/tobias/Projects/adelefeld-wt/f4-slice2/tests/test_rfun.c:450:(.text+0x4fd0): undefined reference to `adf_rfun_identical'
/usr/bin/ld: /home/tobias/Projects/adelefeld-wt/f4-slice2/tests/test_rfun.c:437:(.text+0x5003): undefined reference to `adf_rfun_dilate_rat'
/usr/bin/ld: /home/tobias/Projects/adelefeld-wt/f4-slice2/tests/test_rfun.c:438:(.text+0x5240): undefined reference to `adf_rfun_reflect'
/usr/bin/ld: /home/tobias/Projects/adelefeld-wt/f4-slice2/tests/test_rfun.c:439:(.text+0x525b): undefined reference to `adf_rfun_conj'
/usr/bin/ld: /home/tobias/Projects/adelefeld-wt/f4-slice2/tests/test_rfun.c:440:(.text+0x5292): undefined reference to `adf_rfun_add'
/usr/bin/ld: /home/tobias/Projects/adelefeld-wt/f4-slice2/tests/test_rfun.c:463:(.text+0x5315): undefined reference to `adf_rfun_clear'
/usr/bin/ld: /home/tobias/Projects/adelefeld-wt/f4-slice2/tests/test_rfun.c:463:(.text+0x531f): undefined reference to `adf_rfun_clear'
/usr/bin/ld: /home/tobias/Projects/adelefeld-wt/f4-slice2/tests/test_rfun.c:463:(.text+0x5329): undefined reference to `adf_rfun_clear'
/usr/bin/ld: /home/tobias/Projects/adelefeld-wt/f4-slice2/tests/test_rfun.c:463:(.text+0x5331): undefined reference to `adf_rfun_clear'
/usr/bin/ld: /tmp/cc3wAqYp.o: in function `lifecycle':
/home/tobias/Projects/adelefeld-wt/f4-slice2/tests/test_rfun.c:308:(.text.startup+0x41): undefined reference to `adf_rfun_init'
/usr/bin/ld: /home/tobias/Projects/adelefeld-wt/f4-slice2/tests/test_rfun.c:308:(.text.startup+0x49): undefined reference to `adf_rfun_init'
/usr/bin/ld: /home/tobias/Projects/adelefeld-wt/f4-slice2/tests/test_rfun.c:309:(.text.startup+0x71): undefined reference to `adf_rfun_is_canonical'
/usr/bin/ld: /home/tobias/Projects/adelefeld-wt/f4-slice2/tests/test_rfun.c:309:(.text.startup+0x84): undefined reference to `adf_rfun_identical'
/usr/bin/ld: /home/tobias/Projects/adelefeld-wt/f4-slice2/tests/test_rfun.c:311:(.text.startup+0xdc): undefined reference to `adf_rfun_is_canonical'
/usr/bin/ld: /home/tobias/Projects/adelefeld-wt/f4-slice2/tests/test_rfun.c:311:(.text.startup+0xef): undefined reference to `adf_rfun_identical'
/usr/bin/ld: /home/tobias/Projects/adelefeld-wt/f4-slice2/tests/test_rfun.c:312:(.text.startup+0x102): undefined reference to `adf_rfun_set'
/usr/bin/ld: /home/tobias/Projects/adelefeld-wt/f4-slice2/tests/test_rfun.c:312:(.text.startup+0x115): undefined reference to `adf_rfun_identical'
/usr/bin/ld: /home/tobias/Projects/adelefeld-wt/f4-slice2/tests/test_rfun.c:314:(.text.startup+0x152): undefined reference to `adf_rfun_set'
/usr/bin/ld: /home/tobias/Projects/adelefeld-wt/f4-slice2/tests/test_rfun.c:314:(.text.startup+0x165): undefined reference to `adf_rfun_identical'
/usr/bin/ld: /home/tobias/Projects/adelefeld-wt/f4-slice2/tests/test_rfun.c:315:(.text.startup+0x175): undefined reference to `adf_rfun_clear'
/usr/bin/ld: /home/tobias/Projects/adelefeld-wt/f4-slice2/tests/test_rfun.c:315:(.text.startup+0x17d): undefined reference to `adf_rfun_init'
/usr/bin/ld: /home/tobias/Projects/adelefeld-wt/f4-slice2/tests/test_rfun.c:316:(.text.startup+0x188): undefined reference to `adf_rfun_swap'
/usr/bin/ld: /home/tobias/Projects/adelefeld-wt/f4-slice2/tests/test_rfun.c:317:(.text.startup+0x1b6): undefined reference to `adf_rfun_swap'
/usr/bin/ld: /home/tobias/Projects/adelefeld-wt/f4-slice2/tests/test_rfun.c:318:(.text.startup+0x1d8): undefined reference to `adf_rfun_set'
/usr/bin/ld: /home/tobias/Projects/adelefeld-wt/f4-slice2/tests/test_rfun.c:318:(.text.startup+0x1e3): undefined reference to `adf_rfun_set'
/usr/bin/ld: /home/tobias/Projects/adelefeld-wt/f4-slice2/tests/test_rfun.c:318:(.text.startup+0x1f6): undefined reference to `adf_rfun_identical'
/usr/bin/ld: /home/tobias/Projects/adelefeld-wt/f4-slice2/tests/test_rfun.c:319:(.text.startup+0x20e): undefined reference to `adf_rfun_init'
/usr/bin/ld: /home/tobias/Projects/adelefeld-wt/f4-slice2/tests/test_rfun.c:319:(.text.startup+0x219): undefined reference to `adf_rfun_set'
/usr/bin/ld: /home/tobias/Projects/adelefeld-wt/f4-slice2/tests/test_rfun.c:320:(.text.startup+0x241): undefined reference to `adf_rfun_clear'
/usr/bin/ld: /home/tobias/Projects/adelefeld-wt/f4-slice2/tests/test_rfun.c:327:(.text.startup+0x2db): undefined reference to `adf_rfun_set_terms'
/usr/bin/ld: /home/tobias/Projects/adelefeld-wt/f4-slice2/tests/test_rfun.c:328:(.text.startup+0x34e): undefined reference to `adf_rfun_set_terms'
/usr/bin/ld: /home/tobias/Projects/adelefeld-wt/f4-slice2/tests/test_rfun.c:329:(.text.startup+0x395): undefined reference to `adf_rfun_set_terms'
/usr/bin/ld: /home/tobias/Projects/adelefeld-wt/f4-slice2/tests/test_rfun.c:332:(.text.startup+0x3ea): undefined reference to `adf_rfun_set_terms'
/usr/bin/ld: /home/tobias/Projects/adelefeld-wt/f4-slice2/tests/test_rfun.c:334:(.text.startup+0x44c): undefined reference to `adf_rfun_set_terms'
/usr/bin/ld: /tmp/cc3wAqYp.o:/home/tobias/Projects/adelefeld-wt/f4-slice2/tests/test_rfun.c:336: more undefined references to `adf_rfun_set_terms' follow
/usr/bin/ld: /tmp/cc3wAqYp.o: in function `lifecycle':
/home/tobias/Projects/adelefeld-wt/f4-slice2/tests/test_rfun.c:338:(.text.startup+0x508): undefined reference to `adf_rfun_is_canonical'
/usr/bin/ld: /home/tobias/Projects/adelefeld-wt/f4-slice2/tests/test_rfun.c:341:(.text.startup+0x54d): undefined reference to `adf_rfun_set_terms'
/usr/bin/ld: /home/tobias/Projects/adelefeld-wt/f4-slice2/tests/test_rfun.c:343:(.text.startup+0x5be): undefined reference to `adf_rfun_set_terms'
/usr/bin/ld: /home/tobias/Projects/adelefeld-wt/f4-slice2/tests/test_rfun.c:345:(.text.startup+0x603): undefined reference to `adf_rfun_set_terms'
/usr/bin/ld: /home/tobias/Projects/adelefeld-wt/f4-slice2/tests/test_rfun.c:349:(.text.startup+0x67a): undefined reference to `adf_rfun_set_terms'
/usr/bin/ld: /home/tobias/Projects/adelefeld-wt/f4-slice2/tests/test_rfun.c:352:(.text.startup+0x6e6): undefined reference to `adf_rfun_set_terms'
/usr/bin/ld: /home/tobias/Projects/adelefeld-wt/f4-slice2/tests/test_rfun.c:353:(.text.startup+0x714): undefined reference to `adf_rfun_is_canonical'
/usr/bin/ld: /home/tobias/Projects/adelefeld-wt/f4-slice2/tests/test_rfun.c:355:(.text.startup+0x748): undefined reference to `adf_rfun_is_canonical'
/usr/bin/ld: /home/tobias/Projects/adelefeld-wt/f4-slice2/tests/test_rfun.c:356:(.text.startup+0x772): undefined reference to `adf_rfun_is_canonical'
/usr/bin/ld: /home/tobias/Projects/adelefeld-wt/f4-slice2/tests/test_rfun.c:357:(.text.startup+0x79e): undefined reference to `adf_rfun_is_canonical'
/usr/bin/ld: /home/tobias/Projects/adelefeld-wt/f4-slice2/tests/test_rfun.c:358:(.text.startup+0x7ca): undefined reference to `adf_rfun_is_canonical'
/usr/bin/ld: /home/tobias/Projects/adelefeld-wt/f4-slice2/tests/test_rfun.c:360:(.text.startup+0x7e7): undefined reference to `adf_rfun_clear'
/usr/bin/ld: /home/tobias/Projects/adelefeld-wt/f4-slice2/tests/test_rfun.c:360:(.text.startup+0x7ef): undefined reference to `adf_rfun_clear'
/usr/bin/ld: /tmp/cc3wAqYp.o: in function `reader_cases':
/home/tobias/Projects/adelefeld-wt/f4-slice2/tests/test_rfun.c:262:(.text.startup+0x801): undefined reference to `adf_rfun_init'
/usr/bin/ld: /home/tobias/Projects/adelefeld-wt/f4-slice2/tests/test_rfun.c:298:(.text.startup+0xaaa): undefined reference to `adf_rfun_clear'
/usr/bin/ld: /tmp/cc3wAqYp.o: in function `aliasing':
/home/tobias/Projects/adelefeld-wt/f4-slice2/tests/test_rfun.c:694:(.text.startup+0xacb): undefined reference to `adf_rfun_init'
/usr/bin/ld: /home/tobias/Projects/adelefeld-wt/f4-slice2/tests/test_rfun.c:694:(.text.startup+0xad3): undefined reference to `adf_rfun_init'
/usr/bin/ld: /home/tobias/Projects/adelefeld-wt/f4-slice2/tests/test_rfun.c:694:(.text.startup+0xadb): undefined reference to `adf_rfun_init'
/usr/bin/ld: /home/tobias/Projects/adelefeld-wt/f4-slice2/tests/test_rfun.c:694:(.text.startup+0xae3): undefined reference to `adf_rfun_init'
/usr/bin/ld: /home/tobias/Projects/adelefeld-wt/f4-slice2/tests/test_rfun.c:698:(.text.startup+0xb17): undefined reference to `adf_rfun_set_str'
/usr/bin/ld: /home/tobias/Projects/adelefeld-wt/f4-slice2/tests/test_rfun.c:700:(.text.startup+0xb43): undefined reference to `adf_rfun_set_str'
/usr/bin/ld: /home/tobias/Projects/adelefeld-wt/f4-slice2/tests/test_rfun.c:706:(.text.startup+0xba1): undefined reference to `adf_rfun_translate_rat'
/usr/bin/ld: /home/tobias/Projects/adelefeld-wt/f4-slice2/tests/test_rfun.c:706:(.text.startup+0xbb4): undefined reference to `adf_rfun_set'
/usr/bin/ld: /home/tobias/Projects/adelefeld-wt/f4-slice2/tests/test_rfun.c:706:(.text.startup+0xbcf): undefined reference to `adf_rfun_translate_rat'
/usr/bin/ld: /home/tobias/Projects/adelefeld-wt/f4-slice2/tests/test_rfun.c:706:(.text.startup+0xbea): undefined reference to `adf_rfun_identical'
/usr/bin/ld: /home/tobias/Projects/adelefeld-wt/f4-slice2/tests/test_rfun.c:707:(.text.startup+0xc0d): undefined reference to `adf_rfun_dilate_rat'
/usr/bin/ld: /home/tobias/Projects/adelefeld-wt/f4-slice2/tests/test_rfun.c:707:(.text.startup+0xc20): undefined reference to `adf_rfun_set'
/usr/bin/ld: /home/tobias/Projects/adelefeld-wt/f4-slice2/tests/test_rfun.c:707:(.text.startup+0xc3b): undefined reference to `adf_rfun_dilate_rat'
/usr/bin/ld: /home/tobias/Projects/adelefeld-wt/f4-slice2/tests/test_rfun.c:707:(.text.startup+0xc56): undefined reference to `adf_rfun_identical'
/usr/bin/ld: /home/tobias/Projects/adelefeld-wt/f4-slice2/tests/test_rfun.c:708:(.text.startup+0xc79): undefined reference to `adf_rfun_dilate_idele'
/usr/bin/ld: /home/tobias/Projects/adelefeld-wt/f4-slice2/tests/test_rfun.c:708:(.text.startup+0xc8c): undefined reference to `adf_rfun_set'
/usr/bin/ld: /home/tobias/Projects/adelefeld-wt/f4-slice2/tests/test_rfun.c:708:(.text.startup+0xca7): undefined reference to `adf_rfun_dilate_idele'
/usr/bin/ld: /home/tobias/Projects/adelefeld-wt/f4-slice2/tests/test_rfun.c:708:(.text.startup+0xcc2): undefined reference to `adf_rfun_identical'
/usr/bin/ld: /home/tobias/Projects/adelefeld-wt/f4-slice2/tests/test_rfun.c:709:(.text.startup+0xcdd): undefined reference to `adf_rfun_reflect'
/usr/bin/ld: /home/tobias/Projects/adelefeld-wt/f4-slice2/tests/test_rfun.c:709:(.text.startup+0xcf0): undefined reference to `adf_rfun_set'
/usr/bin/ld: /home/tobias/Projects/adelefeld-wt/f4-slice2/tests/test_rfun.c:709:(.text.startup+0xd03): undefined reference to `adf_rfun_reflect'
/usr/bin/ld: /home/tobias/Projects/adelefeld-wt/f4-slice2/tests/test_rfun.c:709:(.text.startup+0xd1e): undefined reference to `adf_rfun_identical'
/usr/bin/ld: /home/tobias/Projects/adelefeld-wt/f4-slice2/tests/test_rfun.c:710:(.text.startup+0xd39): undefined reference to `adf_rfun_conj'
/usr/bin/ld: /home/tobias/Projects/adelefeld-wt/f4-slice2/tests/test_rfun.c:710:(.text.startup+0xd4c): undefined reference to `adf_rfun_set'
/usr/bin/ld: /home/tobias/Projects/adelefeld-wt/f4-slice2/tests/test_rfun.c:710:(.text.startup+0xd5f): undefined reference to `adf_rfun_conj'
/usr/bin/ld: /home/tobias/Projects/adelefeld-wt/f4-slice2/tests/test_rfun.c:710:(.text.startup+0xd7a): undefined reference to `adf_rfun_identical'
/usr/bin/ld: /home/tobias/Projects/adelefeld-wt/f4-slice2/tests/test_rfun.c:711:(.text.startup+0xd9d): undefined reference to `adf_rfun_add'
/usr/bin/ld: /home/tobias/Projects/adelefeld-wt/f4-slice2/tests/test_rfun.c:711:(.text.startup+0xdb0): undefined reference to `adf_rfun_set'
/usr/bin/ld: /home/tobias/Projects/adelefeld-wt/f4-slice2/tests/test_rfun.c:711:(.text.startup+0xdcb): undefined reference to `adf_rfun_add'
/usr/bin/ld: /home/tobias/Projects/adelefeld-wt/f4-slice2/tests/test_rfun.c:711:(.text.startup+0xde6): undefined reference to `adf_rfun_identical'
/usr/bin/ld: /home/tobias/Projects/adelefeld-wt/f4-slice2/tests/test_rfun.c:712:(.text.startup+0xe09): undefined reference to `adf_rfun_mul'
/usr/bin/ld: /home/tobias/Projects/adelefeld-wt/f4-slice2/tests/test_rfun.c:712:(.text.startup+0xe1c): undefined reference to `adf_rfun_set'
/usr/bin/ld: /home/tobias/Projects/adelefeld-wt/f4-slice2/tests/test_rfun.c:712:(.text.startup+0xe37): undefined reference to `adf_rfun_mul'
/usr/bin/ld: /home/tobias/Projects/adelefeld-wt/f4-slice2/tests/test_rfun.c:712:(.text.startup+0xe52): undefined reference to `adf_rfun_identical'
/usr/bin/ld: /home/tobias/Projects/adelefeld-wt/f4-slice2/tests/test_rfun.c:713:(.text.startup+0xe75): undefined reference to `adf_rfun_add'
/usr/bin/ld: /home/tobias/Projects/adelefeld-wt/f4-slice2/tests/test_rfun.c:713:(.text.startup+0xe88): undefined reference to `adf_rfun_set'
/usr/bin/ld: /home/tobias/Projects/adelefeld-wt/f4-slice2/tests/test_rfun.c:713:(.text.startup+0xea3): undefined reference to `adf_rfun_add'
/usr/bin/ld: /home/tobias/Projects/adelefeld-wt/f4-slice2/tests/test_rfun.c:713:(.text.startup+0xebe): undefined reference to `adf_rfun_identical'
/usr/bin/ld: /home/tobias/Projects/adelefeld-wt/f4-slice2/tests/test_rfun.c:714:(.text.startup+0xee1): undefined reference to `adf_rfun_mul'
/usr/bin/ld: /home/tobias/Projects/adelefeld-wt/f4-slice2/tests/test_rfun.c:714:(.text.startup+0xef4): undefined reference to `adf_rfun_set'
/usr/bin/ld: /home/tobias/Projects/adelefeld-wt/f4-slice2/tests/test_rfun.c:714:(.text.startup+0xf0f): undefined reference to `adf_rfun_mul'
/usr/bin/ld: /home/tobias/Projects/adelefeld-wt/f4-slice2/tests/test_rfun.c:714:(.text.startup+0xf2a): undefined reference to `adf_rfun_identical'
/usr/bin/ld: /home/tobias/Projects/adelefeld-wt/f4-slice2/tests/test_rfun.c:715:(.text.startup+0xf4d): undefined reference to `adf_rfun_add'
/usr/bin/ld: /home/tobias/Projects/adelefeld-wt/f4-slice2/tests/test_rfun.c:715:(.text.startup+0xf60): undefined reference to `adf_rfun_set'
/usr/bin/ld: /home/tobias/Projects/adelefeld-wt/f4-slice2/tests/test_rfun.c:715:(.text.startup+0xf7b): undefined reference to `adf_rfun_add'
/usr/bin/ld: /home/tobias/Projects/adelefeld-wt/f4-slice2/tests/test_rfun.c:715:(.text.startup+0xf96): undefined reference to `adf_rfun_identical'
/usr/bin/ld: /home/tobias/Projects/adelefeld-wt/f4-slice2/tests/test_rfun.c:716:(.text.startup+0xfb9): undefined reference to `adf_rfun_mul'
/usr/bin/ld: /home/tobias/Projects/adelefeld-wt/f4-slice2/tests/test_rfun.c:716:(.text.startup+0xfcc): undefined reference to `adf_rfun_set'
/usr/bin/ld: /home/tobias/Projects/adelefeld-wt/f4-slice2/tests/test_rfun.c:716:(.text.startup+0xfe7): undefined reference to `adf_rfun_mul'
/usr/bin/ld: /home/tobias/Projects/adelefeld-wt/f4-slice2/tests/test_rfun.c:716:(.text.startup+0x1002): undefined reference to `adf_rfun_identical'
/usr/bin/ld: /home/tobias/Projects/adelefeld-wt/f4-slice2/tests/test_rfun.c:717:(.text.startup+0x1025): undefined reference to `adf_rfun_add'
/usr/bin/ld: /home/tobias/Projects/adelefeld-wt/f4-slice2/tests/test_rfun.c:717:(.text.startup+0x1038): undefined reference to `adf_rfun_set'
/usr/bin/ld: /home/tobias/Projects/adelefeld-wt/f4-slice2/tests/test_rfun.c:717:(.text.startup+0x1053): undefined reference to `adf_rfun_add'
/usr/bin/ld: /home/tobias/Projects/adelefeld-wt/f4-slice2/tests/test_rfun.c:717:(.text.startup+0x106e): undefined reference to `adf_rfun_identical'
/usr/bin/ld: /home/tobias/Projects/adelefeld-wt/f4-slice2/tests/test_rfun.c:719:(.text.startup+0x107e): undefined reference to `adf_rfun_clear'
/usr/bin/ld: /home/tobias/Projects/adelefeld-wt/f4-slice2/tests/test_rfun.c:719:(.text.startup+0x1086): undefined reference to `adf_rfun_clear'
/usr/bin/ld: /home/tobias/Projects/adelefeld-wt/f4-slice2/tests/test_rfun.c:719:(.text.startup+0x108e): undefined reference to `adf_rfun_clear'
/usr/bin/ld: /home/tobias/Projects/adelefeld-wt/f4-slice2/tests/test_rfun.c:719:(.text.startup+0x1096): undefined reference to `adf_rfun_clear'
/usr/bin/ld: /tmp/cc3wAqYp.o: in function `caps':
/home/tobias/Projects/adelefeld-wt/f4-slice2/tests/test_rfun.c:367:(.text.startup+0x10ae): undefined reference to `adf_rfun_init'
/usr/bin/ld: /home/tobias/Projects/adelefeld-wt/f4-slice2/tests/test_rfun.c:367:(.text.startup+0x10b6): undefined reference to `adf_rfun_init'
/usr/bin/ld: /home/tobias/Projects/adelefeld-wt/f4-slice2/tests/test_rfun.c:367:(.text.startup+0x10be): undefined reference to `adf_rfun_init'
/usr/bin/ld: /home/tobias/Projects/adelefeld-wt/f4-slice2/tests/test_rfun.c:371:(.text.startup+0x111b): undefined reference to `adf_rfun_set_terms'
/usr/bin/ld: /home/tobias/Projects/adelefeld-wt/f4-slice2/tests/test_rfun.c:371:(.text.startup+0x113a): undefined reference to `adf_rfun_is_canonical'
/usr/bin/ld: /home/tobias/Projects/adelefeld-wt/f4-slice2/tests/test_rfun.c:374:(.text.startup+0x118c): undefined reference to `adf_rfun_set_terms'
/usr/bin/ld: /home/tobias/Projects/adelefeld-wt/f4-slice2/tests/test_rfun.c:378:(.text.startup+0x11fa): undefined reference to `adf_rfun_add'
/usr/bin/ld: /home/tobias/Projects/adelefeld-wt/f4-slice2/tests/test_rfun.c:379:(.text.startup+0x1243): undefined reference to `adf_rfun_reflect'
/usr/bin/ld: /home/tobias/Projects/adelefeld-wt/f4-slice2/tests/test_rfun.c:386:(.text.startup+0x12e6): undefined reference to `adf_rfun_set_terms'
/usr/bin/ld: /home/tobias/Projects/adelefeld-wt/f4-slice2/tests/test_rfun.c:389:(.text.startup+0x132b): undefined reference to `adf_rfun_set_terms'
/usr/bin/ld: /home/tobias/Projects/adelefeld-wt/f4-slice2/tests/test_rfun.c:393:(.text.startup+0x138b): undefined reference to `adf_rfun_set_terms'
/usr/bin/ld: /home/tobias/Projects/adelefeld-wt/f4-slice2/tests/test_rfun.c:395:(.text.startup+0x13d0): undefined reference to `adf_rfun_translate_rat'
/usr/bin/ld: /home/tobias/Projects/adelefeld-wt/f4-slice2/tests/test_rfun.c:396:(.text.startup+0x141b): undefined reference to `adf_rfun_mul'
/usr/bin/ld: /home/tobias/Projects/adelefeld-wt/f4-slice2/tests/test_rfun.c:397:(.text.startup+0x1466): undefined reference to `adf_rfun_dilate_rat'
/usr/bin/ld: /home/tobias/Projects/adelefeld-wt/f4-slice2/tests/test_rfun.c:399:(.text.startup+0x14a0): undefined reference to `adf_rfun_set_terms'
/usr/bin/ld: /home/tobias/Projects/adelefeld-wt/f4-slice2/tests/test_rfun.c:400:(.text.startup+0x14c3): undefined reference to `adf_rfun_translate_rat'
/usr/bin/ld: /home/tobias/Projects/adelefeld-wt/f4-slice2/tests/test_rfun.c:404:(.text.startup+0x1543): undefined reference to `adf_rfun_set_terms'
/usr/bin/ld: /home/tobias/Projects/adelefeld-wt/f4-slice2/tests/test_rfun.c:406:(.text.startup+0x1579): undefined reference to `adf_rfun_mul'
/usr/bin/ld: /home/tobias/Projects/adelefeld-wt/f4-slice2/tests/test_rfun.c:407:(.text.startup+0x15c3): undefined reference to `adf_rfun_set_terms'
/usr/bin/ld: /home/tobias/Projects/adelefeld-wt/f4-slice2/tests/test_rfun.c:407:(.text.startup+0x15de): undefined reference to `adf_rfun_mul'
/usr/bin/ld: /home/tobias/Projects/adelefeld-wt/f4-slice2/tests/test_rfun.c:414:(.text.startup+0x1692): undefined reference to `adf_rfun_translate_rat'
/usr/bin/ld: /home/tobias/Projects/adelefeld-wt/f4-slice2/tests/test_rfun.c:415:(.text.startup+0x16dd): undefined reference to `adf_rfun_dilate_rat'
/usr/bin/ld: /home/tobias/Projects/adelefeld-wt/f4-slice2/tests/test_rfun.c:417:(.text.startup+0x1740): undefined reference to `adf_rfun_translate_rat'
/usr/bin/ld: /home/tobias/Projects/adelefeld-wt/f4-slice2/tests/test_rfun.c:418:(.text.startup+0x1750): undefined reference to `adf_rfun_clear'
/usr/bin/ld: /home/tobias/Projects/adelefeld-wt/f4-slice2/tests/test_rfun.c:418:(.text.startup+0x1758): undefined reference to `adf_rfun_clear'
/usr/bin/ld: /home/tobias/Projects/adelefeld-wt/f4-slice2/tests/test_rfun.c:418:(.text.startup+0x1760): undefined reference to `adf_rfun_clear'
collect2: error: ld returned 1 exit status
make: *** [Makefile:99: lanes/f4-slice2/build/test_rfun] Error 1
