mutate: src/catalogue.c: 178 mutants
mutate: 178 mutants, 60 of them run (--limit 60, --seed 1)
mutate: every mutant is built and run with SAN=1
mutate: the baseline passes (4.0 s)

SURVIVED src/catalogue.c:38:9 swap_args: 'fmpz_mul(z, z, t)' -> 'fmpz_mul(z, t, z)'
  the tests pass with the mutant
  --- a/src/catalogue.c
  +++ b/src/catalogue.c
  @@ -36,5 +36,5 @@
       {
           fmpz_sub_ui(t,a,i-1);
  -        fmpz_mul(z,z,t);
  +        fmpz_mul(z,t,z);
           fmpz_divexact_ui(z,z,i);
       }


SURVIVED src/catalogue.c:80:5 drop_call: 'ADF_INV_FBALL(x);' -> '' (the statement is removed)
  the tests pass with the mutant
  --- a/src/catalogue.c
  +++ b/src/catalogue.c
  @@ -78,5 +78,5 @@
   int adf_fball_binom(adf_fball_t y, adf_place_t *where, const adf_fball_t x, ulong k)
   {
  -    ADF_INV_FBALL(x);
  +    
       (void)where;
       return ball_binomial(y,x,k,0);


SURVIVED src/catalogue.c:144:5 swap_args: 'fmpz_mul(t, A, B)' -> 'fmpz_mul(t, B, A)'
  the tests pass with the mutant
  --- a/src/catalogue.c
  +++ b/src/catalogue.c
  @@ -142,5 +142,5 @@
       if (fmpz_is_one(A)) fmpz_one(r);
       else if (!fmpz_is_one(B)) fmpz_CRT(r,r,A,one,B,0);
  -    fmpz_mul(t,A,B);
  +    fmpz_mul(t,B,A);
       adf_ucoset_set_fmpz2(y,r,t);
       adf_ucoset_normalise(y,y);


SURVIVED src/catalogue.c:99:20 cmp: '<' -> '<='
  the tests pass with the mutant
  --- a/src/catalogue.c
  +++ b/src/catalogue.c
  @@ -97,5 +97,5 @@
       fmpz_init(b); fmpz_init(k);
       fmpz_abs(k,e);
  -    if (fmpz_sgn(e)<0)
  +    if (fmpz_sgn(e)<=0)
       {
           if (!fmpz_invmod(b,c,m)) flint_abort(); /* A unit at this modulus, by the caller's proof. */


SURVIVED src/catalogue.c:61:26 zero_one: '1' -> '0'
  the tests pass with the mutant
  --- a/src/catalogue.c
  +++ b/src/catalogue.c
  @@ -59,5 +59,5 @@
           {
               fmpz_zero(R);
  -            for (ulong j=1;j<=k;j++)
  +            for (ulong j=0;j<=k;j++)
               {
                   fmpz_mul_ui(t,H,j); fmpz_add(t,t,A);


SURVIVED src/catalogue.c:60:13 drop_call: 'fmpz_zero(R);' -> '' (the statement is removed)
  the tests pass with the mutant
  --- a/src/catalogue.c
  +++ b/src/catalogue.c
  @@ -58,5 +58,5 @@
           else if (tight)
           {
  -            fmpz_zero(R);
  +            
               for (ulong j=1;j<=k;j++)
               {


SURVIVED src/catalogue.c:96:27 drop_call: 'fmpz_zero(r);' -> '' (the statement is removed)
  the tests pass with the mutant
  --- a/src/catalogue.c
  +++ b/src/catalogue.c
  @@ -94,5 +94,5 @@
   {
       fmpz_t b,k;
  -    if (fmpz_is_one(m)) { fmpz_zero(r); return; }
  +    if (fmpz_is_one(m)) {  return; }
       fmpz_init(b); fmpz_init(k);
       fmpz_abs(k,e);


SURVIVED src/catalogue.c:214:20 drop_call: 'ADF_INV_FBALL(x);' -> '' (the statement is removed)
  the tests pass with the mutant
  --- a/src/catalogue.c
  +++ b/src/catalogue.c
  @@ -212,5 +212,5 @@
                                 const adf_ucoset_t a, const adf_fball_t x)
   {
  -    CAT_INV_UC(a); ADF_INV_FBALL(x);
  +    CAT_INV_UC(a); 
       (void)where;
       return profpow(y,a,x,1);


SURVIVED src/catalogue.c:65:17 swap_args: 'fmpz_gcd(R, R, b)' -> 'fmpz_gcd(R, b, R)'
  the tests pass with the mutant
  --- a/src/catalogue.c
  +++ b/src/catalogue.c
  @@ -63,5 +63,5 @@
                   fmpz_mul_ui(t,H,j); fmpz_add(t,t,A);
                   binomial(b,t,k); fmpz_sub(b,b,C);
  -                fmpz_gcd(R,R,b);
  +                fmpz_gcd(R,b,R);
               }
           }


SURVIVED src/catalogue.c:221:5 drop_call: 'CAT_INV_UC(a);' -> '' (the statement is removed)
  the tests pass with the mutant
  --- a/src/catalogue.c
  +++ b/src/catalogue.c
  @@ -219,5 +219,5 @@
                               const adf_ucoset_t a, const adf_fball_t x)
   {
  -    CAT_INV_UC(a); ADF_INV_FBALL(x);
  +     ADF_INV_FBALL(x);
       (void)where;
       return profpow(y,a,x,2);


SURVIVED src/catalogue.c:125:9 swap_args: 'fmpz_mul(A, A, h)' -> 'fmpz_mul(A, h, A)'
  the tests pass with the mutant
  --- a/src/catalogue.c
  +++ b/src/catalogue.c
  @@ -123,5 +123,5 @@
           fmpz_gcd(h,rest,a->N);
           if (fmpz_is_one(h)) break;
  -        fmpz_mul(A,A,h); fmpz_divexact(rest,rest,h);
  +        fmpz_mul(A,h,A); fmpz_divexact(rest,rest,h);
       }
       if (!fmpz_is_zero(M))


SURVIVED src/catalogue.c:207:5 drop_call: 'CAT_INV_UC(a);' -> '' (the statement is removed)
  the tests pass with the mutant
  --- a/src/catalogue.c
  +++ b/src/catalogue.c
  @@ -205,5 +205,5 @@
                          const adf_ucoset_t a, const adf_fball_t x)
   {
  -    CAT_INV_UC(a); ADF_INV_FBALL(x);
  +     ADF_INV_FBALL(x);
       (void)where;
       return profpow(y,a,x,0);


SURVIVED src/catalogue.c:214:5 drop_call: 'CAT_INV_UC(a);' -> '' (the statement is removed)
  the tests pass with the mutant
  --- a/src/catalogue.c
  +++ b/src/catalogue.c
  @@ -212,5 +212,5 @@
                                 const adf_ucoset_t a, const adf_fball_t x)
   {
  -    CAT_INV_UC(a); ADF_INV_FBALL(x);
  +     ADF_INV_FBALL(x);
       (void)where;
       return profpow(y,a,x,1);


mutate: 60 mutants in 329.2 s: 47 killed, 13 survived, 0 not compiled, 0 timed out, 0 excused
mutate: FAILED: 13 mutant(s) survived; each one is a claim the tests do not check
