F8 64 69 2
F8 64 69 2
F8 64 69 2
F8 64 69 2
F8 64 69 2
F8 64 69 2
word 39 43 2
word 39 43 2
word 40 44 2
word 40 44 2
word 41 45 2
word 41 45 2
word 48 52 2
word 48 52 2
word 55 59 2
word 55 59 2
F8 59 63 3
F8 59 63 3
F8 60 64 3
F8 60 64 3
F8 61 65 3
F8 61 65 3
F8 62 66 3
F8 62 66 3
F8 63 67 3
F8 63 67 3
F8 64 68 3
F8 64 68 3
F8 59 63 3
F8 59 63 3
F8 60 64 3
F8 60 64 3
F8 61 65 4
F8 61 65 4
F8 62 66 4
F8 62 66 4
F8 63 67 4
F8 63 67 4
F8 64 68 4
F8 64 68 4
F8 59 62 4
F8 59 62 4
F8 60 63 4
F8 60 63 4
F8 61 65 4
F8 61 65 4
F8 62 66 4
F8 62 66 4
F8 63 68 2
F8 63 68 2
F8 64 69 2
F8 64 69 2
F8 59 63 2
F8 59 63 2
F8 60 65 2
F8 60 65 2
F8 61 66 2
F8 61 66 2
F8 62 67 2
F8 62 67 2
F8 63 68 2
F8 63 68 2
F8 64 69 2
F8 64 69 2
F9 65 70 2
F9 65 70 2
F9 65 70 2
F9 65 70 2
F9 65 70 2
F9 65 70 2
F9 80 85 2
F9 80 85 2
F9 96 101 2
F9 96 101 2
F9 128 134 2
F9 128 134 2
F9 199 205 2
F9 199 205 2
F9 200 206 2
F9 200 206 2
F9 201 207 2
F9 201 207 2
F9 223 229 2
F9 223 229 2
F9 255 262 2
F9 255 262 2
F9 256 263 2
F9 256 263 2
F9 257 264 2
F9 257 264 2
F9 299 306 2
F9 299 306 2
F9 300 307 2
F9 300 307 2
F9 383 390 2
F9 383 390 2
F9 511 519 2
F9 511 519 2
F9 512 520 2
F9 512 520 2
F9 513 521 2
F9 513 521 2
F9 767 775 2
F9 767 775 2
F9 999 1007 2
F9 999 1007 2
F9 1499 1508 2
F9 1499 1508 2
F9 2048 2058 2
F9 2048 2058 2
F9 3000 3010 2
F9 3000 3010 2
word 57 61 2
word 57 61 2
word 57 61 2
word 57 61 2
word 57 61 2
word 57 61 2
F8 58 62 2
F8 58 62 2
F8 58 62 2
F8 58 62 2
F8 58 62 2
F8 58 62 2
F8 64 67 1
F8 64 67 1
F8 64 67 1
F8 64 67 1
F8 64 67 1
F8 64 67 1
F8 39 42 1
F8 39 42 1
F8 40 43 1
F8 40 43 1
F8 41 44 1
F8 41 44 1
F8 48 51 1
F8 48 51 1
F8 55 58 1
F8 55 58 1
F8 59 62 2
F8 59 62 2
F8 60 63 2
F8 60 63 2
F8 61 64 2
F8 61 64 2
F8 62 65 2
F8 62 65 2
F8 63 66 2
F8 63 66 2
F8 64 67 2
F8 64 67 2
F8 59 62 2
F8 59 62 2
F8 60 63 2
F8 60 63 2
F8 61 63 3
F8 61 63 3
F8 62 64 3
F8 62 64 3
F8 63 65 3
F8 63 65 3
F8 64 66 3
F8 64 66 3
F8 59 61 3
F8 59 61 3
F8 60 62 3
F8 60 62 3
F8 61 63 3
F8 61 63 3
F8 62 64 3
F8 62 64 3
F8 63 66 1
F8 63 66 1
F8 64 67 1
F8 64 67 1
F8 59 62 1
F8 59 62 1
F8 60 63 1
F8 60 63 1
F8 61 64 1
F8 61 64 1
F8 62 65 1
F8 62 65 1
F8 63 66 1
F8 63 66 1
F8 64 67 1
F8 64 67 1
F9 65 68 1
F9 65 68 1
F9 65 68 1
F9 65 68 1
F9 65 68 1
F9 65 68 1
F9 80 84 1
F9 80 84 1
F9 96 100 1
F9 96 100 1
F9 128 132 1
F9 128 132 1
F9 199 203 1
F9 199 203 1
F9 200 204 1
F9 200 204 1
F9 201 205 1
F9 201 205 1
F9 223 227 1
F9 223 227 1
F9 255 260 1
F9 255 260 1
F9 256 261 1
F9 256 261 1
F9 257 262 1
F9 257 262 1
F9 299 304 1
F9 299 304 1
F9 300 305 1
F9 300 305 1
F9 383 388 1
F9 383 388 1
F9 511 516 1
F9 511 516 1
F9 512 517 1
F9 512 517 1
F9 513 518 1
F9 513 518 1
F9 767 773 1
F9 767 773 1
F9 999 1005 1
F9 999 1005 1
F9 1499 1505 1
F9 1499 1505 1
F9 2048 2054 1
F9 2048 2054 1
F9 3000 3007 1
F9 3000 3007 1
word 36 39 1
word 36 39 1
word 36 39 1
word 36 39 1
word 36 39 1
word 36 39 1
F8 37 40 1
F8 37 40 1
F8 37 40 1
F8 37 40 1
F8 37 40 1
F8 37 40 1
F8 64 66 1
F8 64 66 1
F8 64 66 1
F8 64 66 1
F8 64 66 1
F8 64 66 1
F8 39 41 1
F8 39 41 1
F8 40 42 1
F8 40 42 1
F8 41 43 1
F8 41 43 1
F8 48 50 1
F8 48 50 1
F8 55 57 1
F8 55 57 1
F8 59 61 2
F8 59 61 2
F8 60 62 2
F8 60 62 2
F8 61 63 2
F8 61 63 2
F8 62 64 2
F8 62 64 2
F8 63 65 2
F8 63 65 2
F8 64 66 2
F8 64 66 2
F8 59 61 2
F8 59 61 2
F8 60 62 1
F8 60 62 1
F8 61 62 3
F8 61 62 3
F8 62 63 3
F8 62 63 3
F8 63 64 3
F8 63 64 3
F8 64 66 1
F8 64 66 1
F8 59 60 3
F8 59 60 3
F8 60 61 3
F8 60 61 3
F8 61 62 3
F8 61 62 3
F8 62 64 1
F8 62 64 1
F8 63 65 1
F8 63 65 1
F8 64 66 1
F8 64 66 1
F8 59 61 1
F8 59 61 1
F8 60 62 1
F8 60 62 1
F8 61 63 1
F8 61 63 1
F8 62 64 1
F8 62 64 1
F8 63 65 1
F8 63 65 1
F8 64 66 1
F8 64 66 1
F9 65 67 1
F9 65 67 1
F9 65 67 1
F9 65 67 1
F9 65 67 1
F9 65 67 1
F9 80 82 1
F9 80 82 1
F9 96 98 1
F9 96 98 1
F9 128 131 1
F9 128 131 1
F9 199 202 1
F9 199 202 1
F9 200 203 1
F9 200 203 1
F9 201 204 1
F9 201 204 1
F9 223 226 1
F9 223 226 1
F9 255 258 1
F9 255 258 1
F9 256 259 1
F9 256 259 1
F9 257 260 1
F9 257 260 1
F9 299 302 1
F9 299 302 1
F9 300 303 1
F9 300 303 1
F9 383 386 1
F9 383 386 1
F9 511 514 1
F9 511 514 1
F9 512 515 1
F9 512 515 1
F9 513 516 1
F9 513 516 1
F9 767 771 1
F9 767 771 1
F9 999 1003 1
F9 999 1003 1
F9 1499 1503 1
F9 1499 1503 1
F9 2048 2052 1
F9 2048 2052 1
F9 3000 3004 1
F9 3000 3004 1
word 24 26 1
word 24 26 1
word 24 26 1
word 24 26 1
word 24 26 1
word 24 26 1
F8 25 27 1
F8 25 27 1
F8 25 27 1
F8 25 27 1
F8 25 27 1
F8 25 27 1
F8 64 66 1
F8 64 66 1
F8 64 66 1
F8 64 66 1
F8 64 66 1
F8 64 66 1
F8 39 40 1
F8 39 40 1
F8 40 41 1
F8 40 41 1
F8 41 42 1
F8 41 42 1
F8 48 50 1
F8 48 50 1
F8 55 57 2
F8 55 57 2
F8 59 60 2
F8 59 60 2
F8 60 61 2
F8 60 61 2
F8 61 62 2
F8 61 62 2
F8 62 64 1
F8 62 64 1
F8 63 64 2
F8 63 64 2
F8 64 65 2
F8 64 65 2
F8 59 60 2
F8 59 60 2
F8 60 62 1
F8 60 62 1
F8 61 62 3
F8 61 62 3
F8 62 63 3
F8 62 63 3
F8 63 64 3
F8 63 64 3
F8 64 66 1
F8 64 66 1
F8 59 60 3
F8 59 60 3
F8 60 61 3
F8 60 61 3
F8 61 62 3
F8 61 62 3
F8 62 64 1
F8 62 64 1
F8 63 65 1
F8 63 65 1
F8 64 66 1
F8 64 66 1
F8 59 61 1
F8 59 61 1
F8 60 62 1
F8 60 62 1
F8 61 63 1
F8 61 63 1
F8 62 64 1
F8 62 64 1
F8 63 65 1
F8 63 65 1
F8 64 66 2
F8 64 66 2
F9 65 67 1
F9 65 67 1
F9 65 67 1
F9 65 67 1
F9 65 67 1
F9 65 67 1
F9 80 82 1
F9 80 82 1
F9 96 98 1
F9 96 98 1
F9 128 130 1
F9 128 130 1
F9 199 201 1
F9 199 201 1
F9 200 202 1
F9 200 202 1
F9 201 203 1
F9 201 203 1
F9 223 225 1
F9 223 225 1
F9 255 257 1
F9 255 257 1
F9 256 258 1
F9 256 258 1
F9 257 259 1
F9 257 259 1
F9 299 301 1
F9 299 301 1
F9 300 302 1
F9 300 302 1
F9 383 386 2
F9 383 386 2
F9 511 514 1
F9 511 514 1
F9 512 515 1
F9 512 515 1
F9 513 516 1
F9 513 516 1
F9 767 770 1
F9 767 770 1
F9 999 1002 1
F9 999 1002 1
F9 1499 1502 1
F9 1499 1502 1
F9 2048 2051 1
F9 2048 2051 1
F9 3000 3004 1
F9 3000 3004 1
word 21 22 1
word 21 22 1
word 21 22 1
word 21 22 1
word 21 22 1
word 21 22 1
F8 22 23 1
F8 22 23 1
F8 22 23 1
F8 22 23 1
F8 22 23 1
F8 22 23 1
F8 64 65 1
F8 64 65 1
F8 64 65 1
F8 64 65 1
F8 64 65 1
F8 64 65 1
F8 39 40 1
F8 39 40 1
F8 40 41 1
F8 40 41 1
F8 41 42 1
F8 41 42 1
F8 48 49 1
F8 48 49 1
F8 55 56 1
F8 55 56 1
F8 59 60 2
F8 59 60 2
F8 60 61 2
F8 60 61 2
F8 61 62 2
F8 61 62 2
F8 62 63 1
F8 62 63 1
F8 63 64 2
F8 63 64 2
F8 64 65 2
F8 64 65 2
F8 59 60 2
F8 59 60 2
F8 60 61 1
F8 60 61 1
F8 61 62 3
F8 61 62 3
F8 62 63 3
F8 62 63 3
F8 63 64 3
F8 63 64 3
F8 64 65 1
F8 64 65 1
F8 59 60 3
F8 59 60 3
F8 60 61 3
F8 60 61 3
F8 61 62 3
F8 61 62 3
F8 62 63 1
F8 62 63 1
F8 63 64 1
F8 63 64 1
F8 64 65 1
F8 64 65 1
F8 59 60 1
F8 59 60 1
F8 60 61 1
F8 60 61 1
F8 61 62 1
F8 61 62 1
F8 62 63 1
F8 62 63 1
F8 63 64 1
F8 63 64 1
F8 64 65 1
F8 64 65 1
F9 65 66 1
F9 65 66 1
F9 65 66 1
F9 65 66 1
F9 65 66 1
F9 65 66 1
F9 80 81 1
F9 80 81 1
F9 96 97 1
F9 96 97 1
F9 128 130 1
F9 128 130 1
F9 199 201 1
F9 199 201 1
F9 200 202 1
F9 200 202 1
F9 201 203 1
F9 201 203 1
F9 223 225 1
F9 223 225 1
F9 255 257 1
F9 255 257 1
F9 256 258 1
F9 256 258 1
F9 257 259 1
F9 257 259 1
F9 299 301 1
F9 299 301 1
F9 300 302 1
F9 300 302 1
F9 383 385 1
F9 383 385 1
F9 511 513 1
F9 511 513 1
F9 512 514 1
F9 512 514 1
F9 513 515 1
F9 513 515 1
F9 767 769 1
F9 767 769 1
F9 999 1001 1
F9 999 1001 1
F9 1499 1502 1
F9 1499 1502 1
F9 2048 2051 1
F9 2048 2051 1
F9 3000 3003 1
F9 3000 3003 1
word 16 17 1
word 16 17 1
word 16 17 1
word 16 17 1
word 16 17 1
word 16 17 1
F8 17 18 1
F8 17 18 1
F8 17 18 1
F8 17 18 1
F8 17 18 1
F8 17 18 1
F8 64 64 1
F8 64 64 1
F8 64 64 1
F8 64 64 1
F8 64 64 1
F8 64 64 1
F8 39 39 1
F8 39 39 1
F8 40 40 1
F8 40 40 1
F8 41 41 1
F8 41 41 1
F8 48 48 1
F8 48 48 1
F8 55 55 1
F8 55 55 1
F8 59 59 2
F8 59 59 2
F8 60 60 2
F8 60 60 2
F8 61 61 2
F8 61 61 2
F8 62 62 1
F8 62 62 1
F8 63 63 2
F8 63 63 2
F8 64 64 2
F8 64 64 2
F8 59 59 2
F8 59 59 2
F8 60 60 1
F8 60 60 1
F8 61 61 3
F8 61 61 3
F8 62 62 3
F8 62 62 3
F8 63 63 3
F8 63 63 3
F8 64 64 1
F8 64 64 1
F8 59 59 3
F8 59 59 3
F8 60 60 3
F8 60 60 3
F8 61 61 3
F8 61 61 3
F8 62 62 1
F8 62 62 1
F8 63 63 1
F8 63 63 1
F8 64 64 1
F8 64 64 1
F8 59 59 1
F8 59 59 1
F8 60 60 1
F8 60 60 1
F8 61 61 1
F8 61 61 1
F8 62 62 1
F8 62 62 1
F8 63 63 1
F8 63 63 1
F8 64 64 1
F8 64 64 1
F9 65 65 1
F9 65 65 1
F9 65 65 1
F9 65 65 1
F9 65 65 1
F9 65 65 1
F9 80 80 1
F9 80 80 1
F9 96 96 1
F9 96 96 1
F9 128 128 1
F9 128 128 1
F9 199 199 1
F9 199 199 1
F9 200 200 1
F9 200 200 1
F9 201 201 1
F9 201 201 1
F9 223 223 1
F9 223 223 1
F9 255 255 1
F9 255 255 1
F9 256 256 1
F9 256 256 1
F9 257 257 1
F9 257 257 1
F9 299 299 1
F9 299 299 1
F9 300 300 1
F9 300 300 1
F9 383 383 1
F9 383 383 1
F9 511 511 1
F9 511 511 1
F9 512 512 1
F9 512 512 1
F9 513 513 1
F9 513 513 1
F9 767 767 1
F9 767 767 1
F9 999 999 1
F9 999 999 1
F9 1499 1499 1
F9 1499 1499 1
F9 2048 2048 1
F9 2048 2048 1
F9 3000 3000 1
F9 3000 3000 1
word 3 3 1
word 3 3 1
word 3 3 1
word 3 3 1
word 3 3 1
word 3 3 1
F8 4 4 1
F8 4 4 1
F8 4 4 1
F8 4 4 1
F8 4 4 1
F8 4 4 1
F8 64 64 1
F8 64 64 1
F8 64 64 1
F8 64 64 1
F8 64 64 1
F8 64 64 1
F8 39 39 1
F8 39 39 1
F8 40 40 1
F8 40 40 1
F8 41 41 1
F8 41 41 1
F8 48 48 1
F8 48 48 1
F8 55 55 1
F8 55 55 1
F8 59 59 2
F8 59 59 2
F8 60 60 2
F8 60 60 2
F8 61 61 2
F8 61 61 2
F8 62 62 1
F8 62 62 1
F8 63 63 2
F8 63 63 2
F8 64 64 2
F8 64 64 2
F8 59 59 2
F8 59 59 2
F8 60 60 1
F8 60 60 1
F8 61 61 3
F8 61 61 3
F8 62 62 3
F8 62 62 3
F8 63 63 3
F8 63 63 3
F8 64 64 1
F8 64 64 1
F8 59 59 3
F8 59 59 3
F8 60 60 3
F8 60 60 3
F8 61 61 3
F8 61 61 3
F8 62 62 1
F8 62 62 1
F8 63 63 1
F8 63 63 1
F8 64 64 1
F8 64 64 1
F8 59 59 1
F8 59 59 1
F8 60 60 1
F8 60 60 1
F8 61 61 1
F8 61 61 1
F8 62 62 1
F8 62 62 1
F8 63 63 1
F8 63 63 1
F8 64 64 1
F8 64 64 1
F9 65 65 1
F9 65 65 1
F9 65 65 1
F9 65 65 1
F9 65 65 1
F9 65 65 1
F9 80 80 1
F9 80 80 1
F9 96 96 1
F9 96 96 1
F9 128 128 1
F9 128 128 1
F9 199 199 1
F9 199 199 1
F9 200 200 1
F9 200 200 1
F9 201 201 1
F9 201 201 1
F9 223 223 1
F9 223 223 1
F9 255 255 1
F9 255 255 1
F9 256 256 1
F9 256 256 1
F9 257 257 1
F9 257 257 1
F9 299 299 1
F9 299 299 1
F9 300 300 1
F9 300 300 1
F9 383 383 1
F9 383 383 1
F9 511 511 1
F9 511 511 1
F9 512 512 1
F9 512 512 1
F9 513 513 1
F9 513 513 1
F9 600 600 1
F9 600 600 1
F9 767 767 1
F9 767 767 1
F9 999 999 1
F9 999 999 1
F9 1200 1200 1
F9 1200 1200 1
F9 1499 1499 1
F9 1499 1499 1
F8 2 2 1
F8 2 2 1
F8 2 2 1
F8 2 2 1
F8 2 2 1
F8 2 2 1
