==14== Memcheck, a memory error detector
==14== Copyright (C) 2002-2022, and GNU GPL'd, by Julian Seward et al.
==14== Using Valgrind-3.22.0 and LibVEX; rerun with -h for copyright info
==14== Command: lanes/f-slice11/build/test_gfunc_log
==14== 
ok   conservative_Log
ok   other_slice_A_calls
local_selection: 6784 rows, 20 complete H=5 images, 101035 memberships
ok   local_selection
real_selection: 6 intervals, 5 precisions, 120 wrapper calls, mpmath 800-bit endpoints
ok   real_selection
ok   slice_A_status_and_limits
large_prime_routes: p=65537, restricted comparison/additivity at N=3, witness at N=2
large_prime_routes: p=18446744073709551557, restricted comparison/additivity at N=3, witness at N=2
ok   large_prime_routes
ok   compact_lifts_and_large_content
ok   real_precision_ceiling
ok   refinement_witness
refinement_selection: 280 rows, 525 local projections, 73056 two-period memberships
ok   refinement_selection
ok   refinement_status_and_limits
ok   large_prime_torsion_routes
12 tests, 2194049 checks, 0 failed checks, 0 failed tests
==14== 
==14== HEAP SUMMARY:
==14==     in use at exit: 0 bytes in 0 blocks
==14==   total heap usage: 613,570 allocs, 613,570 frees, 460,557,435 bytes allocated
==14== 
==14== All heap blocks were freed -- no leaks are possible
==14== 
==14== For lists of detected and suppressed errors, rerun with: -s
==14== ERROR SUMMARY: 0 errors from 0 contexts (suppressed: 0 from 0)
