==90== Memcheck, a memory error detector
==90== Copyright (C) 2002-2022, and GNU GPL'd, by Julian Seward et al.
==90== Using Valgrind-3.22.0 and LibVEX; rerun with -h for copyright info
==90== Command: lanes/f-slice11/build/test_gfunc_log
==90== 
==90== Conditional jump or move depends on uninitialised value(s)
==90==    at 0x48524EE: bcmp (in /home/tobias/.local/opt/valgrind/usr/libexec/valgrind/vgpreload_memcheck-amd64-linux.so)
==90==    by 0x10F48A: fail_at (test_gfunc_log.c:226)
==90==    by 0x112594: adf_test_fn_slice_A_status_and_limits (test_gfunc_log.c:238)
==90==    by 0x114B68: gfunc_log_test_main (test_runner.h:162)
==90==    by 0x10D7E9: main (test_gfunc_log.c:550)
==90== 
==90== Conditional jump or move depends on uninitialised value(s)
==90==    at 0x48524EE: bcmp (in /home/tobias/.local/opt/valgrind/usr/libexec/valgrind/vgpreload_memcheck-amd64-linux.so)
==90==    by 0x10F48A: fail_at (test_gfunc_log.c:226)
==90==    by 0x1125BF: adf_test_fn_slice_A_status_and_limits (test_gfunc_log.c:239)
==90==    by 0x114B68: gfunc_log_test_main (test_runner.h:162)
==90==    by 0x10D7E9: main (test_gfunc_log.c:550)
==90== 
==90== Conditional jump or move depends on uninitialised value(s)
==90==    at 0x48524EE: bcmp (in /home/tobias/.local/opt/valgrind/usr/libexec/valgrind/vgpreload_memcheck-amd64-linux.so)
==90==    by 0x10F48A: fail_at (test_gfunc_log.c:226)
==90==    by 0x1125ED: adf_test_fn_slice_A_status_and_limits (test_gfunc_log.c:240)
==90==    by 0x114B68: gfunc_log_test_main (test_runner.h:162)
==90==    by 0x10D7E9: main (test_gfunc_log.c:550)
==90== 
==90== Conditional jump or move depends on uninitialised value(s)
==90==    at 0x48524EE: bcmp (in /home/tobias/.local/opt/valgrind/usr/libexec/valgrind/vgpreload_memcheck-amd64-linux.so)
==90==    by 0x10F48A: fail_at (test_gfunc_log.c:226)
==90==    by 0x11260E: adf_test_fn_slice_A_status_and_limits (test_gfunc_log.c:241)
==90==    by 0x114B68: gfunc_log_test_main (test_runner.h:162)
==90==    by 0x10D7E9: main (test_gfunc_log.c:550)
==90== 
==90== Conditional jump or move depends on uninitialised value(s)
==90==    at 0x48524EE: bcmp (in /home/tobias/.local/opt/valgrind/usr/libexec/valgrind/vgpreload_memcheck-amd64-linux.so)
==90==    by 0x10F48A: fail_at (test_gfunc_log.c:226)
==90==    by 0x112632: adf_test_fn_slice_A_status_and_limits (test_gfunc_log.c:242)
==90==    by 0x114B68: gfunc_log_test_main (test_runner.h:162)
==90==    by 0x10D7E9: main (test_gfunc_log.c:550)
==90== 
==90== Conditional jump or move depends on uninitialised value(s)
==90==    at 0x48524EE: bcmp (in /home/tobias/.local/opt/valgrind/usr/libexec/valgrind/vgpreload_memcheck-amd64-linux.so)
==90==    by 0x10F48A: fail_at (test_gfunc_log.c:226)
==90==    by 0x112662: adf_test_fn_slice_A_status_and_limits (test_gfunc_log.c:244)
==90==    by 0x114B68: gfunc_log_test_main (test_runner.h:162)
==90==    by 0x10D7E9: main (test_gfunc_log.c:550)
==90== 
==90== Conditional jump or move depends on uninitialised value(s)
==90==    at 0x48524EE: bcmp (in /home/tobias/.local/opt/valgrind/usr/libexec/valgrind/vgpreload_memcheck-amd64-linux.so)
==90==    by 0x1127C2: adf_test_fn_slice_A_status_and_limits (test_gfunc_log.c:252)
==90==    by 0x114B68: gfunc_log_test_main (test_runner.h:162)
==90==    by 0x10D7E9: main (test_gfunc_log.c:550)
==90== 
==90== Conditional jump or move depends on uninitialised value(s)
==90==    at 0x48524EE: bcmp (in /home/tobias/.local/opt/valgrind/usr/libexec/valgrind/vgpreload_memcheck-amd64-linux.so)
==90==    by 0x10F48A: fail_at (test_gfunc_log.c:226)
==90==    by 0x112B7C: adf_test_fn_slice_A_status_and_limits (test_gfunc_log.c:268)
==90==    by 0x114B68: gfunc_log_test_main (test_runner.h:162)
==90==    by 0x10D7E9: main (test_gfunc_log.c:550)
==90== 
==90== Conditional jump or move depends on uninitialised value(s)
==90==    at 0x48524EE: bcmp (in /home/tobias/.local/opt/valgrind/usr/libexec/valgrind/vgpreload_memcheck-amd64-linux.so)
==90==    by 0x10F48A: fail_at (test_gfunc_log.c:226)
==90==    by 0x112BBC: adf_test_fn_slice_A_status_and_limits (test_gfunc_log.c:270)
==90==    by 0x114B68: gfunc_log_test_main (test_runner.h:162)
==90==    by 0x10D7E9: main (test_gfunc_log.c:550)
==90== 
ok   conservative_Log
ok   other_slice_A_calls
local_selection: 6784 rows, 20 complete H=5 images, 101035 memberships
ok   local_selection
real_selection: 6 intervals, 5 precisions, 120 wrapper calls, mpmath 800-bit endpoints
ok   real_selection
ok   slice_A_status_and_limits
large_prime_routes: p=65537, restricted comparison/additivity at N=3, witness at N=2
large_prime_routes: p=18446744073709551557, restricted comparison/additivity at N=3, witness at N=2
ok   large_prime_routes
ok   compact_lifts_and_large_content
ok   real_precision_ceiling
ok   refinement_witness
refinement_selection: 280 rows, 525 local projections, 73056 two-period memberships
ok   refinement_selection
ok   refinement_status_and_limits
ok   large_prime_torsion_routes
12 tests, 2194049 checks, 0 failed checks, 0 failed tests
==90== 
==90== HEAP SUMMARY:
==90==     in use at exit: 0 bytes in 0 blocks
==90==   total heap usage: 613,570 allocs, 613,570 frees, 460,557,435 bytes allocated
==90== 
==90== All heap blocks were freed -- no leaks are possible
==90== 
==90== Use --track-origins=yes to see where uninitialised values come from
==90== For lists of detected and suppressed errors, rerun with: -s
==90== ERROR SUMMARY: 36 errors from 9 contexts (suppressed: 0 from 0)
