mutate: src/adele.c: 169 mutants
mutate: the baseline passes (14.8 s)

SURVIVED src/adele.c:279:5 swap_args: 'arb_add(z->inf, x->inf, t, prec)' -> 'arb_add(z->inf, t, x->inf, prec)'
  the tests pass with the mutant
  --- a/src/adele.c
  +++ b/src/adele.c
  @@ -277,5 +277,5 @@
       adf_fball_set_rat(fq, q);
   
  -    arb_add(z->inf, x->inf, t, prec);
  +    arb_add(z->inf, t, x->inf, prec);
       adf_fball_add(&z->fin, &x->fin, fq);
   


SURVIVED src/adele.c:471:5 swap_args: 'adf_fball_add(&z->fin, &x->fin, &y->fin)' -> 'adf_fball_add(&z->fin, &y->fin, &x->fin)'
  the tests pass with the mutant
  --- a/src/adele.c
  +++ b/src/adele.c
  @@ -469,5 +469,5 @@
       prec = adele_prec(prec);
       acb_add(z->inf, x->inf, y->inf, prec);
  -    adf_fball_add(&z->fin, &x->fin, &y->fin);
  +    adf_fball_add(&z->fin, &y->fin, &x->fin);
   }
   


SURVIVED src/adele.c:486:5 swap_args: 'acb_mul(z->inf, x->inf, y->inf, prec)' -> 'acb_mul(z->inf, y->inf, x->inf, prec)'
  the tests pass with the mutant
  --- a/src/adele.c
  +++ b/src/adele.c
  @@ -484,5 +484,5 @@
   {
       prec = adele_prec(prec);
  -    acb_mul(z->inf, x->inf, y->inf, prec);
  +    acb_mul(z->inf, y->inf, x->inf, prec);
       adf_fball_mul(&z->fin, &x->fin, &y->fin);
   }


SURVIVED src/adele.c:516:5 swap_args: 'adf_fball_add(&z->fin, &x->fin, fq)' -> 'adf_fball_add(&z->fin, fq, &x->fin)'
  the tests pass with the mutant
  --- a/src/adele.c
  +++ b/src/adele.c
  @@ -514,5 +514,5 @@
   
       acb_add(z->inf, x->inf, t, prec);
  -    adf_fball_add(&z->fin, &x->fin, fq);
  +    adf_fball_add(&z->fin, fq, &x->fin);
   
       fmpq_clear(tq);


SURVIVED src/adele.c:515:5 swap_args: 'acb_add(z->inf, x->inf, t, prec)' -> 'acb_add(z->inf, t, x->inf, prec)'
  the tests pass with the mutant
  --- a/src/adele.c
  +++ b/src/adele.c
  @@ -513,5 +513,5 @@
       adf_fball_set_rat(fq, q);
   
  -    acb_add(z->inf, x->inf, t, prec);
  +    acb_add(z->inf, t, x->inf, prec);
       adf_fball_add(&z->fin, &x->fin, fq);
   


SURVIVED src/adele.c:242:5 swap_args: 'arb_mul(z->inf, x->inf, y->inf, prec)' -> 'arb_mul(z->inf, y->inf, x->inf, prec)'
  the tests pass with the mutant
  --- a/src/adele.c
  +++ b/src/adele.c
  @@ -240,5 +240,5 @@
   {
       prec = adele_prec(prec);
  -    arb_mul(z->inf, x->inf, y->inf, prec);
  +    arb_mul(z->inf, y->inf, x->inf, prec);
       adf_fball_mul(&z->fin, &x->fin, &y->fin);
   }


SURVIVED src/adele.c:218:5 swap_args: 'arb_add(z->inf, x->inf, y->inf, prec)' -> 'arb_add(z->inf, y->inf, x->inf, prec)'
  the tests pass with the mutant
  --- a/src/adele.c
  +++ b/src/adele.c
  @@ -216,5 +216,5 @@
   {
       prec = adele_prec(prec);
  -    arb_add(z->inf, x->inf, y->inf, prec);
  +    arb_add(z->inf, y->inf, x->inf, prec);
       adf_fball_add(&z->fin, &x->fin, &y->fin);
   }


SURVIVED src/adele.c:280:5 swap_args: 'adf_fball_add(&z->fin, &x->fin, fq)' -> 'adf_fball_add(&z->fin, fq, &x->fin)'
  the tests pass with the mutant
  --- a/src/adele.c
  +++ b/src/adele.c
  @@ -278,5 +278,5 @@
   
       arb_add(z->inf, x->inf, t, prec);
  -    adf_fball_add(&z->fin, &x->fin, fq);
  +    adf_fball_add(&z->fin, fq, &x->fin);
   
       fmpq_clear(tq);


SURVIVED src/adele.c:53:17 cmp: '<' -> '<='
  the tests pass with the mutant
  --- a/src/adele.c
  +++ b/src/adele.c
  @@ -51,5 +51,5 @@
   adele_prec(slong prec)
   {
  -    return prec < 2 ? 2 : prec;
  +    return prec <= 2 ? 2 : prec;
   }
   


SURVIVED src/adele.c:487:5 swap_args: 'adf_fball_mul(&z->fin, &x->fin, &y->fin)' -> 'adf_fball_mul(&z->fin, &y->fin, &x->fin)'
  the tests pass with the mutant
  --- a/src/adele.c
  +++ b/src/adele.c
  @@ -485,5 +485,5 @@
       prec = adele_prec(prec);
       acb_mul(z->inf, x->inf, y->inf, prec);
  -    adf_fball_mul(&z->fin, &x->fin, &y->fin);
  +    adf_fball_mul(&z->fin, &y->fin, &x->fin);
   }
   


SURVIVED src/adele.c:470:5 swap_args: 'acb_add(z->inf, x->inf, y->inf, prec)' -> 'acb_add(z->inf, y->inf, x->inf, prec)'
  the tests pass with the mutant
  --- a/src/adele.c
  +++ b/src/adele.c
  @@ -468,5 +468,5 @@
   {
       prec = adele_prec(prec);
  -    acb_add(z->inf, x->inf, y->inf, prec);
  +    acb_add(z->inf, y->inf, x->inf, prec);
       adf_fball_add(&z->fin, &x->fin, &y->fin);
   }


SURVIVED src/adele.c:219:5 swap_args: 'adf_fball_add(&z->fin, &x->fin, &y->fin)' -> 'adf_fball_add(&z->fin, &y->fin, &x->fin)'
  the tests pass with the mutant
  --- a/src/adele.c
  +++ b/src/adele.c
  @@ -217,5 +217,5 @@
       prec = adele_prec(prec);
       arb_add(z->inf, x->inf, y->inf, prec);
  -    adf_fball_add(&z->fin, &x->fin, &y->fin);
  +    adf_fball_add(&z->fin, &y->fin, &x->fin);
   }
   


SURVIVED src/adele.c:243:5 swap_args: 'adf_fball_mul(&z->fin, &x->fin, &y->fin)' -> 'adf_fball_mul(&z->fin, &y->fin, &x->fin)'
  the tests pass with the mutant
  --- a/src/adele.c
  +++ b/src/adele.c
  @@ -241,5 +241,5 @@
       prec = adele_prec(prec);
       arb_mul(z->inf, x->inf, y->inf, prec);
  -    adf_fball_mul(&z->fin, &x->fin, &y->fin);
  +    adf_fball_mul(&z->fin, &y->fin, &x->fin);
   }
   


NOT COMPILED src/adele.c:451:5 drop_call: 'acb_set(z, x->inf);' -> '' (the statement is removed)
  src/adele.c:449:30: error: unused parameter ‘z’ [-Werror=unused-parameter]

NOT COMPILED src/adele.c:561:5 drop_assign: 'st = adf_fball_div_rat(fq, &x->fin, q);' -> '' (the statement is removed)
  src/adele.c:562:8: error: ‘st’ may be used uninitialized [-Werror=maybe-uninitialized]

NOT COMPILED src/adele.c:440:5 drop_call: 'adf_fball_set(&y->fin, f);' -> '' (the statement is removed)
  src/adele.c:434:75: error: unused parameter ‘f’ [-Werror=unused-parameter]

NOT COMPILED src/adele.c:334:5 drop_assign: 'st = adf_fball_div_rat(fq, &x->fin, q);' -> '' (the statement is removed)
  src/adele.c:335:8: error: ‘st’ may be used uninitialized [-Werror=maybe-uninitialized]

NOT COMPILED src/adele.c:457:5 drop_call: 'adf_fball_set(f, &x->fin);' -> '' (the statement is removed)
  src/adele.c:455:32: error: unused parameter ‘f’ [-Werror=unused-parameter]

NOT COMPILED src/adele.c:194:5 drop_call: 'arb_set(r, x->inf);' -> '' (the statement is removed)
  src/adele.c:189:28: error: unused parameter ‘r’ [-Werror=unused-parameter]

NOT COMPILED src/adele.c:204:5 drop_call: 'adf_fball_set(f, &x->fin);' -> '' (the statement is removed)
  src/adele.c:202:31: error: unused parameter ‘f’ [-Werror=unused-parameter]

NOT COMPILED src/adele.c:168:5 drop_call: 'adf_fball_set(&y->fin, f);' -> '' (the statement is removed)
  src/adele.c:162:73: error: unused parameter ‘f’ [-Werror=unused-parameter]

NOT COMPILED src/adele.c:180:5 drop_call: 'arb_set(r, x->inf);' -> '' (the statement is removed)
  src/adele.c:178:26: error: unused parameter ‘r’ [-Werror=unused-parameter]

mutate: 169 mutants in 2337.2 s: 147 killed, 13 survived, 9 not compiled, 0 timed out, 0 excused
mutate: FAILED: 13 mutant(s) survived; each one is a claim the tests do not check
make: *** [Makefile:211: mutate] Error 1
