==8== Memcheck, a memory error detector
==8== Copyright (C) 2002-2022, and GNU GPL'd, by Julian Seward et al.
==8== Using Valgrind-3.22.0 and LibVEX; rerun with -h for copyright info
==8== Command: docs/reviews/m1/dump/checks/fuzz-gcc-o0
==8== 
==8== Conditional jump or move depends on uninitialised value(s)
==8==    at 0x113702: same_bytes (fuzz_dump.c:95)
==8==    by 0x113941: load_one (fuzz_dump.c:125)
==8==    by 0x1147EA: fuzz_type (fuzz_dump.c:283)
==8==    by 0x114D2E: LLVMFuzzerTestOneInput (fuzz_dump.c:363)
==8==    by 0x114E0D: main (fuzz_driver.c:6)
==8== 
==8== 
==8== Process terminating with default action of signal 6 (SIGABRT)
==8==    at 0x5575C0C: __pthread_kill_implementation (pthread_kill.c:44)
==8==    by 0x5575C0C: __pthread_kill_internal (pthread_kill.c:78)
==8==    by 0x5575C0C: pthread_kill@@GLIBC_2.34 (pthread_kill.c:89)
==8==    by 0x551C27D: raise (raise.c:26)
==8==    by 0x54FF8FE: abort (abort.c:79)
==8==    by 0x113735: same_bytes (fuzz_dump.c:95)
==8==    by 0x113941: load_one (fuzz_dump.c:125)
==8==    by 0x1147EA: fuzz_type (fuzz_dump.c:283)
==8==    by 0x114D2E: LLVMFuzzerTestOneInput (fuzz_dump.c:363)
==8==    by 0x114E0D: main (fuzz_driver.c:6)
==8== 
==8== HEAP SUMMARY:
==8==     in use at exit: 1,086 bytes in 17 blocks
==8==   total heap usage: 23 allocs, 6 frees, 1,190 bytes allocated
==8== 
==8== LEAK SUMMARY:
==8==    definitely lost: 0 bytes in 0 blocks
==8==    indirectly lost: 0 bytes in 0 blocks
==8==      possibly lost: 0 bytes in 0 blocks
==8==    still reachable: 1,086 bytes in 17 blocks
==8==         suppressed: 0 bytes in 0 blocks
==8== Rerun with --leak-check=full to see details of leaked memory
==8== 
==8== Use --track-origins=yes to see where uninitialised values come from
==8== For lists of detected and suppressed errors, rerun with: -s
==8== ERROR SUMMARY: 1 errors from 1 contexts (suppressed: 0 from 0)
fuzz_gcc_o0_exit=134
