==3== Memcheck, a memory error detector
==3== Copyright (C) 2002-2022, and GNU GPL'd, by Julian Seward et al.
==3== Using Valgrind-3.22.0 and LibVEX; rerun with -h for copyright info
==3== Command: docs/reviews/m1/dump/checks/roundtrip
==3== 
==3== Conditional jump or move depends on uninitialised value(s)
==3==    at 0x10CFF5: main (roundtrip.c:87)
==3== 
==3== Conditional jump or move depends on uninitialised value(s)
==3==    at 0x10CFB3: main (roundtrip.c:93)
==3== 
==3== Conditional jump or move depends on uninitialised value(s)
==3==    at 0x10D093: main (roundtrip.c:96)
==3== 
roundtrips=6000 checks=27029 failures=0
==3== 
==3== HEAP SUMMARY:
==3==     in use at exit: 0 bytes in 0 blocks
==3==   total heap usage: 29,431 allocs, 29,431 frees, 1,437,207 bytes allocated
==3== 
==3== All heap blocks were freed -- no leaks are possible
==3== 
==3== Use --track-origins=yes to see where uninitialised values come from
==3== For lists of detected and suppressed errors, rerun with: -s
==3== ERROR SUMMARY: 7 errors from 3 contexts (suppressed: 0 from 0)
==3== could not unlink /tmp/vgdb-pipe-from-vgdb-to-3-by-tobias-on-???
==3== could not unlink /tmp/vgdb-pipe-to-vgdb-from-3-by-tobias-on-???
==3== could not unlink /tmp/vgdb-pipe-shared-mem-vgdb-3-by-tobias-on-???
