texts=150000 bodies=15 seed=2026092807
reference_mismatches=28 contract_failures=0 independent_predicates=24150
typed_mismatches=0 independent_mismatches=0
rat OK=0 DOMAIN=4653 UNSUPPORTED=0 PARSE=5134 LIMIT=213
fball OK=1727 DOMAIN=2937 UNSUPPORTED=0 PARSE=5033 LIMIT=303
scaled OK=4134 DOMAIN=646 UNSUPPORTED=0 PARSE=4846 LIMIT=374
adele OK=1781 DOMAIN=3200 UNSUPPORTED=0 PARSE=4723 LIMIT=296
cadele OK=1856 DOMAIN=3216 UNSUPPORTED=0 PARSE=4640 LIMIT=288
ucoset OK=0 DOMAIN=4623 UNSUPPORTED=0 PARSE=5164 LIMIT=213
idele OK=0 DOMAIN=5040 UNSUPPORTED=0 PARSE=4747 LIMIT=213
idclass OK=0 DOMAIN=5184 UNSUPPORTED=0 PARSE=4603 LIMIT=213
lball OK=0 DOMAIN=4611 UNSUPPORTED=39 PARSE=4922 LIMIT=428
sball OK=0 DOMAIN=4665 UNSUPPORTED=30 PARSE=4774 LIMIT=531
qclass OK=876 DOMAIN=3771 UNSUPPORTED=0 PARSE=4952 LIMIT=401
ffun OK=0 DOMAIN=4668 UNSUPPORTED=0 PARSE=5004 LIMIT=328
rfun OK=0 DOMAIN=5069 UNSUPPORTED=0 PARSE=4601 LIMIT=330
char OK=0 DOMAIN=5203 UNSUPPORTED=25 PARSE=4560 LIMIT=212
modctx OK=3892 DOMAIN=628 UNSUPPORTED=0 PARSE=5130 LIMIT=350
MISMATCH (6223, 'adf1 Q char 40000001 1 -1 a 0 0 -11 6 0 0', 'UNSUPPORTED', 'DOMAIN')
MISMATCH (16678, 'adf1 Q char 40000001 1 -11 -31 0 0 3 f 20000001 d', 'UNSUPPORTED', 'DOMAIN')
MISMATCH (19933, 'adf1 Q char 40000001 1 3 28 3 28 3 2b 3fffffff 5', 'UNSUPPORTED', 'DOMAIN')
MISMATCH (27583, 'adf1 Q char 40000001 1 -1 -1a 20000001 -2 3 -24 3fffffff 25', 'UNSUPPORTED', 'DOMAIN')
MISMATCH (32743, 'adf1 Q char 40000001 1 -11 22 20000001 4 40000000000000000000001 16 1 2a', 'UNSUPPORTED', 'DOMAIN')
MISMATCH (36193, 'adf1 Q char 40000001 1 0 0 3 -28 0 0 0 0', 'UNSUPPORTED', 'DOMAIN')
MISMATCH (37783, 'adf1 Q char 40000001 1 -1 a 0 0 40000000000000000000001 -5 3fffffff 26', 'UNSUPPORTED', 'DOMAIN')
MISMATCH (43438, 'adf1 Q char 40000001 1 -1 -2e 20000001 -20 -1 -b 3fffffff -12', 'UNSUPPORTED', 'DOMAIN')
MISMATCH (45598, 'adf1 Q char 40000001 1 -1 -17 3 21 -1 -11 3 26', 'UNSUPPORTED', 'DOMAIN')
MISMATCH (67753, 'adf1 Q char 40000001 1 -11 28 3fffffff -2c 3 -27 20000001 -1d', 'UNSUPPORTED', 'DOMAIN')
MISMATCH (75328, 'adf1 Q char 40000001 1 -11 -2c 0 0 0 0 3fffffff -10', 'UNSUPPORTED', 'DOMAIN')
MISMATCH (79393, 'adf1 Q char 40000001 1 0 0 1 2 0 0 3 -2a', 'UNSUPPORTED', 'DOMAIN')
MISMATCH (85768, 'adf1 Q char 40000001 1 3 23 0 0 0 0 3 1e', 'UNSUPPORTED', 'DOMAIN')
MISMATCH (90853, 'adf1 Q char 40000001 1 -1 31 3fffffff b -11 -1d 3fffffff -2b', 'UNSUPPORTED', 'DOMAIN')
MISMATCH (93223, 'adf1 Q char 40000001 1 -1 -17 3fffffff 19 40000000000000000000001 7 3fffffff -22', 'UNSUPPORTED', 'DOMAIN')
MISMATCH (100303, 'adf1 Q char 40000001 1 -1 -18 20000001 d 40000000000000000000001 1d 1 22', 'UNSUPPORTED', 'DOMAIN')
MISMATCH (112708, 'adf1 Q char 40000001 1 0 0 3 2c -1 -2b 3fffffff 1c', 'UNSUPPORTED', 'DOMAIN')
MISMATCH (115393, 'adf1 Q char 40000001 1 40000000000000000000001 11 3fffffff 1c -11 c 1 5', 'UNSUPPORTED', 'DOMAIN')
MISMATCH (129493, 'adf1 Q char 40000001 1 40000000000000000000001 1a 3fffffff 2 -1 -9 3 -2f', 'UNSUPPORTED', 'DOMAIN')
MISMATCH (133288, 'adf1 Q char 40000001 1 1 -1d 3fffffff -29 40000000000000000000001 -8 20000001 5', 'UNSUPPORTED', 'DOMAIN')
MISMATCH (136003, 'adf1 Q char 40000001 1 -11 -26 3fffffff 1d -1 28 1 14', 'UNSUPPORTED', 'DOMAIN')
MISMATCH (139243, 'adf1 Q char 40000001 1 1 -25 3 11 -11 -7 20000001 d', 'UNSUPPORTED', 'DOMAIN')
MISMATCH (140818, 'adf1 Q char 40000001 1 40000000000000000000001 -23 3 -11 1 -b 3 12', 'UNSUPPORTED', 'DOMAIN')
MISMATCH (141793, 'adf1 Q char 40000001 1 1 31 3fffffff -21 0 0 0 0', 'UNSUPPORTED', 'DOMAIN')
MISMATCH (144073, 'adf1 Q char 40000001 1 0 0 20000001 -26 -11 -6 3fffffff 12', 'UNSUPPORTED', 'DOMAIN')
MISMATCH (146353, 'adf1 Q char 40000001 1 1 -1c 20000001 -14 -11 -c 20000001 2a', 'UNSUPPORTED', 'DOMAIN')
MISMATCH (147988, 'adf1 Q char 40000001 1 40000000000000000000001 -25 0 0 0 0 1 17', 'UNSUPPORTED', 'DOMAIN')
MISMATCH (148378, 'adf1 Q char 40000001 1 -1 -31 3fffffff 1c 40000000000000000000001 f 3fffffff 8', 'UNSUPPORTED', 'DOMAIN')
TYPED rat OK=4326 DOMAIN=327 UNSUPPORTED=0 PARSE=5134 LIMIT=213
TYPED fball OK=4138 DOMAIN=526 UNSUPPORTED=0 PARSE=5033 LIMIT=303
TYPED scaled OK=4134 DOMAIN=646 UNSUPPORTED=0 PARSE=4846 LIMIT=374
TYPED adele OK=4367 DOMAIN=614 UNSUPPORTED=0 PARSE=4723 LIMIT=296
TYPED cadele OK=4444 DOMAIN=628 UNSUPPORTED=0 PARSE=4640 LIMIT=288
Traceback (most recent call last):
  File "/home/tobias/Projects/adelefeld-wt/m1-review-dump/docs/reviews/m1/dump/checks/differential.py", line 208, in <module>
    assert not mismatches and not contract and not typed_mismatches and not own_bad
           ^^^^^^^^^^^^^^^^^^^^^^^^^^^^^^^^^^^^^^^^^^^^^^^^^^^^^^^^^^^^^^^^^^^^^^^^
AssertionError
