==10== Memcheck, a memory error detector
==10== Copyright (C) 2002-2022, and GNU GPL'd, by Julian Seward et al.
==10== Using Valgrind-3.22.0 and LibVEX; rerun with -h for copyright info
==10== Command: docs/reviews/m1/dump/checks/fuzz-gcc-o0
==10== 
==10== Conditional jump or move depends on uninitialised value(s)
==10==    at 0x113702: same_bytes (fuzz_dump.c:95)
==10==    by 0x113941: load_one (fuzz_dump.c:125)
==10==    by 0x1147EA: fuzz_type (fuzz_dump.c:283)
==10==    by 0x114D2E: LLVMFuzzerTestOneInput (fuzz_dump.c:363)
==10==    by 0x114E0D: main (fuzz_driver.c:6)
==10==  Uninitialised value was created by a stack allocation
==10==    at 0x11374E: load_one (fuzz_dump.c:106)
==10== 
==10== 
==10== Process terminating with default action of signal 6 (SIGABRT)
==10==    at 0x5575C0C: __pthread_kill_implementation (pthread_kill.c:44)
==10==    by 0x5575C0C: __pthread_kill_internal (pthread_kill.c:78)
==10==    by 0x5575C0C: pthread_kill@@GLIBC_2.34 (pthread_kill.c:89)
==10==    by 0x551C27D: raise (raise.c:26)
==10==    by 0x54FF8FE: abort (abort.c:79)
==10==    by 0x113735: same_bytes (fuzz_dump.c:95)
==10==    by 0x113941: load_one (fuzz_dump.c:125)
==10==    by 0x1147EA: fuzz_type (fuzz_dump.c:283)
==10==    by 0x114D2E: LLVMFuzzerTestOneInput (fuzz_dump.c:363)
==10==    by 0x114E0D: main (fuzz_driver.c:6)
==10== 
==10== HEAP SUMMARY:
==10==     in use at exit: 1,086 bytes in 17 blocks
==10==   total heap usage: 23 allocs, 6 frees, 1,190 bytes allocated
==10== 
==10== LEAK SUMMARY:
==10==    definitely lost: 0 bytes in 0 blocks
==10==    indirectly lost: 0 bytes in 0 blocks
==10==      possibly lost: 0 bytes in 0 blocks
==10==    still reachable: 1,086 bytes in 17 blocks
==10==         suppressed: 0 bytes in 0 blocks
==10== Rerun with --leak-check=full to see details of leaked memory
==10== 
==10== For lists of detected and suppressed errors, rerun with: -s
==10== ERROR SUMMARY: 1 errors from 1 contexts (suppressed: 0 from 0)
