   isolate: 68 runs on the 17 nonconstant REAL_CASES, 68 true by the oracle
ok   isolate_on_real_cases
   REAL_CASES: 90 runs (prec 2, 20, 53, 200, 2000), 90 lists true by the oracle
ok   real_cases_end_to_end
   pair: e up to 10000, the slowest call 0.0003 s (bound 10.0 s)
   thirds: e up to 10000, the slowest call 0.0008 s (bound 10.0 s)
ok   slow_family_pair_with_a_bound_on_the_time
   close: e up to 10000, the slowest call 0.0005 s (bound 10.0 s)
   cthirds: e up to 10000, the slowest call 0.0744 s (bound 10.0 s)
ok   close_small_roots
ok   wilkinson_20_and_mignotte
ok   dyadic_roots_and_zero_are_exact_balls
ok   no_root_degree_one_multiple_and_negative_lead
   touching cells: 7 sets at 15 precisions, 98 nested pairs of lists
ok   touching_cells_and_nesting
   random: 330 calls, 221 roots in the random integer polynomials
ok   random_planted_and_random_polynomials
ok   limit_for_roots_outside_the_admissible_size
   high precision: the slowest call 1.3469 s (bound 30 s)
ok   high_precision_with_a_bound_on_the_time
   review input 0: 0.156127 s, status 0, roots 4
   review input 1: 0.029038 s, status 0, roots 0
   review input 2: 0.004067 s, status 0, roots 0
   review input 3: 0.001570 s, status 0, roots 2
ok   review_cost_inputs
   minimum scale pair 1: status 0, roots 2, exponent -16777206
   minimum scale pair 2: status 0, roots 2, exponent -16777206
   minimum scale pair 3: status 0, roots 2, exponent -16777206
ok   planted_roots_near_minimum_scale
13 tests, 19207 checks, 0 failed checks, 0 failed tests
