   isolate: 68 runs on the 17 nonconstant REAL_CASES, 68 true by the oracle
ok   isolate_on_real_cases
   REAL_CASES: 90 runs (prec 2, 20, 53, 200, 2000), 90 lists true by the oracle
ok   real_cases_end_to_end
   pair: e up to 10000, the slowest call 0.0003 s (bound 10.0 s)
   thirds: e up to 10000, the slowest call 0.0006 s (bound 10.0 s)
ok   slow_family_pair_with_a_bound_on_the_time
   close: e up to 10000, the slowest call 0.0004 s (bound 10.0 s)
   cthirds: e up to 10000, the slowest call 0.0571 s (bound 10.0 s)
ok   close_small_roots
ok   wilkinson_20_and_mignotte
ok   dyadic_roots_and_zero_are_exact_balls
ok   no_root_degree_one_multiple_and_negative_lead
   touching cells: 7 sets at 15 precisions, 98 nested pairs of lists
ok   touching_cells_and_nesting
   random: 330 calls, 221 roots in the random integer polynomials
ok   random_planted_and_random_polynomials
ok   limit_for_roots_outside_the_admissible_size
   high precision: the slowest call 1.5020 s (bound 30 s)
ok   high_precision_with_a_bound_on_the_time
   review input 0: 1.530852 s, status 0, roots 4
   review input 1: 0.030746 s, status 0, roots 0
   review input 2: 0.004205 s, status 0, roots 0
   review input 3: 0.001372 s, status 0, roots 2
ok   review_cost_inputs
12 tests, 19189 checks, 0 failed checks, 0 failed tests
