mutate: src/status.c: 19 mutants
mutate: src/place.c: 9 mutants
mutate: src/rat.c: 8 mutants
mutate: src/inlines.c: 0 mutants
mutate: the baseline passes (5.8 s)

NOT COMPILED src/status.c:27:27 cmp: '==' -> '!='
  src/status.c:27:1: error: static assertion failed: "conventions 3.1: ADF_DOMAIN is 7"

NOT COMPILED src/status.c:23:32 cmp: '==' -> '!='
  src/status.c:23:1: error: static assertion failed: "conventions 3.1: ADF_NEEDS_SPLIT is 3"

NOT COMPILED src/status.c:41:33 zero_one: '0' -> '1'
  src/status.c:41:1: error: static assertion failed: "conventions 2.1: ADF_CMP_EQUAL is 0"

NOT COMPILED src/status.c:43:34 cmp: '==' -> '!='
  src/status.c:43:1: error: static assertion failed: "conventions 2.1: ADF_CMP_UNDECIDED is 2"

NOT COMPILED src/status.c:25:32 cmp: '==' -> '!='
  src/status.c:25:1: error: static assertion failed: "conventions 3.1: ADF_NO_SOLUTION is 5"

NOT COMPILED src/place.c:56:29 op: '*' -> '+'
  src/place.c:56:29: error: expected ‘;’, ‘,’ or ‘)’ before ‘+’ token

NOT COMPILED src/status.c:22:39 cmp: '==' -> '!='
  src/status.c:22:1: error: static assertion failed: "conventions 3.1: ADF_UNIT_NOT_CERTIFIED is 2"

NOT COMPILED src/rat.c:222:5 swap_args: 'fmpq_add(z->q, x->q, y->q)' -> 'fmpq_add(x->q, y->q, z->q)'
  src/rat.c:222:15: error: passing argument 1 of ‘fmpq_add’ discards ‘const’ qualifier from pointer target type [-Werror=discarded-qualifiers]

NOT COMPILED src/status.c:21:38 zero_one: '1' -> '0'
  src/status.c:21:1: error: static assertion failed: "conventions 3.1: ADF_NOT_DETERMINED is 1"

NOT COMPILED src/status.c:30:26 cmp: '==' -> '!='
  src/status.c:30:1: error: static assertion failed: "conventions 3.1: ADF_LIMIT is 10"

NOT COMPILED src/status.c:26:29 cmp: '==' -> '!='
  src/status.c:26:1: error: static assertion failed: "conventions 3.1: ADF_NOT_UNIT is 6"

NOT COMPILED src/status.c:20:23 cmp: '==' -> '!='
  src/status.c:20:1: error: static assertion failed: "conventions 3.1: ADF_OK is 0"

NOT COMPILED src/status.c:20:26 zero_one: '0' -> '1'
  src/status.c:20:1: error: static assertion failed: "conventions 3.1: ADF_OK is 0"

NOT COMPILED src/status.c:42:34 cmp: '==' -> '!='
  src/status.c:42:1: error: static assertion failed: "conventions 2.1: ADF_CMP_DIFFERENT is 1"

NOT COMPILED src/status.c:28:32 cmp: '==' -> '!='
  src/status.c:28:1: error: static assertion failed: "conventions 3.1: ADF_UNSUPPORTED is 8"

NOT COMPILED src/rat.c:238:5 swap_args: 'fmpq_mul(z->q, x->q, y->q)' -> 'fmpq_mul(x->q, y->q, z->q)'
  src/rat.c:238:15: error: passing argument 1 of ‘fmpq_mul’ discards ‘const’ qualifier from pointer target type [-Werror=discarded-qualifiers]

NOT COMPILED src/place.c:56:29 op: '*' -> '/'
  src/place.c:56:29: error: expected ‘;’, ‘,’ or ‘)’ before ‘/’ token

NOT COMPILED src/status.c:29:26 cmp: '==' -> '!='
  src/status.c:29:1: error: static assertion failed: "conventions 3.1: ADF_PARSE is 9"

NOT COMPILED src/status.c:41:30 cmp: '==' -> '!='
  src/status.c:41:1: error: static assertion failed: "conventions 2.1: ADF_CMP_EQUAL is 0"

NOT COMPILED src/status.c:24:31 cmp: '==' -> '!='
  src/status.c:24:1: error: static assertion failed: "conventions 3.1: ADF_NOT_UNIQUE is 4"

NOT COMPILED src/status.c:33:33 cmp: '==' -> '!='
  src/status.c:33:1: error: static assertion failed: "there are eleven status codes"

NOT COMPILED src/status.c:21:35 cmp: '==' -> '!='
  src/status.c:21:1: error: static assertion failed: "conventions 3.1: ADF_NOT_DETERMINED is 1"

NOT COMPILED src/status.c:42:37 zero_one: '1' -> '0'
  src/status.c:42:1: error: static assertion failed: "conventions 2.1: ADF_CMP_DIFFERENT is 1"

mutate: 36 mutants in 58.6 s: 13 killed, 0 survived, 23 not compiled, 0 timed out, 0 excused
mutate: passed: every mutant was killed, or is excused in tools/mutate/equivalent.txt
