cases: 4000
  add prec=2: 92
  add prec=3: 98
  add prec=4: 103
  add prec=7: 76
  add prec=10: 97
  add prec=53: 103
  add prec=128: 95
  div prec=2: 83
  div prec=3: 98
  div prec=4: 92
  div prec=7: 99
  div prec=10: 104
  div prec=53: 97
  div prec=128: 85
  mul prec=2: 118
  mul prec=3: 97
  mul prec=4: 112
  mul prec=7: 78
  mul prec=10: 89
  mul prec=53: 88
  mul prec=128: 96
  set prec=2: 293
  set prec=3: 293
  set prec=4: 307
  set prec=7: 253
  set prec=10: 290
  set prec=53: 288
  set prec=128: 276
failures: 0
