==1225961== Memcheck, a memory error detector
==1225961== Copyright (C) 2002-2022, and GNU GPL'd, by Julian Seward et al.
==1225961== Using Valgrind-3.22.0 and LibVEX; rerun with -h for copyright info
==1225961== Command: ./build/test_scaled_alias
==1225961== 
ok   set_context_alias_exhaustive
ok   set_context_alias_exact
ok   set_context_alias_random
ok   add_rat_alias
ok   binary_ops_alias
ok   binary_domain_alias_untouched
ok   neg_mul_rat_alias
ok   set_fball_overwrite_and_lost
ok   cap_alias
9 tests, 142938 checks, 0 failed checks, 0 failed tests
==1225961== 
==1225961== HEAP SUMMARY:
==1225961==     in use at exit: 178,792 bytes in 4,066 blocks
==1225961==   total heap usage: 374,426 allocs, 370,360 frees, 86,588,768 bytes allocated
==1225961== 
==1225961== 224 bytes in 1 blocks are possibly lost in loss record 1 of 21
==1225961==    at 0x484DB80: realloc (in /home/tobias/.local/opt/valgrind/usr/libexec/valgrind/vgpreload_memcheck-amd64-linux.so)
==1225961==    by 0x5372928: __gmp_default_reallocate (in /usr/lib/x86_64-linux-gnu/libgmp.so.10.5.0)
==1225961==    by 0x5384133: __gmpz_realloc (in /usr/lib/x86_64-linux-gnu/libgmp.so.10.5.0)
==1225961==    by 0x49B38F0: ??? (in /usr/lib/x86_64-linux-gnu/libflint.so.18.0.1)
==1225961==    by 0x4A37EB5: _fmpq_gcd_cofactors (in /usr/lib/x86_64-linux-gnu/libflint.so.18.0.1)
==1225961==    by 0x4A380D8: fmpq_gcd_cofactors (in /usr/lib/x86_64-linux-gnu/libflint.so.18.0.1)
==1225961==    by 0x11A2FC: adf_scaled_set_context (scaled.c:266)
==1225961==    by 0x10E081: adf_test_fn_set_context_alias_random (test_scaled_alias.c:270)
==1225961==    by 0x10BFB8: main (test_runner.h:162)
==1225961== 
==1225961== 360 bytes in 1 blocks are possibly lost in loss record 2 of 21
==1225961==    at 0x484DB80: realloc (in /home/tobias/.local/opt/valgrind/usr/libexec/valgrind/vgpreload_memcheck-amd64-linux.so)
==1225961==    by 0x5372928: __gmp_default_reallocate (in /usr/lib/x86_64-linux-gnu/libgmp.so.10.5.0)
==1225961==    by 0x5384133: __gmpz_realloc (in /usr/lib/x86_64-linux-gnu/libgmp.so.10.5.0)
==1225961==    by 0x538693B: __gmpz_set (in /usr/lib/x86_64-linux-gnu/libgmp.so.10.5.0)
==1225961==    by 0x4A3874E: fmpq_set_fmpz_frac (in /usr/lib/x86_64-linux-gnu/libflint.so.18.0.1)
==1225961==    by 0x116FAC: fb_radius (fball.c:142)
==1225961==    by 0x116FAC: fb_equal_set_g (fball.c:905)
==1225961==    by 0x116FAC: adf_fball_equal_set (fball.c:936)
==1225961==    by 0x10E0C4: adf_test_fn_set_context_alias_random (test_scaled_alias.c:273)
==1225961==    by 0x10BFB8: main (test_runner.h:162)
==1225961== 
==1225961== 488 bytes in 1 blocks are possibly lost in loss record 3 of 21
==1225961==    at 0x484DB80: realloc (in /home/tobias/.local/opt/valgrind/usr/libexec/valgrind/vgpreload_memcheck-amd64-linux.so)
==1225961==    by 0x5372928: __gmp_default_reallocate (in /usr/lib/x86_64-linux-gnu/libgmp.so.10.5.0)
==1225961==    by 0x5384133: __gmpz_realloc (in /usr/lib/x86_64-linux-gnu/libgmp.so.10.5.0)
==1225961==    by 0x5386324: __gmpz_mul_si (in /usr/lib/x86_64-linux-gnu/libgmp.so.10.5.0)
==1225961==    by 0x4A38BAC: _fmpq_mul (in /usr/lib/x86_64-linux-gnu/libflint.so.18.0.1)
==1225961==    by 0x11A316: adf_scaled_set_context (scaled.c:267)
==1225961==    by 0x10E081: adf_test_fn_set_context_alias_random (test_scaled_alias.c:270)
==1225961==    by 0x10BFB8: main (test_runner.h:162)
==1225961== 
==1225961== 488 bytes in 1 blocks are possibly lost in loss record 4 of 21
==1225961==    at 0x484DB80: realloc (in /home/tobias/.local/opt/valgrind/usr/libexec/valgrind/vgpreload_memcheck-amd64-linux.so)
==1225961==    by 0x5372928: __gmp_default_reallocate (in /usr/lib/x86_64-linux-gnu/libgmp.so.10.5.0)
==1225961==    by 0x5384133: __gmpz_realloc (in /usr/lib/x86_64-linux-gnu/libgmp.so.10.5.0)
==1225961==    by 0x5386324: __gmpz_mul_si (in /usr/lib/x86_64-linux-gnu/libgmp.so.10.5.0)
==1225961==    by 0x11A32B: adf_scaled_set_context (scaled.c:272)
==1225961==    by 0x10E0A6: adf_test_fn_set_context_alias_random (test_scaled_alias.c:271)
==1225961==    by 0x10BFB8: main (test_runner.h:162)
==1225961== 
==1225961== 504 bytes in 1 blocks are possibly lost in loss record 5 of 21
==1225961==    at 0x484DB80: realloc (in /home/tobias/.local/opt/valgrind/usr/libexec/valgrind/vgpreload_memcheck-amd64-linux.so)
==1225961==    by 0x5372928: __gmp_default_reallocate (in /usr/lib/x86_64-linux-gnu/libgmp.so.10.5.0)
==1225961==    by 0x5384133: __gmpz_realloc (in /usr/lib/x86_64-linux-gnu/libgmp.so.10.5.0)
==1225961==    by 0x538693B: __gmpz_set (in /usr/lib/x86_64-linux-gnu/libgmp.so.10.5.0)
==1225961==    by 0x118CB0: fmpz_init_set (fmpz.h:92)
==1225961==    by 0x118CB0: adf_modctx_alloc (modctx.c:132)
==1225961==    by 0x118CB0: adf_modctx_new_fmpz (modctx.c:283)
==1225961==    by 0x10E299: adf_test_fn_set_context_alias_random (test_scaled_alias.c:245)
==1225961==    by 0x10BFB8: main (test_runner.h:162)
==1225961== 
==1225961== 504 bytes in 1 blocks are possibly lost in loss record 6 of 21
==1225961==    at 0x484DB80: realloc (in /home/tobias/.local/opt/valgrind/usr/libexec/valgrind/vgpreload_memcheck-amd64-linux.so)
==1225961==    by 0x5372928: __gmp_default_reallocate (in /usr/lib/x86_64-linux-gnu/libgmp.so.10.5.0)
==1225961==    by 0x5384133: __gmpz_realloc (in /usr/lib/x86_64-linux-gnu/libgmp.so.10.5.0)
==1225961==    by 0x538693B: __gmpz_set (in /usr/lib/x86_64-linux-gnu/libgmp.so.10.5.0)
==1225961==    by 0x4A3874E: fmpq_set_fmpz_frac (in /usr/lib/x86_64-linux-gnu/libflint.so.18.0.1)
==1225961==    by 0x11A28E: adf_scaled_set_context (scaled.c:264)
==1225961==    by 0x10E0A6: adf_test_fn_set_context_alias_random (test_scaled_alias.c:271)
==1225961==    by 0x10BFB8: main (test_runner.h:162)
==1225961== 
==1225961== 512 bytes in 1 blocks are possibly lost in loss record 7 of 21
==1225961==    at 0x484DB80: realloc (in /home/tobias/.local/opt/valgrind/usr/libexec/valgrind/vgpreload_memcheck-amd64-linux.so)
==1225961==    by 0x5372928: __gmp_default_reallocate (in /usr/lib/x86_64-linux-gnu/libgmp.so.10.5.0)
==1225961==    by 0x5384133: __gmpz_realloc (in /usr/lib/x86_64-linux-gnu/libgmp.so.10.5.0)
==1225961==    by 0x5386324: __gmpz_mul_si (in /usr/lib/x86_64-linux-gnu/libgmp.so.10.5.0)
==1225961==    by 0x11A025: adf_scaled_set_fball (scaled.c:201)
==1225961==    by 0x10D640: scaled_from (test_scaled_alias.c:62)
==1225961==    by 0x10E41B: adf_test_fn_set_context_alias_random (test_scaled_alias.c:264)
==1225961==    by 0x10BFB8: main (test_runner.h:162)
==1225961== 
==1225961== 512 bytes in 1 blocks are possibly lost in loss record 8 of 21
==1225961==    at 0x484DB80: realloc (in /home/tobias/.local/opt/valgrind/usr/libexec/valgrind/vgpreload_memcheck-amd64-linux.so)
==1225961==    by 0x5372928: __gmp_default_reallocate (in /usr/lib/x86_64-linux-gnu/libgmp.so.10.5.0)
==1225961==    by 0x5384133: __gmpz_realloc (in /usr/lib/x86_64-linux-gnu/libgmp.so.10.5.0)
==1225961==    by 0x5386324: __gmpz_mul_si (in /usr/lib/x86_64-linux-gnu/libgmp.so.10.5.0)
==1225961==    by 0x1140C3: fb_set_cr (fball.c:121)
==1225961==    by 0x115521: adf_fball_set_center_radius (fball.c:476)
==1225961==    by 0x11A69E: adf_scaled_get_fball (scaled.c:315)
==1225961==    by 0x10E064: set_of (test_scaled_alias.c:97)
==1225961==    by 0x10E064: adf_test_fn_set_context_alias_random (test_scaled_alias.c:269)
==1225961==    by 0x10BFB8: main (test_runner.h:162)
==1225961== 
==1225961== 512 bytes in 1 blocks are possibly lost in loss record 9 of 21
==1225961==    at 0x484DB80: realloc (in /home/tobias/.local/opt/valgrind/usr/libexec/valgrind/vgpreload_memcheck-amd64-linux.so)
==1225961==    by 0x5372928: __gmp_default_reallocate (in /usr/lib/x86_64-linux-gnu/libgmp.so.10.5.0)
==1225961==    by 0x5384133: __gmpz_realloc (in /usr/lib/x86_64-linux-gnu/libgmp.so.10.5.0)
==1225961==    by 0x5386324: __gmpz_mul_si (in /usr/lib/x86_64-linux-gnu/libgmp.so.10.5.0)
==1225961==    by 0x4A37EDA: _fmpq_gcd_cofactors (in /usr/lib/x86_64-linux-gnu/libflint.so.18.0.1)
==1225961==    by 0x4A380D8: fmpq_gcd_cofactors (in /usr/lib/x86_64-linux-gnu/libflint.so.18.0.1)
==1225961==    by 0x11A2FC: adf_scaled_set_context (scaled.c:266)
==1225961==    by 0x10E081: adf_test_fn_set_context_alias_random (test_scaled_alias.c:270)
==1225961==    by 0x10BFB8: main (test_runner.h:162)
==1225961== 
==1225961== 512 bytes in 1 blocks are possibly lost in loss record 10 of 21
==1225961==    at 0x484DB80: realloc (in /home/tobias/.local/opt/valgrind/usr/libexec/valgrind/vgpreload_memcheck-amd64-linux.so)
==1225961==    by 0x5372928: __gmp_default_reallocate (in /usr/lib/x86_64-linux-gnu/libgmp.so.10.5.0)
==1225961==    by 0x5384133: __gmpz_realloc (in /usr/lib/x86_64-linux-gnu/libgmp.so.10.5.0)
==1225961==    by 0x5386324: __gmpz_mul_si (in /usr/lib/x86_64-linux-gnu/libgmp.so.10.5.0)
==1225961==    by 0x4A38A8E: _fmpq_mul (in /usr/lib/x86_64-linux-gnu/libflint.so.18.0.1)
==1225961==    by 0x4A3915C: fmpq_mul_fmpz (in /usr/lib/x86_64-linux-gnu/libflint.so.18.0.1)
==1225961==    by 0x11A690: adf_scaled_get_fball (scaled.c:314)
==1225961==    by 0x10E064: set_of (test_scaled_alias.c:97)
==1225961==    by 0x10E064: adf_test_fn_set_context_alias_random (test_scaled_alias.c:269)
==1225961==    by 0x10BFB8: main (test_runner.h:162)
==1225961== 
==1225961== 512 bytes in 1 blocks are possibly lost in loss record 11 of 21
==1225961==    at 0x484DB80: realloc (in /home/tobias/.local/opt/valgrind/usr/libexec/valgrind/vgpreload_memcheck-amd64-linux.so)
==1225961==    by 0x5372928: __gmp_default_reallocate (in /usr/lib/x86_64-linux-gnu/libgmp.so.10.5.0)
==1225961==    by 0x5384133: __gmpz_realloc (in /usr/lib/x86_64-linux-gnu/libgmp.so.10.5.0)
==1225961==    by 0x538693B: __gmpz_set (in /usr/lib/x86_64-linux-gnu/libgmp.so.10.5.0)
==1225961==    by 0x11A663: adf_scaled_get_fball (scaled.c:310)
==1225961==    by 0x10E064: set_of (test_scaled_alias.c:97)
==1225961==    by 0x10E064: adf_test_fn_set_context_alias_random (test_scaled_alias.c:269)
==1225961==    by 0x10BFB8: main (test_runner.h:162)
==1225961== 
==1225961== 784 bytes in 3 blocks are possibly lost in loss record 12 of 21
==1225961==    at 0x484DB80: realloc (in /home/tobias/.local/opt/valgrind/usr/libexec/valgrind/vgpreload_memcheck-amd64-linux.so)
==1225961==    by 0x5372928: __gmp_default_reallocate (in /usr/lib/x86_64-linux-gnu/libgmp.so.10.5.0)
==1225961==    by 0x5384133: __gmpz_realloc (in /usr/lib/x86_64-linux-gnu/libgmp.so.10.5.0)
==1225961==    by 0x538626C: __gmpz_mul_2exp (in /usr/lib/x86_64-linux-gnu/libgmp.so.10.5.0)
==1225961==    by 0x10C4F3: random_fmpz_bits (test_scaled_alias.c:79)
==1225961==    by 0x10E221: adf_test_fn_set_context_alias_random (test_scaled_alias.c:242)
==1225961==    by 0x10BFB8: main (test_runner.h:162)
==1225961== 
==1225961== 800 bytes in 2 blocks are possibly lost in loss record 13 of 21
==1225961==    at 0x484DB80: realloc (in /home/tobias/.local/opt/valgrind/usr/libexec/valgrind/vgpreload_memcheck-amd64-linux.so)
==1225961==    by 0x5372928: __gmp_default_reallocate (in /usr/lib/x86_64-linux-gnu/libgmp.so.10.5.0)
==1225961==    by 0x5384133: __gmpz_realloc (in /usr/lib/x86_64-linux-gnu/libgmp.so.10.5.0)
==1225961==    by 0x5386324: __gmpz_mul_si (in /usr/lib/x86_64-linux-gnu/libgmp.so.10.5.0)
==1225961==    by 0x4A37EDA: _fmpq_gcd_cofactors (in /usr/lib/x86_64-linux-gnu/libflint.so.18.0.1)
==1225961==    by 0x4A380D8: fmpq_gcd_cofactors (in /usr/lib/x86_64-linux-gnu/libflint.so.18.0.1)
==1225961==    by 0x11A2FC: adf_scaled_set_context (scaled.c:266)
==1225961==    by 0x10E0A6: adf_test_fn_set_context_alias_random (test_scaled_alias.c:271)
==1225961==    by 0x10BFB8: main (test_runner.h:162)
==1225961== 
==1225961== 856 bytes in 2 blocks are possibly lost in loss record 14 of 21
==1225961==    at 0x484DB80: realloc (in /home/tobias/.local/opt/valgrind/usr/libexec/valgrind/vgpreload_memcheck-amd64-linux.so)
==1225961==    by 0x5372928: __gmp_default_reallocate (in /usr/lib/x86_64-linux-gnu/libgmp.so.10.5.0)
==1225961==    by 0x5384133: __gmpz_realloc (in /usr/lib/x86_64-linux-gnu/libgmp.so.10.5.0)
==1225961==    by 0x5384DA2: __gmpz_gcd (in /usr/lib/x86_64-linux-gnu/libgmp.so.10.5.0)
==1225961==    by 0x49B0EE4: fmpz_gcd (in /usr/lib/x86_64-linux-gnu/libflint.so.18.0.1)
==1225961==    by 0x4A386C6: fmpq_set_fmpz_frac (in /usr/lib/x86_64-linux-gnu/libflint.so.18.0.1)
==1225961==    by 0x11A04C: adf_scaled_set_fball (scaled.c:202)
==1225961==    by 0x10D640: scaled_from (test_scaled_alias.c:62)
==1225961==    by 0x10E41B: adf_test_fn_set_context_alias_random (test_scaled_alias.c:264)
==1225961==    by 0x10BFB8: main (test_runner.h:162)
==1225961== 
==1225961== 872 bytes in 2 blocks are possibly lost in loss record 15 of 21
==1225961==    at 0x484DB80: realloc (in /home/tobias/.local/opt/valgrind/usr/libexec/valgrind/vgpreload_memcheck-amd64-linux.so)
==1225961==    by 0x5372928: __gmp_default_reallocate (in /usr/lib/x86_64-linux-gnu/libgmp.so.10.5.0)
==1225961==    by 0x5384133: __gmpz_realloc (in /usr/lib/x86_64-linux-gnu/libgmp.so.10.5.0)
==1225961==    by 0x5386324: __gmpz_mul_si (in /usr/lib/x86_64-linux-gnu/libgmp.so.10.5.0)
==1225961==    by 0x4A38BAC: _fmpq_mul (in /usr/lib/x86_64-linux-gnu/libflint.so.18.0.1)
==1225961==    by 0x11A316: adf_scaled_set_context (scaled.c:267)
==1225961==    by 0x10E0A6: adf_test_fn_set_context_alias_random (test_scaled_alias.c:271)
==1225961==    by 0x10BFB8: main (test_runner.h:162)
==1225961== 
==1225961== 904 bytes in 2 blocks are possibly lost in loss record 16 of 21
==1225961==    at 0x484DB80: realloc (in /home/tobias/.local/opt/valgrind/usr/libexec/valgrind/vgpreload_memcheck-amd64-linux.so)
==1225961==    by 0x5372928: __gmp_default_reallocate (in /usr/lib/x86_64-linux-gnu/libgmp.so.10.5.0)
==1225961==    by 0x5384133: __gmpz_realloc (in /usr/lib/x86_64-linux-gnu/libgmp.so.10.5.0)
==1225961==    by 0x538626C: __gmpz_mul_2exp (in /usr/lib/x86_64-linux-gnu/libgmp.so.10.5.0)
==1225961==    by 0x10C4F3: random_fmpz_bits (test_scaled_alias.c:79)
==1225961==    by 0x10E264: adf_test_fn_set_context_alias_random (test_scaled_alias.c:243)
==1225961==    by 0x10BFB8: main (test_runner.h:162)
==1225961== 
==1225961== 984 bytes in 2 blocks are possibly lost in loss record 17 of 21
==1225961==    at 0x484DB80: realloc (in /home/tobias/.local/opt/valgrind/usr/libexec/valgrind/vgpreload_memcheck-amd64-linux.so)
==1225961==    by 0x5372928: __gmp_default_reallocate (in /usr/lib/x86_64-linux-gnu/libgmp.so.10.5.0)
==1225961==    by 0x5384133: __gmpz_realloc (in /usr/lib/x86_64-linux-gnu/libgmp.so.10.5.0)
==1225961==    by 0x538693B: __gmpz_set (in /usr/lib/x86_64-linux-gnu/libgmp.so.10.5.0)
==1225961==    by 0x11A372: fmpq_set (fmpq.h:81)
==1225961==    by 0x11A372: adf_scaled_set_context (scaled.c:276)
==1225961==    by 0x10E081: adf_test_fn_set_context_alias_random (test_scaled_alias.c:270)
==1225961==    by 0x10BFB8: main (test_runner.h:162)
==1225961== 
==1225961== 1,472 bytes in 3 blocks are possibly lost in loss record 18 of 21
==1225961==    at 0x484DB80: realloc (in /home/tobias/.local/opt/valgrind/usr/libexec/valgrind/vgpreload_memcheck-amd64-linux.so)
==1225961==    by 0x5372928: __gmp_default_reallocate (in /usr/lib/x86_64-linux-gnu/libgmp.so.10.5.0)
==1225961==    by 0x5384133: __gmpz_realloc (in /usr/lib/x86_64-linux-gnu/libgmp.so.10.5.0)
==1225961==    by 0x538693B: __gmpz_set (in /usr/lib/x86_64-linux-gnu/libgmp.so.10.5.0)
==1225961==    by 0x11A372: fmpq_set (fmpq.h:81)
==1225961==    by 0x11A372: adf_scaled_set_context (scaled.c:276)
==1225961==    by 0x10E0A6: adf_test_fn_set_context_alias_random (test_scaled_alias.c:271)
==1225961==    by 0x10BFB8: main (test_runner.h:162)
==1225961== 
==1225961== 64,592 bytes in 4,037 blocks are possibly lost in loss record 20 of 21
==1225961==    at 0x4846828: malloc (in /home/tobias/.local/opt/valgrind/usr/libexec/valgrind/vgpreload_memcheck-amd64-linux.so)
==1225961==    by 0x53728D4: __gmp_default_allocate (in /usr/lib/x86_64-linux-gnu/libgmp.so.10.5.0)
==1225961==    by 0x53840C7: __gmpz_init2 (in /usr/lib/x86_64-linux-gnu/libgmp.so.10.5.0)
==1225961==    by 0x49AF0DC: _fmpz_new_mpz (in /usr/lib/x86_64-linux-gnu/libflint.so.18.0.1)
==1225961==    by 0x49AF1C0: _fmpz_promote (in /usr/lib/x86_64-linux-gnu/libflint.so.18.0.1)
==1225961==    by 0x49AF294: _fmpz_promote_set_ui (in /usr/lib/x86_64-linux-gnu/libflint.so.18.0.1)
==1225961==    by 0x10C52A: random_fmpz_bits (test_scaled_alias.c:80)
==1225961==    by 0x10E221: adf_test_fn_set_context_alias_random (test_scaled_alias.c:242)
==1225961==    by 0x10BFB8: main (test_runner.h:162)
==1225961== 
==1225961== 69,632 bytes in 1 blocks are possibly lost in loss record 21 of 21
==1225961==    at 0x4846828: malloc (in /home/tobias/.local/opt/valgrind/usr/libexec/valgrind/vgpreload_memcheck-amd64-linux.so)
==1225961==    by 0x49550D5: flint_malloc (in /usr/lib/x86_64-linux-gnu/libflint.so.18.0.1)
==1225961==    by 0x49AF001: _fmpz_new_mpz (in /usr/lib/x86_64-linux-gnu/libflint.so.18.0.1)
==1225961==    by 0x49AF1C0: _fmpz_promote (in /usr/lib/x86_64-linux-gnu/libflint.so.18.0.1)
==1225961==    by 0x49AF294: _fmpz_promote_set_ui (in /usr/lib/x86_64-linux-gnu/libflint.so.18.0.1)
==1225961==    by 0x10C52A: random_fmpz_bits (test_scaled_alias.c:80)
==1225961==    by 0x10E221: adf_test_fn_set_context_alias_random (test_scaled_alias.c:242)
==1225961==    by 0x10BFB8: main (test_runner.h:162)
==1225961== 
==1225961== LEAK SUMMARY:
==1225961==    definitely lost: 0 bytes in 0 blocks
==1225961==    indirectly lost: 0 bytes in 0 blocks
==1225961==      possibly lost: 146,024 bytes in 4,065 blocks
==1225961==    still reachable: 32,768 bytes in 1 blocks
==1225961==         suppressed: 0 bytes in 0 blocks
==1225961== Reachable blocks (those to which a pointer was found) are not shown.
==1225961== To see them, rerun with: --leak-check=full --show-leak-kinds=all
==1225961== 
==1225961== For lists of detected and suppressed errors, rerun with: -s
==1225961== ERROR SUMMARY: 0 errors from 0 contexts (suppressed: 0 from 0)
