test_driver: qclass-arith: the output differs from tests/driver/qclass-arith.out
--- tests/driver/qclass-arith.out	2026-10-08 00:38:52.506281133 +0800
+++ build/driver/got.out	2026-10-08 00:39:07.637539199 +0800
@@ -1,21 +1,21 @@
-union((0.5 +/- 0.51 ; 0 mod 3), (0.75 +/- 0.26 ; 1 mod 3)) + Q
-error: LIMIT
-union((0.25 +/- 0.26 ; 1 mod 3)) + Q
-union((0.25 ; 0)) + Q
-union((0.5 +/- 0.51 ; 0 mod 1)) + Q
-error: LIMIT
-union((0.25 +/- 0.26 ; 0 mod 1), (0.5 +/- 0.51 ; 0 mod 1), (0.75 +/- 0.26 ; 0 mod 1)) + Q
-error: LIMIT
-union((0.5 +/- 0.51 ; 2 mod 3)) + Q
-union((0 ; 0)) + Q
-union((0 ; 0)) + Q
-union((0 ; 1 mod 2)) + Q
-union((0 ; 2 mod 3)) + Q
-error: LIMIT
-error: LIMIT
-error: LIMIT
-error: DOMAIN
-error: DOMAIN
-error: DOMAIN
-error: DOMAIN
+error: PARSE
+error: PARSE
+error: PARSE
+error: PARSE
+error: PARSE
+error: PARSE
+error: PARSE
+error: PARSE
+error: PARSE
+error: PARSE
+error: PARSE
+error: PARSE
+error: PARSE
+error: PARSE
+error: PARSE
+error: PARSE
+error: PARSE
