== building the shared object
In function ‘via_pow_si’,
    inlined from ‘adf_lball_powunit’ at src/lpow.c:307:14:
src/lpow.c:259:10: warning: ‘k’ may be used uninitialized [-Wmaybe-uninitialized]
  259 |     st = adf_lball_pow_si(P, u, k);
      |          ^~~~~~~~~~~~~~~~~~~~~~~~~
src/lpow.c: In function ‘adf_lball_powunit’:
src/lpow.c:280:46: note: ‘k’ was declared here
  280 |     slong A, B, beta, Nc = clamp(N), w0 = 1, k;
      |                                              ^
   build/exports/libadelefeld.so, copied to build/libadelefeld.so
== 518 function names declared in include/adelefeld/*.h
== variadic declarations (conventions 12.2)
   none
== 518 defined dynamic symbols that are public names, 0 reserved name(s)
== declared and exported: 518
adf_adele_add
adf_adele_add_rat
adf_adele_clear
adf_adele_cos
adf_adele_cosh
adf_adele_div_idele
adf_adele_div_rat
adf_adele_dump_inspect
adf_adele_dump_str
adf_adele_exp
adf_adele_get_arb_at
adf_adele_get_fin
adf_adele_get_real
adf_adele_get_str
adf_adele_identical
adf_adele_init
adf_adele_is_canonical
adf_adele_load_str
adf_adele_load_str_binds
adf_adele_mul
adf_adele_mul_rat
adf_adele_neg
adf_adele_psi_tate
adf_adele_psi_tate_at
adf_adele_psi_tate_phase
adf_adele_psi_tate_strict
adf_adele_psi_tate_strict_at
adf_adele_reconstruct
adf_adele_root
adf_adele_set
adf_adele_set_arb_fball
adf_adele_set_idele
adf_adele_set_idele_simple
adf_adele_set_rat
adf_adele_set_si
adf_adele_set_str
adf_adele_sin
adf_adele_sinh
adf_adele_sub
adf_adele_swap
adf_alignof_adele
adf_alignof_cadele
adf_alignof_ctx_desc
adf_alignof_fball
adf_alignof_idclass
adf_alignof_idele
adf_alignof_lball
adf_alignof_linsol
adf_alignof_place
adf_alignof_qclass
adf_alignof_rat
adf_alignof_recon_cert
adf_alignof_resid
adf_alignof_rootlist
adf_alignof_sball
adf_alignof_scaled
adf_alignof_text_kind
adf_alignof_text_limits
adf_alignof_ucoset
adf_cadele_add
adf_cadele_add_rat
adf_cadele_clear
adf_cadele_div_rat
adf_cadele_dump_inspect
adf_cadele_dump_str
adf_cadele_get_complex
adf_cadele_get_fin
adf_cadele_get_str
adf_cadele_identical
adf_cadele_init
adf_cadele_is_canonical
adf_cadele_load_str
adf_cadele_load_str_binds
adf_cadele_mul
adf_cadele_mul_rat
adf_cadele_neg
adf_cadele_set
adf_cadele_set_acb_fball
adf_cadele_set_adele
adf_cadele_set_rat
adf_cadele_set_str
adf_cadele_sub
adf_cadele_swap
adf_ctx_desc_clear
adf_ctx_desc_init
adf_fball_add
adf_fball_add_cap
adf_fball_binom
adf_fball_binom_tight
adf_fball_canonicalise
adf_fball_cap
adf_fball_clear
adf_fball_compare
adf_fball_contains
adf_fball_contains_rat
adf_fball_context
adf_fball_div_rat
adf_fball_dump_inspect
adf_fball_dump_str
adf_fball_equal_set
adf_fball_get_center
adf_fball_get_den
adf_fball_get_fmpz3
adf_fball_get_radius
adf_fball_get_str
adf_fball_haar_volume
adf_fball_identical
adf_fball_init
adf_fball_is_canonical
adf_fball_is_exact
adf_fball_is_local
adf_fball_jacobi
adf_fball_kronecker
adf_fball_legendre
adf_fball_load_str
adf_fball_load_str_binds
adf_fball_mul
adf_fball_mul_cap
adf_fball_mul_rat
adf_fball_mul_rat_cap
adf_fball_neg
adf_fball_one
adf_fball_overlaps
adf_fball_prec_at
adf_fball_psi_tate_phase
adf_fball_reconstruct
adf_fball_set
adf_fball_set_center_radius
adf_fball_set_fmpz
adf_fball_set_fmpz3
adf_fball_set_global
adf_fball_set_local
adf_fball_set_local_enclose
adf_fball_set_rat
adf_fball_set_si
adf_fball_set_str
adf_fball_sub
adf_fball_sub_cap
adf_fball_swap
adf_fball_zero
adf_flint_version_compiled
adf_fmpz_jacobi
adf_fmpz_kronecker
adf_fmpz_legendre
adf_idclass_clear
adf_idclass_cyclo_exp_u
adf_idclass_cyclo_exp_uinv
adf_idclass_dump_inspect
adf_idclass_dump_str
adf_idclass_get_str
adf_idclass_get_t
adf_idclass_get_unit
adf_idclass_identical
adf_idclass_init
adf_idclass_inv
adf_idclass_is_canonical
adf_idclass_load_str
adf_idclass_load_str_binds
adf_idclass_mul
adf_idclass_norm
adf_idclass_pow
adf_idclass_pow_tight
adf_idclass_set
adf_idclass_set_idele
adf_idclass_set_parts
adf_idclass_set_str
adf_idclass_swap
adf_idele_abs_at
adf_idele_abs_inf
adf_idele_clear
adf_idele_content
adf_idele_dump_inspect
adf_idele_dump_str
adf_idele_get_real
adf_idele_get_str
adf_idele_get_unit
adf_idele_hilbert_at
adf_idele_identical
adf_idele_init
adf_idele_inv
adf_idele_is_canonical
adf_idele_load_str
adf_idele_load_str_binds
adf_idele_Log
adf_idele_log_abs
adf_idele_log_abs_at
adf_idele_log_abs_refine
adf_idele_Log_at
adf_idele_Log_refine
adf_idele_mul
adf_idele_mul_rat
adf_idele_norm
adf_idele_pow
adf_idele_pow_tight
adf_idele_root
adf_idele_set
adf_idele_set_adele
adf_idele_set_parts
adf_idele_set_rat
adf_idele_set_str
adf_idele_swap
adf_idele_valuation_at
adf_lball_abs
adf_lball_add
adf_lball_clear
adf_lball_contains
adf_lball_contains_zero
adf_lball_cos
adf_lball_cosh
adf_lball_decompose
adf_lball_decompose_teich
adf_lball_div
adf_lball_dump_inspect
adf_lball_dump_str
adf_lball_equal_set
adf_lball_exp
adf_lball_frac
adf_lball_get_center
adf_lball_get_prec
adf_lball_get_str
adf_lball_hilbert
adf_lball_identical
adf_lball_init
adf_lball_inv
adf_lball_is_canonical
adf_lball_is_exact
adf_lball_load_str
adf_lball_load_str_binds
adf_lball_log
adf_lball_Log
adf_lball_mul
adf_lball_neg
adf_lball_overlaps
adf_lball_place
adf_lball_powrat
adf_lball_pow_si
adf_lball_powunit
adf_lball_psi_tate
adf_lball_psi_tate_phase
adf_lball_psi_tate_strict
adf_lball_root_count
adf_lball_roots
adf_lball_root_seed
adf_lball_set
adf_lball_set_fball
adf_lball_set_rat
adf_lball_set_rat_ball
adf_lball_set_str
adf_lball_sin
adf_lball_sinh
adf_lball_sqrt_seed
adf_lball_sub
adf_lball_swap
adf_lball_teichmuller
adf_lball_unit_mod
adf_lball_valuation
adf_linsol_clear
adf_linsol_contains
adf_linsol_get_dual
adf_linsol_get_fball
adf_linsol_get_image_cert
adf_linsol_get_kernel
adf_linsol_get_particular
adf_linsol_identical
adf_linsol_init
adf_linsol_is_canonical
adf_linsol_kernel_order
adf_linsol_kernel_rows
adf_linsol_kind
adf_linsol_set
adf_linsol_swap
adf_linsolve_fball
adf_linsolve_mod
adf_linsol_verify
adf_linsol_verify_fball
adf_local_zeta_factor_at
adf_modctx_block
adf_modctx_dump_str
adf_modctx_free
adf_modctx_get_modulus
adf_modctx_matches_desc
adf_modctx_nblocks
adf_modctx_new_blocks
adf_modctx_new_factorial
adf_modctx_new_fmpz
adf_modctx_new_from_dump
adf_modctx_new_prime_powers
adf_modctx_new_primorial_pow
adf_phase_get_acb
adf_place_cmp
adf_place_equal
adf_place_inf
adf_place_is_archimedean
adf_place_prime
adf_place_prime_get
adf_qclass_add
adf_qclass_add_rat
adf_qclass_clear
adf_qclass_contains
adf_qclass_equal_set
adf_qclass_form
adf_qclass_get_piece
adf_qclass_get_str
adf_qclass_identical
adf_qclass_init
adf_qclass_is_canonical
adf_qclass_length
adf_qclass_neg
adf_qclass_overlaps
adf_qclass_psi_tate
adf_qclass_psi_tate_phase
adf_qclass_psi_tate_strict
adf_qclass_reduce
adf_qclass_set
adf_qclass_set_adele
adf_qclass_set_rat
adf_qclass_set_str
adf_qclass_swap
adf_rat_add
adf_rat_clear
adf_rat_div
adf_rat_dump_inspect
adf_rat_dump_str
adf_rat_equal
adf_rat_get_fmpq
adf_rat_get_str
adf_rat_hilbert_at
adf_rat_identical
adf_rat_init
adf_rat_inv
adf_rat_is_canonical
adf_rat_is_zero
adf_rat_load_str
adf_rat_load_str_binds
adf_rat_mul
adf_rat_neg
adf_rat_one
adf_rat_root
adf_rat_set
adf_rat_set_fmpq
adf_rat_set_fmpz
adf_rat_set_fmpz2
adf_rat_set_si
adf_rat_set_str
adf_rat_sgn
adf_rat_sub
adf_rat_swap
adf_rat_zero
adf_real_cos
adf_real_exp
adf_real_hilbert
adf_real_log
adf_real_log_abs
adf_real_root
adf_real_sin
adf_real_sqrt
adf_recon_cert_check
adf_recon_cert_clear
adf_recon_cert_identical
adf_recon_cert_init
adf_recon_cert_is_canonical
adf_recon_cert_set
adf_recon_cert_swap
adf_resid_clear
adf_resid_contains_rat
adf_resid_get_fmpz2
adf_resid_identical
adf_resid_init
adf_resid_is_canonical
adf_resid_reconstruct
adf_resid_reconstruct_first
adf_resid_set
adf_resid_set_fball_forget
adf_resid_set_fmpz2
adf_resid_set_rat
adf_resid_swap
adf_resid_verify_result
adf_rootlist_clear
adf_rootlist_get_arb
adf_rootlist_get_cert
adf_rootlist_get_fball
adf_rootlist_get_poly
adf_rootlist_get_unresolved
adf_rootlist_init
adf_rootlist_is_canonical
adf_rootlist_is_complete
adf_rootlist_length
adf_rootlist_place
adf_rootlist_scope
adf_rootlist_unresolved_length
adf_rootlist_verify_complete
adf_rootlist_verify_entries
adf_root_padic_from_seed
adf_roots_padic
adf_roots_padic_partial
adf_roots_real
adf_sball_add
adf_sball_arch
adf_sball_clear
adf_sball_contains
adf_sball_cos_at
adf_sball_cosh_at
adf_sball_dump_inspect
adf_sball_dump_str
adf_sball_equal_set
adf_sball_exp_at
adf_sball_get_arb
adf_sball_get_lball
adf_sball_get_place
adf_sball_get_str
adf_sball_has_place
adf_sball_identical
adf_sball_init
adf_sball_is_canonical
adf_sball_load_str
adf_sball_load_str_binds
adf_sball_log_abs_at
adf_sball_log_at
adf_sball_Log_at
adf_sball_mul
adf_sball_neg
adf_sball_num_places
adf_sball_overlaps
adf_sball_powrat_at
adf_sball_powunit_at
adf_sball_project
adf_sball_root_at
adf_sball_roots_at
adf_sball_root_seed_at
adf_sball_set
adf_sball_set_arb_lballs
adf_sball_set_str
adf_sball_sin_at
adf_sball_sinh_at
adf_sball_sqrt_at
adf_sball_sqrt_seed_at
adf_sball_sub
adf_sball_swap
adf_scaled_add
adf_scaled_add_rat
adf_scaled_clear
adf_scaled_context
adf_scaled_dump_inspect
adf_scaled_dump_str
adf_scaled_get_fball
adf_scaled_get_str
adf_scaled_identical
adf_scaled_init
adf_scaled_is_canonical
adf_scaled_is_exact
adf_scaled_load_str
adf_scaled_load_str_binds
adf_scaled_mul
adf_scaled_mul_rat
adf_scaled_mul_tight
adf_scaled_neg
adf_scaled_set
adf_scaled_set_context
adf_scaled_set_fball
adf_scaled_set_rat
adf_scaled_sub
adf_scaled_swap
adf_sizeof_adele
adf_sizeof_cadele
adf_sizeof_ctx_desc
adf_sizeof_fball
adf_sizeof_idclass
adf_sizeof_idele
adf_sizeof_lball
adf_sizeof_linsol
adf_sizeof_place
adf_sizeof_qclass
adf_sizeof_rat
adf_sizeof_recon_cert
adf_sizeof_resid
adf_sizeof_rootlist
adf_sizeof_sball
adf_sizeof_scaled
adf_sizeof_text_kind
adf_sizeof_text_limits
adf_sizeof_ucoset
adf_status_str
adf_str_free
adf_text_classify
adf_text_limits_default
adf_ucoset_clear
adf_ucoset_contains
adf_ucoset_dump_inspect
adf_ucoset_dump_str
adf_ucoset_equal_set
adf_ucoset_get_fmpz2
adf_ucoset_get_str
adf_ucoset_identical
adf_ucoset_init
adf_ucoset_inv
adf_ucoset_is_canonical
adf_ucoset_is_exact
adf_ucoset_is_normal
adf_ucoset_jacobi
adf_ucoset_kronecker
adf_ucoset_legendre
adf_ucoset_load_str
adf_ucoset_load_str_binds
adf_ucoset_minus_one
adf_ucoset_mul
adf_ucoset_normalise
adf_ucoset_one
adf_ucoset_overlaps
adf_ucoset_pow
adf_ucoset_pow_tight
adf_ucoset_profpow
adf_ucoset_profpow_coarse
adf_ucoset_profpow_fine
adf_ucoset_set
adf_ucoset_set_fmpz2
adf_ucoset_set_str
adf_ucoset_swap
adf_version_check
== declared and not exported: 0 (the library is not complete; not a failure)
== exported and not declared: 0 (must be empty)
   (empty)
test_exports: passed: 518 of 518 declared functions are exported, 0 are not implemented yet, no exported name is undeclared, no variadic function
