exit 0 make -s -j2 BUILD=lanes/q-slice4/build
exit 0 lanes/q-slice4/build/test_qclass_text
qclass_text: 8301 checks
exit 0 lanes/q-slice4/build/test_qclass_dump
qclass_dump: 33854 checks, 2000 random round trips
exit 0 make -s -j2 BUILD=lanes/q-slice4/san
exit 0 lanes/q-slice4/san/test_qclass_text
qclass_text: 8301 checks
exit 0 lanes/q-slice4/san/test_qclass_dump
qclass_dump: 33854 checks, 2000 random round trips
exit 0 make -s -j2 BUILD=lanes/q-slice4/inv
exit 0 lanes/q-slice4/inv/test_qclass_text
adelefeld: ADF_CHECK_INVARIANTS: adf_qclass_set_pieces: argument y is not a canonical adf_qclass
qclass_text: 8303 checks
exit 0 lanes/q-slice4/inv/test_qclass_dump
adelefeld: ADF_CHECK_INVARIANTS: adf_qclass_dump_str: argument x is not a canonical adf_qclass
qclass_dump: 33856 checks, 2000 random round trips
exit 0 make -s -j2 BUILD=lanes/q-slice4/clang
exit 0 lanes/q-slice4/clang/test_qclass_text
qclass_text: 8301 checks
exit 0 lanes/q-slice4/clang/test_qclass_dump
qclass_dump: 33854 checks, 2000 random round trips
exit 0 make -s -j2 BUILD=lanes/q-slice4/san-inv
exit 0 lanes/q-slice4/san-inv/test_qclass_text
adelefeld: ADF_CHECK_INVARIANTS: adf_qclass_set_pieces: argument y is not a canonical adf_qclass
qclass_text: 8303 checks
exit 0 lanes/q-slice4/san-inv/test_qclass_dump
adelefeld: ADF_CHECK_INVARIANTS: adf_qclass_dump_str: argument x is not a canonical adf_qclass
qclass_dump: 33856 checks, 2000 random round trips
exit 0 make -s -j2 BUILD=lanes/q-slice4/build
exit 0 lanes/q-slice4/build/test_dump
ok   rat_dump_text
ok   rat_round_trip_random
ok   rat_statuses_and_strictness
ok   order_of_checks_two_faults
ok   header_before_the_whitespace_of_the_body
ok   grammar_before_limits_in_sball_and_rfun
ok   fball_global_dump_text
ok   fball_global_round_trip_random
ok   fball_global_statuses
ok   adele_round_trip_random
ok   cadele_round_trip_random
ok   adele_radius_edges
ok   adele_statuses
ok   inspect_without_contexts
ok   hostile_bytes
ok   input_at_the_end_of_a_page
ok   load_over_a_value
17 tests, 12259 checks, 0 failed checks, 0 failed tests
exit 0 lanes/q-slice4/build/test_dump_ctx
ok   local_fball_round_trip_1_2_64_128_blocks
ok   local_fball_raw_example
ok   adele_cadele_local_round_trip
ok   scaled_round_trip_contexts
ok   scaled_statuses
ok   scaled_get_str
ok   binding_rules
ok   inspection_capacity
ok   new_from_dump_every_body
ok   reference_vectors
ok   modctx_vectors_from_dump
ok   local_dump_at_the_end_of_a_page
ok   stage_edges_and_piece_order
ok   binding_counts_of_every_type
14 tests, 28587 checks, 0 failed checks, 0 failed tests
exit 0 lanes/q-slice4/build/test_dump_golden
ok   golden_dump_every_row
1 tests, 761 checks, 0 failed checks, 0 failed tests
exit 0 lanes/q-slice4/build/test_dump_limits
ok   block_cap_refuses_65537_blocks_everywhere
ok   block_cap_accepts_65536_blocks
ok   block_count_of_a_short_text_is_a_grammar_failure
ok   block_cap_and_max_items_in_that_order
ok   block_cap_before_the_predicate_of_the_context
ok   qclass_exponent_bound_at_and_above_the_bound
ok   qclass_exponent_bound_is_a_limit_of_stage_four
ok   no_exponent_bound_in_the_other_bodies
ok   block_cap_accepts_65536_blocks_in_full
9 tests, 297 checks, 0 failed checks, 0 failed tests
exit 0 lanes/q-slice4/build/test_dump_local
ok   golden_rows_of_dump_tsv
ok   lball_round_trip_random
ok   sball_round_trip_random
ok   lball_strictness
ok   sball_strictness
ok   limits_and_order_of_checks
ok   lball_exponent_word_and_prec
ok   sball_exponent_and_radius_mantissa
ok   qclass_stage_of_the_pieces_check
ok   dump_texts_of_hand_values
10 tests, 36204 checks, 0 failed checks, 0 failed tests
exit 0 lanes/q-slice4/build/test_dump_units
ok   golden_rows_of_dump_tsv
ok   ucoset_round_trip_random
ok   idele_round_trip_random
ok   idclass_round_trip_random
ok   ucoset_strictness
ok   idele_strictness
ok   idclass_strictness
ok   idele_negative_midpoint_domain
ok   tie_of_the_leading_bits_is_a_strict_inequality
ok   sign_of_the_small_balls
ok   limits_and_order_of_checks
ok   dump_texts_of_hand_values
12 tests, 32505050 checks, 0 failed checks, 0 failed tests
exit 1 lanes/q-slice4/build/test_qclass
tests/test_qclass.c:401: st == want && adf_qclass_identical(x, saved)
exit 0 lanes/q-slice4/build/test_qclass_dump
qclass_dump: 33854 checks, 2000 random round trips
exit -6 lanes/q-slice4/build/test_qclass_reduce
reduce line 456: adf_qclass_set_str(lift, printed, n, 128, NULL) == ADF_UNSUPPORTED
timeout: the monitored command dumped core
exit 0 lanes/q-slice4/build/test_qclass_text
qclass_text: 8301 checks
exit 0 lanes/q-slice4/build/test_text_adele
ok   every_row_of_the_golden_file_adele
ok   every_row_of_the_golden_file_cadele
ok   every_row_of_the_golden_file_realball_read
ok   every_row_of_the_golden_file_realball_print
ok   every_random_print_of_the_reference
ok   every_random_adele_text_of_the_reference
ok   every_random_cadele_text_of_the_reference
ok   a_dyadic_ball_is_read_exactly_at_every_prec
ok   the_radius_mantissa_bound_of_2_to_the_30
ok   random_decimals_are_enclosed_at_small_prec
ok   the_extreme_exponents_of_the_default_limits
ok   the_printers_write_the_templates
ok   the_digits_argument
ok   print_then_parse_encloses_the_value
ok   parse_print_parse_encloses_the_first_value
ok   max_exp10_at_the_limit_and_one_above
ok   max_len_at_the_limit_and_one_above
ok   empty_null_nul_bytes_and_ends_of_memory
ok   the_earlier_stage_decides_the_status
ok   the_grammar_of_real_and_complex
20 tests, 84390 checks, 0 failed checks, 0 failed tests
exit 0 lanes/q-slice4/build/test_text_classify
ok   the_kinds_are_numbered_as_in_9_7
ok   every_row_of_the_golden_file_dispatch
ok   the_texts_of_every_type_file_are_of_that_type
ok   every_text_of_the_reference
ok   one_text_of_each_kind
ok   signs_and_denominators_of_the_other_literals
ok   limits_hostile_bytes_and_the_order_of_checks
ok   input_without_terminator_at_a_block_end_and_a_page_end
8 tests, 20776 checks, 0 failed checks, 0 failed tests
exit 0 lanes/q-slice4/build/test_text_fball
ok   every_row_of_the_golden_file_fball
ok   every_random_text_of_the_reference
ok   the_printer_writes_the_template
ok   random_balls_round_trip
ok   the_parser_canonicalises
ok   the_output_may_hold_any_value_before
ok   max_len_at_the_limit_and_one_above
ok   empty_null_nul_and_forbidden_bytes
ok   input_without_terminator_at_a_block_end_and_a_page_end
ok   the_earlier_stage_decides_the_status
10 tests, 21545 checks, 0 failed checks, 0 failed tests
exit 0 lanes/q-slice4/build/test_text_idele
ok   every_row_of_the_golden_file_ucoset
ok   ucoset_stored_form_and_printing
ok   every_row_of_the_golden_file_idele
ok   every_row_of_the_golden_file_idclass
   2200 records, 841 valid, 308 NOT_DETERMINED answers at the precisions 2, 7 and 30
ok   the_reference_on_generated_texts
ok   constrained_printing_against_the_reference
ok   constrained_printing_examples
ok   printing_of_hand_made_values
ok   prec_rules_and_not_determined
ok   limits_of_conventions_8_4
ok   hostile_big_numbers_nesting_nul_and_cuts
ok   order_of_the_stages
ok   round_trips_enclose
ok   constrained_printer_ends_in_bounded_time
14 tests, 73465 checks, 0 failed checks, 0 failed tests
exit 0 lanes/q-slice4/build/test_text_limits
ok   printer_bound_adele_midpoint
ok   printer_bound_adele_radius
ok   printer_bound_cadele_imaginary_midpoint
ok   printer_bound_cadele_imaginary_radius
ok   printer_bound_cadele_real_part
ok   fball_printer_never_null
ok   exp10_limit_of_nineteen_digits
ok   exp10_limit_of_nineteen_significant_digits
ok   exp10_limit_of_twenty_digits
ok   exp10_limit_negative_and_zero
ok   value_at_exp10_boundary_prints_one_above
11 tests, 105 checks, 0 failed checks, 0 failed tests
exit 0 lanes/q-slice4/build/test_text_local
ok   every_row_of_the_golden_file_lball
ok   lball_stored_fields
ok   every_row_of_the_golden_file_sball
ok   sball_the_complex_tag
ok   sball_the_canonical_order
ok   the_reference_on_generated_texts
ok   round_trips_of_generated_values
ok   hostile_input
ok   the_order_of_the_stages
ok   printer_bounds_and_digits
10 tests, 68868 checks, 0 failed checks, 0 failed tests
exit 0 lanes/q-slice4/build/test_text_r3r9
ok   the_reviewers_input_is_not_printed_at_the_default_limits
ok   every_value_at_the_default_limits_prints_text_that_reads_back
ok   a_cadele_at_the_exponent_boundary_is_refused_like_an_adele
ok   a_printed_text_is_read_back_with_limits_that_admit_it
ok   prec_two_and_digits_one_on_the_value_forms_with_a_real_part
ok   prec_two_reaches_a_wider_ball_than_a_larger_prec
ok   the_bare_rat_and_fball_value_forms_round_trip
   the old scheme on the same texts: 94 accepted, 1 prec values, 1 digits values
   the corpus of the text target: 287 files, 94 accepted adele or cadele texts, 67 of 190 prec values, 30 of 30 digits values, prec = 2 reached: 1
ok   the_committed_corpus_reaches_prec_two_and_digits_one
8 tests, 148 checks, 0 failed checks, 0 failed tests
exit 0 lanes/q-slice4/build/test_text_rat
ok   every_row_of_the_golden_file_rat
ok   every_random_text_of_the_reference
ok   the_printer_writes_the_template_q
ok   huge_operands_print_their_digits_and_come_back
ok   random_values_round_trip
ok   max_len_at_the_limit_and_one_above
ok   empty_and_null_input
ok   a_nul_byte_anywhere_is_a_parse_error
ok   every_byte_outside_the_alphabet_is_a_parse_error
ok   input_at_the_end_of_a_heap_block_of_exact_size
ok   input_at_the_end_of_a_page
ok   the_earlier_stage_decides_the_status
ok   canonicalisation_on_input
13 tests, 18122 checks, 0 failed checks, 0 failed tests
regression programs: 18 failed: 2
exit 1 sh tests/test_driver.sh
test_driver: 13_dump: the output differs from tests/driver/13_dump.out
--- tests/driver/13_dump.out	2026-10-07 23:19:03.288485411 +0800
+++ build/driver/got.out	2026-10-08 00:01:37.471199899 +0800
@@ -9,7 +9,7 @@
 adf1 Q fball g 2 6 1
 adf1 Q adele 1 1 0 0 0 g 0 0 1
 adf1 Q cadele 1 1 0 0 0 1 -1 0 0 g 2 6 1
-error: UNSUPPORTED
+adf1 Q qclass lift 1 1 -1 0 0 g 0 0 1
 error: DOMAIN
 7/3
 (* ; 2 mod 6)
exit 0 cc -shared -fPIC -Iinclude
In function ‘via_pow_si’,
    inlined from ‘adf_lball_powunit’ at src/lpow.c:307:14:
src/lpow.c:259:10: warning: ‘k’ may be used uninitialized [-Wmaybe-uninitialized]
  259 |     st = adf_lball_pow_si(P, u, k);
      |          ^~~~~~~~~~~~~~~~~~~~~~~~~
src/lpow.c: In function ‘adf_lball_powunit’:
src/lpow.c:280:46: note: ‘k’ was declared here
  280 |     slong A, B, beta, Nc = clamp(N), w0 = 1, k;
      |                                              ^
exit 0 julia --startup-file=no tests/julia/qclass_text.jl lanes/q-slice4/build/libadelefeld.so
Test Summary:              | Pass  Total  Time
qclass union text and dump |    9      9  0.1s
