exit 0 make -s -j2 BUILD=lanes/q-slice4/build
exit 0 lanes/q-slice4/build/test_qclass_text
qclass_text: 8309 checks
exit 0 lanes/q-slice4/build/test_qclass_dump
qclass_dump: 33854 checks, 2000 random round trips
exit 0 make -s -j2 BUILD=lanes/q-slice4/san
exit 0 lanes/q-slice4/san/test_qclass_text
qclass_text: 8309 checks
exit 0 lanes/q-slice4/san/test_qclass_dump
qclass_dump: 33854 checks, 2000 random round trips
exit 0 make -s -j2 BUILD=lanes/q-slice4/inv
exit 0 lanes/q-slice4/inv/test_qclass_text
adelefeld: ADF_CHECK_INVARIANTS: adf_qclass_set_pieces: argument y is not a canonical adf_qclass
qclass_text: 8311 checks
exit 0 lanes/q-slice4/inv/test_qclass_dump
adelefeld: ADF_CHECK_INVARIANTS: adf_qclass_dump_str: argument x is not a canonical adf_qclass
qclass_dump: 33856 checks, 2000 random round trips
exit 0 make -s -j2 BUILD=lanes/q-slice4/clang
exit 0 lanes/q-slice4/clang/test_qclass_text
qclass_text: 8309 checks
exit 0 lanes/q-slice4/clang/test_qclass_dump
qclass_dump: 33854 checks, 2000 random round trips
exit 0 make -s -j2 BUILD=lanes/q-slice4/san-inv
exit 0 lanes/q-slice4/san-inv/test_qclass_text
adelefeld: ADF_CHECK_INVARIANTS: adf_qclass_set_pieces: argument y is not a canonical adf_qclass
qclass_text: 8311 checks
exit 0 lanes/q-slice4/san-inv/test_qclass_dump
adelefeld: ADF_CHECK_INVARIANTS: adf_qclass_dump_str: argument x is not a canonical adf_qclass
qclass_dump: 33856 checks, 2000 random round trips
