negative real kernel (B' = -iB/A and z = B - 2 pi i y)         caught (tests/test_rfun_fourier.c:347: adf_rfun_identical(y, want))
A for 1/A                                                      caught (tests/test_rfun_fourier.c:355: acb_equal(y->term[0].A, z))
B' without i                                                   caught (tests/test_rfun_fourier.c:170: ball_in(r, z))
C' without B^2/(4 pi A)                                        caught (tests/test_rfun_fourier.c:170: ball_in(r, z))
the other root branch                                          caught (tests/test_rfun_fourier.c:342: adf_rfun_fourier(y, x, PREC) == ADF_OK && adf_rfun_identical(y, x))
A^(+1/2) for A^(-1/2)                                          caught (tests/test_rfun_fourier.c:354: acb_equal(y->term[0].P->coeffs, z))
amplitude omitted (A = 4)                                      caught (tests/test_rfun_fourier.c:354: acb_equal(y->term[0].P->coeffs, z))
reflection dropped from F^2 (polynomial with the other kernel) caught (tests/test_rfun_fourier.c:347: adf_rfun_identical(y, want))
Re(1/A) > 0 of the result not checked                          caught (tests/test_rfun_fourier.c:577: adf_rfun_fourier(y, x, 2) == ADF_NOT_DETERMINED)
y written before the certificate                               caught (tests/test_rfun_fourier.c:578: !memcmp(&before, y, sizeof(before)) && adf_rfun_identical(y, keep))
transform work cap one unit low                                caught (tests/test_rfun_fourier.c:666: adf_rfun_fourier(y, x, 2) == ADF_LIMIT && !memcmp(&before, y, sizeof(before)))
derivative without -2 pi A x P                                 caught (tests/test_rfun_fourier.c:205: acb_poly_length(R->P) >= n)
derivative without B P                                         caught (tests/test_rfun_fourier.c:170: ball_in(r, z))
derivative coefficient cap: L for L + 1                        caught (tests/test_rfun_fourier.c:684: adf_rfun_derivative(y, x, PREC) == ADF_LIMIT && !memcmp(&before, y, sizeof(before)))
integral: j + 1 for j in the recurrence                        caught (tests/test_rfun_fourier.c:170: ball_in(r, z))
integral without C                                             caught (tests/test_rfun_fourier.c:386: arb_contains(n, t))
integral without B^2/(4 pi A)                                  caught (tests/test_rfun_fourier.c:386: arb_contains(n, t))
a cross term of the norm dropped (sum of the norms of the terms) caught (tests/test_rfun_fourier.c:170: ball_in(r, z))
norm of phi times phi (conjugate dropped)                      caught (exit 134)
norm written on failure                                        caught (tests/test_rfun_fourier.c:593: adf_rfun_norm2(n, x, PREC) == ADF_NOT_DETERMINED && arb_equal(n, nk))
caught 20 of 20
