mkdir -p lanes/f4-slice3/b-clang
mkdir -p lanes/f4-slice3/b-clang/support
clang -Iinclude -std=c11 -O2 -g -Wall -Wextra -Wpedantic -Werror -MMD -MP -c src/adele.c -o lanes/f4-slice3/b-clang/adele.o
clang -Iinclude -std=c11 -O2 -g -Wall -Wextra -Wpedantic -Werror -MMD -MP -c src/cap.c -o lanes/f4-slice3/b-clang/cap.o
clang -Iinclude -std=c11 -O2 -g -Wall -Wextra -Wpedantic -Werror -MMD -MP -c src/catalogue.c -o lanes/f4-slice3/b-clang/catalogue.o
clang -Iinclude -std=c11 -O2 -g -Wall -Wextra -Wpedantic -Werror -MMD -MP -c src/char.c -o lanes/f4-slice3/b-clang/char.o
clang -Iinclude -std=c11 -O2 -g -Wall -Wextra -Wpedantic -Werror -MMD -MP -c src/common.c -o lanes/f4-slice3/b-clang/common.o
clang -Iinclude -std=c11 -O2 -g -Wall -Wextra -Wpedantic -Werror -MMD -MP -c src/dump.c -o lanes/f4-slice3/b-clang/dump.o
clang -Iinclude -std=c11 -O2 -g -Wall -Wextra -Wpedantic -Werror -MMD -MP -c src/fball.c -o lanes/f4-slice3/b-clang/fball.o
clang -Iinclude -std=c11 -O2 -g -Wall -Wextra -Wpedantic -Werror -MMD -MP -c src/fball_local.c -o lanes/f4-slice3/b-clang/fball_local.o
clang -Iinclude -std=c11 -O2 -g -Wall -Wextra -Wpedantic -Werror -MMD -MP -c src/gfunc.c -o lanes/f4-slice3/b-clang/gfunc.o
clang -Iinclude -std=c11 -O2 -g -Wall -Wextra -Wpedantic -Werror -MMD -MP -c src/gfunc_log.c -o lanes/f4-slice3/b-clang/gfunc_log.o
clang -Iinclude -std=c11 -O2 -g -Wall -Wextra -Wpedantic -Werror -MMD -MP -c src/idclass.c -o lanes/f4-slice3/b-clang/idclass.o
clang -Iinclude -std=c11 -O2 -g -Wall -Wextra -Wpedantic -Werror -MMD -MP -c src/idele.c -o lanes/f4-slice3/b-clang/idele.o
clang -Iinclude -std=c11 -O2 -g -Wall -Wextra -Wpedantic -Werror -MMD -MP -c src/idmap.c -o lanes/f4-slice3/b-clang/idmap.o
clang -Iinclude -std=c11 -O2 -g -Wall -Wextra -Wpedantic -Werror -MMD -MP -c src/idpow.c -o lanes/f4-slice3/b-clang/idpow.o
clang -Iinclude -std=c11 -O2 -g -Wall -Wextra -Wpedantic -Werror -MMD -MP -c src/inlines.c -o lanes/f4-slice3/b-clang/inlines.o
clang -Iinclude -std=c11 -O2 -g -Wall -Wextra -Wpedantic -Werror -MMD -MP -c src/lball.c -o lanes/f4-slice3/b-clang/lball.o
clang -Iinclude -std=c11 -O2 -g -Wall -Wextra -Wpedantic -Werror -MMD -MP -c src/lball_decomp.c -o lanes/f4-slice3/b-clang/lball_decomp.o
clang -Iinclude -std=c11 -O2 -g -Wall -Wextra -Wpedantic -Werror -MMD -MP -c src/lfunc.c -o lanes/f4-slice3/b-clang/lfunc.o
clang -Iinclude -std=c11 -O2 -g -Wall -Wextra -Wpedantic -Werror -MMD -MP -c src/linsolve.c -o lanes/f4-slice3/b-clang/linsolve.o
clang -Iinclude -std=c11 -O2 -g -Wall -Wextra -Wpedantic -Werror -MMD -MP -c src/localfactor.c -o lanes/f4-slice3/b-clang/localfactor.o
clang -Iinclude -std=c11 -O2 -g -Wall -Wextra -Wpedantic -Werror -MMD -MP -c src/lpow.c -o lanes/f4-slice3/b-clang/lpow.o
clang -Iinclude -std=c11 -O2 -g -Wall -Wextra -Wpedantic -Werror -MMD -MP -c src/lroot.c -o lanes/f4-slice3/b-clang/lroot.o
clang -Iinclude -std=c11 -O2 -g -Wall -Wextra -Wpedantic -Werror -MMD -MP -c src/modctx.c -o lanes/f4-slice3/b-clang/modctx.o
clang -Iinclude -std=c11 -O2 -g -Wall -Wextra -Wpedantic -Werror -MMD -MP -c src/place.c -o lanes/f4-slice3/b-clang/place.o
clang -Iinclude -std=c11 -O2 -g -Wall -Wextra -Wpedantic -Werror -MMD -MP -c src/psi.c -o lanes/f4-slice3/b-clang/psi.o
clang -Iinclude -std=c11 -O2 -g -Wall -Wextra -Wpedantic -Werror -MMD -MP -c src/qclass.c -o lanes/f4-slice3/b-clang/qclass.o
clang -Iinclude -std=c11 -O2 -g -Wall -Wextra -Wpedantic -Werror -MMD -MP -c src/qclass_arith.c -o lanes/f4-slice3/b-clang/qclass_arith.o
clang -Iinclude -std=c11 -O2 -g -Wall -Wextra -Wpedantic -Werror -MMD -MP -c src/qclass_sets.c -o lanes/f4-slice3/b-clang/qclass_sets.o
clang -Iinclude -std=c11 -O2 -g -Wall -Wextra -Wpedantic -Werror -MMD -MP -c src/rat.c -o lanes/f4-slice3/b-clang/rat.o
clang -Iinclude -std=c11 -O2 -g -Wall -Wextra -Wpedantic -Werror -MMD -MP -c src/recon.c -o lanes/f4-slice3/b-clang/recon.o
clang -Iinclude -std=c11 -O2 -g -Wall -Wextra -Wpedantic -Werror -MMD -MP -c src/resid.c -o lanes/f4-slice3/b-clang/resid.o
clang -Iinclude -std=c11 -O2 -g -Wall -Wextra -Wpedantic -Werror -MMD -MP -c src/rfun.c -o lanes/f4-slice3/b-clang/rfun.o
clang -Iinclude -std=c11 -O2 -g -Wall -Wextra -Wpedantic -Werror -MMD -MP -c src/rfunc.c -o lanes/f4-slice3/b-clang/rfunc.o
clang -Iinclude -std=c11 -O2 -g -Wall -Wextra -Wpedantic -Werror -MMD -MP -c src/roots.c -o lanes/f4-slice3/b-clang/roots.o
clang -Iinclude -std=c11 -O2 -g -Wall -Wextra -Wpedantic -Werror -MMD -MP -c src/roots_real.c -o lanes/f4-slice3/b-clang/roots_real.o
clang -Iinclude -std=c11 -O2 -g -Wall -Wextra -Wpedantic -Werror -MMD -MP -c src/sball.c -o lanes/f4-slice3/b-clang/sball.o
clang -Iinclude -std=c11 -O2 -g -Wall -Wextra -Wpedantic -Werror -MMD -MP -c src/scaled.c -o lanes/f4-slice3/b-clang/scaled.o
clang -Iinclude -std=c11 -O2 -g -Wall -Wextra -Wpedantic -Werror -MMD -MP -c src/status.c -o lanes/f4-slice3/b-clang/status.o
clang -Iinclude -std=c11 -O2 -g -Wall -Wextra -Wpedantic -Werror -MMD -MP -c src/symbol.c -o lanes/f4-slice3/b-clang/symbol.o
clang -Iinclude -std=c11 -O2 -g -Wall -Wextra -Wpedantic -Werror -MMD -MP -c src/text.c -o lanes/f4-slice3/b-clang/text.o
clang -Iinclude -std=c11 -O2 -g -Wall -Wextra -Wpedantic -Werror -MMD -MP -c src/text_idele.c -o lanes/f4-slice3/b-clang/text_idele.o
clang -Iinclude -std=c11 -O2 -g -Wall -Wextra -Wpedantic -Werror -MMD -MP -c src/ucoset.c -o lanes/f4-slice3/b-clang/ucoset.o
clang -Iinclude -Itests -std=c11 -O2 -g -Wall -Wextra -Wpedantic -Werror -MMD -MP -c tests/support/golden.c -o lanes/f4-slice3/b-clang/support/golden.o
clang -Iinclude -Itests -std=c11 -O2 -g -Wall -Wextra -Wpedantic -Werror -MMD -MP -c tests/support/jsonl.c -o lanes/f4-slice3/b-clang/support/jsonl.o
ar rcs lanes/f4-slice3/b-clang/libadelefeld.a lanes/f4-slice3/b-clang/adele.o lanes/f4-slice3/b-clang/cap.o lanes/f4-slice3/b-clang/catalogue.o lanes/f4-slice3/b-clang/char.o lanes/f4-slice3/b-clang/common.o lanes/f4-slice3/b-clang/dump.o lanes/f4-slice3/b-clang/fball.o lanes/f4-slice3/b-clang/fball_local.o lanes/f4-slice3/b-clang/gfunc.o lanes/f4-slice3/b-clang/gfunc_log.o lanes/f4-slice3/b-clang/idclass.o lanes/f4-slice3/b-clang/idele.o lanes/f4-slice3/b-clang/idmap.o lanes/f4-slice3/b-clang/idpow.o lanes/f4-slice3/b-clang/inlines.o lanes/f4-slice3/b-clang/lball.o lanes/f4-slice3/b-clang/lball_decomp.o lanes/f4-slice3/b-clang/lfunc.o lanes/f4-slice3/b-clang/linsolve.o lanes/f4-slice3/b-clang/localfactor.o lanes/f4-slice3/b-clang/lpow.o lanes/f4-slice3/b-clang/lroot.o lanes/f4-slice3/b-clang/modctx.o lanes/f4-slice3/b-clang/place.o lanes/f4-slice3/b-clang/psi.o lanes/f4-slice3/b-clang/qclass.o lanes/f4-slice3/b-clang/qclass_arith.o lanes/f4-slice3/b-clang/qclass_sets.o lanes/f4-slice3/b-clang/rat.o lanes/f4-slice3/b-clang/recon.o lanes/f4-slice3/b-clang/resid.o lanes/f4-slice3/b-clang/rfun.o lanes/f4-slice3/b-clang/rfunc.o lanes/f4-slice3/b-clang/roots.o lanes/f4-slice3/b-clang/roots_real.o lanes/f4-slice3/b-clang/sball.o lanes/f4-slice3/b-clang/scaled.o lanes/f4-slice3/b-clang/status.o lanes/f4-slice3/b-clang/symbol.o lanes/f4-slice3/b-clang/text.o lanes/f4-slice3/b-clang/text_idele.o lanes/f4-slice3/b-clang/ucoset.o
clang -Iinclude -Itests -std=c11 -O2 -g -Wall -Wextra -Wpedantic -Werror -MMD -MP  tests/test_rfun.c lanes/f4-slice3/b-clang/support/golden.o lanes/f4-slice3/b-clang/support/jsonl.o lanes/f4-slice3/b-clang/libadelefeld.a -lflint -lgmp -lm -o lanes/f4-slice3/b-clang/test_rfun
clang -Iinclude -Itests -std=c11 -O2 -g -Wall -Wextra -Wpedantic -Werror -MMD -MP  tests/test_rfun_fourier.c lanes/f4-slice3/b-clang/support/golden.o lanes/f4-slice3/b-clang/support/jsonl.o lanes/f4-slice3/b-clang/libadelefeld.a -lflint -lgmp -lm -o lanes/f4-slice3/b-clang/test_rfun_fourier
