
src/fball.c:556:swap_args
    reason: fmpq_gcd(g, g, t3) against fmpq_gcd(g, t3, g): the gcd of two rationals does not depend on their order
    [3] src/fball.c:737 swap_args  key=src/fball.c | swap_args | fmpq_gcd(g, g, t3); | fmpq_gcd(g, g, t3) -> fmpq_gcd(g, t3, g)
    [1] src/fball.c:737 drop_call  key=src/fball.c | drop_call | fmpq_gcd(g, g, t3); | fmpq_gcd(g, g, t3); -> 

src/fball.c:584:swap_args
    reason: fmpq_mul(r, r, N) against fmpq_mul(r, N, r): the product does not depend on the order
    [3] src/fball.c:851 swap_args  key=src/fball.c | swap_args | fmpq_mul(r, r, N); | fmpq_mul(r, r, N) -> fmpq_mul(r, N, r)
    [1] src/fball.c:851 call_swap  key=src/fball.c | call_swap | fmpq_mul(r, r, N); | fmpq_mul -> fmpq_add
    [1] src/fball.c:851 drop_call  key=src/fball.c | drop_call | fmpq_mul(r, r, N); | fmpq_mul(r, r, N); -> 

src/fball.c:612:swap_args
    reason: fmpq_mul(r, r, N) against fmpq_mul(r, N, r): the product does not depend on the order
    [3] src/fball.c:851 swap_args  key=src/fball.c | swap_args | fmpq_mul(r, r, N); | fmpq_mul(r, r, N) -> fmpq_mul(r, N, r)
    [1] src/fball.c:851 call_swap  key=src/fball.c | call_swap | fmpq_mul(r, r, N); | fmpq_mul -> fmpq_add
    [1] src/fball.c:851 drop_call  key=src/fball.c | drop_call | fmpq_mul(r, r, N); | fmpq_mul(r, r, N); -> 

src/common.c:96:op
    reason: k - 1 < r.n for k + 1 < r.n: k = 0 gives the size_t 0 - 1, which is not below r.n, so no leading zero is dropped; the run keeps its zeros, stands for the same number, end is computed before, and the comparison pads the shorter run with '0'
    NO CANDIDATE

src/recon.c:90:cmp
    reason: fmpz_sgn(exp) >= 0 as > 0: for exp = 0 both branches compute the rational mn/1
    [1] src/recon.c:130 negate_if  key=src/recon.c | negate_if | if (fmpz_sgn(exp) >= 0) | if(fmpz_sgn(exp) >= 0) -> if(!(fmpz_sgn(exp) >= 0))
    [1] src/recon.c:130 cmp  key=src/recon.c | cmp | if (fmpz_sgn(exp) >= 0) | >= -> >
    [1] src/recon.c:130 zero_one  key=src/recon.c | zero_one | if (fmpz_sgn(exp) >= 0) | 0 -> 1

src/recon.c:90:zero_one
    reason: the same token, >= 0 as >= 1: only exp = 0 changes branch, and both branches give mn/1 there
    NO CANDIDATE

src/recon.c:122:zero_one
    reason: fmpq_cmp(lo, hi) > 0 as > 1 removes the early return for the empty interval; the rest of the function answers ADF_NO_SOLUTION for lo > hi in both cases N = 0 and N > 0
    NO CANDIDATE

src/recon.c:176:swap_args
    reason: adf_rat_mul(c, c, N) against adf_rat_mul(c, N, c): the product does not depend on the order
    [3] src/recon.c:231 swap_args  key=src/recon.c | swap_args | adf_rat_mul(c, c, N); | adf_rat_mul(c, c, N) -> adf_rat_mul(c, N, c)
    [1] src/recon.c:231 call_swap  key=src/recon.c | call_swap | adf_rat_mul(c, c, N); | adf_rat_mul -> adf_rat_add
    [1] src/recon.c:231 drop_call  key=src/recon.c | drop_call | adf_rat_mul(c, c, N); | adf_rat_mul(c, c, N); -> 

src/recon.c:177:swap_args
    reason: adf_rat_add(c, c, a) against adf_rat_add(c, a, c): the sum does not depend on the order
    [3] src/recon.c:232 swap_args  key=src/recon.c | swap_args | adf_rat_add(c, c, a); | adf_rat_add(c, c, a) -> adf_rat_add(c, a, c)
    [1] src/recon.c:232 call_swap  key=src/recon.c | call_swap | adf_rat_add(c, c, a); | adf_rat_add -> adf_rat_sub
    [1] src/recon.c:232 drop_call  key=src/recon.c | drop_call | adf_rat_add(c, c, a); | adf_rat_add(c, c, a); -> 

src/fball.c:54:swap_args
    reason: fmpz_gcd(g, A, d) against fmpz_gcd(g, d, A): the greatest common divisor of two integers does not depend on their order (refs/src/flint-3.0.1/fmpz.rst:1040), and g is a temporary, so neither input is written
    [3] src/fball.c:68 swap_args  key=src/fball.c | swap_args | fmpz_gcd(g, A, d); | fmpz_gcd(g, A, d) -> fmpz_gcd(g, d, A)
    [1] src/fball.c:68 gcd_lcm  key=src/fball.c | gcd_lcm | fmpz_gcd(g, A, d); | fmpz_gcd -> fmpz_lcm
    [1] src/fball.c:68 drop_call  key=src/fball.c | drop_call | fmpz_gcd(g, A, d); | fmpz_gcd(g, A, d); -> 

src/fball.c:214:swap_args
    reason: fmpz_gcd(g, x->A, x->d) against fmpz_gcd(g, x->d, x->A): the greatest common divisor of two integers does not depend on their order (fmpz.rst:1040), and g is a temporary, so neither input is written
    [3] src/fball.c:322 swap_args  key=src/fball.c | swap_args | fmpz_gcd(g, x->A, x->d); | fmpz_gcd(g, x->A, x->d) -> fmpz_gcd(g, x->d, x->A)
    [1] src/fball.c:322 gcd_lcm  key=src/fball.c | gcd_lcm | fmpz_gcd(g, x->A, x->d); | fmpz_gcd -> fmpz_lcm
    [1] src/fball.c:322 drop_call  key=src/fball.c | drop_call | fmpz_gcd(g, x->A, x->d); | fmpz_gcd(g, x->A, x->d); -> 

src/fball.c:552:swap_args
    reason: fmpq_mul(t1, a, M) against fmpq_mul(t1, M, a): a product of two rationals does not depend on their order (fmpq.rst:400), and t1 is a temporary, so neither input is written
    [3] src/fball.c:733 swap_args  key=src/fball.c | swap_args | fmpq_mul(t1, a, M); | fmpq_mul(t1, a, M) -> fmpq_mul(t1, M, a)
    [1] src/fball.c:733 call_swap  key=src/fball.c | call_swap | fmpq_mul(t1, a, M); | fmpq_mul -> fmpq_add
    [1] src/fball.c:733 drop_call  key=src/fball.c | drop_call | fmpq_mul(t1, a, M); | fmpq_mul(t1, a, M); -> 

src/fball.c:555:swap_args
    reason: fmpq_gcd(g, t1, t2) against fmpq_gcd(g, t2, t1): the gcd of two rationals does not depend on their order (fmpq.rst:519), and g is a temporary, so neither input is written
    [3] src/fball.c:736 swap_args  key=src/fball.c | swap_args | fmpq_gcd(g, t1, t2); | fmpq_gcd(g, t1, t2) -> fmpq_gcd(g, t2, t1)
    [1] src/fball.c:736 drop_call  key=src/fball.c | drop_call | fmpq_gcd(g, t1, t2); | fmpq_gcd(g, t1, t2); -> 

src/fball.c:684:swap_args
    reason: fmpq_gcd(g, N, M) against fmpq_gcd(g, M, N): the gcd of two rationals does not depend on their order (fmpq.rst:519), and g is a temporary, so neither input is written
    [3] src/fball.c:949 swap_args  key=src/fball.c | swap_args | fmpq_gcd(g, N, M); | fmpq_gcd(g, N, M) -> fmpq_gcd(g, M, N)
    [1] src/fball.c:949 drop_call  key=src/fball.c | drop_call | fmpq_gcd(g, N, M); | fmpq_gcd(g, N, M); -> 

src/cap.c:78:swap_args
    reason: fmpq_gcd(gq, Nq, Cq) against fmpq_gcd(gq, Cq, Nq): the gcd of two rationals does not depend on their order (fmpq.rst:519), and gq is a temporary, so neither input is written
    [3] src/cap.c:97 swap_args  key=src/cap.c | swap_args | fmpq_gcd(gq, Nq, Cq); | fmpq_gcd(gq, Nq, Cq) -> fmpq_gcd(gq, Cq, Nq)
    [1] src/cap.c:97 drop_call  key=src/cap.c | drop_call | fmpq_gcd(gq, Nq, Cq); | fmpq_gcd(gq, Nq, Cq); -> 

src/cap.c:112:swap_args
    reason: adf_fball_add(t, x, y) against adf_fball_add(t, y, x): the set sum is commutative, (a + N Zhat) + (b + M Zhat) = (b + M Zhat) + (a + N Zhat) (docs/proofs/precision.md Proposition 1, line 27, with Lemma 2, line 20), so the same ball is written; the output may be either input (include/adelefeld/fball.h:23)
    [3] src/cap.c:127 swap_args  key=src/cap.c | swap_args | adf_fball_add(t, x, y); | adf_fball_add(t, x, y) -> adf_fball_add(t, y, x)
    [1] src/cap.c:127 call_swap  key=src/cap.c | call_swap | adf_fball_add(t, x, y); | adf_fball_add -> adf_fball_sub
    [1] src/cap.c:127 drop_call  key=src/cap.c | drop_call | adf_fball_add(t, x, y); | adf_fball_add(t, x, y); -> 

src/cap.c:148:swap_args
    reason: adf_fball_mul(t, x, y) against adf_fball_mul(t, y, x): the tight set product is commutative: its radius gcd(a M, b N, N M) is unchanged by exchanging (a, N) with (b, M) (docs/proofs/precision.md Proposition 2, line 34), so the same ball is written
    [3] src/cap.c:157 swap_args  key=src/cap.c | swap_args | adf_fball_mul(t, x, y); | adf_fball_mul(t, x, y) -> adf_fball_mul(t, y, x)
    [1] src/cap.c:157 call_swap  key=src/cap.c | call_swap | adf_fball_mul(t, x, y); | adf_fball_mul -> adf_fball_add
    [1] src/cap.c:157 drop_call  key=src/cap.c | drop_call | adf_fball_mul(t, x, y); | adf_fball_mul(t, x, y); -> 

src/rat.c:222:swap_args
    reason: fmpq_add(z->q, x->q, y->q) against fmpq_add(z->q, y->q, x->q): the sum of two rationals does not depend on their order, and "aliasing between any combination of the variables is allowed" (fmpq.rst:410)
    [3] src/rat.c:222 swap_args  key=src/rat.c | swap_args | fmpq_add(z->q, x->q, y->q); | fmpq_add(z->q, x->q, y->q) -> fmpq_add(z->q, y->q, x->q)
    [1] src/rat.c:222 call_swap  key=src/rat.c | call_swap | fmpq_add(z->q, x->q, y->q); | fmpq_add -> fmpq_sub
    [1] src/rat.c:222 drop_call  key=src/rat.c | drop_call | fmpq_add(z->q, x->q, y->q); | fmpq_add(z->q, x->q, y->q); -> 

src/rat.c:238:swap_args
    reason: fmpq_mul(z->q, x->q, y->q) against fmpq_mul(z->q, y->q, x->q): the product of two rationals does not depend on their order, and "aliasing between any combination of the variables is allowed" (fmpq.rst:410)
    [3] src/rat.c:238 swap_args  key=src/rat.c | swap_args | fmpq_mul(z->q, x->q, y->q); | fmpq_mul(z->q, x->q, y->q) -> fmpq_mul(z->q, y->q, x->q)
    [1] src/rat.c:238 call_swap  key=src/rat.c | call_swap | fmpq_mul(z->q, x->q, y->q); | fmpq_mul -> fmpq_add
    [1] src/rat.c:238 drop_call  key=src/rat.c | drop_call | fmpq_mul(z->q, x->q, y->q); | fmpq_mul(z->q, x->q, y->q); -> 

src/adele.c:201:swap_args
    reason: arb_add(z->inf, x->inf, y->inf, prec) against arb_add(z->inf, y->inf, x->inf, prec): the sum of two real numbers does not depend on their order, and arb_add sets z to that sum rounded to prec bits (arb.rst:767-775), so the same value is written
    [3] src/adele.c:218 swap_args  key=src/adele.c | swap_args | arb_add(z->inf, x->inf, y->inf, prec); | arb_add(z->inf, x->inf, y->inf, prec) -> arb_add(z->inf, y->inf, x->inf, prec)
    [1] src/adele.c:218 call_swap  key=src/adele.c | call_swap | arb_add(z->inf, x->inf, y->inf, prec); | arb_add -> arb_sub
    [1] src/adele.c:218 drop_call  key=src/adele.c | drop_call | arb_add(z->inf, x->inf, y->inf, prec); | arb_add(z->inf, x->inf, y->inf, prec); -> 
    [1] src/adele.c:218 prec  key=src/adele.c | prec | arb_add(z->inf, x->inf, y->inf, prec); | prec -> 2

src/adele.c:202:swap_args
    reason: adf_fball_add(&z->fin, &x->fin, &y->fin) against adf_fball_add(&z->fin, &y->fin, &x->fin): the set sum is commutative (precision.md Proposition 1, line 27), so the same ball is written
    [3] src/adele.c:219 swap_args  key=src/adele.c | swap_args | adf_fball_add(&z->fin, &x->fin, &y->fin); | adf_fball_add(&z->fin, &x->fin, &y->fin) -> adf_fball_add(&z->fin, &y->fin, &x->fin) #1
    [3] src/adele.c:471 swap_args  key=src/adele.c | swap_args | adf_fball_add(&z->fin, &x->fin, &y->fin); | adf_fball_add(&z->fin, &x->fin, &y->fin) -> adf_fball_add(&z->fin, &y->fin, &x->fin) #2
    [1] src/adele.c:219 call_swap  key=src/adele.c | call_swap | adf_fball_add(&z->fin, &x->fin, &y->fin); | adf_fball_add -> adf_fball_sub #1
    [1] src/adele.c:219 drop_call  key=src/adele.c | drop_call | adf_fball_add(&z->fin, &x->fin, &y->fin); | adf_fball_add(&z->fin, &x->fin, &y->fin); ->  #1
    [1] src/adele.c:471 call_swap  key=src/adele.c | call_swap | adf_fball_add(&z->fin, &x->fin, &y->fin); | adf_fball_add -> adf_fball_sub #2
    [1] src/adele.c:471 drop_call  key=src/adele.c | drop_call | adf_fball_add(&z->fin, &x->fin, &y->fin); | adf_fball_add(&z->fin, &x->fin, &y->fin); ->  #2

src/adele.c:223:swap_args
    reason: arb_mul(z->inf, x->inf, y->inf, prec) against arb_mul(z->inf, y->inf, x->inf, prec): the product of two real numbers does not depend on their order, and arb_mul sets z to that product rounded to prec bits (arb.rst:798-806), so the same value is written
    [3] src/adele.c:242 swap_args  key=src/adele.c | swap_args | arb_mul(z->inf, x->inf, y->inf, prec); | arb_mul(z->inf, x->inf, y->inf, prec) -> arb_mul(z->inf, y->inf, x->inf, prec)
    [1] src/adele.c:242 call_swap  key=src/adele.c | call_swap | arb_mul(z->inf, x->inf, y->inf, prec); | arb_mul -> arb_add
    [1] src/adele.c:242 drop_call  key=src/adele.c | drop_call | arb_mul(z->inf, x->inf, y->inf, prec); | arb_mul(z->inf, x->inf, y->inf, prec); -> 
    [1] src/adele.c:242 prec  key=src/adele.c | prec | arb_mul(z->inf, x->inf, y->inf, prec); | prec -> 2

src/adele.c:224:swap_args
    reason: adf_fball_mul(&z->fin, &x->fin, &y->fin) against adf_fball_mul(&z->fin, &y->fin, &x->fin): the tight set product is commutative, its radius gcd(a M, b N, N M) is symmetric in (a, N) and (b, M) (precision.md Proposition 2, line 34), so the same ball is written
    [3] src/adele.c:243 swap_args  key=src/adele.c | swap_args | adf_fball_mul(&z->fin, &x->fin, &y->fin); | adf_fball_mul(&z->fin, &x->fin, &y->fin) -> adf_fball_mul(&z->fin, &y->fin, &x->fin) #1
    [3] src/adele.c:487 swap_args  key=src/adele.c | swap_args | adf_fball_mul(&z->fin, &x->fin, &y->fin); | adf_fball_mul(&z->fin, &x->fin, &y->fin) -> adf_fball_mul(&z->fin, &y->fin, &x->fin) #2
    [1] src/adele.c:243 call_swap  key=src/adele.c | call_swap | adf_fball_mul(&z->fin, &x->fin, &y->fin); | adf_fball_mul -> adf_fball_add #1
    [1] src/adele.c:243 drop_call  key=src/adele.c | drop_call | adf_fball_mul(&z->fin, &x->fin, &y->fin); | adf_fball_mul(&z->fin, &x->fin, &y->fin); ->  #1
    [1] src/adele.c:487 call_swap  key=src/adele.c | call_swap | adf_fball_mul(&z->fin, &x->fin, &y->fin); | adf_fball_mul -> adf_fball_add #2
    [1] src/adele.c:487 drop_call  key=src/adele.c | drop_call | adf_fball_mul(&z->fin, &x->fin, &y->fin); | adf_fball_mul(&z->fin, &x->fin, &y->fin); ->  #2

src/adele.c:259:swap_args
    reason: arb_add(z->inf, x->inf, t, prec) against arb_add(z->inf, t, x->inf, prec): the sum of two real numbers does not depend on their order, and arb_add sets z to that sum rounded to prec bits (arb.rst:767-775), so the same value is written
    [3] src/adele.c:279 swap_args  key=src/adele.c | swap_args | arb_add(z->inf, x->inf, t, prec); | arb_add(z->inf, x->inf, t, prec) -> arb_add(z->inf, t, x->inf, prec)
    [1] src/adele.c:279 call_swap  key=src/adele.c | call_swap | arb_add(z->inf, x->inf, t, prec); | arb_add -> arb_sub
    [1] src/adele.c:279 drop_call  key=src/adele.c | drop_call | arb_add(z->inf, x->inf, t, prec); | arb_add(z->inf, x->inf, t, prec); -> 
    [1] src/adele.c:279 prec  key=src/adele.c | prec | arb_add(z->inf, x->inf, t, prec); | prec -> 2

src/adele.c:260:swap_args
    reason: adf_fball_add(&z->fin, &x->fin, fq) against adf_fball_add(&z->fin, fq, &x->fin): the set sum is commutative (precision.md Proposition 1, line 27), so the same ball is written
    [3] src/adele.c:280 swap_args  key=src/adele.c | swap_args | adf_fball_add(&z->fin, &x->fin, fq); | adf_fball_add(&z->fin, &x->fin, fq) -> adf_fball_add(&z->fin, fq, &x->fin) #1
    [3] src/adele.c:516 swap_args  key=src/adele.c | swap_args | adf_fball_add(&z->fin, &x->fin, fq); | adf_fball_add(&z->fin, &x->fin, fq) -> adf_fball_add(&z->fin, fq, &x->fin) #2
    [1] src/adele.c:280 call_swap  key=src/adele.c | call_swap | adf_fball_add(&z->fin, &x->fin, fq); | adf_fball_add -> adf_fball_sub #1
    [1] src/adele.c:280 drop_call  key=src/adele.c | drop_call | adf_fball_add(&z->fin, &x->fin, fq); | adf_fball_add(&z->fin, &x->fin, fq); ->  #1
    [1] src/adele.c:516 call_swap  key=src/adele.c | call_swap | adf_fball_add(&z->fin, &x->fin, fq); | adf_fball_add -> adf_fball_sub #2
    [1] src/adele.c:516 drop_call  key=src/adele.c | drop_call | adf_fball_add(&z->fin, &x->fin, fq); | adf_fball_add(&z->fin, &x->fin, fq); ->  #2

src/adele.c:285:swap_args
    reason: arb_mul(z->inf, x->inf, t, prec) against arb_mul(z->inf, t, x->inf, prec): the product of two real numbers does not depend on their order, and arb_mul sets z to that product rounded to prec bits (arb.rst:798-806), so the same value is written
    NO CANDIDATE

src/adele.c:450:swap_args
    reason: acb_add(z->inf, x->inf, y->inf, prec) against acb_add(z->inf, y->inf, x->inf, prec): the sum of two complex numbers does not depend on their order, and acb_add sets z to that sum (acb.rst:429-431), so the same value is written
    [3] src/adele.c:470 swap_args  key=src/adele.c | swap_args | acb_add(z->inf, x->inf, y->inf, prec); | acb_add(z->inf, x->inf, y->inf, prec) -> acb_add(z->inf, y->inf, x->inf, prec)
    [1] src/adele.c:470 call_swap  key=src/adele.c | call_swap | acb_add(z->inf, x->inf, y->inf, prec); | acb_add -> acb_sub
    [1] src/adele.c:470 drop_call  key=src/adele.c | drop_call | acb_add(z->inf, x->inf, y->inf, prec); | acb_add(z->inf, x->inf, y->inf, prec); -> 
    [1] src/adele.c:470 prec  key=src/adele.c | prec | acb_add(z->inf, x->inf, y->inf, prec); | prec -> 2

src/adele.c:451:swap_args
    reason: adf_fball_add(&z->fin, &x->fin, &y->fin) against adf_fball_add(&z->fin, &y->fin, &x->fin): the set sum is commutative (precision.md Proposition 1, line 27), so the same ball is written
    [3] src/adele.c:219 swap_args  key=src/adele.c | swap_args | adf_fball_add(&z->fin, &x->fin, &y->fin); | adf_fball_add(&z->fin, &x->fin, &y->fin) -> adf_fball_add(&z->fin, &y->fin, &x->fin) #1
    [3] src/adele.c:471 swap_args  key=src/adele.c | swap_args | adf_fball_add(&z->fin, &x->fin, &y->fin); | adf_fball_add(&z->fin, &x->fin, &y->fin) -> adf_fball_add(&z->fin, &y->fin, &x->fin) #2
    [1] src/adele.c:219 call_swap  key=src/adele.c | call_swap | adf_fball_add(&z->fin, &x->fin, &y->fin); | adf_fball_add -> adf_fball_sub #1
    [1] src/adele.c:219 drop_call  key=src/adele.c | drop_call | adf_fball_add(&z->fin, &x->fin, &y->fin); | adf_fball_add(&z->fin, &x->fin, &y->fin); ->  #1
    [1] src/adele.c:471 call_swap  key=src/adele.c | call_swap | adf_fball_add(&z->fin, &x->fin, &y->fin); | adf_fball_add -> adf_fball_sub #2
    [1] src/adele.c:471 drop_call  key=src/adele.c | drop_call | adf_fball_add(&z->fin, &x->fin, &y->fin); | adf_fball_add(&z->fin, &x->fin, &y->fin); ->  #2

src/adele.c:464:swap_args
    reason: acb_mul(z->inf, x->inf, y->inf, prec) against acb_mul(z->inf, y->inf, x->inf, prec): the product of two complex numbers does not depend on their order, and acb_mul sets z to that product (acb.rst:463-469); the note there about x and y being the same pointer concerns the squaring formula, which the exchange does not change
    [3] src/adele.c:486 swap_args  key=src/adele.c | swap_args | acb_mul(z->inf, x->inf, y->inf, prec); | acb_mul(z->inf, x->inf, y->inf, prec) -> acb_mul(z->inf, y->inf, x->inf, prec)
    [1] src/adele.c:486 call_swap  key=src/adele.c | call_swap | acb_mul(z->inf, x->inf, y->inf, prec); | acb_mul -> acb_add
    [1] src/adele.c:486 drop_call  key=src/adele.c | drop_call | acb_mul(z->inf, x->inf, y->inf, prec); | acb_mul(z->inf, x->inf, y->inf, prec); -> 
    [1] src/adele.c:486 prec  key=src/adele.c | prec | acb_mul(z->inf, x->inf, y->inf, prec); | prec -> 2

src/adele.c:465:swap_args
    reason: adf_fball_mul(&z->fin, &x->fin, &y->fin) against adf_fball_mul(&z->fin, &y->fin, &x->fin): the tight set product is commutative, its radius gcd(a M, b N, N M) is symmetric in (a, N) and (b, M) (precision.md Proposition 2, line 34), so the same ball is written
    [3] src/adele.c:243 swap_args  key=src/adele.c | swap_args | adf_fball_mul(&z->fin, &x->fin, &y->fin); | adf_fball_mul(&z->fin, &x->fin, &y->fin) -> adf_fball_mul(&z->fin, &y->fin, &x->fin) #1
    [3] src/adele.c:487 swap_args  key=src/adele.c | swap_args | adf_fball_mul(&z->fin, &x->fin, &y->fin); | adf_fball_mul(&z->fin, &x->fin, &y->fin) -> adf_fball_mul(&z->fin, &y->fin, &x->fin) #2
    [1] src/adele.c:243 call_swap  key=src/adele.c | call_swap | adf_fball_mul(&z->fin, &x->fin, &y->fin); | adf_fball_mul -> adf_fball_add #1
    [1] src/adele.c:243 drop_call  key=src/adele.c | drop_call | adf_fball_mul(&z->fin, &x->fin, &y->fin); | adf_fball_mul(&z->fin, &x->fin, &y->fin); ->  #1
    [1] src/adele.c:487 call_swap  key=src/adele.c | call_swap | adf_fball_mul(&z->fin, &x->fin, &y->fin); | adf_fball_mul -> adf_fball_add #2
    [1] src/adele.c:487 drop_call  key=src/adele.c | drop_call | adf_fball_mul(&z->fin, &x->fin, &y->fin); | adf_fball_mul(&z->fin, &x->fin, &y->fin); ->  #2

src/adele.c:492:swap_args
    reason: acb_add(z->inf, x->inf, t, prec) against acb_add(z->inf, t, x->inf, prec): the sum of two complex numbers does not depend on their order, and acb_add sets z to that sum (acb.rst:429-431), so the same value is written
    [3] src/adele.c:515 swap_args  key=src/adele.c | swap_args | acb_add(z->inf, x->inf, t, prec); | acb_add(z->inf, x->inf, t, prec) -> acb_add(z->inf, t, x->inf, prec)
    [1] src/adele.c:515 call_swap  key=src/adele.c | call_swap | acb_add(z->inf, x->inf, t, prec); | acb_add -> acb_sub
    [1] src/adele.c:515 drop_call  key=src/adele.c | drop_call | acb_add(z->inf, x->inf, t, prec); | acb_add(z->inf, x->inf, t, prec); -> 
    [1] src/adele.c:515 prec  key=src/adele.c | prec | acb_add(z->inf, x->inf, t, prec); | prec -> 2

src/adele.c:493:swap_args
    reason: adf_fball_add(&z->fin, &x->fin, fq) against adf_fball_add(&z->fin, fq, &x->fin): the set sum is commutative (precision.md Proposition 1, line 27), so the same ball is written
    [3] src/adele.c:280 swap_args  key=src/adele.c | swap_args | adf_fball_add(&z->fin, &x->fin, fq); | adf_fball_add(&z->fin, &x->fin, fq) -> adf_fball_add(&z->fin, fq, &x->fin) #1
    [3] src/adele.c:516 swap_args  key=src/adele.c | swap_args | adf_fball_add(&z->fin, &x->fin, fq); | adf_fball_add(&z->fin, &x->fin, fq) -> adf_fball_add(&z->fin, fq, &x->fin) #2
    [1] src/adele.c:280 call_swap  key=src/adele.c | call_swap | adf_fball_add(&z->fin, &x->fin, fq); | adf_fball_add -> adf_fball_sub #1
    [1] src/adele.c:280 drop_call  key=src/adele.c | drop_call | adf_fball_add(&z->fin, &x->fin, fq); | adf_fball_add(&z->fin, &x->fin, fq); ->  #1
    [1] src/adele.c:516 call_swap  key=src/adele.c | call_swap | adf_fball_add(&z->fin, &x->fin, fq); | adf_fball_add -> adf_fball_sub #2
    [1] src/adele.c:516 drop_call  key=src/adele.c | drop_call | adf_fball_add(&z->fin, &x->fin, fq); | adf_fball_add(&z->fin, &x->fin, fq); ->  #2

src/adele.c:514:swap_args
    reason: acb_mul(z->inf, x->inf, t, prec) against acb_mul(z->inf, t, x->inf, prec): the product of two complex numbers does not depend on their order, and acb_mul sets z to that product (acb.rst:463-469), so the same value is written
    NO CANDIDATE

src/fball.c:141:drop_call
    reason: fmpz_zero(x->A) in adf_fball_init: fmpz_init sets the value to zero ("The value is set to zero", refs/src/flint-3.0.1/fmpz.rst:181-184) and the three fmpz_init calls of lines 138 to 140 are the only other writes of A before this line, so the fmpz_zero changes nothing for every input
    [1] src/fball.c:237 drop_call  key=src/fball.c | drop_call | fmpz_zero(x->A); | fmpz_zero(x->A); ->  #1
    [1] src/fball.c:386 drop_call  key=src/fball.c | drop_call | fmpz_zero(x->A); | fmpz_zero(x->A); ->  #2

src/fball.c:142:drop_call
    reason: fmpz_zero(x->H) in adf_fball_init: fmpz_init sets the value to zero (fmpz.rst:181-184), and line 141 writes x->A and not x->H, so the fmpz_zero changes nothing for every input
    [1] src/fball.c:238 drop_call  key=src/fball.c | drop_call | fmpz_zero(x->H); | fmpz_zero(x->H); ->  #1
    [1] src/fball.c:387 drop_call  key=src/fball.c | drop_call | fmpz_zero(x->H); | fmpz_zero(x->H); ->  #2
    [1] src/fball.c:399 drop_call  key=src/fball.c | drop_call | fmpz_zero(x->H); | fmpz_zero(x->H); ->  #3
    [1] src/fball.c:411 drop_call  key=src/fball.c | drop_call | fmpz_zero(x->H); | fmpz_zero(x->H); ->  #4
    [1] src/fball.c:423 drop_call  key=src/fball.c | drop_call | fmpz_zero(x->H); | fmpz_zero(x->H); ->  #5
    [1] src/fball.c:435 drop_call  key=src/fball.c | drop_call | fmpz_zero(x->H); | fmpz_zero(x->H); ->  #6

src/fball.c:468:swap_args
    reason: fmpq_add(c, a, b) against fmpq_add(c, b, a) in adf_fball_add: the sum of two rationals does not depend on their order (fmpq.rst:400), and c is a temporary, so neither input is written
    [3] src/fball.c:627 swap_args  key=src/fball.c | swap_args | fmpq_add(c, a, b); | fmpq_add(c, a, b) -> fmpq_add(c, b, a)
    [1] src/fball.c:627 call_swap  key=src/fball.c | call_swap | fmpq_add(c, a, b); | fmpq_add -> fmpq_sub
    [1] src/fball.c:627 drop_call  key=src/fball.c | drop_call | fmpq_add(c, a, b); | fmpq_add(c, a, b); -> 

src/fball.c:469:swap_args
    reason: fmpq_gcd(r, N, M) against fmpq_gcd(r, M, N) in adf_fball_add: the gcd of two rationals does not depend on their order (fmpq.rst:519), and r is a temporary, so neither input is written
    [3] src/fball.c:628 swap_args  key=src/fball.c | swap_args | fmpq_gcd(r, N, M); | fmpq_gcd(r, N, M) -> fmpq_gcd(r, M, N) #1
    [3] src/fball.c:669 swap_args  key=src/fball.c | swap_args | fmpq_gcd(r, N, M); | fmpq_gcd(r, N, M) -> fmpq_gcd(r, M, N) #2
    [1] src/fball.c:628 drop_call  key=src/fball.c | drop_call | fmpq_gcd(r, N, M); | fmpq_gcd(r, N, M); ->  #1
    [1] src/fball.c:669 drop_call  key=src/fball.c | drop_call | fmpq_gcd(r, N, M); | fmpq_gcd(r, N, M); ->  #2

src/fball.c:497:swap_args
    reason: fmpq_gcd(r, N, M) against fmpq_gcd(r, M, N) in adf_fball_sub: the gcd of two rationals does not depend on their order (fmpq.rst:519), and r is a temporary, so neither input is written
    [3] src/fball.c:628 swap_args  key=src/fball.c | swap_args | fmpq_gcd(r, N, M); | fmpq_gcd(r, N, M) -> fmpq_gcd(r, M, N) #1
    [3] src/fball.c:669 swap_args  key=src/fball.c | swap_args | fmpq_gcd(r, N, M); | fmpq_gcd(r, N, M) -> fmpq_gcd(r, M, N) #2
    [1] src/fball.c:628 drop_call  key=src/fball.c | drop_call | fmpq_gcd(r, N, M); | fmpq_gcd(r, N, M); ->  #1
    [1] src/fball.c:669 drop_call  key=src/fball.c | drop_call | fmpq_gcd(r, N, M); | fmpq_gcd(r, N, M); ->  #2

src/fball.c:551:swap_args
    reason: fmpq_mul(c, a, b) against fmpq_mul(c, b, a) in adf_fball_mul: the product of two rationals does not depend on their order (fmpq.rst:400), and c is a temporary, so neither input is written
    [3] src/fball.c:732 swap_args  key=src/fball.c | swap_args | fmpq_mul(c, a, b); | fmpq_mul(c, a, b) -> fmpq_mul(c, b, a)
    [1] src/fball.c:732 call_swap  key=src/fball.c | call_swap | fmpq_mul(c, a, b); | fmpq_mul -> fmpq_add
    [1] src/fball.c:732 drop_call  key=src/fball.c | drop_call | fmpq_mul(c, a, b); | fmpq_mul(c, a, b); -> 

src/fball.c:553:swap_args
    reason: fmpq_mul(t2, b, N) against fmpq_mul(t2, N, b) in adf_fball_mul: a product does not depend on the order of its factors (fmpq.rst:400), and t2 is a temporary, so neither input is written
    [3] src/fball.c:734 swap_args  key=src/fball.c | swap_args | fmpq_mul(t2, b, N); | fmpq_mul(t2, b, N) -> fmpq_mul(t2, N, b)
    [1] src/fball.c:734 call_swap  key=src/fball.c | call_swap | fmpq_mul(t2, b, N); | fmpq_mul -> fmpq_add
    [1] src/fball.c:734 drop_call  key=src/fball.c | drop_call | fmpq_mul(t2, b, N); | fmpq_mul(t2, b, N); -> 

src/fball.c:554:swap_args
    reason: fmpq_mul(t3, N, M) against fmpq_mul(t3, M, N) in adf_fball_mul: a product does not depend on the order of its factors (fmpq.rst:400), and t3 is a temporary, so neither input is written
    [3] src/fball.c:735 swap_args  key=src/fball.c | swap_args | fmpq_mul(t3, N, M); | fmpq_mul(t3, N, M) -> fmpq_mul(t3, M, N)
    [1] src/fball.c:735 call_swap  key=src/fball.c | call_swap | fmpq_mul(t3, N, M); | fmpq_mul -> fmpq_add
    [1] src/fball.c:735 drop_call  key=src/fball.c | drop_call | fmpq_mul(t3, N, M); | fmpq_mul(t3, N, M); -> 

src/fball.c:582:swap_args
    reason: fmpq_mul(c, a, q->q) against fmpq_mul(c, q->q, a) in adf_fball_mul_rat: a product does not depend on the order of its factors (fmpq.rst:400), and c is a temporary, so neither input is written
    [3] src/fball.c:849 swap_args  key=src/fball.c | swap_args | fmpq_mul(c, a, q->q); | fmpq_mul(c, a, q->q) -> fmpq_mul(c, q->q, a)
    [1] src/fball.c:849 call_swap  key=src/fball.c | call_swap | fmpq_mul(c, a, q->q); | fmpq_mul -> fmpq_add
    [1] src/fball.c:849 drop_call  key=src/fball.c | drop_call | fmpq_mul(c, a, q->q); | fmpq_mul(c, a, q->q); -> 

src/fball.c:610:swap_args
    reason: fmpq_mul(c, a, qq) against fmpq_mul(c, qq, a) in adf_fball_div_rat: a product does not depend on the order of its factors (fmpq.rst:400), and c is a temporary, so neither input is written
    NO CANDIDATE

src/scaled.c:209:swap_args
    reason: fmpz_mul(t, d, K) against fmpz_mul(t, K, d): the product does not depend on the order
    [3] src/scaled.c:201 swap_args  key=src/scaled.c | swap_args | fmpz_mul(t, d, K); | fmpz_mul(t, d, K) -> fmpz_mul(t, K, d)
    [1] src/scaled.c:201 call_swap  key=src/scaled.c | call_swap | fmpz_mul(t, d, K); | fmpz_mul -> fmpz_add
    [1] src/scaled.c:201 drop_call  key=src/scaled.c | drop_call | fmpz_mul(t, d, K); | fmpz_mul(t, d, K); -> 

src/scaled.c:220:swap_args
    reason: fmpz_mul(t, A, K) against fmpz_mul(t, K, A): the product does not depend on the order
    [3] src/scaled.c:212 swap_args  key=src/scaled.c | swap_args | fmpz_mul(t, A, K); | fmpz_mul(t, A, K) -> fmpz_mul(t, K, A)
    [1] src/scaled.c:212 call_swap  key=src/scaled.c | call_swap | fmpz_mul(t, A, K); | fmpz_mul -> fmpz_add
    [1] src/scaled.c:212 drop_call  key=src/scaled.c | drop_call | fmpz_mul(t, A, K); | fmpz_mul(t, A, K); -> 

src/scaled.c:284:swap_args
    reason: fmpz_mul(t, x->u, Kp) against fmpz_mul(t, Kp, x->u): the product does not depend on the order
    [3] src/scaled.c:272 swap_args  key=src/scaled.c | swap_args | fmpz_mul(t, x->u, Kp); | fmpz_mul(t, x->u, Kp) -> fmpz_mul(t, Kp, x->u)
    [1] src/scaled.c:272 call_swap  key=src/scaled.c | call_swap | fmpz_mul(t, x->u, Kp); | fmpz_mul -> fmpz_add
    [1] src/scaled.c:272 drop_call  key=src/scaled.c | drop_call | fmpz_mul(t, x->u, Kp); | fmpz_mul(t, x->u, Kp); -> 

src/scaled.c:358:swap_args
    reason: fmpq_add(t.s, x->s, y->s) against fmpq_add(t.s, y->s, x->s): the sum does not depend on the order
    [3] src/scaled.c:351 swap_args  key=src/scaled.c | swap_args | fmpq_add(t.s, x->s, y->s); | fmpq_add(t.s, x->s, y->s) -> fmpq_add(t.s, y->s, x->s)
    [1] src/scaled.c:351 call_swap  key=src/scaled.c | call_swap | fmpq_add(t.s, x->s, y->s); | fmpq_add -> fmpq_sub
    [1] src/scaled.c:351 drop_call  key=src/scaled.c | drop_call | fmpq_add(t.s, x->s, y->s); | fmpq_add(t.s, x->s, y->s); -> 

src/scaled.c:363:swap_args
    reason: fmpz_mul(r, ta, x->u) against fmpz_mul(r, x->u, ta): the product does not depend on the order
    [3] src/scaled.c:356 swap_args  key=src/scaled.c | swap_args | fmpz_mul(r, ta, x->u); | fmpz_mul(r, ta, x->u) -> fmpz_mul(r, x->u, ta) #1
    [3] src/scaled.c:668 swap_args  key=src/scaled.c | swap_args | fmpz_mul(r, ta, x->u); | fmpz_mul(r, ta, x->u) -> fmpz_mul(r, x->u, ta) #2
    [1] src/scaled.c:356 call_swap  key=src/scaled.c | call_swap | fmpz_mul(r, ta, x->u); | fmpz_mul -> fmpz_add #1
    [1] src/scaled.c:356 drop_call  key=src/scaled.c | drop_call | fmpz_mul(r, ta, x->u); | fmpz_mul(r, ta, x->u); ->  #1
    [1] src/scaled.c:668 call_swap  key=src/scaled.c | call_swap | fmpz_mul(r, ta, x->u); | fmpz_mul -> fmpz_add #2
    [1] src/scaled.c:668 drop_call  key=src/scaled.c | drop_call | fmpz_mul(r, ta, x->u); | fmpz_mul(r, ta, x->u); ->  #2

src/scaled.c:364:swap_args
    reason: fmpz_mul(ta, tb, y->u) against fmpz_mul(ta, y->u, tb): the product does not depend on the order
    [3] src/scaled.c:357 swap_args  key=src/scaled.c | swap_args | fmpz_mul(ta, tb, y->u); | fmpz_mul(ta, tb, y->u) -> fmpz_mul(ta, y->u, tb)
    [1] src/scaled.c:357 call_swap  key=src/scaled.c | call_swap | fmpz_mul(ta, tb, y->u); | fmpz_mul -> fmpz_add
    [1] src/scaled.c:357 drop_call  key=src/scaled.c | drop_call | fmpz_mul(ta, tb, y->u); | fmpz_mul(ta, tb, y->u); -> 

src/scaled.c:365:swap_args
    reason: fmpz_add(r, r, ta) against fmpz_add(r, ta, r): the sum does not depend on the order
    [3] src/scaled.c:358 swap_args  key=src/scaled.c | swap_args | fmpz_add(r, r, ta); | fmpz_add(r, r, ta) -> fmpz_add(r, ta, r)
    [1] src/scaled.c:358 call_swap  key=src/scaled.c | call_swap | fmpz_add(r, r, ta); | fmpz_add -> fmpz_sub
    [1] src/scaled.c:358 drop_call  key=src/scaled.c | drop_call | fmpz_add(r, r, ta); | fmpz_add(r, r, ta); -> 

src/scaled.c:386:swap_args
    reason: fmpz_mul(r, ta, w->u) against fmpz_mul(r, w->u, ta): the product does not depend on the order
    [3] src/scaled.c:379 swap_args  key=src/scaled.c | swap_args | fmpz_mul(r, ta, w->u); | fmpz_mul(r, ta, w->u) -> fmpz_mul(r, w->u, ta)
    [1] src/scaled.c:379 call_swap  key=src/scaled.c | call_swap | fmpz_mul(r, ta, w->u); | fmpz_mul -> fmpz_add
    [1] src/scaled.c:379 drop_call  key=src/scaled.c | drop_call | fmpz_mul(r, ta, w->u); | fmpz_mul(r, ta, w->u); -> 

src/scaled.c:418:swap_args
    reason: adf_scaled_add(z, x, &t) against adf_scaled_add(z, &t, x): the sum rule of policies P5(1) is symmetric in its operands, the exact-operand rule selects the same pair in both orders, and the shared-pointer check compares the two inputs symmetrically
    [3] src/scaled.c:411 swap_args  key=src/scaled.c | swap_args | status = adf_scaled_add(z, x, &t); | adf_scaled_add(z, x, &t) -> adf_scaled_add(z, &t, x)
    [1] src/scaled.c:411 drop_assign  key=src/scaled.c | drop_assign | status = adf_scaled_add(z, x, &t); | status = adf_scaled_add(z, x, &t); -> 
    [1] src/scaled.c:411 call_swap  key=src/scaled.c | call_swap | status = adf_scaled_add(z, x, &t); | adf_scaled_add -> adf_scaled_sub

src/scaled.c:447:swap_args
    reason: fmpq_mul(t.s, x->s, y->s) against fmpq_mul(t.s, y->s, x->s): the product does not depend on the order
    [3] src/scaled.c:440 swap_args  key=src/scaled.c | swap_args | fmpq_mul(t.s, x->s, y->s); | fmpq_mul(t.s, x->s, y->s) -> fmpq_mul(t.s, y->s, x->s) #1
    [3] src/scaled.c:447 swap_args  key=src/scaled.c | swap_args | fmpq_mul(t.s, x->s, y->s); | fmpq_mul(t.s, x->s, y->s) -> fmpq_mul(t.s, y->s, x->s) #2
    [3] src/scaled.c:508 swap_args  key=src/scaled.c | swap_args | fmpq_mul(t.s, x->s, y->s); | fmpq_mul(t.s, x->s, y->s) -> fmpq_mul(t.s, y->s, x->s) #3
    [3] src/scaled.c:517 swap_args  key=src/scaled.c | swap_args | fmpq_mul(t.s, x->s, y->s); | fmpq_mul(t.s, x->s, y->s) -> fmpq_mul(t.s, y->s, x->s) #4
    [1] src/scaled.c:440 call_swap  key=src/scaled.c | call_swap | fmpq_mul(t.s, x->s, y->s); | fmpq_mul -> fmpq_add #1
    [1] src/scaled.c:440 drop_call  key=src/scaled.c | drop_call | fmpq_mul(t.s, x->s, y->s); | fmpq_mul(t.s, x->s, y->s); ->  #1
    [1] src/scaled.c:447 call_swap  key=src/scaled.c | call_swap | fmpq_mul(t.s, x->s, y->s); | fmpq_mul -> fmpq_add #2
    [1] src/scaled.c:447 drop_call  key=src/scaled.c | drop_call | fmpq_mul(t.s, x->s, y->s); | fmpq_mul(t.s, x->s, y->s); ->  #2
    [1] src/scaled.c:508 call_swap  key=src/scaled.c | call_swap | fmpq_mul(t.s, x->s, y->s); | fmpq_mul -> fmpq_add #3
    [1] src/scaled.c:508 drop_call  key=src/scaled.c | drop_call | fmpq_mul(t.s, x->s, y->s); | fmpq_mul(t.s, x->s, y->s); ->  #3
    [1] src/scaled.c:517 call_swap  key=src/scaled.c | call_swap | fmpq_mul(t.s, x->s, y->s); | fmpq_mul -> fmpq_add #4
    [1] src/scaled.c:517 drop_call  key=src/scaled.c | drop_call | fmpq_mul(t.s, x->s, y->s); | fmpq_mul(t.s, x->s, y->s); ->  #4

src/scaled.c:451:swap_args
    reason: fmpz_mul(r, x->u, y->u) against fmpz_mul(r, y->u, x->u): the product does not depend on the order
    [3] src/scaled.c:444 swap_args  key=src/scaled.c | swap_args | fmpz_mul(r, x->u, y->u); | fmpz_mul(r, x->u, y->u) -> fmpz_mul(r, y->u, x->u) #1
    [3] src/scaled.c:513 swap_args  key=src/scaled.c | swap_args | fmpz_mul(r, x->u, y->u); | fmpz_mul(r, x->u, y->u) -> fmpz_mul(r, y->u, x->u) #2
    [1] src/scaled.c:444 call_swap  key=src/scaled.c | call_swap | fmpz_mul(r, x->u, y->u); | fmpz_mul -> fmpz_add #1
    [1] src/scaled.c:444 drop_call  key=src/scaled.c | drop_call | fmpz_mul(r, x->u, y->u); | fmpz_mul(r, x->u, y->u); ->  #1
    [1] src/scaled.c:513 call_swap  key=src/scaled.c | call_swap | fmpz_mul(r, x->u, y->u); | fmpz_mul -> fmpz_add #2
    [1] src/scaled.c:513 drop_call  key=src/scaled.c | drop_call | fmpz_mul(r, x->u, y->u); | fmpz_mul(r, x->u, y->u); ->  #2

src/scaled.c:454:swap_args
    reason: fmpq_mul(t.s, x->s, y->s) against fmpq_mul(t.s, y->s, x->s): the product does not depend on the order
    [3] src/scaled.c:440 swap_args  key=src/scaled.c | swap_args | fmpq_mul(t.s, x->s, y->s); | fmpq_mul(t.s, x->s, y->s) -> fmpq_mul(t.s, y->s, x->s) #1
    [3] src/scaled.c:447 swap_args  key=src/scaled.c | swap_args | fmpq_mul(t.s, x->s, y->s); | fmpq_mul(t.s, x->s, y->s) -> fmpq_mul(t.s, y->s, x->s) #2
    [3] src/scaled.c:508 swap_args  key=src/scaled.c | swap_args | fmpq_mul(t.s, x->s, y->s); | fmpq_mul(t.s, x->s, y->s) -> fmpq_mul(t.s, y->s, x->s) #3
    [3] src/scaled.c:517 swap_args  key=src/scaled.c | swap_args | fmpq_mul(t.s, x->s, y->s); | fmpq_mul(t.s, x->s, y->s) -> fmpq_mul(t.s, y->s, x->s) #4
    [1] src/scaled.c:440 call_swap  key=src/scaled.c | call_swap | fmpq_mul(t.s, x->s, y->s); | fmpq_mul -> fmpq_add #1
    [1] src/scaled.c:440 drop_call  key=src/scaled.c | drop_call | fmpq_mul(t.s, x->s, y->s); | fmpq_mul(t.s, x->s, y->s); ->  #1
    [1] src/scaled.c:447 call_swap  key=src/scaled.c | call_swap | fmpq_mul(t.s, x->s, y->s); | fmpq_mul -> fmpq_add #2
    [1] src/scaled.c:447 drop_call  key=src/scaled.c | drop_call | fmpq_mul(t.s, x->s, y->s); | fmpq_mul(t.s, x->s, y->s); ->  #2
    [1] src/scaled.c:508 call_swap  key=src/scaled.c | call_swap | fmpq_mul(t.s, x->s, y->s); | fmpq_mul -> fmpq_add #3
    [1] src/scaled.c:508 drop_call  key=src/scaled.c | drop_call | fmpq_mul(t.s, x->s, y->s); | fmpq_mul(t.s, x->s, y->s); ->  #3
    [1] src/scaled.c:517 call_swap  key=src/scaled.c | call_swap | fmpq_mul(t.s, x->s, y->s); | fmpq_mul -> fmpq_add #4
    [1] src/scaled.c:517 drop_call  key=src/scaled.c | drop_call | fmpq_mul(t.s, x->s, y->s); | fmpq_mul(t.s, x->s, y->s); ->  #4

src/scaled.c:520:swap_args
    reason: fmpz_mul(r, x->u, y->u) against fmpz_mul(r, y->u, x->u): the product does not depend on the order
    [3] src/scaled.c:444 swap_args  key=src/scaled.c | swap_args | fmpz_mul(r, x->u, y->u); | fmpz_mul(r, x->u, y->u) -> fmpz_mul(r, y->u, x->u) #1
    [3] src/scaled.c:513 swap_args  key=src/scaled.c | swap_args | fmpz_mul(r, x->u, y->u); | fmpz_mul(r, x->u, y->u) -> fmpz_mul(r, y->u, x->u) #2
    [1] src/scaled.c:444 call_swap  key=src/scaled.c | call_swap | fmpz_mul(r, x->u, y->u); | fmpz_mul -> fmpz_add #1
    [1] src/scaled.c:444 drop_call  key=src/scaled.c | drop_call | fmpz_mul(r, x->u, y->u); | fmpz_mul(r, x->u, y->u); ->  #1
    [1] src/scaled.c:513 call_swap  key=src/scaled.c | call_swap | fmpz_mul(r, x->u, y->u); | fmpz_mul -> fmpz_add #2
    [1] src/scaled.c:513 drop_call  key=src/scaled.c | drop_call | fmpz_mul(r, x->u, y->u); | fmpz_mul(r, x->u, y->u); ->  #2

src/scaled.c:524:swap_args
    reason: fmpq_mul(t.s, x->s, y->s) against fmpq_mul(t.s, y->s, x->s): the product does not depend on the order
    [3] src/scaled.c:440 swap_args  key=src/scaled.c | swap_args | fmpq_mul(t.s, x->s, y->s); | fmpq_mul(t.s, x->s, y->s) -> fmpq_mul(t.s, y->s, x->s) #1
    [3] src/scaled.c:447 swap_args  key=src/scaled.c | swap_args | fmpq_mul(t.s, x->s, y->s); | fmpq_mul(t.s, x->s, y->s) -> fmpq_mul(t.s, y->s, x->s) #2
    [3] src/scaled.c:508 swap_args  key=src/scaled.c | swap_args | fmpq_mul(t.s, x->s, y->s); | fmpq_mul(t.s, x->s, y->s) -> fmpq_mul(t.s, y->s, x->s) #3
    [3] src/scaled.c:517 swap_args  key=src/scaled.c | swap_args | fmpq_mul(t.s, x->s, y->s); | fmpq_mul(t.s, x->s, y->s) -> fmpq_mul(t.s, y->s, x->s) #4
    [1] src/scaled.c:440 call_swap  key=src/scaled.c | call_swap | fmpq_mul(t.s, x->s, y->s); | fmpq_mul -> fmpq_add #1
    [1] src/scaled.c:440 drop_call  key=src/scaled.c | drop_call | fmpq_mul(t.s, x->s, y->s); | fmpq_mul(t.s, x->s, y->s); ->  #1
    [1] src/scaled.c:447 call_swap  key=src/scaled.c | call_swap | fmpq_mul(t.s, x->s, y->s); | fmpq_mul -> fmpq_add #2
    [1] src/scaled.c:447 drop_call  key=src/scaled.c | drop_call | fmpq_mul(t.s, x->s, y->s); | fmpq_mul(t.s, x->s, y->s); ->  #2
    [1] src/scaled.c:508 call_swap  key=src/scaled.c | call_swap | fmpq_mul(t.s, x->s, y->s); | fmpq_mul -> fmpq_add #3
    [1] src/scaled.c:508 drop_call  key=src/scaled.c | drop_call | fmpq_mul(t.s, x->s, y->s); | fmpq_mul(t.s, x->s, y->s); ->  #3
    [1] src/scaled.c:517 call_swap  key=src/scaled.c | call_swap | fmpq_mul(t.s, x->s, y->s); | fmpq_mul -> fmpq_add #4
    [1] src/scaled.c:517 drop_call  key=src/scaled.c | drop_call | fmpq_mul(t.s, x->s, y->s); | fmpq_mul(t.s, x->s, y->s); ->  #4

src/scaled.c:544:swap_args
    reason: fmpq_mul(t.s, aq, w->s) against fmpq_mul(t.s, w->s, aq): the product does not depend on the order
    [3] src/scaled.c:466 swap_args  key=src/scaled.c | swap_args | fmpq_mul(t.s, aq, w->s); | fmpq_mul(t.s, aq, w->s) -> fmpq_mul(t.s, w->s, aq) #1
    [3] src/scaled.c:537 swap_args  key=src/scaled.c | swap_args | fmpq_mul(t.s, aq, w->s); | fmpq_mul(t.s, aq, w->s) -> fmpq_mul(t.s, w->s, aq) #2
    [1] src/scaled.c:466 call_swap  key=src/scaled.c | call_swap | fmpq_mul(t.s, aq, w->s); | fmpq_mul -> fmpq_add #1
    [1] src/scaled.c:466 drop_call  key=src/scaled.c | drop_call | fmpq_mul(t.s, aq, w->s); | fmpq_mul(t.s, aq, w->s); ->  #1
    [1] src/scaled.c:537 call_swap  key=src/scaled.c | call_swap | fmpq_mul(t.s, aq, w->s); | fmpq_mul -> fmpq_add #2
    [1] src/scaled.c:537 drop_call  key=src/scaled.c | drop_call | fmpq_mul(t.s, aq, w->s); | fmpq_mul(t.s, aq, w->s); ->  #2

src/scaled.c:609:swap_args
    reason: fmpq_mul(y->s, q->q, x->s) against fmpq_mul(y->s, x->s, q->q): the product does not depend on the order, also with y = x (both operands are read before the write)
    [3] src/scaled.c:602 swap_args  key=src/scaled.c | swap_args | fmpq_mul(y->s, q->q, x->s); | fmpq_mul(y->s, q->q, x->s) -> fmpq_mul(y->s, x->s, q->q)
    [1] src/scaled.c:602 call_swap  key=src/scaled.c | call_swap | fmpq_mul(y->s, q->q, x->s); | fmpq_mul -> fmpq_add
    [1] src/scaled.c:602 drop_call  key=src/scaled.c | drop_call | fmpq_mul(y->s, q->q, x->s); | fmpq_mul(y->s, q->q, x->s); -> 

src/scaled.c:653:swap_args
    reason: fmpq_add(t.s, x->s, q->q) against fmpq_add(t.s, q->q, x->s): the sum does not depend on the order
    [3] src/scaled.c:646 swap_args  key=src/scaled.c | swap_args | fmpq_add(t.s, x->s, q->q); | fmpq_add(t.s, x->s, q->q) -> fmpq_add(t.s, q->q, x->s)
    [1] src/scaled.c:646 call_swap  key=src/scaled.c | call_swap | fmpq_add(t.s, x->s, q->q); | fmpq_add -> fmpq_sub
    [1] src/scaled.c:646 drop_call  key=src/scaled.c | drop_call | fmpq_add(t.s, x->s, q->q); | fmpq_add(t.s, x->s, q->q); -> 

src/scaled.c:675:swap_args
    reason: fmpz_mul(r, ta, x->u) against fmpz_mul(r, x->u, ta): the product does not depend on the order
    [3] src/scaled.c:356 swap_args  key=src/scaled.c | swap_args | fmpz_mul(r, ta, x->u); | fmpz_mul(r, ta, x->u) -> fmpz_mul(r, x->u, ta) #1
    [3] src/scaled.c:668 swap_args  key=src/scaled.c | swap_args | fmpz_mul(r, ta, x->u); | fmpz_mul(r, ta, x->u) -> fmpz_mul(r, x->u, ta) #2
    [1] src/scaled.c:356 call_swap  key=src/scaled.c | call_swap | fmpz_mul(r, ta, x->u); | fmpz_mul -> fmpz_add #1
    [1] src/scaled.c:356 drop_call  key=src/scaled.c | drop_call | fmpz_mul(r, ta, x->u); | fmpz_mul(r, ta, x->u); ->  #1
    [1] src/scaled.c:668 call_swap  key=src/scaled.c | call_swap | fmpz_mul(r, ta, x->u); | fmpz_mul -> fmpz_add #2
    [1] src/scaled.c:668 drop_call  key=src/scaled.c | drop_call | fmpz_mul(r, ta, x->u); | fmpz_mul(r, ta, x->u); ->  #2

src/scaled.c:676:swap_args
    reason: fmpz_add(r, r, tb) against fmpz_add(r, tb, r): the sum does not depend on the order
    [3] src/scaled.c:380 swap_args  key=src/scaled.c | swap_args | fmpz_add(r, r, tb);                   /* q/g + (s/g) u */ | fmpz_add(r, r, tb) -> fmpz_add(r, tb, r)
    [3] src/scaled.c:669 swap_args  key=src/scaled.c | swap_args | fmpz_add(r, r, tb);                      /* q/g + (s/g) u */ | fmpz_add(r, r, tb) -> fmpz_add(r, tb, r)
    [1] src/scaled.c:380 call_swap  key=src/scaled.c | call_swap | fmpz_add(r, r, tb);                   /* q/g + (s/g) u */ | fmpz_add -> fmpz_sub
    [1] src/scaled.c:380 drop_call  key=src/scaled.c | drop_call | fmpz_add(r, r, tb);                   /* q/g + (s/g) u */ | fmpz_add(r, r, tb); -> 
    [1] src/scaled.c:669 call_swap  key=src/scaled.c | call_swap | fmpz_add(r, r, tb);                      /* q/g + (s/g) u */ | fmpz_add -> fmpz_sub
    [1] src/scaled.c:669 drop_call  key=src/scaled.c | drop_call | fmpz_add(r, r, tb);                      /* q/g + (s/g) u */ | fmpz_add(r, r, tb); -> 

src/scaled.c:476:cmp
    reason: fmpq_sgn(q) < 0 as <= 0: the branch is reached only for q != 0, where fmpq_sgn(q) is -1 or 1, and both values answer the same to < 0 and <= 0
    [1] src/scaled.c:469 negate_if  key=src/scaled.c | negate_if | if (fmpq_sgn(q) < 0) | if(fmpq_sgn(q) < 0) -> if(!(fmpq_sgn(q) < 0)) #1
    [1] src/scaled.c:469 cmp  key=src/scaled.c | cmp | if (fmpq_sgn(q) < 0) | < -> <= #1
    [1] src/scaled.c:469 zero_one  key=src/scaled.c | zero_one | if (fmpq_sgn(q) < 0) | 0 -> 1 #1
    [1] src/scaled.c:540 negate_if  key=src/scaled.c | negate_if | if (fmpq_sgn(q) < 0) | if(fmpq_sgn(q) < 0) -> if(!(fmpq_sgn(q) < 0)) #2
    [1] src/scaled.c:540 cmp  key=src/scaled.c | cmp | if (fmpq_sgn(q) < 0) | < -> <= #2
    [1] src/scaled.c:540 zero_one  key=src/scaled.c | zero_one | if (fmpq_sgn(q) < 0) | 0 -> 1 #2

src/scaled.c:476:zero_one
    reason: fmpq_sgn(q) < 0 as < 1: on the only possible values -1 and 1 of fmpq_sgn(q) the comparisons < 0 and < 1 agree
    [1] src/scaled.c:469 negate_if  key=src/scaled.c | negate_if | if (fmpq_sgn(q) < 0) | if(fmpq_sgn(q) < 0) -> if(!(fmpq_sgn(q) < 0)) #1
    [1] src/scaled.c:469 cmp  key=src/scaled.c | cmp | if (fmpq_sgn(q) < 0) | < -> <= #1
    [1] src/scaled.c:469 zero_one  key=src/scaled.c | zero_one | if (fmpq_sgn(q) < 0) | 0 -> 1 #1
    [1] src/scaled.c:540 negate_if  key=src/scaled.c | negate_if | if (fmpq_sgn(q) < 0) | if(fmpq_sgn(q) < 0) -> if(!(fmpq_sgn(q) < 0)) #2
    [1] src/scaled.c:540 cmp  key=src/scaled.c | cmp | if (fmpq_sgn(q) < 0) | < -> <= #2
    [1] src/scaled.c:540 zero_one  key=src/scaled.c | zero_one | if (fmpq_sgn(q) < 0) | 0 -> 1 #2

src/scaled.c:547:cmp
    reason: fmpq_sgn(q) < 0 as <= 0: the branch is reached only for q != 0, where fmpq_sgn(q) is -1 or 1, and both values answer the same to < 0 and <= 0
    [1] src/scaled.c:469 negate_if  key=src/scaled.c | negate_if | if (fmpq_sgn(q) < 0) | if(fmpq_sgn(q) < 0) -> if(!(fmpq_sgn(q) < 0)) #1
    [1] src/scaled.c:469 cmp  key=src/scaled.c | cmp | if (fmpq_sgn(q) < 0) | < -> <= #1
    [1] src/scaled.c:469 zero_one  key=src/scaled.c | zero_one | if (fmpq_sgn(q) < 0) | 0 -> 1 #1
    [1] src/scaled.c:540 negate_if  key=src/scaled.c | negate_if | if (fmpq_sgn(q) < 0) | if(fmpq_sgn(q) < 0) -> if(!(fmpq_sgn(q) < 0)) #2
    [1] src/scaled.c:540 cmp  key=src/scaled.c | cmp | if (fmpq_sgn(q) < 0) | < -> <= #2
    [1] src/scaled.c:540 zero_one  key=src/scaled.c | zero_one | if (fmpq_sgn(q) < 0) | 0 -> 1 #2

src/scaled.c:547:zero_one
    reason: fmpq_sgn(q) < 0 as < 1: on the only possible values -1 and 1 of fmpq_sgn(q) the comparisons < 0 and < 1 agree
    [1] src/scaled.c:469 negate_if  key=src/scaled.c | negate_if | if (fmpq_sgn(q) < 0) | if(fmpq_sgn(q) < 0) -> if(!(fmpq_sgn(q) < 0)) #1
    [1] src/scaled.c:469 cmp  key=src/scaled.c | cmp | if (fmpq_sgn(q) < 0) | < -> <= #1
    [1] src/scaled.c:469 zero_one  key=src/scaled.c | zero_one | if (fmpq_sgn(q) < 0) | 0 -> 1 #1
    [1] src/scaled.c:540 negate_if  key=src/scaled.c | negate_if | if (fmpq_sgn(q) < 0) | if(fmpq_sgn(q) < 0) -> if(!(fmpq_sgn(q) < 0)) #2
    [1] src/scaled.c:540 cmp  key=src/scaled.c | cmp | if (fmpq_sgn(q) < 0) | < -> <= #2
    [1] src/scaled.c:540 zero_one  key=src/scaled.c | zero_one | if (fmpq_sgn(q) < 0) | 0 -> 1 #2

src/scaled.c:625:cmp
    reason: fmpq_sgn(q->q) < 0 as <= 0: the branch is reached only for q != 0, where fmpq_sgn is -1 or 1, and both values answer the same to < 0 and <= 0
    [1] src/scaled.c:618 negate_if  key=src/scaled.c | negate_if | if (fmpq_sgn(q->q) < 0) | if(fmpq_sgn(q->q) < 0) -> if(!(fmpq_sgn(q->q) < 0))
    [1] src/scaled.c:618 cmp  key=src/scaled.c | cmp | if (fmpq_sgn(q->q) < 0) | < -> <=
    [1] src/scaled.c:618 zero_one  key=src/scaled.c | zero_one | if (fmpq_sgn(q->q) < 0) | 0 -> 1

src/scaled.c:625:zero_one
    reason: fmpq_sgn(q->q) < 0 as < 1: on the only possible values -1 and 1 of fmpq_sgn the comparisons < 0 and < 1 agree
    [1] src/scaled.c:618 negate_if  key=src/scaled.c | negate_if | if (fmpq_sgn(q->q) < 0) | if(fmpq_sgn(q->q) < 0) -> if(!(fmpq_sgn(q->q) < 0))
    [1] src/scaled.c:618 cmp  key=src/scaled.c | cmp | if (fmpq_sgn(q->q) < 0) | < -> <=
    [1] src/scaled.c:618 zero_one  key=src/scaled.c | zero_one | if (fmpq_sgn(q->q) < 0) | 0 -> 1

src/scaled.c:60:drop_call
    reason: fmpq_zero(x->s) after fmpq_init(x->s): fmpq_init already stores the canonical 0 = 0/1
    [1] src/scaled.c:54 drop_call  key=src/scaled.c | drop_call | fmpq_zero(x->s); | fmpq_zero(x->s); -> 

src/scaled.c:62:drop_call
    reason: fmpz_zero(x->u) after fmpz_init(x->u): fmpz_init already stores 0
    [1] src/scaled.c:56 drop_call  key=src/scaled.c | drop_call | fmpz_zero(x->u); | fmpz_zero(x->u); -> 

src/scaled.c:466:drop_call
    reason: fmpq_zero(t.s) in the q = 0 branch of adf_scaled_mul: t was just created by adf_scaled_init, which stores the exact 0 with s = 0/1
    [1] src/scaled.c:459 drop_call  key=src/scaled.c | drop_call | fmpq_zero(t.s); | fmpq_zero(t.s); ->  #1
    [1] src/scaled.c:530 drop_call  key=src/scaled.c | drop_call | fmpq_zero(t.s); | fmpq_zero(t.s); ->  #2

src/fball_local.c:107:swap_args
    reason: fmpz_mul(u, K, d) against fmpz_mul(u, d, K): the product does not depend on the order
    [3] src/fball_local.c:107 swap_args  key=src/fball_local.c | swap_args | fmpz_mul(u, K, d);                    /* K/R = K d/H */ | fmpz_mul(u, K, d) -> fmpz_mul(u, d, K)
    [1] src/fball_local.c:107 call_swap  key=src/fball_local.c | call_swap | fmpz_mul(u, K, d);                    /* K/R = K d/H */ | fmpz_mul -> fmpz_add
    [1] src/fball_local.c:107 drop_call  key=src/fball_local.c | drop_call | fmpz_mul(u, K, d);                    /* K/R = K d/H */ | fmpz_mul(u, K, d); -> 

src/fball_local.c:108:swap_args
    reason: fmpz_mul(v, K, A) against fmpz_mul(v, A, K): the product does not depend on the order
    [3] src/fball_local.c:108 swap_args  key=src/fball_local.c | swap_args | fmpz_mul(v, K, A);                    /* c K/R = A K/H */ | fmpz_mul(v, K, A) -> fmpz_mul(v, A, K)
    [1] src/fball_local.c:108 call_swap  key=src/fball_local.c | call_swap | fmpz_mul(v, K, A);                    /* c K/R = A K/H */ | fmpz_mul -> fmpz_add
    [1] src/fball_local.c:108 drop_call  key=src/fball_local.c | drop_call | fmpz_mul(v, K, A);                    /* c K/R = A K/H */ | fmpz_mul(v, K, A); -> 

src/fball_local.c:165:swap_args
    reason: fmpz_mul(e, K, d) against fmpz_mul(e, d, K): the product does not depend on the order
    [3] src/fball_local.c:165 swap_args  key=src/fball_local.c | swap_args | fmpz_mul(e, K, d); | fmpz_mul(e, K, d) -> fmpz_mul(e, d, K)
    [1] src/fball_local.c:165 call_swap  key=src/fball_local.c | call_swap | fmpz_mul(e, K, d); | fmpz_mul -> fmpz_add
    [1] src/fball_local.c:165 drop_call  key=src/fball_local.c | drop_call | fmpz_mul(e, K, d); | fmpz_mul(e, K, d); -> 

src/fball_local.c:167:swap_args
    reason: fmpz_gcd(e, A, d) against fmpz_gcd(e, d, A): the gcd does not depend on the order
    [3] src/fball_local.c:167 swap_args  key=src/fball_local.c | swap_args | fmpz_gcd(e, A, d); | fmpz_gcd(e, A, d) -> fmpz_gcd(e, d, A)
    [1] src/fball_local.c:167 gcd_lcm  key=src/fball_local.c | gcd_lcm | fmpz_gcd(e, A, d); | fmpz_gcd -> fmpz_lcm
    [1] src/fball_local.c:167 drop_call  key=src/fball_local.c | drop_call | fmpz_gcd(e, A, d); | fmpz_gcd(e, A, d); -> 

src/fball_local.c:170:swap_args
    reason: fmpz_mul(A0, A, d0) against fmpz_mul(A0, d0, A): the product does not depend on the order
    [3] src/fball_local.c:170 swap_args  key=src/fball_local.c | swap_args | fmpz_mul(A0, A, d0); | fmpz_mul(A0, A, d0) -> fmpz_mul(A0, d0, A)
    [1] src/fball_local.c:170 call_swap  key=src/fball_local.c | call_swap | fmpz_mul(A0, A, d0); | fmpz_mul -> fmpz_add
    [1] src/fball_local.c:170 drop_call  key=src/fball_local.c | drop_call | fmpz_mul(A0, A, d0); | fmpz_mul(A0, A, d0); -> 
