cases: 40000
  add prec=2: 948
  add prec=3: 1028
  add prec=4: 900
  add prec=7: 932
  add prec=10: 960
  add prec=53: 946
  add prec=128: 926
  div prec=2: 1005
  div prec=3: 858
  div prec=4: 1039
  div prec=7: 1037
  div prec=10: 950
  div prec=53: 927
  div prec=128: 928
  mul prec=2: 1014
  mul prec=3: 961
  mul prec=4: 919
  mul prec=7: 915
  mul prec=10: 957
  mul prec=53: 916
  mul prec=128: 934
  set prec=2: 2967
  set prec=3: 2847
  set prec=4: 2858
  set prec=7: 2884
  set prec=10: 2867
  set prec=53: 2789
  set prec=128: 2788
failures: 0
