$ /usr/bin/python3 -B proto/analysis_checks.py
check_characters: count=2292 failures=0 max_recorded_error=3.2242e-56
check_local_fourier: count=68 failures=0 max_recorded_error=6.9806e-55
check_finite_fourier: count=58 failures=0 max_recorded_error=1.2401e-54
check_real_transform: count=10 failures=0 max_recorded_error=1.9717e-56
check_real_closure: count=17 failures=0 max_recorded_error=1.0196e-56
check_tail_bounds: count=81 failures=0 max_recorded_error=0.0
check_poisson: count=4 failures=0 max_recorded_error=2.1864e-55
check_gauss_sums: count=334 failures=0 max_recorded_error=9.7018e-55
check_local_integrals: count=16 failures=0 max_recorded_error=3.8258e-56
check_local_gamma: count=22 failures=0 max_recorded_error=9.2633e-55
check_real_local: count=7 failures=0 max_recorded_error=1.069e-56
check_idele_character: count=14 failures=0 max_recorded_error=7.135e-56
check_global_integral: count=8 failures=0 max_recorded_error=4.0589e-55
check_theta: count=18 failures=0 max_recorded_error=1.721e-55
check_functional_equation: count=34 failures=0 max_recorded_error=1.7518e-55
check_continuation: count=84 failures=0 max_recorded_error=0.49645
check_quadrature_bound: count=9 failures=0 max_recorded_error=0.0
check_continuation_bounds: count=192 failures=0 max_recorded_error=0.0
check_certified_continuation: count=42 failures=0 max_recorded_error=0.0
check_poisson_right_and_idele: count=4 failures=0 max_recorded_error=2.8156e-56
check_general_splitting: count=5 failures=0 max_recorded_error=2.8138e-14
check_general_adelic_bound: count=4 failures=0 max_recorded_error=0.0
check_composite_conductor: count=2 failures=0 max_recorded_error=5.4378e-56
check_poles: count=14 failures=0 max_recorded_error=9.769e-36
TOTAL checks=3339 failed_groups=0 seconds=54.036
exit=0 seconds=54.094
