1 1 gauss 0 (16, 16) {'20': [2, 2], '53': [4, 4], '80': [4, 4], '128': [8, 8]}
1 1 x1 0 (16, 16) {'20': [2, 2], '53': [4, 4], '80': [4, 4], '128': [8, 8]}
1 1 x2 0 (16, 16) {'20': [2, 2], '53': [4, 4], '80': [4, 4], '128': [8, 8]}
1 1 shift 0 (16, 16) {'20': [2, 2], '53': [4, 4], '80': [4, 4], '128': [8, 8]}
1 1 complexA 0 (16, 16) {'20': [2, 2], '53': [4, 4], '80': [4, 4], '128': [8, 8]}
1 1 terms 0 (16, 16) {'20': [2, 2], '53': [4, 4], '80': [8, 4], '128': [8, 8]}
1 1 deg4 0 (8, 16) {'20': [2, 4], '53': [4, 4], '80': [4, 8], '128': [4, 8]}
2 3 gauss 0 (4, 32) {'20': [1, 8], '53': [2, 16], '80': [2, 16], '128': [2, 16]}
2 3 gauss 1 (4, 32) {'20': [1, 8], '53': [2, 16], '80': [2, 16], '128': [2, 16]}
2 3 x1 0 (4, 32) {'20': [1, 8], '53': [2, 16], '80': [2, 16], '128': [2, 16]}
2 3 x1 1 (4, 32) {'20': [1, 8], '53': [2, 16], '80': [2, 16], '128': [2, 16]}
2 3 x2 0 (4, 32) {'20': [1, 8], '53': [2, 16], '80': [2, 16], '128': [2, 16]}
2 3 x2 1 (4, 32) {'20': [1, 8], '53': [2, 16], '80': [2, 16], '128': [2, 16]}
2 3 shift 0 (4, 32) {'20': [1, 8], '53': [2, 16], '80': [2, 16], '128': [2, 16]}
2 3 shift 1 (4, 32) {'20': [1, 8], '53': [1, 16], '80': [2, 16], '128': [2, 16]}
2 3 shift 2 (4, 32) {'20': [0, 8], '53': [1, 16], '80': [1, 16], '128': [1, 16]}
2 3 complexA 0 (4, 64) {'20': [1, 8], '53': [1, 16], '80': [2, 16], '128': [2, 32]}
2 3 complexA 1 (4, 64) {'20': [1, 8], '53': [1, 16], '80': [2, 16], '128': [2, 32]}
2 3 terms 0 (4, 32) {'20': [1, 8], '53': [2, 16], '80': [2, 16], '128': [2, 16]}
2 3 terms 1 (4, 32) {'20': [1, 8], '53': [2, 16], '80': [2, 16], '128': [2, 16]}
2 3 deg4 0 (4, 64) {'20': [1, 16], '53': [1, 16], '80': [2, 16], '128': [2, 32]}
2 3 deg4 1 (4, 64) {'20': [1, 16], '53': [1, 16], '80': [2, 16], '128': [2, 32]}
3 2 gauss 0 (8, 32) {'20': [2, 4], '53': [2, 8], '80': [4, 8], '128': [4, 16]}
3 2 x1 0 (8, 32) {'20': [2, 8], '53': [2, 8], '80': [4, 8], '128': [4, 16]}
3 2 x2 0 (8, 32) {'20': [2, 8], '53': [2, 8], '80': [4, 8], '128': [4, 16]}
3 2 shift 0 (8, 32) {'20': [1, 4], '53': [2, 8], '80': [2, 8], '128': [4, 16]}
3 2 complexA 0 (8, 32) {'20': [1, 8], '53': [2, 8], '80': [2, 16], '128': [4, 16]}
3 2 terms 0 (8, 32) {'20': [2, 4], '53': [2, 8], '80': [4, 8], '128': [4, 16]}
3 2 deg4 0 (8, 32) {'20': [1, 8], '53': [2, 16], '80': [2, 16], '128': [4, 16]}
4 1 gauss 0 (16, 16) {'20': [4, 2], '53': [4, 4], '80': [8, 4], '128': [8, 8]}
4 1 x1 0 (16, 16) {'20': [4, 2], '53': [4, 4], '80': [8, 4], '128': [8, 8]}
4 1 x2 0 (16, 16) {'20': [4, 2], '53': [4, 4], '80': [8, 4], '128': [8, 8]}
4 1 shift 0 (16, 16) {'20': [4, 2], '53': [4, 4], '80': [4, 4], '128': [8, 8]}
4 1 complexA 0 (16, 16) {'20': [2, 2], '53': [4, 4], '80': [4, 4], '128': [8, 8]}
4 1 terms 0 (16, 16) {'20': [4, 2], '53': [4, 4], '80': [8, 4], '128': [8, 8]}
4 1 deg4 0 (16, 16) {'20': [2, 4], '53': [4, 4], '80': [4, 8], '128': [8, 8]}
6 6 gauss 0 (2, 64) {'20': [1, 16], '53': [1, 32], '80': [1, 32], '128': [1, 64]}
6 6 gauss 1 (2, 64) {'20': [1, 16], '53': [1, 32], '80': [1, 32], '128': [1, 32]}
6 6 x1 0 (2, 64) {'20': [1, 16], '53': [1, 32], '80': [1, 32], '128': [1, 64]}
6 6 x1 1 (2, 64) {'20': [1, 16], '53': [1, 32], '80': [1, 32], '128': [1, 64]}
6 6 x2 0 (2, 64) {'20': [1, 16], '53': [1, 32], '80': [1, 32], '128': [1, 64]}
6 6 x2 1 (2, 64) {'20': [1, 16], '53': [1, 32], '80': [1, 32], '128': [1, 64]}
6 6 shift 0 (2, 64) {'20': [1, 16], '53': [1, 32], '80': [1, 32], '128': [1, 64]}
6 6 shift 1 (2, 64) {'20': [1, 16], '53': [1, 32], '80': [1, 32], '128': [1, 32]}
6 6 complexA 0 (2, 128) {'20': [1, 32], '53': [1, 32], '80': [1, 32], '128': [1, 64]}
6 6 complexA 1 (2, 128) {'20': [1, 16], '53': [1, 32], '80': [1, 32], '128': [1, 64]}
6 6 terms 0 (2, 64) {'20': [1, 16], '53': [1, 32], '80': [1, 32], '128': [1, 64]}
6 6 terms 1 (2, 64) {'20': [1, 16], '53': [1, 32], '80': [1, 32], '128': [1, 32]}
6 6 deg4 0 (2, 128) {'20': [1, 32], '53': [1, 32], '80': [1, 64], '128': [1, 64]}
6 6 deg4 1 (2, 128) {'20': [1, 32], '53': [1, 32], '80': [1, 64], '128': [1, 64]}
51 records
