$ timeout 120 make -s -j2 BUILD=lanes/c-slice3/inv INV=1 lanes/c-slice3/inv/test_char lanes/c-slice3/inv/test_char_eval lanes/c-slice3/inv/test_char_class
tests/test_char_class.c: In function ‘invariants’:
tests/test_char_class.c:366:68: error: pointer type mismatch in conditional expression [-Werror]
  366 |                 uintptr_t member = (uintptr_t) (mode < 24 ? chi->s : which < 2 ? c->t : x->inf);
      |                                                                    ^
cc1: all warnings being treated as errors
make: *** [Makefile:99: lanes/c-slice3/inv/test_char_class] Error 1
EXIT 2
$ timeout 120 make -s -j2 BUILD=lanes/c-slice3/inv INV=1 lanes/c-slice3/inv/test_char lanes/c-slice3/inv/test_char_eval lanes/c-slice3/inv/test_char_class
EXIT 0
$ timeout 60 lanes/c-slice3/inv/test_char
memory: 5800 FLINT blocks, 0 live after 100 cycles
cap refusal 0.000000107 seconds
test_char: 129797 checks
EXIT 0
$ timeout 60 lanes/c-slice3/inv/test_char_eval
conjugation: 1966 characters, 74434 unit products
memory: 8100 FLINT blocks, 0 live after 100 cycles
test_char_eval: 1738325 checks
adelefeld: ADF_CHECK_INVARIANTS: char_unit: argument chi is not a canonical adf_char
adelefeld: ADF_CHECK_INVARIANTS: adf_char_conj: argument x is not a canonical adf_char
adelefeld: ADF_CHECK_INVARIANTS: char_unit: argument u is not a canonical adf_ucoset
adelefeld: ADF_CHECK_INVARIANTS: adf_char_dump_str: argument x is not a canonical adf_char
adelefeld: ADF_CHECK_INVARIANTS: adf_char_conj: argument y is not a canonical adf_char
adelefeld: ADF_CHECK_INVARIANTS: char_unit: argument z is not a canonical independent acb output/input
adelefeld: ADF_CHECK_INVARIANTS: char_unit: argument z is not a canonical independent acb output/input
adelefeld: ADF_CHECK_INVARIANTS: char_unit: argument chi is not a canonical adf_char
adelefeld: ADF_CHECK_INVARIANTS: adf_char_load_str_binds: argument x is not a canonical adf_char
EXIT 0
$ timeout 60 lanes/c-slice3/inv/test_char_class
memory: 16000 FLINT blocks, 0 live after 100 cycles
test_char_class: 1001953 checks
adelefeld: ADF_CHECK_INVARIANTS: char_class: argument chi is not a canonical adf_char
adelefeld: ADF_CHECK_INVARIANTS: char_class: argument chi is not a canonical adf_char
adelefeld: ADF_CHECK_INVARIANTS: char_idele: argument chi is not a canonical adf_char
adelefeld: ADF_CHECK_INVARIANTS: char_idele: argument chi is not a canonical adf_char
adelefeld: ADF_CHECK_INVARIANTS: char_class: argument x is not a canonical adf_idclass
adelefeld: ADF_CHECK_INVARIANTS: char_class: argument x is not a canonical adf_idclass
adelefeld: ADF_CHECK_INVARIANTS: char_idele: argument x is not a canonical adf_idele
adelefeld: ADF_CHECK_INVARIANTS: char_idele: argument x is not a canonical adf_idele
adelefeld: ADF_CHECK_INVARIANTS: char_class: argument x is not a canonical adf_idclass
adelefeld: ADF_CHECK_INVARIANTS: char_class: argument x is not a canonical adf_idclass
adelefeld: ADF_CHECK_INVARIANTS: char_idele: argument x is not a canonical adf_idele
adelefeld: ADF_CHECK_INVARIANTS: char_idele: argument x is not a canonical adf_idele
adelefeld: ADF_CHECK_INVARIANTS: char_class: argument z is not a canonical independent acb output/input
adelefeld: ADF_CHECK_INVARIANTS: char_class: argument z is not a canonical independent acb output/input
adelefeld: ADF_CHECK_INVARIANTS: char_idele: argument z is not a canonical independent acb output/input
adelefeld: ADF_CHECK_INVARIANTS: char_idele: argument z is not a canonical independent acb output/input
adelefeld: ADF_CHECK_INVARIANTS: char_value_independent: argument z is not a canonical independent acb output/input
adelefeld: ADF_CHECK_INVARIANTS: char_value_independent: argument z is not a canonical independent acb output/input
adelefeld: ADF_CHECK_INVARIANTS: char_value_independent: argument z is not a canonical independent acb output/input
adelefeld: ADF_CHECK_INVARIANTS: char_value_independent: argument z is not a canonical independent acb output/input
adelefeld: ADF_CHECK_INVARIANTS: char_value_independent: argument z is not a canonical independent acb output/input
adelefeld: ADF_CHECK_INVARIANTS: char_value_independent: argument z is not a canonical independent acb output/input
adelefeld: ADF_CHECK_INVARIANTS: char_value_independent: argument z is not a canonical independent acb output/input
adelefeld: ADF_CHECK_INVARIANTS: char_value_independent: argument z is not a canonical independent acb output/input
adelefeld: ADF_CHECK_INVARIANTS: char_value_independent: argument z is not a canonical independent acb output/input
adelefeld: ADF_CHECK_INVARIANTS: char_value_independent: argument z is not a canonical independent acb output/input
adelefeld: ADF_CHECK_INVARIANTS: char_value_independent: argument z is not a canonical independent acb output/input
adelefeld: ADF_CHECK_INVARIANTS: char_value_independent: argument z is not a canonical independent acb output/input
adelefeld: ADF_CHECK_INVARIANTS: char_value_independent: argument z is not a canonical independent acb output/input
adelefeld: ADF_CHECK_INVARIANTS: char_value_independent: argument z is not a canonical independent acb output/input
adelefeld: ADF_CHECK_INVARIANTS: char_value_independent: argument z is not a canonical independent acb output/input
adelefeld: ADF_CHECK_INVARIANTS: char_value_independent: argument z is not a canonical independent acb output/input
EXIT 0
$ timeout 30 cc -Iinclude -Itests -std=c11 -O2 -g -Wall -Wextra -Wpedantic -Werror -DADF_CHAR_CLASS_WRAP -DADF_CHECK_INVARIANTS tests/test_char_class.c lanes/c-slice3/inv/support/jsonl.o lanes/c-slice3/inv/support/golden.o lanes/c-slice3/inv/libadelefeld.a -Wl,--wrap=dirichlet_group_init -Wl,--wrap=adf_phase_get_acb -Wl,--wrap=arb_pow -Wl,--wrap=acb_pow -Wl,--wrap=acb_mul -Wl,--wrap=adf_idclass_set_idele -lflint -lgmp -lm -pthread -o lanes/c-slice3/inv/test_char_class_wrap
EXIT 0
$ timeout 60 lanes/c-slice3/inv/test_char_class_wrap
memory: 16000 FLINT blocks, 0 live after 100 cycles
test_char_class: 1002039 checks
adelefeld: ADF_CHECK_INVARIANTS: char_class: argument chi is not a canonical adf_char
adelefeld: ADF_CHECK_INVARIANTS: char_class: argument chi is not a canonical adf_char
adelefeld: ADF_CHECK_INVARIANTS: char_idele: argument chi is not a canonical adf_char
adelefeld: ADF_CHECK_INVARIANTS: char_idele: argument chi is not a canonical adf_char
adelefeld: ADF_CHECK_INVARIANTS: char_class: argument x is not a canonical adf_idclass
adelefeld: ADF_CHECK_INVARIANTS: char_class: argument x is not a canonical adf_idclass
adelefeld: ADF_CHECK_INVARIANTS: char_idele: argument x is not a canonical adf_idele
adelefeld: ADF_CHECK_INVARIANTS: char_idele: argument x is not a canonical adf_idele
adelefeld: ADF_CHECK_INVARIANTS: char_class: argument x is not a canonical adf_idclass
adelefeld: ADF_CHECK_INVARIANTS: char_class: argument x is not a canonical adf_idclass
adelefeld: ADF_CHECK_INVARIANTS: char_idele: argument x is not a canonical adf_idele
adelefeld: ADF_CHECK_INVARIANTS: char_idele: argument x is not a canonical adf_idele
adelefeld: ADF_CHECK_INVARIANTS: char_class: argument z is not a canonical independent acb output/input
adelefeld: ADF_CHECK_INVARIANTS: char_class: argument z is not a canonical independent acb output/input
adelefeld: ADF_CHECK_INVARIANTS: char_idele: argument z is not a canonical independent acb output/input
adelefeld: ADF_CHECK_INVARIANTS: char_idele: argument z is not a canonical independent acb output/input
adelefeld: ADF_CHECK_INVARIANTS: char_value_independent: argument z is not a canonical independent acb output/input
adelefeld: ADF_CHECK_INVARIANTS: char_value_independent: argument z is not a canonical independent acb output/input
adelefeld: ADF_CHECK_INVARIANTS: char_value_independent: argument z is not a canonical independent acb output/input
adelefeld: ADF_CHECK_INVARIANTS: char_value_independent: argument z is not a canonical independent acb output/input
adelefeld: ADF_CHECK_INVARIANTS: char_value_independent: argument z is not a canonical independent acb output/input
adelefeld: ADF_CHECK_INVARIANTS: char_value_independent: argument z is not a canonical independent acb output/input
adelefeld: ADF_CHECK_INVARIANTS: char_value_independent: argument z is not a canonical independent acb output/input
adelefeld: ADF_CHECK_INVARIANTS: char_value_independent: argument z is not a canonical independent acb output/input
adelefeld: ADF_CHECK_INVARIANTS: char_value_independent: argument z is not a canonical independent acb output/input
adelefeld: ADF_CHECK_INVARIANTS: char_value_independent: argument z is not a canonical independent acb output/input
adelefeld: ADF_CHECK_INVARIANTS: char_value_independent: argument z is not a canonical independent acb output/input
adelefeld: ADF_CHECK_INVARIANTS: char_value_independent: argument z is not a canonical independent acb output/input
adelefeld: ADF_CHECK_INVARIANTS: char_value_independent: argument z is not a canonical independent acb output/input
adelefeld: ADF_CHECK_INVARIANTS: char_value_independent: argument z is not a canonical independent acb output/input
adelefeld: ADF_CHECK_INVARIANTS: char_value_independent: argument z is not a canonical independent acb output/input
adelefeld: ADF_CHECK_INVARIANTS: char_value_independent: argument z is not a canonical independent acb output/input
EXIT 0
$ timeout 120 make -s -j2 BUILD=lanes/c-slice3/inv INV=1 lanes/c-slice3/inv/test_char lanes/c-slice3/inv/test_char_eval lanes/c-slice3/inv/test_char_class
EXIT 0
$ timeout 60 lanes/c-slice3/inv/test_char
memory: 5800 FLINT blocks, 0 live after 100 cycles
cap refusal 0.000000213 seconds
test_char: 129797 checks
EXIT 0
$ timeout 60 lanes/c-slice3/inv/test_char_eval
conjugation: 1966 characters, 74434 unit products
memory: 8100 FLINT blocks, 0 live after 100 cycles
test_char_eval: 1738325 checks
adelefeld: ADF_CHECK_INVARIANTS: char_unit: argument chi is not a canonical adf_char
adelefeld: ADF_CHECK_INVARIANTS: adf_char_conj: argument x is not a canonical adf_char
adelefeld: ADF_CHECK_INVARIANTS: char_unit: argument u is not a canonical adf_ucoset
adelefeld: ADF_CHECK_INVARIANTS: adf_char_dump_str: argument x is not a canonical adf_char
adelefeld: ADF_CHECK_INVARIANTS: adf_char_conj: argument y is not a canonical adf_char
adelefeld: ADF_CHECK_INVARIANTS: char_unit: argument z is not a canonical independent acb output/input
adelefeld: ADF_CHECK_INVARIANTS: char_unit: argument z is not a canonical independent acb output/input
adelefeld: ADF_CHECK_INVARIANTS: char_unit: argument chi is not a canonical adf_char
adelefeld: ADF_CHECK_INVARIANTS: adf_char_load_str_binds: argument x is not a canonical adf_char
EXIT 0
$ timeout 60 lanes/c-slice3/inv/test_char_class
memory: 20600 FLINT blocks, 0 live after 100 cycles
test_char_class: 1195920 checks
adelefeld: ADF_CHECK_INVARIANTS: char_class: argument chi is not a canonical adf_char
adelefeld: ADF_CHECK_INVARIANTS: char_class: argument chi is not a canonical adf_char
adelefeld: ADF_CHECK_INVARIANTS: char_idele: argument chi is not a canonical adf_char
adelefeld: ADF_CHECK_INVARIANTS: char_idele: argument chi is not a canonical adf_char
adelefeld: ADF_CHECK_INVARIANTS: char_class: argument x is not a canonical adf_idclass
adelefeld: ADF_CHECK_INVARIANTS: char_class: argument x is not a canonical adf_idclass
adelefeld: ADF_CHECK_INVARIANTS: char_idele: argument x is not a canonical adf_idele
adelefeld: ADF_CHECK_INVARIANTS: char_idele: argument x is not a canonical adf_idele
adelefeld: ADF_CHECK_INVARIANTS: char_class: argument x is not a canonical adf_idclass
adelefeld: ADF_CHECK_INVARIANTS: char_class: argument x is not a canonical adf_idclass
adelefeld: ADF_CHECK_INVARIANTS: char_idele: argument x is not a canonical adf_idele
adelefeld: ADF_CHECK_INVARIANTS: char_idele: argument x is not a canonical adf_idele
adelefeld: ADF_CHECK_INVARIANTS: char_class: argument z is not a canonical independent acb output/input
adelefeld: ADF_CHECK_INVARIANTS: char_class: argument z is not a canonical independent acb output/input
adelefeld: ADF_CHECK_INVARIANTS: char_idele: argument z is not a canonical independent acb output/input
adelefeld: ADF_CHECK_INVARIANTS: char_idele: argument z is not a canonical independent acb output/input
adelefeld: ADF_CHECK_INVARIANTS: char_value_independent: argument z is not a canonical independent acb output/input
adelefeld: ADF_CHECK_INVARIANTS: char_value_independent: argument z is not a canonical independent acb output/input
adelefeld: ADF_CHECK_INVARIANTS: char_value_independent: argument z is not a canonical independent acb output/input
adelefeld: ADF_CHECK_INVARIANTS: char_value_independent: argument z is not a canonical independent acb output/input
adelefeld: ADF_CHECK_INVARIANTS: char_value_independent: argument z is not a canonical independent acb output/input
adelefeld: ADF_CHECK_INVARIANTS: char_value_independent: argument z is not a canonical independent acb output/input
adelefeld: ADF_CHECK_INVARIANTS: char_value_independent: argument z is not a canonical independent acb output/input
adelefeld: ADF_CHECK_INVARIANTS: char_value_independent: argument z is not a canonical independent acb output/input
adelefeld: ADF_CHECK_INVARIANTS: char_value_independent: argument z is not a canonical independent acb output/input
adelefeld: ADF_CHECK_INVARIANTS: char_value_independent: argument z is not a canonical independent acb output/input
adelefeld: ADF_CHECK_INVARIANTS: char_value_independent: argument z is not a canonical independent acb output/input
adelefeld: ADF_CHECK_INVARIANTS: char_value_independent: argument z is not a canonical independent acb output/input
adelefeld: ADF_CHECK_INVARIANTS: char_value_independent: argument z is not a canonical independent acb output/input
adelefeld: ADF_CHECK_INVARIANTS: char_value_independent: argument z is not a canonical independent acb output/input
adelefeld: ADF_CHECK_INVARIANTS: char_value_independent: argument z is not a canonical independent acb output/input
adelefeld: ADF_CHECK_INVARIANTS: char_value_independent: argument z is not a canonical independent acb output/input
EXIT 0
$ timeout 30 cc -Iinclude -Itests -std=c11 -O2 -g -Wall -Wextra -Wpedantic -Werror -DADF_CHAR_CLASS_WRAP -DADF_CHECK_INVARIANTS tests/test_char_class.c lanes/c-slice3/inv/support/jsonl.o lanes/c-slice3/inv/support/golden.o lanes/c-slice3/inv/libadelefeld.a -Wl,--wrap=dirichlet_group_init -Wl,--wrap=adf_phase_get_acb -Wl,--wrap=arb_pow -Wl,--wrap=acb_pow -Wl,--wrap=acb_mul -Wl,--wrap=adf_idclass_set_idele -lflint -lgmp -lm -pthread -o lanes/c-slice3/inv/test_char_class_wrap
EXIT 0
$ timeout 60 lanes/c-slice3/inv/test_char_class_wrap
memory: 20600 FLINT blocks, 0 live after 100 cycles
test_char_class: 1196010 checks
adelefeld: ADF_CHECK_INVARIANTS: char_class: argument chi is not a canonical adf_char
adelefeld: ADF_CHECK_INVARIANTS: char_class: argument chi is not a canonical adf_char
adelefeld: ADF_CHECK_INVARIANTS: char_idele: argument chi is not a canonical adf_char
adelefeld: ADF_CHECK_INVARIANTS: char_idele: argument chi is not a canonical adf_char
adelefeld: ADF_CHECK_INVARIANTS: char_class: argument x is not a canonical adf_idclass
adelefeld: ADF_CHECK_INVARIANTS: char_class: argument x is not a canonical adf_idclass
adelefeld: ADF_CHECK_INVARIANTS: char_idele: argument x is not a canonical adf_idele
adelefeld: ADF_CHECK_INVARIANTS: char_idele: argument x is not a canonical adf_idele
adelefeld: ADF_CHECK_INVARIANTS: char_class: argument x is not a canonical adf_idclass
adelefeld: ADF_CHECK_INVARIANTS: char_class: argument x is not a canonical adf_idclass
adelefeld: ADF_CHECK_INVARIANTS: char_idele: argument x is not a canonical adf_idele
adelefeld: ADF_CHECK_INVARIANTS: char_idele: argument x is not a canonical adf_idele
adelefeld: ADF_CHECK_INVARIANTS: char_class: argument z is not a canonical independent acb output/input
adelefeld: ADF_CHECK_INVARIANTS: char_class: argument z is not a canonical independent acb output/input
adelefeld: ADF_CHECK_INVARIANTS: char_idele: argument z is not a canonical independent acb output/input
adelefeld: ADF_CHECK_INVARIANTS: char_idele: argument z is not a canonical independent acb output/input
adelefeld: ADF_CHECK_INVARIANTS: char_value_independent: argument z is not a canonical independent acb output/input
adelefeld: ADF_CHECK_INVARIANTS: char_value_independent: argument z is not a canonical independent acb output/input
adelefeld: ADF_CHECK_INVARIANTS: char_value_independent: argument z is not a canonical independent acb output/input
adelefeld: ADF_CHECK_INVARIANTS: char_value_independent: argument z is not a canonical independent acb output/input
adelefeld: ADF_CHECK_INVARIANTS: char_value_independent: argument z is not a canonical independent acb output/input
adelefeld: ADF_CHECK_INVARIANTS: char_value_independent: argument z is not a canonical independent acb output/input
adelefeld: ADF_CHECK_INVARIANTS: char_value_independent: argument z is not a canonical independent acb output/input
adelefeld: ADF_CHECK_INVARIANTS: char_value_independent: argument z is not a canonical independent acb output/input
adelefeld: ADF_CHECK_INVARIANTS: char_value_independent: argument z is not a canonical independent acb output/input
adelefeld: ADF_CHECK_INVARIANTS: char_value_independent: argument z is not a canonical independent acb output/input
adelefeld: ADF_CHECK_INVARIANTS: char_value_independent: argument z is not a canonical independent acb output/input
adelefeld: ADF_CHECK_INVARIANTS: char_value_independent: argument z is not a canonical independent acb output/input
adelefeld: ADF_CHECK_INVARIANTS: char_value_independent: argument z is not a canonical independent acb output/input
adelefeld: ADF_CHECK_INVARIANTS: char_value_independent: argument z is not a canonical independent acb output/input
adelefeld: ADF_CHECK_INVARIANTS: char_value_independent: argument z is not a canonical independent acb output/input
adelefeld: ADF_CHECK_INVARIANTS: char_value_independent: argument z is not a canonical independent acb output/input
EXIT 0
$ timeout 120 make -s -j2 BUILD=lanes/c-slice3/inv INV=1 lanes/c-slice3/inv/test_char_class
EXIT 0
$ timeout 60 lanes/c-slice3/inv/test_char_class
memory: 20600 FLINT blocks, 0 live after 100 cycles
test_char_class: 1208976 checks
adelefeld: ADF_CHECK_INVARIANTS: char_class: argument chi is not a canonical adf_char
adelefeld: ADF_CHECK_INVARIANTS: char_class: argument chi is not a canonical adf_char
adelefeld: ADF_CHECK_INVARIANTS: char_idele: argument chi is not a canonical adf_char
adelefeld: ADF_CHECK_INVARIANTS: char_idele: argument chi is not a canonical adf_char
adelefeld: ADF_CHECK_INVARIANTS: char_class: argument x is not a canonical adf_idclass
adelefeld: ADF_CHECK_INVARIANTS: char_class: argument x is not a canonical adf_idclass
adelefeld: ADF_CHECK_INVARIANTS: char_idele: argument x is not a canonical adf_idele
adelefeld: ADF_CHECK_INVARIANTS: char_idele: argument x is not a canonical adf_idele
adelefeld: ADF_CHECK_INVARIANTS: char_class: argument x is not a canonical adf_idclass
adelefeld: ADF_CHECK_INVARIANTS: char_class: argument x is not a canonical adf_idclass
adelefeld: ADF_CHECK_INVARIANTS: char_idele: argument x is not a canonical adf_idele
adelefeld: ADF_CHECK_INVARIANTS: char_idele: argument x is not a canonical adf_idele
adelefeld: ADF_CHECK_INVARIANTS: char_class: argument z is not a canonical independent acb output/input
adelefeld: ADF_CHECK_INVARIANTS: char_class: argument z is not a canonical independent acb output/input
adelefeld: ADF_CHECK_INVARIANTS: char_idele: argument z is not a canonical independent acb output/input
adelefeld: ADF_CHECK_INVARIANTS: char_idele: argument z is not a canonical independent acb output/input
adelefeld: ADF_CHECK_INVARIANTS: char_value_independent: argument z is not a canonical independent acb output/input
adelefeld: ADF_CHECK_INVARIANTS: char_value_independent: argument z is not a canonical independent acb output/input
adelefeld: ADF_CHECK_INVARIANTS: char_value_independent: argument z is not a canonical independent acb output/input
adelefeld: ADF_CHECK_INVARIANTS: char_value_independent: argument z is not a canonical independent acb output/input
adelefeld: ADF_CHECK_INVARIANTS: char_value_independent: argument z is not a canonical independent acb output/input
adelefeld: ADF_CHECK_INVARIANTS: char_value_independent: argument z is not a canonical independent acb output/input
adelefeld: ADF_CHECK_INVARIANTS: char_value_independent: argument z is not a canonical independent acb output/input
adelefeld: ADF_CHECK_INVARIANTS: char_value_independent: argument z is not a canonical independent acb output/input
adelefeld: ADF_CHECK_INVARIANTS: char_value_independent: argument z is not a canonical independent acb output/input
adelefeld: ADF_CHECK_INVARIANTS: char_value_independent: argument z is not a canonical independent acb output/input
adelefeld: ADF_CHECK_INVARIANTS: char_value_independent: argument z is not a canonical independent acb output/input
adelefeld: ADF_CHECK_INVARIANTS: char_value_independent: argument z is not a canonical independent acb output/input
adelefeld: ADF_CHECK_INVARIANTS: char_value_independent: argument z is not a canonical independent acb output/input
adelefeld: ADF_CHECK_INVARIANTS: char_value_independent: argument z is not a canonical independent acb output/input
adelefeld: ADF_CHECK_INVARIANTS: char_value_independent: argument z is not a canonical independent acb output/input
adelefeld: ADF_CHECK_INVARIANTS: char_value_independent: argument z is not a canonical independent acb output/input
EXIT 0
$ timeout 30 cc -Iinclude -Itests -std=c11 -O2 -g -Wall -Wextra -Wpedantic -Werror -DADF_CHAR_CLASS_WRAP -DADF_CHECK_INVARIANTS tests/test_char_class.c lanes/c-slice3/inv/support/jsonl.o lanes/c-slice3/inv/support/golden.o lanes/c-slice3/inv/libadelefeld.a -Wl,--wrap=dirichlet_group_init -Wl,--wrap=adf_phase_get_acb -Wl,--wrap=arb_pow -Wl,--wrap=acb_pow -Wl,--wrap=acb_mul -Wl,--wrap=adf_idclass_set_idele -lflint -lgmp -lm -pthread -o lanes/c-slice3/inv/test_char_class_wrap
EXIT 0
$ timeout 60 lanes/c-slice3/inv/test_char_class_wrap
memory: 20600 FLINT blocks, 0 live after 100 cycles
test_char_class: 1209066 checks
adelefeld: ADF_CHECK_INVARIANTS: char_class: argument chi is not a canonical adf_char
adelefeld: ADF_CHECK_INVARIANTS: char_class: argument chi is not a canonical adf_char
adelefeld: ADF_CHECK_INVARIANTS: char_idele: argument chi is not a canonical adf_char
adelefeld: ADF_CHECK_INVARIANTS: char_idele: argument chi is not a canonical adf_char
adelefeld: ADF_CHECK_INVARIANTS: char_class: argument x is not a canonical adf_idclass
adelefeld: ADF_CHECK_INVARIANTS: char_class: argument x is not a canonical adf_idclass
adelefeld: ADF_CHECK_INVARIANTS: char_idele: argument x is not a canonical adf_idele
adelefeld: ADF_CHECK_INVARIANTS: char_idele: argument x is not a canonical adf_idele
adelefeld: ADF_CHECK_INVARIANTS: char_class: argument x is not a canonical adf_idclass
adelefeld: ADF_CHECK_INVARIANTS: char_class: argument x is not a canonical adf_idclass
adelefeld: ADF_CHECK_INVARIANTS: char_idele: argument x is not a canonical adf_idele
adelefeld: ADF_CHECK_INVARIANTS: char_idele: argument x is not a canonical adf_idele
adelefeld: ADF_CHECK_INVARIANTS: char_class: argument z is not a canonical independent acb output/input
adelefeld: ADF_CHECK_INVARIANTS: char_class: argument z is not a canonical independent acb output/input
adelefeld: ADF_CHECK_INVARIANTS: char_idele: argument z is not a canonical independent acb output/input
adelefeld: ADF_CHECK_INVARIANTS: char_idele: argument z is not a canonical independent acb output/input
adelefeld: ADF_CHECK_INVARIANTS: char_value_independent: argument z is not a canonical independent acb output/input
adelefeld: ADF_CHECK_INVARIANTS: char_value_independent: argument z is not a canonical independent acb output/input
adelefeld: ADF_CHECK_INVARIANTS: char_value_independent: argument z is not a canonical independent acb output/input
adelefeld: ADF_CHECK_INVARIANTS: char_value_independent: argument z is not a canonical independent acb output/input
adelefeld: ADF_CHECK_INVARIANTS: char_value_independent: argument z is not a canonical independent acb output/input
adelefeld: ADF_CHECK_INVARIANTS: char_value_independent: argument z is not a canonical independent acb output/input
adelefeld: ADF_CHECK_INVARIANTS: char_value_independent: argument z is not a canonical independent acb output/input
adelefeld: ADF_CHECK_INVARIANTS: char_value_independent: argument z is not a canonical independent acb output/input
adelefeld: ADF_CHECK_INVARIANTS: char_value_independent: argument z is not a canonical independent acb output/input
adelefeld: ADF_CHECK_INVARIANTS: char_value_independent: argument z is not a canonical independent acb output/input
adelefeld: ADF_CHECK_INVARIANTS: char_value_independent: argument z is not a canonical independent acb output/input
adelefeld: ADF_CHECK_INVARIANTS: char_value_independent: argument z is not a canonical independent acb output/input
adelefeld: ADF_CHECK_INVARIANTS: char_value_independent: argument z is not a canonical independent acb output/input
adelefeld: ADF_CHECK_INVARIANTS: char_value_independent: argument z is not a canonical independent acb output/input
adelefeld: ADF_CHECK_INVARIANTS: char_value_independent: argument z is not a canonical independent acb output/input
adelefeld: ADF_CHECK_INVARIANTS: char_value_independent: argument z is not a canonical independent acb output/input
EXIT 0
$ timeout 120 make -s -j2 BUILD=lanes/c-slice3/inv INV=1 lanes/c-slice3/inv/test_char_class
EXIT 0
$ timeout 60 lanes/c-slice3/inv/test_char_class
memory: 20600 FLINT blocks, 0 live after 100 cycles
test_char_class: 1208979 checks
adelefeld: ADF_CHECK_INVARIANTS: char_class: argument chi is not a canonical adf_char
adelefeld: ADF_CHECK_INVARIANTS: char_class: argument chi is not a canonical adf_char
adelefeld: ADF_CHECK_INVARIANTS: char_idele: argument chi is not a canonical adf_char
adelefeld: ADF_CHECK_INVARIANTS: char_idele: argument chi is not a canonical adf_char
adelefeld: ADF_CHECK_INVARIANTS: char_class: argument x is not a canonical adf_idclass
adelefeld: ADF_CHECK_INVARIANTS: char_class: argument x is not a canonical adf_idclass
adelefeld: ADF_CHECK_INVARIANTS: char_idele: argument x is not a canonical adf_idele
adelefeld: ADF_CHECK_INVARIANTS: char_idele: argument x is not a canonical adf_idele
adelefeld: ADF_CHECK_INVARIANTS: char_class: argument x is not a canonical adf_idclass
adelefeld: ADF_CHECK_INVARIANTS: char_class: argument x is not a canonical adf_idclass
adelefeld: ADF_CHECK_INVARIANTS: char_idele: argument x is not a canonical adf_idele
adelefeld: ADF_CHECK_INVARIANTS: char_idele: argument x is not a canonical adf_idele
adelefeld: ADF_CHECK_INVARIANTS: char_class: argument z is not a canonical independent acb output/input
adelefeld: ADF_CHECK_INVARIANTS: char_class: argument z is not a canonical independent acb output/input
adelefeld: ADF_CHECK_INVARIANTS: char_idele: argument z is not a canonical independent acb output/input
adelefeld: ADF_CHECK_INVARIANTS: char_idele: argument z is not a canonical independent acb output/input
adelefeld: ADF_CHECK_INVARIANTS: char_value_independent: argument z is not a canonical independent acb output/input
adelefeld: ADF_CHECK_INVARIANTS: char_value_independent: argument z is not a canonical independent acb output/input
adelefeld: ADF_CHECK_INVARIANTS: char_value_independent: argument z is not a canonical independent acb output/input
adelefeld: ADF_CHECK_INVARIANTS: char_value_independent: argument z is not a canonical independent acb output/input
adelefeld: ADF_CHECK_INVARIANTS: char_value_independent: argument z is not a canonical independent acb output/input
adelefeld: ADF_CHECK_INVARIANTS: char_value_independent: argument z is not a canonical independent acb output/input
adelefeld: ADF_CHECK_INVARIANTS: char_value_independent: argument z is not a canonical independent acb output/input
adelefeld: ADF_CHECK_INVARIANTS: char_value_independent: argument z is not a canonical independent acb output/input
adelefeld: ADF_CHECK_INVARIANTS: char_value_independent: argument z is not a canonical independent acb output/input
adelefeld: ADF_CHECK_INVARIANTS: char_value_independent: argument z is not a canonical independent acb output/input
adelefeld: ADF_CHECK_INVARIANTS: char_value_independent: argument z is not a canonical independent acb output/input
adelefeld: ADF_CHECK_INVARIANTS: char_value_independent: argument z is not a canonical independent acb output/input
adelefeld: ADF_CHECK_INVARIANTS: char_value_independent: argument z is not a canonical independent acb output/input
adelefeld: ADF_CHECK_INVARIANTS: char_value_independent: argument z is not a canonical independent acb output/input
adelefeld: ADF_CHECK_INVARIANTS: char_value_independent: argument z is not a canonical independent acb output/input
adelefeld: ADF_CHECK_INVARIANTS: char_value_independent: argument z is not a canonical independent acb output/input
EXIT 0
$ timeout 30 cc -Iinclude -Itests -std=c11 -O2 -g -Wall -Wextra -Wpedantic -Werror -DADF_CHAR_CLASS_WRAP -DADF_CHECK_INVARIANTS tests/test_char_class.c lanes/c-slice3/inv/support/jsonl.o lanes/c-slice3/inv/support/golden.o lanes/c-slice3/inv/libadelefeld.a -Wl,--wrap=dirichlet_group_init -Wl,--wrap=adf_phase_get_acb -Wl,--wrap=arb_pow -Wl,--wrap=acb_pow -Wl,--wrap=acb_mul -Wl,--wrap=adf_idclass_set_idele -lflint -lgmp -lm -pthread -o lanes/c-slice3/inv/test_char_class_wrap
EXIT 0
$ timeout 60 lanes/c-slice3/inv/test_char_class_wrap
memory: 20600 FLINT blocks, 0 live after 100 cycles
test_char_class: 1209069 checks
adelefeld: ADF_CHECK_INVARIANTS: char_class: argument chi is not a canonical adf_char
adelefeld: ADF_CHECK_INVARIANTS: char_class: argument chi is not a canonical adf_char
adelefeld: ADF_CHECK_INVARIANTS: char_idele: argument chi is not a canonical adf_char
adelefeld: ADF_CHECK_INVARIANTS: char_idele: argument chi is not a canonical adf_char
adelefeld: ADF_CHECK_INVARIANTS: char_class: argument x is not a canonical adf_idclass
adelefeld: ADF_CHECK_INVARIANTS: char_class: argument x is not a canonical adf_idclass
adelefeld: ADF_CHECK_INVARIANTS: char_idele: argument x is not a canonical adf_idele
adelefeld: ADF_CHECK_INVARIANTS: char_idele: argument x is not a canonical adf_idele
adelefeld: ADF_CHECK_INVARIANTS: char_class: argument x is not a canonical adf_idclass
adelefeld: ADF_CHECK_INVARIANTS: char_class: argument x is not a canonical adf_idclass
adelefeld: ADF_CHECK_INVARIANTS: char_idele: argument x is not a canonical adf_idele
adelefeld: ADF_CHECK_INVARIANTS: char_idele: argument x is not a canonical adf_idele
adelefeld: ADF_CHECK_INVARIANTS: char_class: argument z is not a canonical independent acb output/input
adelefeld: ADF_CHECK_INVARIANTS: char_class: argument z is not a canonical independent acb output/input
adelefeld: ADF_CHECK_INVARIANTS: char_idele: argument z is not a canonical independent acb output/input
adelefeld: ADF_CHECK_INVARIANTS: char_idele: argument z is not a canonical independent acb output/input
adelefeld: ADF_CHECK_INVARIANTS: char_value_independent: argument z is not a canonical independent acb output/input
adelefeld: ADF_CHECK_INVARIANTS: char_value_independent: argument z is not a canonical independent acb output/input
adelefeld: ADF_CHECK_INVARIANTS: char_value_independent: argument z is not a canonical independent acb output/input
adelefeld: ADF_CHECK_INVARIANTS: char_value_independent: argument z is not a canonical independent acb output/input
adelefeld: ADF_CHECK_INVARIANTS: char_value_independent: argument z is not a canonical independent acb output/input
adelefeld: ADF_CHECK_INVARIANTS: char_value_independent: argument z is not a canonical independent acb output/input
adelefeld: ADF_CHECK_INVARIANTS: char_value_independent: argument z is not a canonical independent acb output/input
adelefeld: ADF_CHECK_INVARIANTS: char_value_independent: argument z is not a canonical independent acb output/input
adelefeld: ADF_CHECK_INVARIANTS: char_value_independent: argument z is not a canonical independent acb output/input
adelefeld: ADF_CHECK_INVARIANTS: char_value_independent: argument z is not a canonical independent acb output/input
adelefeld: ADF_CHECK_INVARIANTS: char_value_independent: argument z is not a canonical independent acb output/input
adelefeld: ADF_CHECK_INVARIANTS: char_value_independent: argument z is not a canonical independent acb output/input
adelefeld: ADF_CHECK_INVARIANTS: char_value_independent: argument z is not a canonical independent acb output/input
adelefeld: ADF_CHECK_INVARIANTS: char_value_independent: argument z is not a canonical independent acb output/input
adelefeld: ADF_CHECK_INVARIANTS: char_value_independent: argument z is not a canonical independent acb output/input
adelefeld: ADF_CHECK_INVARIANTS: char_value_independent: argument z is not a canonical independent acb output/input
EXIT 0
