$ timeout 30 cc -Iinclude -Isrc -Itests -std=c11 -O2 -g -Wall -Wextra -Wpedantic -Werror -DADF_CHECK_INVARIANTS -fsanitize=address,undefined -fno-omit-frame-pointer -c lanes/c-slice3/rechecks-s/0.c -o lanes/c-slice3/rechecks-s/0.o
EXIT 0
$ timeout 30 cc -Iinclude -Isrc -Itests -std=c11 -O2 -g -Wall -Wextra -Wpedantic -Werror -DADF_CHECK_INVARIANTS -fsanitize=address,undefined -fno-omit-frame-pointer -DADF_CHAR_CLASS_WRAP tests/test_char_class.c lanes/c-slice3/rechecks-s/0.o lanes/c-slice3/mut-base/support/jsonl.o lanes/c-slice3/mut-base/support/golden.o lanes/c-slice3/mut-base/libadelefeld.a -Wl,--wrap=dirichlet_group_init -Wl,--wrap=adf_phase_get_acb -Wl,--wrap=arb_pow -Wl,--wrap=acb_pow -Wl,--wrap=acb_mul -Wl,--wrap=adf_idclass_set_idele -lflint -lgmp -lm -pthread -o lanes/c-slice3/rechecks-s/0.exe
EXIT 0
$ timeout 60 lanes/c-slice3/rechecks-s/0.exe
memory: 20600 FLINT blocks, 0 live after 100 cycles
test_char_class: 1209066 checks
adelefeld: ADF_CHECK_INVARIANTS: char_class: argument chi is not a canonical adf_char
adelefeld: ADF_CHECK_INVARIANTS: char_class: argument chi is not a canonical adf_char
adelefeld: ADF_CHECK_INVARIANTS: char_idele: argument chi is not a canonical adf_char
adelefeld: ADF_CHECK_INVARIANTS: char_idele: argument chi is not a canonical adf_char
adelefeld: ADF_CHECK_INVARIANTS: char_class: argument x is not a canonical adf_idclass
adelefeld: ADF_CHECK_INVARIANTS: char_class: argument x is not a canonical adf_idclass
adelefeld: ADF_CHECK_INVARIANTS: char_idele: argument x is not a canonical adf_idele
adelefeld: ADF_CHECK_INVARIANTS: char_idele: argument x is not a canonical adf_idele
adelefeld: ADF_CHECK_INVARIANTS: char_class: argument x is not a canonical adf_idclass
adelefeld: ADF_CHECK_INVARIANTS: char_class: argument x is not a canonical adf_idclass
adelefeld: ADF_CHECK_INVARIANTS: char_idele: argument x is not a canonical adf_idele
adelefeld: ADF_CHECK_INVARIANTS: char_idele: argument x is not a canonical adf_idele
adelefeld: ADF_CHECK_INVARIANTS: char_class: argument z is not a canonical independent acb output/input
adelefeld: ADF_CHECK_INVARIANTS: char_class: argument z is not a canonical independent acb output/input
adelefeld: ADF_CHECK_INVARIANTS: char_idele: argument z is not a canonical independent acb output/input
adelefeld: ADF_CHECK_INVARIANTS: char_idele: argument z is not a canonical independent acb output/input
adelefeld: ADF_CHECK_INVARIANTS: char_value_independent: argument z is not a canonical independent acb output/input
adelefeld: ADF_CHECK_INVARIANTS: char_value_independent: argument z is not a canonical independent acb output/input
adelefeld: ADF_CHECK_INVARIANTS: char_value_independent: argument z is not a canonical independent acb output/input
adelefeld: ADF_CHECK_INVARIANTS: char_value_independent: argument z is not a canonical independent acb output/input
adelefeld: ADF_CHECK_INVARIANTS: char_value_independent: argument z is not a canonical independent acb output/input
adelefeld: ADF_CHECK_INVARIANTS: char_value_independent: argument z is not a canonical independent acb output/input
adelefeld: ADF_CHECK_INVARIANTS: char_value_independent: argument z is not a canonical independent acb output/input
adelefeld: ADF_CHECK_INVARIANTS: char_value_independent: argument z is not a canonical independent acb output/input
adelefeld: ADF_CHECK_INVARIANTS: char_value_independent: argument z is not a canonical independent acb output/input
adelefeld: ADF_CHECK_INVARIANTS: char_value_independent: argument z is not a canonical independent acb output/input
adelefeld: ADF_CHECK_INVARIANTS: char_value_independent: argument z is not a canonical independent acb output/input
adelefeld: ADF_CHECK_INVARIANTS: char_value_independent: argument z is not a canonical independent acb output/input
adelefeld: ADF_CHECK_INVARIANTS: char_value_independent: argument z is not a canonical independent acb output/input
adelefeld: ADF_CHECK_INVARIANTS: char_value_independent: argument z is not a canonical independent acb output/input
adelefeld: ADF_CHECK_INVARIANTS: char_value_independent: argument z is not a canonical independent acb output/input
adelefeld: ADF_CHECK_INVARIANTS: char_value_independent: argument z is not a canonical independent acb output/input
EXIT 0
$ timeout 30 cc -Iinclude -Isrc -Itests -std=c11 -O2 -g -Wall -Wextra -Wpedantic -Werror -DADF_CHECK_INVARIANTS -fsanitize=address,undefined -fno-omit-frame-pointer -DADF_CHAR_WRAP_SETUP tests/test_char.c lanes/c-slice3/rechecks-s/0.o lanes/c-slice3/mut-base/support/jsonl.o lanes/c-slice3/mut-base/support/golden.o lanes/c-slice3/mut-base/libadelefeld.a -Wl,--wrap=dirichlet_group_init -Wl,--wrap=adf_phase_get_acb -Wl,--wrap=arb_sqrt_ui -lflint -lgmp -lm -pthread -o lanes/c-slice3/rechecks-s/0.exe
EXIT 0
$ timeout 60 lanes/c-slice3/rechecks-s/0.exe
memory: 5800 FLINT blocks, 0 live after 100 cycles
cap refusal 0.000000441 seconds
test_char: 129825 checks
EXIT 0
$ timeout 30 cc -Iinclude -Isrc -Itests -std=c11 -O2 -g -Wall -Wextra -Wpedantic -Werror -DADF_CHECK_INVARIANTS -fsanitize=address,undefined -fno-omit-frame-pointer -DADF_CHAR_EVAL_WRAP tests/test_char_eval.c lanes/c-slice3/rechecks-s/0.o lanes/c-slice3/mut-base/support/jsonl.o lanes/c-slice3/mut-base/support/golden.o lanes/c-slice3/mut-base/libadelefeld.a -Wl,--wrap=dirichlet_group_init -Wl,--wrap=adf_phase_get_acb -Wl,--wrap=arb_sqrt_ui -lflint -lgmp -lm -pthread -o lanes/c-slice3/rechecks-s/0.exe
EXIT 0
$ timeout 60 lanes/c-slice3/rechecks-s/0.exe
conjugation: 1966 characters, 74434 unit products
memory: 8100 FLINT blocks, 0 live after 100 cycles
test_char_eval: 1738351 checks
adelefeld: ADF_CHECK_INVARIANTS: char_unit: argument chi is not a canonical adf_char
adelefeld: ADF_CHECK_INVARIANTS: adf_char_conj: argument x is not a canonical adf_char
adelefeld: ADF_CHECK_INVARIANTS: char_unit: argument u is not a canonical adf_ucoset
adelefeld: ADF_CHECK_INVARIANTS: adf_char_dump_str: argument x is not a canonical adf_char
adelefeld: ADF_CHECK_INVARIANTS: adf_char_conj: argument y is not a canonical adf_char
adelefeld: ADF_CHECK_INVARIANTS: char_unit: argument z is not a canonical independent acb output/input
adelefeld: ADF_CHECK_INVARIANTS: char_unit: argument z is not a canonical independent acb output/input
adelefeld: ADF_CHECK_INVARIANTS: char_unit: argument chi is not a canonical adf_char
adelefeld: ADF_CHECK_INVARIANTS: adf_char_load_str_binds: argument x is not a canonical adf_char
EXIT 0
$ timeout 30 cc -Iinclude -Isrc -Itests -std=c11 -O2 -g -Wall -Wextra -Wpedantic -Werror -DADF_CHECK_INVARIANTS -fsanitize=address,undefined -fno-omit-frame-pointer -c lanes/c-slice3/rechecks-s/1.c -o lanes/c-slice3/rechecks-s/1.o
EXIT 0
$ timeout 30 cc -Iinclude -Isrc -Itests -std=c11 -O2 -g -Wall -Wextra -Wpedantic -Werror -DADF_CHECK_INVARIANTS -fsanitize=address,undefined -fno-omit-frame-pointer -DADF_CHAR_CLASS_WRAP tests/test_char_class.c lanes/c-slice3/rechecks-s/1.o lanes/c-slice3/mut-base/support/jsonl.o lanes/c-slice3/mut-base/support/golden.o lanes/c-slice3/mut-base/libadelefeld.a -Wl,--wrap=dirichlet_group_init -Wl,--wrap=adf_phase_get_acb -Wl,--wrap=arb_pow -Wl,--wrap=acb_pow -Wl,--wrap=acb_mul -Wl,--wrap=adf_idclass_set_idele -lflint -lgmp -lm -pthread -o lanes/c-slice3/rechecks-s/1.exe
EXIT 0
$ timeout 60 lanes/c-slice3/rechecks-s/1.exe
test_char_class:308: adf_char_set_conrey_acb(chi, 1, 0, s) == ADF_OK
timeout: the monitored command dumped core
EXIT -6
