mkdir -p lanes/q-slice6/plain
mkdir -p lanes/q-slice6/plain/support
cc -Iinclude -std=c11 -O2 -g -Wall -Wextra -Wpedantic -Werror -MMD -MP -c src/adele.c -o lanes/q-slice6/plain/adele.o
cc -Iinclude -std=c11 -O2 -g -Wall -Wextra -Wpedantic -Werror -MMD -MP -c src/cap.c -o lanes/q-slice6/plain/cap.o
cc -Iinclude -std=c11 -O2 -g -Wall -Wextra -Wpedantic -Werror -MMD -MP -c src/catalogue.c -o lanes/q-slice6/plain/catalogue.o
cc -Iinclude -std=c11 -O2 -g -Wall -Wextra -Wpedantic -Werror -MMD -MP -c src/common.c -o lanes/q-slice6/plain/common.o
cc -Iinclude -std=c11 -O2 -g -Wall -Wextra -Wpedantic -Werror -MMD -MP -c src/dump.c -o lanes/q-slice6/plain/dump.o
cc -Iinclude -std=c11 -O2 -g -Wall -Wextra -Wpedantic -Werror -MMD -MP -c src/fball.c -o lanes/q-slice6/plain/fball.o
cc -Iinclude -std=c11 -O2 -g -Wall -Wextra -Wpedantic -Werror -MMD -MP -c src/fball_local.c -o lanes/q-slice6/plain/fball_local.o
cc -Iinclude -std=c11 -O2 -g -Wall -Wextra -Wpedantic -Werror -MMD -MP -c src/gfunc.c -o lanes/q-slice6/plain/gfunc.o
cc -Iinclude -std=c11 -O2 -g -Wall -Wextra -Wpedantic -Werror -MMD -MP -c src/gfunc_log.c -o lanes/q-slice6/plain/gfunc_log.o
cc -Iinclude -std=c11 -O2 -g -Wall -Wextra -Wpedantic -Werror -MMD -MP -c src/idclass.c -o lanes/q-slice6/plain/idclass.o
cc -Iinclude -std=c11 -O2 -g -Wall -Wextra -Wpedantic -Werror -MMD -MP -c src/idele.c -o lanes/q-slice6/plain/idele.o
cc -Iinclude -std=c11 -O2 -g -Wall -Wextra -Wpedantic -Werror -MMD -MP -c src/idmap.c -o lanes/q-slice6/plain/idmap.o
cc -Iinclude -std=c11 -O2 -g -Wall -Wextra -Wpedantic -Werror -MMD -MP -c src/idpow.c -o lanes/q-slice6/plain/idpow.o
cc -Iinclude -std=c11 -O2 -g -Wall -Wextra -Wpedantic -Werror -MMD -MP -c src/inlines.c -o lanes/q-slice6/plain/inlines.o
cc -Iinclude -std=c11 -O2 -g -Wall -Wextra -Wpedantic -Werror -MMD -MP -c src/lball.c -o lanes/q-slice6/plain/lball.o
cc -Iinclude -std=c11 -O2 -g -Wall -Wextra -Wpedantic -Werror -MMD -MP -c src/lball_decomp.c -o lanes/q-slice6/plain/lball_decomp.o
cc -Iinclude -std=c11 -O2 -g -Wall -Wextra -Wpedantic -Werror -MMD -MP -c src/lfunc.c -o lanes/q-slice6/plain/lfunc.o
cc -Iinclude -std=c11 -O2 -g -Wall -Wextra -Wpedantic -Werror -MMD -MP -c src/linsolve.c -o lanes/q-slice6/plain/linsolve.o
cc -Iinclude -std=c11 -O2 -g -Wall -Wextra -Wpedantic -Werror -MMD -MP -c src/localfactor.c -o lanes/q-slice6/plain/localfactor.o
cc -Iinclude -std=c11 -O2 -g -Wall -Wextra -Wpedantic -Werror -MMD -MP -c src/lpow.c -o lanes/q-slice6/plain/lpow.o
cc -Iinclude -std=c11 -O2 -g -Wall -Wextra -Wpedantic -Werror -MMD -MP -c src/lroot.c -o lanes/q-slice6/plain/lroot.o
cc -Iinclude -std=c11 -O2 -g -Wall -Wextra -Wpedantic -Werror -MMD -MP -c src/modctx.c -o lanes/q-slice6/plain/modctx.o
cc -Iinclude -std=c11 -O2 -g -Wall -Wextra -Wpedantic -Werror -MMD -MP -c src/place.c -o lanes/q-slice6/plain/place.o
cc -Iinclude -std=c11 -O2 -g -Wall -Wextra -Wpedantic -Werror -MMD -MP -c src/psi.c -o lanes/q-slice6/plain/psi.o
cc -Iinclude -std=c11 -O2 -g -Wall -Wextra -Wpedantic -Werror -MMD -MP -c src/qclass.c -o lanes/q-slice6/plain/qclass.o
cc -Iinclude -std=c11 -O2 -g -Wall -Wextra -Wpedantic -Werror -MMD -MP -c src/rat.c -o lanes/q-slice6/plain/rat.o
cc -Iinclude -std=c11 -O2 -g -Wall -Wextra -Wpedantic -Werror -MMD -MP -c src/recon.c -o lanes/q-slice6/plain/recon.o
cc -Iinclude -std=c11 -O2 -g -Wall -Wextra -Wpedantic -Werror -MMD -MP -c src/resid.c -o lanes/q-slice6/plain/resid.o
cc -Iinclude -std=c11 -O2 -g -Wall -Wextra -Wpedantic -Werror -MMD -MP -c src/rfunc.c -o lanes/q-slice6/plain/rfunc.o
cc -Iinclude -std=c11 -O2 -g -Wall -Wextra -Wpedantic -Werror -MMD -MP -c src/roots.c -o lanes/q-slice6/plain/roots.o
cc -Iinclude -std=c11 -O2 -g -Wall -Wextra -Wpedantic -Werror -MMD -MP -c src/roots_real.c -o lanes/q-slice6/plain/roots_real.o
cc -Iinclude -std=c11 -O2 -g -Wall -Wextra -Wpedantic -Werror -MMD -MP -c src/sball.c -o lanes/q-slice6/plain/sball.o
cc -Iinclude -std=c11 -O2 -g -Wall -Wextra -Wpedantic -Werror -MMD -MP -c src/scaled.c -o lanes/q-slice6/plain/scaled.o
cc -Iinclude -std=c11 -O2 -g -Wall -Wextra -Wpedantic -Werror -MMD -MP -c src/status.c -o lanes/q-slice6/plain/status.o
cc -Iinclude -std=c11 -O2 -g -Wall -Wextra -Wpedantic -Werror -MMD -MP -c src/symbol.c -o lanes/q-slice6/plain/symbol.o
cc -Iinclude -std=c11 -O2 -g -Wall -Wextra -Wpedantic -Werror -MMD -MP -c src/text.c -o lanes/q-slice6/plain/text.o
cc -Iinclude -std=c11 -O2 -g -Wall -Wextra -Wpedantic -Werror -MMD -MP -c src/text_idele.c -o lanes/q-slice6/plain/text_idele.o
cc -Iinclude -std=c11 -O2 -g -Wall -Wextra -Wpedantic -Werror -MMD -MP -c src/ucoset.c -o lanes/q-slice6/plain/ucoset.o
cc -Iinclude -Itests -std=c11 -O2 -g -Wall -Wextra -Wpedantic -Werror -MMD -MP -c tests/support/golden.c -o lanes/q-slice6/plain/support/golden.o
cc -Iinclude -Itests -std=c11 -O2 -g -Wall -Wextra -Wpedantic -Werror -MMD -MP -c tests/support/jsonl.c -o lanes/q-slice6/plain/support/jsonl.o
ar rcs lanes/q-slice6/plain/libadelefeld.a lanes/q-slice6/plain/adele.o lanes/q-slice6/plain/cap.o lanes/q-slice6/plain/catalogue.o lanes/q-slice6/plain/common.o lanes/q-slice6/plain/dump.o lanes/q-slice6/plain/fball.o lanes/q-slice6/plain/fball_local.o lanes/q-slice6/plain/gfunc.o lanes/q-slice6/plain/gfunc_log.o lanes/q-slice6/plain/idclass.o lanes/q-slice6/plain/idele.o lanes/q-slice6/plain/idmap.o lanes/q-slice6/plain/idpow.o lanes/q-slice6/plain/inlines.o lanes/q-slice6/plain/lball.o lanes/q-slice6/plain/lball_decomp.o lanes/q-slice6/plain/lfunc.o lanes/q-slice6/plain/linsolve.o lanes/q-slice6/plain/localfactor.o lanes/q-slice6/plain/lpow.o lanes/q-slice6/plain/lroot.o lanes/q-slice6/plain/modctx.o lanes/q-slice6/plain/place.o lanes/q-slice6/plain/psi.o lanes/q-slice6/plain/qclass.o lanes/q-slice6/plain/rat.o lanes/q-slice6/plain/recon.o lanes/q-slice6/plain/resid.o lanes/q-slice6/plain/rfunc.o lanes/q-slice6/plain/roots.o lanes/q-slice6/plain/roots_real.o lanes/q-slice6/plain/sball.o lanes/q-slice6/plain/scaled.o lanes/q-slice6/plain/status.o lanes/q-slice6/plain/symbol.o lanes/q-slice6/plain/text.o lanes/q-slice6/plain/text_idele.o lanes/q-slice6/plain/ucoset.o
cc -Iinclude -Itests -std=c11 -O2 -g -Wall -Wextra -Wpedantic -Werror -MMD -MP  tests/test_qclass_sets.c lanes/q-slice6/plain/support/golden.o lanes/q-slice6/plain/support/jsonl.o lanes/q-slice6/plain/libadelefeld.a -lflint -lgmp -lm -o lanes/q-slice6/plain/test_qclass_sets
/usr/bin/ld: /tmp/cc3xDSne.o:/home/tobias/Projects/adelefeld-wt/q-slice6/tests/test_qclass_sets.c:20:(.data.rel.ro+0x0): undefined reference to `adf_qclass_equal_set'
/usr/bin/ld: /tmp/cc3xDSne.o:(.data.rel.ro+0x8): undefined reference to `adf_qclass_contains'
/usr/bin/ld: /tmp/cc3xDSne.o:(.data.rel.ro+0x10): undefined reference to `adf_qclass_overlaps'
collect2: error: ld returned 1 exit status
make: *** [Makefile:99: lanes/q-slice6/plain/test_qclass_sets] Error 1
