mkdir -p lanes/f-slice8/build
mkdir -p lanes/f-slice8/build/support
cc -Iinclude -std=c11 -O2 -g -Wall -Wextra -Wpedantic -Werror -MMD -MP -c src/adele.c -o lanes/f-slice8/build/adele.o
cc -Iinclude -std=c11 -O2 -g -Wall -Wextra -Wpedantic -Werror -MMD -MP -c src/cap.c -o lanes/f-slice8/build/cap.o
cc -Iinclude -std=c11 -O2 -g -Wall -Wextra -Wpedantic -Werror -MMD -MP -c src/common.c -o lanes/f-slice8/build/common.o
cc -Iinclude -std=c11 -O2 -g -Wall -Wextra -Wpedantic -Werror -MMD -MP -c src/dump.c -o lanes/f-slice8/build/dump.o
cc -Iinclude -std=c11 -O2 -g -Wall -Wextra -Wpedantic -Werror -MMD -MP -c src/fball.c -o lanes/f-slice8/build/fball.o
cc -Iinclude -std=c11 -O2 -g -Wall -Wextra -Wpedantic -Werror -MMD -MP -c src/fball_local.c -o lanes/f-slice8/build/fball_local.o
cc -Iinclude -std=c11 -O2 -g -Wall -Wextra -Wpedantic -Werror -MMD -MP -c src/idclass.c -o lanes/f-slice8/build/idclass.o
cc -Iinclude -std=c11 -O2 -g -Wall -Wextra -Wpedantic -Werror -MMD -MP -c src/idele.c -o lanes/f-slice8/build/idele.o
cc -Iinclude -std=c11 -O2 -g -Wall -Wextra -Wpedantic -Werror -MMD -MP -c src/idmap.c -o lanes/f-slice8/build/idmap.o
cc -Iinclude -std=c11 -O2 -g -Wall -Wextra -Wpedantic -Werror -MMD -MP -c src/idpow.c -o lanes/f-slice8/build/idpow.o
cc -Iinclude -std=c11 -O2 -g -Wall -Wextra -Wpedantic -Werror -MMD -MP -c src/inlines.c -o lanes/f-slice8/build/inlines.o
cc -Iinclude -std=c11 -O2 -g -Wall -Wextra -Wpedantic -Werror -MMD -MP -c src/lball.c -o lanes/f-slice8/build/lball.o
cc -Iinclude -std=c11 -O2 -g -Wall -Wextra -Wpedantic -Werror -MMD -MP -c src/lball_decomp.c -o lanes/f-slice8/build/lball_decomp.o
cc -Iinclude -std=c11 -O2 -g -Wall -Wextra -Wpedantic -Werror -MMD -MP -c src/lfunc.c -o lanes/f-slice8/build/lfunc.o
cc -Iinclude -std=c11 -O2 -g -Wall -Wextra -Wpedantic -Werror -MMD -MP -c src/linsolve.c -o lanes/f-slice8/build/linsolve.o
cc -Iinclude -std=c11 -O2 -g -Wall -Wextra -Wpedantic -Werror -MMD -MP -c src/modctx.c -o lanes/f-slice8/build/modctx.o
cc -Iinclude -std=c11 -O2 -g -Wall -Wextra -Wpedantic -Werror -MMD -MP -c src/place.c -o lanes/f-slice8/build/place.o
cc -Iinclude -std=c11 -O2 -g -Wall -Wextra -Wpedantic -Werror -MMD -MP -c src/rat.c -o lanes/f-slice8/build/rat.o
cc -Iinclude -std=c11 -O2 -g -Wall -Wextra -Wpedantic -Werror -MMD -MP -c src/recon.c -o lanes/f-slice8/build/recon.o
cc -Iinclude -std=c11 -O2 -g -Wall -Wextra -Wpedantic -Werror -MMD -MP -c src/resid.c -o lanes/f-slice8/build/resid.o
cc -Iinclude -std=c11 -O2 -g -Wall -Wextra -Wpedantic -Werror -MMD -MP -c src/rfunc.c -o lanes/f-slice8/build/rfunc.o
cc -Iinclude -std=c11 -O2 -g -Wall -Wextra -Wpedantic -Werror -MMD -MP -c src/roots.c -o lanes/f-slice8/build/roots.o
cc -Iinclude -std=c11 -O2 -g -Wall -Wextra -Wpedantic -Werror -MMD -MP -c src/roots_real.c -o lanes/f-slice8/build/roots_real.o
cc -Iinclude -std=c11 -O2 -g -Wall -Wextra -Wpedantic -Werror -MMD -MP -c src/sball.c -o lanes/f-slice8/build/sball.o
cc -Iinclude -std=c11 -O2 -g -Wall -Wextra -Wpedantic -Werror -MMD -MP -c src/scaled.c -o lanes/f-slice8/build/scaled.o
cc -Iinclude -std=c11 -O2 -g -Wall -Wextra -Wpedantic -Werror -MMD -MP -c src/status.c -o lanes/f-slice8/build/status.o
cc -Iinclude -std=c11 -O2 -g -Wall -Wextra -Wpedantic -Werror -MMD -MP -c src/text.c -o lanes/f-slice8/build/text.o
cc -Iinclude -std=c11 -O2 -g -Wall -Wextra -Wpedantic -Werror -MMD -MP -c src/text_idele.c -o lanes/f-slice8/build/text_idele.o
cc -Iinclude -std=c11 -O2 -g -Wall -Wextra -Wpedantic -Werror -MMD -MP -c src/ucoset.c -o lanes/f-slice8/build/ucoset.o
cc -Iinclude -Itests -std=c11 -O2 -g -Wall -Wextra -Wpedantic -Werror -MMD -MP -c tests/support/golden.c -o lanes/f-slice8/build/support/golden.o
cc -Iinclude -Itests -std=c11 -O2 -g -Wall -Wextra -Wpedantic -Werror -MMD -MP -c tests/support/jsonl.c -o lanes/f-slice8/build/support/jsonl.o
ar rcs lanes/f-slice8/build/libadelefeld.a lanes/f-slice8/build/adele.o lanes/f-slice8/build/cap.o lanes/f-slice8/build/common.o lanes/f-slice8/build/dump.o lanes/f-slice8/build/fball.o lanes/f-slice8/build/fball_local.o lanes/f-slice8/build/idclass.o lanes/f-slice8/build/idele.o lanes/f-slice8/build/idmap.o lanes/f-slice8/build/idpow.o lanes/f-slice8/build/inlines.o lanes/f-slice8/build/lball.o lanes/f-slice8/build/lball_decomp.o lanes/f-slice8/build/lfunc.o lanes/f-slice8/build/linsolve.o lanes/f-slice8/build/modctx.o lanes/f-slice8/build/place.o lanes/f-slice8/build/rat.o lanes/f-slice8/build/recon.o lanes/f-slice8/build/resid.o lanes/f-slice8/build/rfunc.o lanes/f-slice8/build/roots.o lanes/f-slice8/build/roots_real.o lanes/f-slice8/build/sball.o lanes/f-slice8/build/scaled.o lanes/f-slice8/build/status.o lanes/f-slice8/build/text.o lanes/f-slice8/build/text_idele.o lanes/f-slice8/build/ucoset.o
cc -Iinclude -Itests -std=c11 -O2 -g -Wall -Wextra -Wpedantic -Werror -MMD -MP  tests/test_lroot.c lanes/f-slice8/build/support/golden.o lanes/f-slice8/build/support/jsonl.o lanes/f-slice8/build/libadelefeld.a -lflint -lgmp -lm -o lanes/f-slice8/build/test_lroot
tests/test_lroot.c: In function ‘arr’:
tests/test_lroot.c:29:36: error: implicit declaration of function ‘jsonl_array_get’ [-Werror=implicit-function-declaration]
   29 |     const char *s = jsonl_int_text(jsonl_array_get(field(r,key), j), NULL);
      |                                    ^~~~~~~~~~~~~~~
tests/test_lroot.c:29:36: error: passing argument 1 of ‘jsonl_int_text’ makes pointer from integer without a cast [-Werror=int-conversion]
   29 |     const char *s = jsonl_int_text(jsonl_array_get(field(r,key), j), NULL);
      |                                    ^~~~~~~~~~~~~~~~~~~~~~~~~~~~~~~~
      |                                    |
      |                                    int
In file included from tests/test_lroot.c:6:
tests/support/jsonl.h:154:47: note: expected ‘const jsonl_value *’ but argument is of type ‘int’
  154 | const char *jsonl_int_text(const jsonl_value *v, jsonl_error_t *err);
      |                            ~~~~~~~~~~~~~~~~~~~^
tests/test_lroot.c: In function ‘adf_test_fn_enumeration_all_rows’:
tests/test_lroot.c:54:25: error: implicit declaration of function ‘jsonl_array_size’; did you mean ‘jsonl_size’? [-Werror=implicit-function-declaration]
   54 |         size_t expected=jsonl_array_size(field(r,"ids"));
      |                         ^~~~~~~~~~~~~~~~
      |                         jsonl_size
cc1: all warnings being treated as errors
make: *** [Makefile:99: lanes/f-slice8/build/test_lroot] Error 1
