text-build 0 
test_text_adele 0 10_at_the_limit_and_one_above
ok   max_len_at_the_limit_and_one_above
ok   empty_null_nul_bytes_and_ends_of_memory
ok   the_earlier_stage_decides_the_status
ok   the_grammar_of_real_and_complex
20 tests, 84390 checks, 0 failed checks, 0 failed tests
test_text_classify 0 ference
ok   one_text_of_each_kind
ok   signs_and_denominators_of_the_other_literals
ok   limits_hostile_bytes_and_the_order_of_checks
ok   input_without_terminator_at_a_block_end_and_a_page_end
8 tests, 20776 checks, 0 failed checks, 0 failed tests
test_text_fball 0 alue_before
ok   max_len_at_the_limit_and_one_above
ok   empty_null_nul_and_forbidden_bytes
ok   input_without_terminator_at_a_block_end_and_a_page_end
ok   the_earlier_stage_decides_the_status
10 tests, 21545 checks, 0 failed checks, 0 failed tests
test_text_idele 0 s_and_not_determined
ok   limits_of_conventions_8_4
ok   hostile_big_numbers_nesting_nul_and_cuts
ok   order_of_the_stages
ok   round_trips_enclose
ok   constrained_printer_ends_in_bounded_time
14 tests, 73465 checks, 0 failed checks, 0 failed tests
test_text_limits 0 exp10_limit_of_nineteen_digits
ok   exp10_limit_of_nineteen_significant_digits
ok   exp10_limit_of_twenty_digits
ok   exp10_limit_negative_and_zero
ok   value_at_exp10_boundary_prints_one_above
11 tests, 105 checks, 0 failed checks, 0 failed tests
test_text_local 0 plex_tag
ok   sball_the_canonical_order
ok   the_reference_on_generated_texts
ok   round_trips_of_generated_values
ok   hostile_input
ok   the_order_of_the_stages
ok   printer_bounds_and_digits
10 tests, 68868 checks, 0 failed checks, 0 failed tests
test_text_r3r9 0 orpus of the text target: 287 files, 94 accepted adele or cadele texts, 67 of 190 prec values, 30 of 30 digits values, prec = 2 reached: 1
ok   the_committed_corpus_reaches_prec_two_and_digits_one
8 tests, 148 checks, 0 failed checks, 0 failed tests
test_text_rat 0 utside_the_alphabet_is_a_parse_error
ok   input_at_the_end_of_a_heap_block_of_exact_size
ok   input_at_the_end_of_a_page
ok   the_earlier_stage_decides_the_status
ok   canonicalisation_on_input
13 tests, 18122 checks, 0 failed checks, 0 failed tests
