==8== Memcheck, a memory error detector
==8== Copyright (C) 2002-2022, and GNU GPL'd, by Julian Seward et al.
==8== Using Valgrind-3.22.0 and LibVEX; rerun with -h for copyright info
==8== Command: docs/reviews/m1/text/checks/fuzz_one
==8== 
==8== Conditional jump or move depends on uninitialised value(s)
==8==    at 0x10FB72: fuzz_fball (fuzz_text.c:128)
==8==    by 0x10FB72: LLVMFuzzerTestOneInput (fuzz_text.c:254)
==8==    by 0x10AC0B: main (fuzz_one.c:6)
==8==  Uninitialised value was created by a stack allocation
==8==    at 0x10F87A: LLVMFuzzerTestOneInput (fuzz_text.c:227)
==8== 
==8== Conditional jump or move depends on uninitialised value(s)
==8==    at 0x48524EE: bcmp (in /home/tobias/.local/opt/valgrind/usr/libexec/valgrind/vgpreload_memcheck-amd64-linux.so)
==8==    by 0x10FED2: fuzz_adele (fuzz_text.c:164)
==8==    by 0x10FED2: LLVMFuzzerTestOneInput (fuzz_text.c:255)
==8==    by 0x10AC0B: main (fuzz_one.c:6)
==8==  Uninitialised value was created by a stack allocation
==8==    at 0x10F87A: LLVMFuzzerTestOneInput (fuzz_text.c:227)
==8== 
==8== Conditional jump or move depends on uninitialised value(s)
==8==    at 0x48524EE: bcmp (in /home/tobias/.local/opt/valgrind/usr/libexec/valgrind/vgpreload_memcheck-amd64-linux.so)
==8==    by 0x10F6A8: fuzz_cadele.constprop.0 (fuzz_text.c:203)
==8==    by 0x10FF68: LLVMFuzzerTestOneInput (fuzz_text.c:256)
==8==    by 0x10AC0B: main (fuzz_one.c:6)
==8==  Uninitialised value was created by a stack allocation
==8==    at 0x10F4A4: fuzz_cadele.constprop.0 (fuzz_text.c:185)
==8== 
==8== 
==8== HEAP SUMMARY:
==8==     in use at exit: 0 bytes in 0 blocks
==8==   total heap usage: 1 allocs, 1 frees, 1 bytes allocated
==8== 
==8== All heap blocks were freed -- no leaks are possible
==8== 
==8== For lists of detected and suppressed errors, rerun with: -s
==8== ERROR SUMMARY: 7 errors from 3 contexts (suppressed: 0 from 0)
