mkdir -p docs/reviews/m1/text/checks/san
mkdir -p docs/reviews/m1/text/checks/san/support
cc -Iinclude -std=c11 -O2 -g -Wall -Wextra -Wpedantic -Werror -fsanitize=address,undefined -fno-omit-frame-pointer -MMD -MP -c src/adele.c -o docs/reviews/m1/text/checks/san/adele.o
cc -Iinclude -std=c11 -O2 -g -Wall -Wextra -Wpedantic -Werror -fsanitize=address,undefined -fno-omit-frame-pointer -MMD -MP -c src/cap.c -o docs/reviews/m1/text/checks/san/cap.o
cc -Iinclude -std=c11 -O2 -g -Wall -Wextra -Wpedantic -Werror -fsanitize=address,undefined -fno-omit-frame-pointer -MMD -MP -c src/common.c -o docs/reviews/m1/text/checks/san/common.o
cc -Iinclude -std=c11 -O2 -g -Wall -Wextra -Wpedantic -Werror -fsanitize=address,undefined -fno-omit-frame-pointer -MMD -MP -c src/fball.c -o docs/reviews/m1/text/checks/san/fball.o
cc -Iinclude -std=c11 -O2 -g -Wall -Wextra -Wpedantic -Werror -fsanitize=address,undefined -fno-omit-frame-pointer -MMD -MP -c src/fball_local.c -o docs/reviews/m1/text/checks/san/fball_local.o
cc -Iinclude -std=c11 -O2 -g -Wall -Wextra -Wpedantic -Werror -fsanitize=address,undefined -fno-omit-frame-pointer -MMD -MP -c src/inlines.c -o docs/reviews/m1/text/checks/san/inlines.o
cc -Iinclude -std=c11 -O2 -g -Wall -Wextra -Wpedantic -Werror -fsanitize=address,undefined -fno-omit-frame-pointer -MMD -MP -c src/modctx.c -o docs/reviews/m1/text/checks/san/modctx.o
cc -Iinclude -std=c11 -O2 -g -Wall -Wextra -Wpedantic -Werror -fsanitize=address,undefined -fno-omit-frame-pointer -MMD -MP -c src/place.c -o docs/reviews/m1/text/checks/san/place.o
cc -Iinclude -std=c11 -O2 -g -Wall -Wextra -Wpedantic -Werror -fsanitize=address,undefined -fno-omit-frame-pointer -MMD -MP -c src/rat.c -o docs/reviews/m1/text/checks/san/rat.o
cc -Iinclude -std=c11 -O2 -g -Wall -Wextra -Wpedantic -Werror -fsanitize=address,undefined -fno-omit-frame-pointer -MMD -MP -c src/recon.c -o docs/reviews/m1/text/checks/san/recon.o
cc -Iinclude -std=c11 -O2 -g -Wall -Wextra -Wpedantic -Werror -fsanitize=address,undefined -fno-omit-frame-pointer -MMD -MP -c src/scaled.c -o docs/reviews/m1/text/checks/san/scaled.o
cc -Iinclude -std=c11 -O2 -g -Wall -Wextra -Wpedantic -Werror -fsanitize=address,undefined -fno-omit-frame-pointer -MMD -MP -c src/status.c -o docs/reviews/m1/text/checks/san/status.o
cc -Iinclude -std=c11 -O2 -g -Wall -Wextra -Wpedantic -Werror -fsanitize=address,undefined -fno-omit-frame-pointer -MMD -MP -c src/text.c -o docs/reviews/m1/text/checks/san/text.o
cc -Iinclude -Itests -std=c11 -O2 -g -Wall -Wextra -Wpedantic -Werror -fsanitize=address,undefined -fno-omit-frame-pointer -MMD -MP -c tests/support/golden.c -o docs/reviews/m1/text/checks/san/support/golden.o
cc -Iinclude -Itests -std=c11 -O2 -g -Wall -Wextra -Wpedantic -Werror -fsanitize=address,undefined -fno-omit-frame-pointer -MMD -MP -c tests/support/jsonl.c -o docs/reviews/m1/text/checks/san/support/jsonl.o
ar rcs docs/reviews/m1/text/checks/san/libadelefeld.a docs/reviews/m1/text/checks/san/adele.o docs/reviews/m1/text/checks/san/cap.o docs/reviews/m1/text/checks/san/common.o docs/reviews/m1/text/checks/san/fball.o docs/reviews/m1/text/checks/san/fball_local.o docs/reviews/m1/text/checks/san/inlines.o docs/reviews/m1/text/checks/san/modctx.o docs/reviews/m1/text/checks/san/place.o docs/reviews/m1/text/checks/san/rat.o docs/reviews/m1/text/checks/san/recon.o docs/reviews/m1/text/checks/san/scaled.o docs/reviews/m1/text/checks/san/status.o docs/reviews/m1/text/checks/san/text.o
cc -Iinclude -Itests -std=c11 -O2 -g -Wall -Wextra -Wpedantic -Werror -fsanitize=address,undefined -fno-omit-frame-pointer -MMD -MP -fsanitize=address,undefined tests/test_text_rat.c docs/reviews/m1/text/checks/san/support/golden.o docs/reviews/m1/text/checks/san/support/jsonl.o docs/reviews/m1/text/checks/san/libadelefeld.a -lflint -lgmp -lm -o docs/reviews/m1/text/checks/san/test_text_rat
cc -Iinclude -Itests -std=c11 -O2 -g -Wall -Wextra -Wpedantic -Werror -fsanitize=address,undefined -fno-omit-frame-pointer -MMD -MP -fsanitize=address,undefined tests/test_text_fball.c docs/reviews/m1/text/checks/san/support/golden.o docs/reviews/m1/text/checks/san/support/jsonl.o docs/reviews/m1/text/checks/san/libadelefeld.a -lflint -lgmp -lm -o docs/reviews/m1/text/checks/san/test_text_fball
cc -Iinclude -Itests -std=c11 -O2 -g -Wall -Wextra -Wpedantic -Werror -fsanitize=address,undefined -fno-omit-frame-pointer -MMD -MP -fsanitize=address,undefined tests/test_text_adele.c docs/reviews/m1/text/checks/san/support/golden.o docs/reviews/m1/text/checks/san/support/jsonl.o docs/reviews/m1/text/checks/san/libadelefeld.a -lflint -lgmp -lm -o docs/reviews/m1/text/checks/san/test_text_adele
cc -Iinclude -Itests -std=c11 -O2 -g -Wall -Wextra -Wpedantic -Werror -fsanitize=address,undefined -fno-omit-frame-pointer -MMD -MP -fsanitize=address,undefined tests/test_text_classify.c docs/reviews/m1/text/checks/san/support/golden.o docs/reviews/m1/text/checks/san/support/jsonl.o docs/reviews/m1/text/checks/san/libadelefeld.a -lflint -lgmp -lm -o docs/reviews/m1/text/checks/san/test_text_classify
