==8== Memcheck, a memory error detector
==8== Copyright (C) 2002-2022, and GNU GPL'd, by Julian Seward et al.
==8== Using Valgrind-3.22.0 and LibVEX; rerun with -h for copyright info
==8== Command: docs/reviews/m1/text/checks/sentinel_padding
==8== 
==8== Conditional jump or move depends on uninitialised value(s)
==8==    at 0x48524EE: bcmp (in /home/tobias/.local/opt/valgrind/usr/libexec/valgrind/vgpreload_memcheck-amd64-linux.so)
==8==    by 0x10D18F: adele_is_sentinel (test_text_adele.c:420)
==8==    by 0x10D18F: parse_adele (test_text_adele.c:455)
==8==    by 0x10C2B1: main (sentinel_padding.c:10)
==8==  Uninitialised value was created by a stack allocation
==8==    at 0x10C240: main (sentinel_padding.c:7)
==8== 
parse_status=9
==8== 
==8== HEAP SUMMARY:
==8==     in use at exit: 0 bytes in 0 blocks
==8==   total heap usage: 1 allocs, 1 frees, 4,096 bytes allocated
==8== 
==8== All heap blocks were freed -- no leaks are possible
==8== 
==8== For lists of detected and suppressed errors, rerun with: -s
==8== ERROR SUMMARY: 2 errors from 1 contexts (suppressed: 0 from 0)
