==3== Memcheck, a memory error detector
==3== Copyright (C) 2002-2022, and GNU GPL'd, by Julian Seward et al.
==3== Using Valgrind-3.22.0 and LibVEX; rerun with -h for copyright info
==3== Command: docs/reviews/m1/text/checks/build/test_text_rat
==3== 
ok   every_row_of_the_golden_file_rat
ok   every_random_text_of_the_reference
ok   the_printer_writes_the_template_q
ok   huge_operands_print_their_digits_and_come_back
ok   random_values_round_trip
ok   max_len_at_the_limit_and_one_above
ok   empty_and_null_input
ok   a_nul_byte_anywhere_is_a_parse_error
ok   every_byte_outside_the_alphabet_is_a_parse_error
ok   input_at_the_end_of_a_heap_block_of_exact_size
ok   input_at_the_end_of_a_page
ok   the_earlier_stage_decides_the_status
ok   canonicalisation_on_input
13 tests, 18122 checks, 0 failed checks, 0 failed tests
==3== 
==3== HEAP SUMMARY:
==3==     in use at exit: 168,640 bytes in 4,066 blocks
==3==   total heap usage: 42,664 allocs, 38,598 frees, 14,931,349 bytes allocated
==3== 
==3== LEAK SUMMARY:
==3==    definitely lost: 0 bytes in 0 blocks
==3==    indirectly lost: 0 bytes in 0 blocks
==3==      possibly lost: 135,872 bytes in 4,065 blocks
==3==    still reachable: 32,768 bytes in 1 blocks
==3==         suppressed: 0 bytes in 0 blocks
==3== Reachable blocks (those to which a pointer was found) are not shown.
==3== To see them, rerun with: --leak-check=full --show-leak-kinds=all
==3== 
==3== For lists of detected and suppressed errors, rerun with: -s
==3== ERROR SUMMARY: 0 errors from 0 contexts (suppressed: 0 from 0)
==4== Memcheck, a memory error detector
==4== Copyright (C) 2002-2022, and GNU GPL'd, by Julian Seward et al.
==4== Using Valgrind-3.22.0 and LibVEX; rerun with -h for copyright info
==4== Command: docs/reviews/m1/text/checks/build/test_text_fball
==4== 
ok   every_row_of_the_golden_file_fball
ok   every_random_text_of_the_reference
ok   the_printer_writes_the_template
ok   random_balls_round_trip
ok   the_parser_canonicalises
ok   the_output_may_hold_any_value_before
ok   max_len_at_the_limit_and_one_above
ok   empty_null_nul_and_forbidden_bytes
ok   input_without_terminator_at_a_block_end_and_a_page_end
ok   the_earlier_stage_decides_the_status
10 tests, 21545 checks, 0 failed checks, 0 failed tests
==4== 
==4== HEAP SUMMARY:
==4==     in use at exit: 172,072 bytes in 4,066 blocks
==4==   total heap usage: 54,943 allocs, 50,877 frees, 14,825,931 bytes allocated
==4== 
==4== LEAK SUMMARY:
==4==    definitely lost: 0 bytes in 0 blocks
==4==    indirectly lost: 0 bytes in 0 blocks
==4==      possibly lost: 139,304 bytes in 4,065 blocks
==4==    still reachable: 32,768 bytes in 1 blocks
==4==         suppressed: 0 bytes in 0 blocks
==4== Reachable blocks (those to which a pointer was found) are not shown.
==4== To see them, rerun with: --leak-check=full --show-leak-kinds=all
==4== 
==4== For lists of detected and suppressed errors, rerun with: -s
==4== ERROR SUMMARY: 0 errors from 0 contexts (suppressed: 0 from 0)
==5== Memcheck, a memory error detector
==5== Copyright (C) 2002-2022, and GNU GPL'd, by Julian Seward et al.
==5== Using Valgrind-3.22.0 and LibVEX; rerun with -h for copyright info
==5== Command: docs/reviews/m1/text/checks/build/test_text_adele
==5== 
==5== Conditional jump or move depends on uninitialised value(s)
==5==    at 0x48524EE: bcmp (in /home/tobias/.local/opt/valgrind/usr/libexec/valgrind/vgpreload_memcheck-amd64-linux.so)
==5==    by 0x10D1AF: adele_is_sentinel (test_text_adele.c:420)
==5==    by 0x10D1AF: parse_adele (test_text_adele.c:455)
==5==    by 0x112CA0: adf_test_fn_every_row_of_the_golden_file_adele (test_text_adele.c:662)
==5==    by 0x10C158: main (test_runner.h:162)
==5== 
==5== Conditional jump or move depends on uninitialised value(s)
==5==    at 0x48524EE: bcmp (in /home/tobias/.local/opt/valgrind/usr/libexec/valgrind/vgpreload_memcheck-amd64-linux.so)
==5==    by 0x10D4BC: cadele_is_sentinel (test_text_adele.c:435)
==5==    by 0x10D4BC: parse_cadele (test_text_adele.c:476)
==5==    by 0x1126E0: adf_test_fn_every_row_of_the_golden_file_cadele (test_text_adele.c:699)
==5==    by 0x10C158: main (test_runner.h:162)
==5== 
==5== Conditional jump or move depends on uninitialised value(s)
==5==    at 0x48524EE: bcmp (in /home/tobias/.local/opt/valgrind/usr/libexec/valgrind/vgpreload_memcheck-amd64-linux.so)
==5==    by 0x10D1AF: adele_is_sentinel (test_text_adele.c:420)
==5==    by 0x10D1AF: parse_adele (test_text_adele.c:455)
==5==    by 0x114B26: adf_test_fn_every_row_of_the_golden_file_realball_read (test_text_adele.c:743)
==5==    by 0x10C158: main (test_runner.h:162)
==5== 
==5== Conditional jump or move depends on uninitialised value(s)
==5==    at 0x48524EE: bcmp (in /home/tobias/.local/opt/valgrind/usr/libexec/valgrind/vgpreload_memcheck-amd64-linux.so)
==5==    by 0x10D1AF: adele_is_sentinel (test_text_adele.c:420)
==5==    by 0x10D1AF: parse_adele (test_text_adele.c:455)
==5==    by 0x11354A: run_text_vectors (test_text_adele.c:920)
==5==    by 0x10C158: main (test_runner.h:162)
==5== 
==5== Conditional jump or move depends on uninitialised value(s)
==5==    at 0x48524EE: bcmp (in /home/tobias/.local/opt/valgrind/usr/libexec/valgrind/vgpreload_memcheck-amd64-linux.so)
==5==    by 0x10D4BC: cadele_is_sentinel (test_text_adele.c:435)
==5==    by 0x10D4BC: parse_cadele (test_text_adele.c:476)
==5==    by 0x11361E: run_text_vectors (test_text_adele.c:928)
==5==    by 0x10C158: main (test_runner.h:162)
==5== 
==5== Conditional jump or move depends on uninitialised value(s)
==5==    at 0x48524EE: bcmp (in /home/tobias/.local/opt/valgrind/usr/libexec/valgrind/vgpreload_memcheck-amd64-linux.so)
==5==    by 0x10D1AF: adele_is_sentinel (test_text_adele.c:420)
==5==    by 0x10D1AF: parse_adele (test_text_adele.c:455)
==5==    by 0x10E2C0: adf_test_fn_max_exp10_at_the_limit_and_one_above (test_text_adele.c:1381)
==5==    by 0x10C158: main (test_runner.h:162)
==5== 
==5== Conditional jump or move depends on uninitialised value(s)
==5==    at 0x48524EE: bcmp (in /home/tobias/.local/opt/valgrind/usr/libexec/valgrind/vgpreload_memcheck-amd64-linux.so)
==5==    by 0x10D1AF: adele_is_sentinel (test_text_adele.c:420)
==5==    by 0x10D1AF: parse_adele (test_text_adele.c:455)
==5==    by 0x10E317: adf_test_fn_max_exp10_at_the_limit_and_one_above (test_text_adele.c:1383)
==5==    by 0x10C158: main (test_runner.h:162)
==5== 
==5== Conditional jump or move depends on uninitialised value(s)
==5==    at 0x48524EE: bcmp (in /home/tobias/.local/opt/valgrind/usr/libexec/valgrind/vgpreload_memcheck-amd64-linux.so)
==5==    by 0x10D1AF: adele_is_sentinel (test_text_adele.c:420)
==5==    by 0x10D1AF: parse_adele (test_text_adele.c:455)
==5==    by 0x10E398: adf_test_fn_max_exp10_at_the_limit_and_one_above (test_text_adele.c:1386)
==5==    by 0x10C158: main (test_runner.h:162)
==5== 
==5== Conditional jump or move depends on uninitialised value(s)
==5==    at 0x48524EE: bcmp (in /home/tobias/.local/opt/valgrind/usr/libexec/valgrind/vgpreload_memcheck-amd64-linux.so)
==5==    by 0x10D1AF: adele_is_sentinel (test_text_adele.c:420)
==5==    by 0x10D1AF: parse_adele (test_text_adele.c:455)
==5==    by 0x10E3C5: adf_test_fn_max_exp10_at_the_limit_and_one_above (test_text_adele.c:1387)
==5==    by 0x10C158: main (test_runner.h:162)
==5== 
==5== Conditional jump or move depends on uninitialised value(s)
==5==    at 0x48524EE: bcmp (in /home/tobias/.local/opt/valgrind/usr/libexec/valgrind/vgpreload_memcheck-amd64-linux.so)
==5==    by 0x10D4BC: cadele_is_sentinel (test_text_adele.c:435)
==5==    by 0x10D4BC: parse_cadele (test_text_adele.c:476)
==5==    by 0x10E446: adf_test_fn_max_exp10_at_the_limit_and_one_above (test_text_adele.c:1390)
==5==    by 0x10C158: main (test_runner.h:162)
==5== 
==5== Conditional jump or move depends on uninitialised value(s)
==5==    at 0x48524EE: bcmp (in /home/tobias/.local/opt/valgrind/usr/libexec/valgrind/vgpreload_memcheck-amd64-linux.so)
==5==    by 0x10D4BC: cadele_is_sentinel (test_text_adele.c:435)
==5==    by 0x10D4BC: parse_cadele (test_text_adele.c:476)
==5==    by 0x10E473: adf_test_fn_max_exp10_at_the_limit_and_one_above (test_text_adele.c:1391)
==5==    by 0x10C158: main (test_runner.h:162)
==5== 
==5== Conditional jump or move depends on uninitialised value(s)
==5==    at 0x48524EE: bcmp (in /home/tobias/.local/opt/valgrind/usr/libexec/valgrind/vgpreload_memcheck-amd64-linux.so)
==5==    by 0x10D4BC: cadele_is_sentinel (test_text_adele.c:435)
==5==    by 0x10D4BC: parse_cadele (test_text_adele.c:476)
==5==    by 0x10E4A0: adf_test_fn_max_exp10_at_the_limit_and_one_above (test_text_adele.c:1392)
==5==    by 0x10C158: main (test_runner.h:162)
==5== 
==5== Conditional jump or move depends on uninitialised value(s)
==5==    at 0x48524EE: bcmp (in /home/tobias/.local/opt/valgrind/usr/libexec/valgrind/vgpreload_memcheck-amd64-linux.so)
==5==    by 0x10D4BC: cadele_is_sentinel (test_text_adele.c:435)
==5==    by 0x10D4BC: parse_cadele (test_text_adele.c:476)
==5==    by 0x10E4CD: adf_test_fn_max_exp10_at_the_limit_and_one_above (test_text_adele.c:1393)
==5==    by 0x10C158: main (test_runner.h:162)
==5== 
==5== Conditional jump or move depends on uninitialised value(s)
==5==    at 0x48524EE: bcmp (in /home/tobias/.local/opt/valgrind/usr/libexec/valgrind/vgpreload_memcheck-amd64-linux.so)
==5==    by 0x10D1AF: adele_is_sentinel (test_text_adele.c:420)
==5==    by 0x10D1AF: parse_adele (test_text_adele.c:455)
==5==    by 0x10E529: adf_test_fn_max_exp10_at_the_limit_and_one_above (test_text_adele.c:1396)
==5==    by 0x10C158: main (test_runner.h:162)
==5== 
==5== Conditional jump or move depends on uninitialised value(s)
==5==    at 0x48524EE: bcmp (in /home/tobias/.local/opt/valgrind/usr/libexec/valgrind/vgpreload_memcheck-amd64-linux.so)
==5==    by 0x10D1AF: adele_is_sentinel (test_text_adele.c:420)
==5==    by 0x10D1AF: parse_adele (test_text_adele.c:455)
==5==    by 0x10E55B: adf_test_fn_max_exp10_at_the_limit_and_one_above (test_text_adele.c:1398)
==5==    by 0x10C158: main (test_runner.h:162)
==5== 
==5== Conditional jump or move depends on uninitialised value(s)
==5==    at 0x48524EE: bcmp (in /home/tobias/.local/opt/valgrind/usr/libexec/valgrind/vgpreload_memcheck-amd64-linux.so)
==5==    by 0x10D1AF: adele_is_sentinel (test_text_adele.c:420)
==5==    by 0x10D1AF: parse_adele (test_text_adele.c:455)
==5==    by 0x10E5C1: adf_test_fn_max_exp10_at_the_limit_and_one_above (test_text_adele.c:1402)
==5==    by 0x10C158: main (test_runner.h:162)
==5== 
==5== Conditional jump or move depends on uninitialised value(s)
==5==    at 0x48524EE: bcmp (in /home/tobias/.local/opt/valgrind/usr/libexec/valgrind/vgpreload_memcheck-amd64-linux.so)
==5==    by 0x10D1AF: adele_is_sentinel (test_text_adele.c:420)
==5==    by 0x10D1AF: parse_adele (test_text_adele.c:455)
==5==    by 0x10DCE7: adf_test_fn_max_len_at_the_limit_and_one_above (test_text_adele.c:1419)
==5==    by 0x10C158: main (test_runner.h:162)
==5== 
==5== Conditional jump or move depends on uninitialised value(s)
==5==    at 0x48524EE: bcmp (in /home/tobias/.local/opt/valgrind/usr/libexec/valgrind/vgpreload_memcheck-amd64-linux.so)
==5==    by 0x10D4BC: cadele_is_sentinel (test_text_adele.c:435)
==5==    by 0x10D4BC: parse_cadele (test_text_adele.c:476)
==5==    by 0x10DD47: adf_test_fn_max_len_at_the_limit_and_one_above (test_text_adele.c:1422)
==5==    by 0x10C158: main (test_runner.h:162)
==5== 
==5== Conditional jump or move depends on uninitialised value(s)
==5==    at 0x48524EE: bcmp (in /home/tobias/.local/opt/valgrind/usr/libexec/valgrind/vgpreload_memcheck-amd64-linux.so)
==5==    by 0x10D1AF: adele_is_sentinel (test_text_adele.c:420)
==5==    by 0x10D1AF: parse_adele (test_text_adele.c:455)
==5==    by 0x11382E: adf_test_fn_empty_null_nul_bytes_and_ends_of_memory (test_text_adele.c:1440)
==5==    by 0x10C158: main (test_runner.h:162)
==5== 
==5== Conditional jump or move depends on uninitialised value(s)
==5==    at 0x48524EE: bcmp (in /home/tobias/.local/opt/valgrind/usr/libexec/valgrind/vgpreload_memcheck-amd64-linux.so)
==5==    by 0x10D4BC: cadele_is_sentinel (test_text_adele.c:435)
==5==    by 0x10D4BC: parse_cadele (test_text_adele.c:476)
==5==    by 0x11384C: adf_test_fn_empty_null_nul_bytes_and_ends_of_memory (test_text_adele.c:1441)
==5==    by 0x10C158: main (test_runner.h:162)
==5== 
==5== Conditional jump or move depends on uninitialised value(s)
==5==    at 0x48524EE: bcmp (in /home/tobias/.local/opt/valgrind/usr/libexec/valgrind/vgpreload_memcheck-amd64-linux.so)
==5==    by 0x10D1AF: adele_is_sentinel (test_text_adele.c:420)
==5==    by 0x10D1AF: parse_adele (test_text_adele.c:455)
==5==    by 0x11387C: adf_test_fn_empty_null_nul_bytes_and_ends_of_memory (test_text_adele.c:1442)
==5==    by 0x10C158: main (test_runner.h:162)
==5== 
==5== Conditional jump or move depends on uninitialised value(s)
==5==    at 0x48524EE: bcmp (in /home/tobias/.local/opt/valgrind/usr/libexec/valgrind/vgpreload_memcheck-amd64-linux.so)
==5==    by 0x10D1AF: adele_is_sentinel (test_text_adele.c:420)
==5==    by 0x10D1AF: parse_adele (test_text_adele.c:455)
==5==    by 0x113943: adf_test_fn_empty_null_nul_bytes_and_ends_of_memory (test_text_adele.c:1449)
==5==    by 0x10C158: main (test_runner.h:162)
==5== 
==5== Conditional jump or move depends on uninitialised value(s)
==5==    at 0x48524EE: bcmp (in /home/tobias/.local/opt/valgrind/usr/libexec/valgrind/vgpreload_memcheck-amd64-linux.so)
==5==    by 0x10D4BC: cadele_is_sentinel (test_text_adele.c:435)
==5==    by 0x10D4BC: parse_cadele (test_text_adele.c:476)
==5==    by 0x113A17: adf_test_fn_empty_null_nul_bytes_and_ends_of_memory (test_text_adele.c:1457)
==5==    by 0x10C158: main (test_runner.h:162)
==5== 
==5== Conditional jump or move depends on uninitialised value(s)
==5==    at 0x48524EE: bcmp (in /home/tobias/.local/opt/valgrind/usr/libexec/valgrind/vgpreload_memcheck-amd64-linux.so)
==5==    by 0x10D1AF: adele_is_sentinel (test_text_adele.c:420)
==5==    by 0x10D1AF: parse_adele (test_text_adele.c:455)
==5==    by 0x113ABA: adf_test_fn_empty_null_nul_bytes_and_ends_of_memory (test_text_adele.c:1466)
==5==    by 0x10C158: main (test_runner.h:162)
==5== 
==5== Conditional jump or move depends on uninitialised value(s)
==5==    at 0x48524EE: bcmp (in /home/tobias/.local/opt/valgrind/usr/libexec/valgrind/vgpreload_memcheck-amd64-linux.so)
==5==    by 0x10D4BC: cadele_is_sentinel (test_text_adele.c:435)
==5==    by 0x10D4BC: parse_cadele (test_text_adele.c:476)
==5==    by 0x113AFA: adf_test_fn_empty_null_nul_bytes_and_ends_of_memory (test_text_adele.c:1469)
==5==    by 0x10C158: main (test_runner.h:162)
==5== 
==5== Conditional jump or move depends on uninitialised value(s)
==5==    at 0x48524EE: bcmp (in /home/tobias/.local/opt/valgrind/usr/libexec/valgrind/vgpreload_memcheck-amd64-linux.so)
==5==    by 0x10D1AF: adele_is_sentinel (test_text_adele.c:420)
==5==    by 0x10D1AF: parse_adele (test_text_adele.c:455)
==5==    by 0x113C8F: adf_test_fn_empty_null_nul_bytes_and_ends_of_memory (test_text_adele.c:1490)
==5==    by 0x10C158: main (test_runner.h:162)
==5== 
==5== Conditional jump or move depends on uninitialised value(s)
==5==    at 0x48524EE: bcmp (in /home/tobias/.local/opt/valgrind/usr/libexec/valgrind/vgpreload_memcheck-amd64-linux.so)
==5==    by 0x10D1AF: adele_is_sentinel (test_text_adele.c:420)
==5==    by 0x10D1AF: parse_adele (test_text_adele.c:455)
==5==    by 0x113CB0: adf_test_fn_empty_null_nul_bytes_and_ends_of_memory (test_text_adele.c:1491)
==5==    by 0x10C158: main (test_runner.h:162)
==5== 
==5== Conditional jump or move depends on uninitialised value(s)
==5==    at 0x48524EE: bcmp (in /home/tobias/.local/opt/valgrind/usr/libexec/valgrind/vgpreload_memcheck-amd64-linux.so)
==5==    by 0x10D4BC: cadele_is_sentinel (test_text_adele.c:435)
==5==    by 0x10D4BC: parse_cadele (test_text_adele.c:476)
==5==    by 0x113D3E: adf_test_fn_empty_null_nul_bytes_and_ends_of_memory (test_text_adele.c:1495)
==5==    by 0x10C158: main (test_runner.h:162)
==5== 
==5== Conditional jump or move depends on uninitialised value(s)
==5==    at 0x48524EE: bcmp (in /home/tobias/.local/opt/valgrind/usr/libexec/valgrind/vgpreload_memcheck-amd64-linux.so)
==5==    by 0x10D4BC: cadele_is_sentinel (test_text_adele.c:435)
==5==    by 0x10D4BC: parse_cadele (test_text_adele.c:476)
==5==    by 0x113D5F: adf_test_fn_empty_null_nul_bytes_and_ends_of_memory (test_text_adele.c:1496)
==5==    by 0x10C158: main (test_runner.h:162)
==5== 
==5== Conditional jump or move depends on uninitialised value(s)
==5==    at 0x48524EE: bcmp (in /home/tobias/.local/opt/valgrind/usr/libexec/valgrind/vgpreload_memcheck-amd64-linux.so)
==5==    by 0x10D1AF: adele_is_sentinel (test_text_adele.c:420)
==5==    by 0x10D1AF: parse_adele (test_text_adele.c:455)
==5==    by 0x10DE9E: adf_test_fn_the_earlier_stage_decides_the_status (test_text_adele.c:1517)
==5==    by 0x10C158: main (test_runner.h:162)
==5== 
==5== Conditional jump or move depends on uninitialised value(s)
==5==    at 0x48524EE: bcmp (in /home/tobias/.local/opt/valgrind/usr/libexec/valgrind/vgpreload_memcheck-amd64-linux.so)
==5==    by 0x10D1AF: adele_is_sentinel (test_text_adele.c:420)
==5==    by 0x10D1AF: parse_adele (test_text_adele.c:455)
==5==    by 0x10DECB: adf_test_fn_the_earlier_stage_decides_the_status (test_text_adele.c:1518)
==5==    by 0x10C158: main (test_runner.h:162)
==5== 
==5== Conditional jump or move depends on uninitialised value(s)
==5==    at 0x48524EE: bcmp (in /home/tobias/.local/opt/valgrind/usr/libexec/valgrind/vgpreload_memcheck-amd64-linux.so)
==5==    by 0x10D1AF: adele_is_sentinel (test_text_adele.c:420)
==5==    by 0x10D1AF: parse_adele (test_text_adele.c:455)
==5==    by 0x10DEF8: adf_test_fn_the_earlier_stage_decides_the_status (test_text_adele.c:1519)
==5==    by 0x10C158: main (test_runner.h:162)
==5== 
==5== Conditional jump or move depends on uninitialised value(s)
==5==    at 0x48524EE: bcmp (in /home/tobias/.local/opt/valgrind/usr/libexec/valgrind/vgpreload_memcheck-amd64-linux.so)
==5==    by 0x10D1AF: adele_is_sentinel (test_text_adele.c:420)
==5==    by 0x10D1AF: parse_adele (test_text_adele.c:455)
==5==    by 0x10DF25: adf_test_fn_the_earlier_stage_decides_the_status (test_text_adele.c:1520)
==5==    by 0x10C158: main (test_runner.h:162)
==5== 
==5== Conditional jump or move depends on uninitialised value(s)
==5==    at 0x48524EE: bcmp (in /home/tobias/.local/opt/valgrind/usr/libexec/valgrind/vgpreload_memcheck-amd64-linux.so)
==5==    by 0x10D1AF: adele_is_sentinel (test_text_adele.c:420)
==5==    by 0x10D1AF: parse_adele (test_text_adele.c:455)
==5==    by 0x10DF52: adf_test_fn_the_earlier_stage_decides_the_status (test_text_adele.c:1522)
==5==    by 0x10C158: main (test_runner.h:162)
==5== 
==5== Conditional jump or move depends on uninitialised value(s)
==5==    at 0x48524EE: bcmp (in /home/tobias/.local/opt/valgrind/usr/libexec/valgrind/vgpreload_memcheck-amd64-linux.so)
==5==    by 0x10D1AF: adele_is_sentinel (test_text_adele.c:420)
==5==    by 0x10D1AF: parse_adele (test_text_adele.c:455)
==5==    by 0x10DF7F: adf_test_fn_the_earlier_stage_decides_the_status (test_text_adele.c:1523)
==5==    by 0x10C158: main (test_runner.h:162)
==5== 
==5== Conditional jump or move depends on uninitialised value(s)
==5==    at 0x48524EE: bcmp (in /home/tobias/.local/opt/valgrind/usr/libexec/valgrind/vgpreload_memcheck-amd64-linux.so)
==5==    by 0x10D1AF: adele_is_sentinel (test_text_adele.c:420)
==5==    by 0x10D1AF: parse_adele (test_text_adele.c:455)
==5==    by 0x10DFAC: adf_test_fn_the_earlier_stage_decides_the_status (test_text_adele.c:1524)
==5==    by 0x10C158: main (test_runner.h:162)
==5== 
==5== Conditional jump or move depends on uninitialised value(s)
==5==    at 0x48524EE: bcmp (in /home/tobias/.local/opt/valgrind/usr/libexec/valgrind/vgpreload_memcheck-amd64-linux.so)
==5==    by 0x10D4BC: cadele_is_sentinel (test_text_adele.c:435)
==5==    by 0x10D4BC: parse_cadele (test_text_adele.c:476)
==5==    by 0x10DFD9: adf_test_fn_the_earlier_stage_decides_the_status (test_text_adele.c:1525)
==5==    by 0x10C158: main (test_runner.h:162)
==5== 
==5== Conditional jump or move depends on uninitialised value(s)
==5==    at 0x48524EE: bcmp (in /home/tobias/.local/opt/valgrind/usr/libexec/valgrind/vgpreload_memcheck-amd64-linux.so)
==5==    by 0x10D1AF: adele_is_sentinel (test_text_adele.c:420)
==5==    by 0x10D1AF: parse_adele (test_text_adele.c:455)
==5==    by 0x10E006: adf_test_fn_the_earlier_stage_decides_the_status (test_text_adele.c:1527)
==5==    by 0x10C158: main (test_runner.h:162)
==5== 
==5== Conditional jump or move depends on uninitialised value(s)
==5==    at 0x48524EE: bcmp (in /home/tobias/.local/opt/valgrind/usr/libexec/valgrind/vgpreload_memcheck-amd64-linux.so)
==5==    by 0x10D1AF: adele_is_sentinel (test_text_adele.c:420)
==5==    by 0x10D1AF: parse_adele (test_text_adele.c:455)
==5==    by 0x10E033: adf_test_fn_the_earlier_stage_decides_the_status (test_text_adele.c:1528)
==5==    by 0x10C158: main (test_runner.h:162)
==5== 
==5== Conditional jump or move depends on uninitialised value(s)
==5==    at 0x48524EE: bcmp (in /home/tobias/.local/opt/valgrind/usr/libexec/valgrind/vgpreload_memcheck-amd64-linux.so)
==5==    by 0x10D4BC: cadele_is_sentinel (test_text_adele.c:435)
==5==    by 0x10D4BC: parse_cadele (test_text_adele.c:476)
==5==    by 0x10E060: adf_test_fn_the_earlier_stage_decides_the_status (test_text_adele.c:1529)
==5==    by 0x10C158: main (test_runner.h:162)
==5== 
==5== Conditional jump or move depends on uninitialised value(s)
==5==    at 0x48524EE: bcmp (in /home/tobias/.local/opt/valgrind/usr/libexec/valgrind/vgpreload_memcheck-amd64-linux.so)
==5==    by 0x10D1AF: adele_is_sentinel (test_text_adele.c:420)
==5==    by 0x10D1AF: parse_adele (test_text_adele.c:455)
==5==    by 0x10E08D: adf_test_fn_the_earlier_stage_decides_the_status (test_text_adele.c:1531)
==5==    by 0x10C158: main (test_runner.h:162)
==5== 
==5== Conditional jump or move depends on uninitialised value(s)
==5==    at 0x48524EE: bcmp (in /home/tobias/.local/opt/valgrind/usr/libexec/valgrind/vgpreload_memcheck-amd64-linux.so)
==5==    by 0x10D1AF: adele_is_sentinel (test_text_adele.c:420)
==5==    by 0x10D1AF: parse_adele (test_text_adele.c:455)
==5==    by 0x10E0BA: adf_test_fn_the_earlier_stage_decides_the_status (test_text_adele.c:1532)
==5==    by 0x10C158: main (test_runner.h:162)
==5== 
==5== Conditional jump or move depends on uninitialised value(s)
==5==    at 0x48524EE: bcmp (in /home/tobias/.local/opt/valgrind/usr/libexec/valgrind/vgpreload_memcheck-amd64-linux.so)
==5==    by 0x10D4BC: cadele_is_sentinel (test_text_adele.c:435)
==5==    by 0x10D4BC: parse_cadele (test_text_adele.c:476)
==5==    by 0x10E0E7: adf_test_fn_the_earlier_stage_decides_the_status (test_text_adele.c:1533)
==5==    by 0x10C158: main (test_runner.h:162)
==5== 
==5== Conditional jump or move depends on uninitialised value(s)
==5==    at 0x48524EE: bcmp (in /home/tobias/.local/opt/valgrind/usr/libexec/valgrind/vgpreload_memcheck-amd64-linux.so)
==5==    by 0x10D1AF: adele_is_sentinel (test_text_adele.c:420)
==5==    by 0x10D1AF: parse_adele (test_text_adele.c:455)
==5==    by 0x10E114: adf_test_fn_the_earlier_stage_decides_the_status (test_text_adele.c:1535)
==5==    by 0x10C158: main (test_runner.h:162)
==5== 
==5== Conditional jump or move depends on uninitialised value(s)
==5==    at 0x48524EE: bcmp (in /home/tobias/.local/opt/valgrind/usr/libexec/valgrind/vgpreload_memcheck-amd64-linux.so)
==5==    by 0x10D4BC: cadele_is_sentinel (test_text_adele.c:435)
==5==    by 0x10D4BC: parse_cadele (test_text_adele.c:476)
==5==    by 0x10E141: adf_test_fn_the_earlier_stage_decides_the_status (test_text_adele.c:1536)
==5==    by 0x10C158: main (test_runner.h:162)
==5== 
==5== Conditional jump or move depends on uninitialised value(s)
==5==    at 0x48524EE: bcmp (in /home/tobias/.local/opt/valgrind/usr/libexec/valgrind/vgpreload_memcheck-amd64-linux.so)
==5==    by 0x10D1AF: adele_is_sentinel (test_text_adele.c:420)
==5==    by 0x10D1AF: parse_adele (test_text_adele.c:455)
==5==    by 0x10D617: adf_test_fn_the_grammar_of_real_and_complex (test_text_adele.c:1549)
==5==    by 0x10C158: main (test_runner.h:162)
==5== 
==5== Conditional jump or move depends on uninitialised value(s)
==5==    at 0x48524EE: bcmp (in /home/tobias/.local/opt/valgrind/usr/libexec/valgrind/vgpreload_memcheck-amd64-linux.so)
==5==    by 0x10D1AF: adele_is_sentinel (test_text_adele.c:420)
==5==    by 0x10D1AF: parse_adele (test_text_adele.c:455)
==5==    by 0x10D644: adf_test_fn_the_grammar_of_real_and_complex (test_text_adele.c:1550)
==5==    by 0x10C158: main (test_runner.h:162)
==5== 
==5== Conditional jump or move depends on uninitialised value(s)
==5==    at 0x48524EE: bcmp (in /home/tobias/.local/opt/valgrind/usr/libexec/valgrind/vgpreload_memcheck-amd64-linux.so)
==5==    by 0x10D1AF: adele_is_sentinel (test_text_adele.c:420)
==5==    by 0x10D1AF: parse_adele (test_text_adele.c:455)
==5==    by 0x10D671: adf_test_fn_the_grammar_of_real_and_complex (test_text_adele.c:1551)
==5==    by 0x10C158: main (test_runner.h:162)
==5== 
==5== Conditional jump or move depends on uninitialised value(s)
==5==    at 0x48524EE: bcmp (in /home/tobias/.local/opt/valgrind/usr/libexec/valgrind/vgpreload_memcheck-amd64-linux.so)
==5==    by 0x10D1AF: adele_is_sentinel (test_text_adele.c:420)
==5==    by 0x10D1AF: parse_adele (test_text_adele.c:455)
==5==    by 0x10D69E: adf_test_fn_the_grammar_of_real_and_complex (test_text_adele.c:1552)
==5==    by 0x10C158: main (test_runner.h:162)
==5== 
==5== Conditional jump or move depends on uninitialised value(s)
==5==    at 0x48524EE: bcmp (in /home/tobias/.local/opt/valgrind/usr/libexec/valgrind/vgpreload_memcheck-amd64-linux.so)
==5==    by 0x10D1AF: adele_is_sentinel (test_text_adele.c:420)
==5==    by 0x10D1AF: parse_adele (test_text_adele.c:455)
==5==    by 0x10D749: adf_test_fn_the_grammar_of_real_and_complex (test_text_adele.c:1556)
==5==    by 0x10C158: main (test_runner.h:162)
==5== 
==5== Conditional jump or move depends on uninitialised value(s)
==5==    at 0x48524EE: bcmp (in /home/tobias/.local/opt/valgrind/usr/libexec/valgrind/vgpreload_memcheck-amd64-linux.so)
==5==    by 0x10D1AF: adele_is_sentinel (test_text_adele.c:420)
==5==    by 0x10D1AF: parse_adele (test_text_adele.c:455)
==5==    by 0x10D776: adf_test_fn_the_grammar_of_real_and_complex (test_text_adele.c:1557)
==5==    by 0x10C158: main (test_runner.h:162)
==5== 
==5== Conditional jump or move depends on uninitialised value(s)
==5==    at 0x48524EE: bcmp (in /home/tobias/.local/opt/valgrind/usr/libexec/valgrind/vgpreload_memcheck-amd64-linux.so)
==5==    by 0x10D1AF: adele_is_sentinel (test_text_adele.c:420)
==5==    by 0x10D1AF: parse_adele (test_text_adele.c:455)
==5==    by 0x10D7A3: adf_test_fn_the_grammar_of_real_and_complex (test_text_adele.c:1558)
==5==    by 0x10C158: main (test_runner.h:162)
==5== 
==5== Conditional jump or move depends on uninitialised value(s)
==5==    at 0x48524EE: bcmp (in /home/tobias/.local/opt/valgrind/usr/libexec/valgrind/vgpreload_memcheck-amd64-linux.so)
==5==    by 0x10D1AF: adele_is_sentinel (test_text_adele.c:420)
==5==    by 0x10D1AF: parse_adele (test_text_adele.c:455)
==5==    by 0x10D7D0: adf_test_fn_the_grammar_of_real_and_complex (test_text_adele.c:1559)
==5==    by 0x10C158: main (test_runner.h:162)
==5== 
==5== Conditional jump or move depends on uninitialised value(s)
==5==    at 0x48524EE: bcmp (in /home/tobias/.local/opt/valgrind/usr/libexec/valgrind/vgpreload_memcheck-amd64-linux.so)
==5==    by 0x10D1AF: adele_is_sentinel (test_text_adele.c:420)
==5==    by 0x10D1AF: parse_adele (test_text_adele.c:455)
==5==    by 0x10D7FD: adf_test_fn_the_grammar_of_real_and_complex (test_text_adele.c:1560)
==5==    by 0x10C158: main (test_runner.h:162)
==5== 
==5== Conditional jump or move depends on uninitialised value(s)
==5==    at 0x48524EE: bcmp (in /home/tobias/.local/opt/valgrind/usr/libexec/valgrind/vgpreload_memcheck-amd64-linux.so)
==5==    by 0x10D1AF: adele_is_sentinel (test_text_adele.c:420)
==5==    by 0x10D1AF: parse_adele (test_text_adele.c:455)
==5==    by 0x10D82A: adf_test_fn_the_grammar_of_real_and_complex (test_text_adele.c:1561)
==5==    by 0x10C158: main (test_runner.h:162)
==5== 
==5== Conditional jump or move depends on uninitialised value(s)
==5==    at 0x48524EE: bcmp (in /home/tobias/.local/opt/valgrind/usr/libexec/valgrind/vgpreload_memcheck-amd64-linux.so)
==5==    by 0x10D1AF: adele_is_sentinel (test_text_adele.c:420)
==5==    by 0x10D1AF: parse_adele (test_text_adele.c:455)
==5==    by 0x10D857: adf_test_fn_the_grammar_of_real_and_complex (test_text_adele.c:1562)
==5==    by 0x10C158: main (test_runner.h:162)
==5== 
==5== Conditional jump or move depends on uninitialised value(s)
==5==    at 0x48524EE: bcmp (in /home/tobias/.local/opt/valgrind/usr/libexec/valgrind/vgpreload_memcheck-amd64-linux.so)
==5==    by 0x10D1AF: adele_is_sentinel (test_text_adele.c:420)
==5==    by 0x10D1AF: parse_adele (test_text_adele.c:455)
==5==    by 0x10D884: adf_test_fn_the_grammar_of_real_and_complex (test_text_adele.c:1563)
==5==    by 0x10C158: main (test_runner.h:162)
==5== 
==5== Conditional jump or move depends on uninitialised value(s)
==5==    at 0x48524EE: bcmp (in /home/tobias/.local/opt/valgrind/usr/libexec/valgrind/vgpreload_memcheck-amd64-linux.so)
==5==    by 0x10D1AF: adele_is_sentinel (test_text_adele.c:420)
==5==    by 0x10D1AF: parse_adele (test_text_adele.c:455)
==5==    by 0x10D8B1: adf_test_fn_the_grammar_of_real_and_complex (test_text_adele.c:1564)
==5==    by 0x10C158: main (test_runner.h:162)
==5== 
==5== Conditional jump or move depends on uninitialised value(s)
==5==    at 0x48524EE: bcmp (in /home/tobias/.local/opt/valgrind/usr/libexec/valgrind/vgpreload_memcheck-amd64-linux.so)
==5==    by 0x10D1AF: adele_is_sentinel (test_text_adele.c:420)
==5==    by 0x10D1AF: parse_adele (test_text_adele.c:455)
==5==    by 0x10D8DE: adf_test_fn_the_grammar_of_real_and_complex (test_text_adele.c:1565)
==5==    by 0x10C158: main (test_runner.h:162)
==5== 
==5== Conditional jump or move depends on uninitialised value(s)
==5==    at 0x48524EE: bcmp (in /home/tobias/.local/opt/valgrind/usr/libexec/valgrind/vgpreload_memcheck-amd64-linux.so)
==5==    by 0x10D1AF: adele_is_sentinel (test_text_adele.c:420)
==5==    by 0x10D1AF: parse_adele (test_text_adele.c:455)
==5==    by 0x10D904: adf_test_fn_the_grammar_of_real_and_complex (test_text_adele.c:1566)
==5==    by 0x10C158: main (test_runner.h:162)
==5== 
==5== Conditional jump or move depends on uninitialised value(s)
==5==    at 0x48524EE: bcmp (in /home/tobias/.local/opt/valgrind/usr/libexec/valgrind/vgpreload_memcheck-amd64-linux.so)
==5==    by 0x10D1AF: adele_is_sentinel (test_text_adele.c:420)
==5==    by 0x10D1AF: parse_adele (test_text_adele.c:455)
==5==    by 0x10D931: adf_test_fn_the_grammar_of_real_and_complex (test_text_adele.c:1567)
==5==    by 0x10C158: main (test_runner.h:162)
==5== 
==5== Conditional jump or move depends on uninitialised value(s)
==5==    at 0x48524EE: bcmp (in /home/tobias/.local/opt/valgrind/usr/libexec/valgrind/vgpreload_memcheck-amd64-linux.so)
==5==    by 0x10D1AF: adele_is_sentinel (test_text_adele.c:420)
==5==    by 0x10D1AF: parse_adele (test_text_adele.c:455)
==5==    by 0x10D95E: adf_test_fn_the_grammar_of_real_and_complex (test_text_adele.c:1568)
==5==    by 0x10C158: main (test_runner.h:162)
==5== 
==5== Conditional jump or move depends on uninitialised value(s)
==5==    at 0x48524EE: bcmp (in /home/tobias/.local/opt/valgrind/usr/libexec/valgrind/vgpreload_memcheck-amd64-linux.so)
==5==    by 0x10D4BC: cadele_is_sentinel (test_text_adele.c:435)
==5==    by 0x10D4BC: parse_cadele (test_text_adele.c:476)
==5==    by 0x10D98B: adf_test_fn_the_grammar_of_real_and_complex (test_text_adele.c:1569)
==5==    by 0x10C158: main (test_runner.h:162)
==5== 
==5== Conditional jump or move depends on uninitialised value(s)
==5==    at 0x48524EE: bcmp (in /home/tobias/.local/opt/valgrind/usr/libexec/valgrind/vgpreload_memcheck-amd64-linux.so)
==5==    by 0x10D4BC: cadele_is_sentinel (test_text_adele.c:435)
==5==    by 0x10D4BC: parse_cadele (test_text_adele.c:476)
==5==    by 0x10D9DB: adf_test_fn_the_grammar_of_real_and_complex (test_text_adele.c:1571)
==5==    by 0x10C158: main (test_runner.h:162)
==5== 
==5== Conditional jump or move depends on uninitialised value(s)
==5==    at 0x48524EE: bcmp (in /home/tobias/.local/opt/valgrind/usr/libexec/valgrind/vgpreload_memcheck-amd64-linux.so)
==5==    by 0x10D4BC: cadele_is_sentinel (test_text_adele.c:435)
==5==    by 0x10D4BC: parse_cadele (test_text_adele.c:476)
==5==    by 0x10DA08: adf_test_fn_the_grammar_of_real_and_complex (test_text_adele.c:1572)
==5==    by 0x10C158: main (test_runner.h:162)
==5== 
==5== Conditional jump or move depends on uninitialised value(s)
==5==    at 0x48524EE: bcmp (in /home/tobias/.local/opt/valgrind/usr/libexec/valgrind/vgpreload_memcheck-amd64-linux.so)
==5==    by 0x10D4BC: cadele_is_sentinel (test_text_adele.c:435)
==5==    by 0x10D4BC: parse_cadele (test_text_adele.c:476)
==5==    by 0x10DA5F: adf_test_fn_the_grammar_of_real_and_complex (test_text_adele.c:1574)
==5==    by 0x10C158: main (test_runner.h:162)
==5== 
==5== Conditional jump or move depends on uninitialised value(s)
==5==    at 0x48524EE: bcmp (in /home/tobias/.local/opt/valgrind/usr/libexec/valgrind/vgpreload_memcheck-amd64-linux.so)
==5==    by 0x10D4BC: cadele_is_sentinel (test_text_adele.c:435)
==5==    by 0x10D4BC: parse_cadele (test_text_adele.c:476)
==5==    by 0x10DAB6: adf_test_fn_the_grammar_of_real_and_complex (test_text_adele.c:1576)
==5==    by 0x10C158: main (test_runner.h:162)
==5== 
==5== Conditional jump or move depends on uninitialised value(s)
==5==    at 0x48524EE: bcmp (in /home/tobias/.local/opt/valgrind/usr/libexec/valgrind/vgpreload_memcheck-amd64-linux.so)
==5==    by 0x10D4BC: cadele_is_sentinel (test_text_adele.c:435)
==5==    by 0x10D4BC: parse_cadele (test_text_adele.c:476)
==5==    by 0x10DAE3: adf_test_fn_the_grammar_of_real_and_complex (test_text_adele.c:1577)
==5==    by 0x10C158: main (test_runner.h:162)
==5== 
==5== Conditional jump or move depends on uninitialised value(s)
==5==    at 0x48524EE: bcmp (in /home/tobias/.local/opt/valgrind/usr/libexec/valgrind/vgpreload_memcheck-amd64-linux.so)
==5==    by 0x10D4BC: cadele_is_sentinel (test_text_adele.c:435)
==5==    by 0x10D4BC: parse_cadele (test_text_adele.c:476)
==5==    by 0x10DB10: adf_test_fn_the_grammar_of_real_and_complex (test_text_adele.c:1578)
==5==    by 0x10C158: main (test_runner.h:162)
==5== 
==5== Conditional jump or move depends on uninitialised value(s)
==5==    at 0x48524EE: bcmp (in /home/tobias/.local/opt/valgrind/usr/libexec/valgrind/vgpreload_memcheck-amd64-linux.so)
==5==    by 0x10D4BC: cadele_is_sentinel (test_text_adele.c:435)
==5==    by 0x10D4BC: parse_cadele (test_text_adele.c:476)
==5==    by 0x10DB36: adf_test_fn_the_grammar_of_real_and_complex (test_text_adele.c:1579)
==5==    by 0x10C158: main (test_runner.h:162)
==5== 
==5== Conditional jump or move depends on uninitialised value(s)
==5==    at 0x48524EE: bcmp (in /home/tobias/.local/opt/valgrind/usr/libexec/valgrind/vgpreload_memcheck-amd64-linux.so)
==5==    by 0x10D4BC: cadele_is_sentinel (test_text_adele.c:435)
==5==    by 0x10D4BC: parse_cadele (test_text_adele.c:476)
==5==    by 0x10DB63: adf_test_fn_the_grammar_of_real_and_complex (test_text_adele.c:1580)
==5==    by 0x10C158: main (test_runner.h:162)
==5== 
ok   every_row_of_the_golden_file_adele
ok   every_row_of_the_golden_file_cadele
ok   every_row_of_the_golden_file_realball_read
ok   every_row_of_the_golden_file_realball_print
ok   every_random_print_of_the_reference
ok   every_random_adele_text_of_the_reference
ok   every_random_cadele_text_of_the_reference
ok   a_dyadic_ball_is_read_exactly_at_every_prec
ok   the_radius_mantissa_bound_of_2_to_the_30
ok   random_decimals_are_enclosed_at_small_prec
ok   the_extreme_exponents_of_the_default_limits
ok   the_printers_write_the_templates
ok   the_digits_argument
ok   print_then_parse_encloses_the_value
ok   parse_print_parse_encloses_the_first_value
ok   max_exp10_at_the_limit_and_one_above
ok   max_len_at_the_limit_and_one_above
ok   empty_null_nul_bytes_and_ends_of_memory
ok   the_earlier_stage_decides_the_status
ok   the_grammar_of_real_and_complex
20 tests, 84400 checks, 0 failed checks, 0 failed tests
==5== 
==5== HEAP SUMMARY:
==5==     in use at exit: 168,768 bytes in 4,068 blocks
==5==   total heap usage: 296,373 allocs, 292,305 frees, 62,827,003 bytes allocated
==5== 
==5== LEAK SUMMARY:
==5==    definitely lost: 0 bytes in 0 blocks
==5==    indirectly lost: 0 bytes in 0 blocks
==5==      possibly lost: 135,648 bytes in 4,065 blocks
==5==    still reachable: 33,120 bytes in 3 blocks
==5==         suppressed: 0 bytes in 0 blocks
==5== Reachable blocks (those to which a pointer was found) are not shown.
==5== To see them, rerun with: --leak-check=full --show-leak-kinds=all
==5== 
==5== Use --track-origins=yes to see where uninitialised values come from
==5== For lists of detected and suppressed errors, rerun with: -s
==5== ERROR SUMMARY: 2748 errors from 71 contexts (suppressed: 0 from 0)
