mutate: src/tensor.c: 380 mutants
mutate: 380 mutants, 60 of them run (--limit 60, --seed 20261008)
mutate: every mutant is built and run by the --make command, which sets SAN itself
mutate: the baseline passes (23.0 s)

NOT COMPILED src/tensor.c:139:57 drop_call: 'acb_realref(v);' -> '' (the statement is removed)
  src/tensor.c:139:55: error: ISO C forbids conditional expr with only one void side [-Werror=pedantic]

SURVIVED src/tensor.c:346:14 cmp: '>=' -> '>'
  the tests pass with the mutant
  --- a/src/tensor.c
  +++ b/src/tensor.c
  @@ -344,5 +344,5 @@
       fmpz_pow_ui(t, t, (ulong) (l->v >= 0 ? l->v : -l->v));
       fmpq_set(q, l->u);
  -    if (l->v >= 0)
  +    if (l->v > 0)
           fmpz_mul(fmpq_numref(q), fmpq_numref(q), t);
       else


NOT COMPILED src/tensor.c:178:5 negate_if: 'if(inexact)' -> 'if(!(inexact))'
  error: ulp error not defined for special value!

NOT COMPILED src/tensor.c:57:49 logic: '&&' -> '||'
  src/tensor.c:57:29: error: suggest parentheses around ‘&&’ within ‘||’ [-Werror=parentheses]

SURVIVED src/tensor.c:432:13 drop_assign: 'ok = 0;' -> '' (the statement is removed)
  the tests pass with the mutant
  --- a/src/tensor.c
  +++ b/src/tensor.c
  @@ -430,5 +430,5 @@
           if (!arb_is_positive(alpha))
           {
  -            ok = 0;
  +            
               break;
           }


SURVIVED src/tensor.c:490:18 zero_one: '1' -> '0'
  the tests pass with the mutant
  --- a/src/tensor.c
  +++ b/src/tensor.c
  @@ -488,5 +488,5 @@
       slong i;
   
  -    if (x->len > 1 && L > (ulong) ADF_TENSOR_WORK_MAX / (ulong) x->len)
  +    if (x->len > 0 && L > (ulong) ADF_TENSOR_WORK_MAX / (ulong) x->len)
           return 0;
       for (i = 0; i < x->len; i++)


SURVIVED src/tensor.c:284:5 drop_call: 'TN_INV_RFUN(phi);' -> '' (the statement is removed)
  the tests pass with the mutant
  --- a/src/tensor.c
  +++ b/src/tensor.c
  @@ -282,5 +282,5 @@
       if (!tn_items_ok(f) || !tn_fball_ok(&x->fin) || !tn_rfun_ok(phi))
           return ADF_LIMIT;
  -    TN_INV_RFUN(phi);
  +    
       TN_INV_FFUN(f);
       ADF_INV_ADELE(x);


mutate: 60 mutants in 212.8 s: 53 killed, 4 survived, 3 not compiled, 0 timed out, 0 excused
mutate: FAILED: 4 mutant(s) survived; each one is a claim the tests do not check
exit 1
