==3== Memcheck, a memory error detector
==3== Copyright (C) 2002-2022, and GNU GPL'd, by Julian Seward et al.
==3== Using Valgrind-3.22.0 and LibVEX; rerun with -h for copyright info
==3== Command: docs/reviews/m1/dump/closure-checks/red/R3
==3== 
==3== Conditional jump or move depends on uninitialised value(s)
==3==    at 0x113775: same_bytes (R3_fuzz.c:109)
==3==    by 0x1139CD: load_one (R3_fuzz.c:141)
==3==    by 0x1148DA: fuzz_type (R3_fuzz.c:312)
==3==    by 0x114E1E: LLVMFuzzerTestOneInput (R3_fuzz.c:392)
==3==    by 0x114EFD: main (R3_test.c:6)
==3==  Uninitialised value was created by a stack allocation
==3==    at 0x1137C1: load_one (R3_fuzz.c:120)
==3== 
==3== 
==3== Process terminating with default action of signal 6 (SIGABRT)
==3==    at 0x5575C0C: __pthread_kill_implementation (pthread_kill.c:44)
==3==    by 0x5575C0C: __pthread_kill_internal (pthread_kill.c:78)
==3==    by 0x5575C0C: pthread_kill@@GLIBC_2.34 (pthread_kill.c:89)
==3==    by 0x551C27D: raise (raise.c:26)
==3==    by 0x54FF8FE: abort (abort.c:79)
==3==    by 0x1137A8: same_bytes (R3_fuzz.c:109)
==3==    by 0x1139CD: load_one (R3_fuzz.c:141)
==3==    by 0x1148DA: fuzz_type (R3_fuzz.c:312)
==3==    by 0x114E1E: LLVMFuzzerTestOneInput (R3_fuzz.c:392)
==3==    by 0x114EFD: main (R3_test.c:6)
==3== 
==3== HEAP SUMMARY:
==3==     in use at exit: 1,086 bytes in 17 blocks
==3==   total heap usage: 23 allocs, 6 frees, 1,190 bytes allocated
==3== 
==3== LEAK SUMMARY:
==3==    definitely lost: 0 bytes in 0 blocks
==3==    indirectly lost: 0 bytes in 0 blocks
==3==      possibly lost: 0 bytes in 0 blocks
==3==    still reachable: 1,086 bytes in 17 blocks
==3==         suppressed: 0 bytes in 0 blocks
==3== Rerun with --leak-check=full to see details of leaked memory
==3== 
==3== For lists of detected and suppressed errors, rerun with: -s
==3== ERROR SUMMARY: 1 errors from 1 contexts (suppressed: 0 from 0)
