== building the shared object
   build/exports/libadelefeld.so, copied to build/libadelefeld.so
== 217 function names declared in include/adelefeld/*.h
== variadic declarations (conventions 12.2)
   none
== 217 defined dynamic symbols that are public names, 0 reserved name(s)
== declared and exported: 217
adf_adele_add
adf_adele_add_rat
adf_adele_clear
adf_adele_div_rat
adf_adele_dump_inspect
adf_adele_dump_str
adf_adele_get_arb_at
adf_adele_get_fin
adf_adele_get_real
adf_adele_get_str
adf_adele_identical
adf_adele_init
adf_adele_is_canonical
adf_adele_load_str
adf_adele_load_str_binds
adf_adele_mul
adf_adele_mul_rat
adf_adele_neg
adf_adele_reconstruct
adf_adele_set
adf_adele_set_arb_fball
adf_adele_set_rat
adf_adele_set_si
adf_adele_set_str
adf_adele_sub
adf_adele_swap
adf_alignof_adele
adf_alignof_cadele
adf_alignof_ctx_desc
adf_alignof_fball
adf_alignof_linsol
adf_alignof_place
adf_alignof_rat
adf_alignof_recon_cert
adf_alignof_resid
adf_alignof_scaled
adf_alignof_text_limits
adf_cadele_add
adf_cadele_add_rat
adf_cadele_clear
adf_cadele_div_rat
adf_cadele_dump_inspect
adf_cadele_dump_str
adf_cadele_get_complex
adf_cadele_get_fin
adf_cadele_get_str
adf_cadele_identical
adf_cadele_init
adf_cadele_is_canonical
adf_cadele_load_str
adf_cadele_load_str_binds
adf_cadele_mul
adf_cadele_mul_rat
adf_cadele_neg
adf_cadele_set
adf_cadele_set_acb_fball
adf_cadele_set_adele
adf_cadele_set_rat
adf_cadele_set_str
adf_cadele_sub
adf_cadele_swap
adf_ctx_desc_clear
adf_ctx_desc_init
adf_fball_add
adf_fball_add_cap
adf_fball_canonicalise
adf_fball_cap
adf_fball_clear
adf_fball_compare
adf_fball_contains
adf_fball_contains_rat
adf_fball_context
adf_fball_div_rat
adf_fball_dump_inspect
adf_fball_dump_str
adf_fball_equal_set
adf_fball_get_center
adf_fball_get_den
adf_fball_get_fmpz3
adf_fball_get_radius
adf_fball_get_str
adf_fball_haar_volume
adf_fball_identical
adf_fball_init
adf_fball_is_canonical
adf_fball_is_exact
adf_fball_is_local
adf_fball_load_str
adf_fball_load_str_binds
adf_fball_mul
adf_fball_mul_cap
adf_fball_mul_rat
adf_fball_mul_rat_cap
adf_fball_neg
adf_fball_one
adf_fball_overlaps
adf_fball_prec_at
adf_fball_reconstruct
adf_fball_set
adf_fball_set_center_radius
adf_fball_set_fmpz
adf_fball_set_fmpz3
adf_fball_set_global
adf_fball_set_local
adf_fball_set_local_enclose
adf_fball_set_rat
adf_fball_set_si
adf_fball_set_str
adf_fball_sub
adf_fball_sub_cap
adf_fball_swap
adf_fball_zero
adf_flint_version_compiled
adf_linsol_clear
adf_linsol_get_dual
adf_linsol_get_kernel
adf_linsol_get_particular
adf_linsol_init
adf_linsol_is_canonical
adf_linsol_kernel_rows
adf_linsol_kind
adf_linsolve_mod
adf_linsol_verify
adf_modctx_block
adf_modctx_dump_str
adf_modctx_free
adf_modctx_get_modulus
adf_modctx_matches_desc
adf_modctx_nblocks
adf_modctx_new_blocks
adf_modctx_new_factorial
adf_modctx_new_fmpz
adf_modctx_new_from_dump
adf_modctx_new_prime_powers
adf_modctx_new_primorial_pow
adf_place_cmp
adf_place_equal
adf_place_inf
adf_place_is_archimedean
adf_place_prime
adf_place_prime_get
adf_rat_add
adf_rat_clear
adf_rat_div
adf_rat_dump_inspect
adf_rat_dump_str
adf_rat_equal
adf_rat_get_fmpq
adf_rat_get_str
adf_rat_identical
adf_rat_init
adf_rat_inv
adf_rat_is_canonical
adf_rat_is_zero
adf_rat_load_str
adf_rat_load_str_binds
adf_rat_mul
adf_rat_neg
adf_rat_one
adf_rat_set
adf_rat_set_fmpq
adf_rat_set_fmpz
adf_rat_set_fmpz2
adf_rat_set_si
adf_rat_set_str
adf_rat_sgn
adf_rat_sub
adf_rat_swap
adf_rat_zero
adf_recon_cert_clear
adf_recon_cert_init
adf_resid_clear
adf_resid_get_fmpz2
adf_resid_init
adf_resid_is_canonical
adf_resid_reconstruct
adf_resid_set_fmpz2
adf_scaled_add
adf_scaled_add_rat
adf_scaled_clear
adf_scaled_context
adf_scaled_dump_inspect
adf_scaled_dump_str
adf_scaled_get_fball
adf_scaled_get_str
adf_scaled_identical
adf_scaled_init
adf_scaled_is_canonical
adf_scaled_is_exact
adf_scaled_load_str
adf_scaled_load_str_binds
adf_scaled_mul
adf_scaled_mul_rat
adf_scaled_mul_tight
adf_scaled_neg
adf_scaled_set
adf_scaled_set_context
adf_scaled_set_fball
adf_scaled_set_rat
adf_scaled_sub
adf_scaled_swap
adf_sizeof_adele
adf_sizeof_cadele
adf_sizeof_ctx_desc
adf_sizeof_fball
adf_sizeof_linsol
adf_sizeof_place
adf_sizeof_rat
adf_sizeof_recon_cert
adf_sizeof_resid
adf_sizeof_scaled
adf_sizeof_text_limits
adf_status_str
adf_str_free
adf_text_classify
adf_text_limits_default
adf_version_check
== declared and not exported: 0 (the library is not complete; not a failure)
== exported and not declared: 0 (must be empty)
   (empty)
test_exports: passed: 217 of 217 declared functions are exported, 0 are not implemented yet, no exported name is undeclared, no variadic function
