==1334535== 8 bytes in 1 blocks are possibly lost in loss record 2 of 25
==1334535==    at 0x484DB80: realloc (in /home/tobias/.local/opt/valgrind/usr/libexec/valgrind/vgpreload_memcheck-amd64-linux.so)
==1334535==    by 0x5372928: __gmp_default_reallocate (in /usr/lib/x86_64-linux-gnu/libgmp.so.10.5.0)
==1334535==    by 0x5384133: __gmpz_realloc (in /usr/lib/x86_64-linux-gnu/libgmp.so.10.5.0)
==1334535==    by 0x49AFEDD: fmpz_mul_2exp (in /usr/lib/x86_64-linux-gnu/libflint.so.18.0.1)
==1334535==    by 0x11F55E: tx_arb_set_ball (src/text.c:0)
==1334535==    by 0x11F55E: tx_arb_from_real (???:883)
==1334535==    by 0x120449: adf_cadele_set_str (src/text.c:1313)
==1334535==    by 0x10EB71: parse_cadele (tests/test_text_adele.c:465)
==1334535==    by 0x1149DD: adf_test_fn_the_grammar_of_real_and_complex (tests/test_text_adele.c:1614)
==1334535==    by 0x10CA70: main (test_runner.h:162)
==1334535== 
==1334535== 8 bytes in 1 blocks are possibly lost in loss record 3 of 25
==1334535==    at 0x484DB80: realloc (in /home/tobias/.local/opt/valgrind/usr/libexec/valgrind/vgpreload_memcheck-amd64-linux.so)
==1334535==    by 0x5372928: __gmp_default_reallocate (in /usr/lib/x86_64-linux-gnu/libgmp.so.10.5.0)
==1334535==    by 0x5384133: __gmpz_realloc (in /usr/lib/x86_64-linux-gnu/libgmp.so.10.5.0)
==1334535==    by 0x49AFEDD: fmpz_mul_2exp (in /usr/lib/x86_64-linux-gnu/libflint.so.18.0.1)
==1334535==    by 0x11F278: tx_arb_set_ball (src/text.c:838)
==1334535==    by 0x11F278: tx_arb_from_real (???:883)
==1334535==    by 0x120449: adf_cadele_set_str (src/text.c:1313)
==1334535==    by 0x10EB71: parse_cadele (tests/test_text_adele.c:465)
==1334535==    by 0x114A34: adf_test_fn_the_grammar_of_real_and_complex (tests/test_text_adele.c:1616)
==1334535==    by 0x10CA70: main (test_runner.h:162)
==1334535== 
==1334535== 8 bytes in 1 blocks are possibly lost in loss record 4 of 25
==1334535==    at 0x484DB80: realloc (in /home/tobias/.local/opt/valgrind/usr/libexec/valgrind/vgpreload_memcheck-amd64-linux.so)
==1334535==    by 0x5372928: __gmp_default_reallocate (in /usr/lib/x86_64-linux-gnu/libgmp.so.10.5.0)
==1334535==    by 0x5384133: __gmpz_realloc (in /usr/lib/x86_64-linux-gnu/libgmp.so.10.5.0)
==1334535==    by 0x49AFEDD: fmpz_mul_2exp (in /usr/lib/x86_64-linux-gnu/libflint.so.18.0.1)
==1334535==    by 0x11F55E: tx_arb_set_ball (src/text.c:0)
==1334535==    by 0x11F55E: tx_arb_from_real (???:883)
==1334535==    by 0x120449: adf_cadele_set_str (src/text.c:1313)
==1334535==    by 0x10EB71: parse_cadele (tests/test_text_adele.c:465)
==1334535==    by 0x114A34: adf_test_fn_the_grammar_of_real_and_complex (tests/test_text_adele.c:1616)
==1334535==    by 0x10CA70: main (test_runner.h:162)
==1334535== 
==1334535== 16 bytes in 1 blocks are possibly lost in loss record 5 of 25
==1334535==    at 0x484DB80: realloc (in /home/tobias/.local/opt/valgrind/usr/libexec/valgrind/vgpreload_memcheck-amd64-linux.so)
==1334535==    by 0x5372928: __gmp_default_reallocate (in /usr/lib/x86_64-linux-gnu/libgmp.so.10.5.0)
==1334535==    by 0x5384133: __gmpz_realloc (in /usr/lib/x86_64-linux-gnu/libgmp.so.10.5.0)
==1334535==    by 0x49AFEDD: fmpz_mul_2exp (in /usr/lib/x86_64-linux-gnu/libflint.so.18.0.1)
==1334535==    by 0x11F278: tx_arb_set_ball (src/text.c:838)
==1334535==    by 0x11F278: tx_arb_from_real (???:883)
==1334535==    by 0x11E92F: adf_adele_set_str (src/text.c:1258)
==1334535==    by 0x10D0E8: parse_adele (tests/test_text_adele.c:444)
==1334535==    by 0x1146BB: adf_test_fn_the_grammar_of_real_and_complex (tests/test_text_adele.c:1596)
==1334535==    by 0x10CA70: main (test_runner.h:162)
==1334535== 
==1334535== 16 bytes in 1 blocks are possibly lost in loss record 6 of 25
==1334535==    at 0x484DB80: realloc (in /home/tobias/.local/opt/valgrind/usr/libexec/valgrind/vgpreload_memcheck-amd64-linux.so)
==1334535==    by 0x5372928: __gmp_default_reallocate (in /usr/lib/x86_64-linux-gnu/libgmp.so.10.5.0)
==1334535==    by 0x5384133: __gmpz_realloc (in /usr/lib/x86_64-linux-gnu/libgmp.so.10.5.0)
==1334535==    by 0x49AFEDD: fmpz_mul_2exp (in /usr/lib/x86_64-linux-gnu/libflint.so.18.0.1)
==1334535==    by 0x11F55E: tx_arb_set_ball (src/text.c:0)
==1334535==    by 0x11F55E: tx_arb_from_real (???:883)
==1334535==    by 0x11E92F: adf_adele_set_str (src/text.c:1258)
==1334535==    by 0x10D0E8: parse_adele (tests/test_text_adele.c:444)
==1334535==    by 0x1146BB: adf_test_fn_the_grammar_of_real_and_complex (tests/test_text_adele.c:1596)
==1334535==    by 0x10CA70: main (test_runner.h:162)
==1334535== 
==1334535== 16 bytes in 1 blocks are possibly lost in loss record 7 of 25
==1334535==    at 0x484DB80: realloc (in /home/tobias/.local/opt/valgrind/usr/libexec/valgrind/vgpreload_memcheck-amd64-linux.so)
==1334535==    by 0x5372928: __gmp_default_reallocate (in /usr/lib/x86_64-linux-gnu/libgmp.so.10.5.0)
==1334535==    by 0x5384133: __gmpz_realloc (in /usr/lib/x86_64-linux-gnu/libgmp.so.10.5.0)
==1334535==    by 0x49AFEDD: fmpz_mul_2exp (in /usr/lib/x86_64-linux-gnu/libflint.so.18.0.1)
==1334535==    by 0x11F633: tx_mag_upper (src/text.c:787)
==1334535==    by 0x11F633: tx_arb_set_ball (???:859)
==1334535==    by 0x11F633: tx_arb_from_real (???:883)
==1334535==    by 0x11E92F: adf_adele_set_str (src/text.c:1258)
==1334535==    by 0x10D0E8: parse_adele (tests/test_text_adele.c:444)
==1334535==    by 0x1146BB: adf_test_fn_the_grammar_of_real_and_complex (tests/test_text_adele.c:1596)
==1334535==    by 0x10CA70: main (test_runner.h:162)
==1334535== 
==1334535== 24 bytes in 1 blocks are possibly lost in loss record 8 of 25
==1334535==    at 0x484DB80: realloc (in /home/tobias/.local/opt/valgrind/usr/libexec/valgrind/vgpreload_memcheck-amd64-linux.so)
==1334535==    by 0x5372928: __gmp_default_reallocate (in /usr/lib/x86_64-linux-gnu/libgmp.so.10.5.0)
==1334535==    by 0x5384133: __gmpz_realloc (in /usr/lib/x86_64-linux-gnu/libgmp.so.10.5.0)
==1334535==    by 0x49AFEDD: fmpz_mul_2exp (in /usr/lib/x86_64-linux-gnu/libflint.so.18.0.1)
==1334535==    by 0x11F633: tx_mag_upper (src/text.c:787)
==1334535==    by 0x11F633: tx_arb_set_ball (???:859)
==1334535==    by 0x11F633: tx_arb_from_real (???:883)
==1334535==    by 0x12045F: adf_cadele_set_str (src/text.c:1314)
==1334535==    by 0x10EB71: parse_cadele (tests/test_text_adele.c:465)
==1334535==    by 0x113893: adf_test_fn_max_exp10_at_the_limit_and_one_above (tests/test_text_adele.c:1428)
==1334535==    by 0x10CA70: main (test_runner.h:162)
==1334535== 
==1334535== 32 bytes in 1 blocks are possibly lost in loss record 9 of 25
==1334535==    at 0x484DB80: realloc (in /home/tobias/.local/opt/valgrind/usr/libexec/valgrind/vgpreload_memcheck-amd64-linux.so)
==1334535==    by 0x5372928: __gmp_default_reallocate (in /usr/lib/x86_64-linux-gnu/libgmp.so.10.5.0)
==1334535==    by 0x5384133: __gmpz_realloc (in /usr/lib/x86_64-linux-gnu/libgmp.so.10.5.0)
==1334535==    by 0x49AFF42: fmpz_mul_2exp (in /usr/lib/x86_64-linux-gnu/libflint.so.18.0.1)
==1334535==    by 0x11F633: tx_mag_upper (src/text.c:787)
==1334535==    by 0x11F633: tx_arb_set_ball (???:859)
==1334535==    by 0x11F633: tx_arb_from_real (???:883)
==1334535==    by 0x12045F: adf_cadele_set_str (src/text.c:1314)
==1334535==    by 0x10EB71: parse_cadele (tests/test_text_adele.c:465)
==1334535==    by 0x113286: adf_test_fn_print_then_parse_encloses_the_value (tests/test_text_adele.c:1362)
==1334535==    by 0x10CA70: main (test_runner.h:162)
==1334535== 
==1334535== 32 bytes in 1 blocks are possibly lost in loss record 10 of 25
==1334535==    at 0x484DB80: realloc (in /home/tobias/.local/opt/valgrind/usr/libexec/valgrind/vgpreload_memcheck-amd64-linux.so)
==1334535==    by 0x5372928: __gmp_default_reallocate (in /usr/lib/x86_64-linux-gnu/libgmp.so.10.5.0)
==1334535==    by 0x5384133: __gmpz_realloc (in /usr/lib/x86_64-linux-gnu/libgmp.so.10.5.0)
==1334535==    by 0x49AFEDD: fmpz_mul_2exp (in /usr/lib/x86_64-linux-gnu/libflint.so.18.0.1)
==1334535==    by 0x11F278: tx_arb_set_ball (src/text.c:838)
==1334535==    by 0x11F278: tx_arb_from_real (???:883)
==1334535==    by 0x11E92F: adf_adele_set_str (src/text.c:1258)
==1334535==    by 0x113548: adf_test_fn_parse_print_parse_encloses_the_first_value (tests/test_text_adele.c:1397)
==1334535==    by 0x10CA70: main (test_runner.h:162)
==1334535== 
==1334535== 32 bytes in 1 blocks are possibly lost in loss record 11 of 25
==1334535==    at 0x484DB80: realloc (in /home/tobias/.local/opt/valgrind/usr/libexec/valgrind/vgpreload_memcheck-amd64-linux.so)
==1334535==    by 0x5372928: __gmp_default_reallocate (in /usr/lib/x86_64-linux-gnu/libgmp.so.10.5.0)
==1334535==    by 0x5384133: __gmpz_realloc (in /usr/lib/x86_64-linux-gnu/libgmp.so.10.5.0)
==1334535==    by 0x49AFEDD: fmpz_mul_2exp (in /usr/lib/x86_64-linux-gnu/libflint.so.18.0.1)
==1334535==    by 0x122338: tx_arf_get_fmpq (src/text.c:0)
==1334535==    by 0x11FA91: tx_put_real (src/text.c:1165)
==1334535==    by 0x11F901: adf_adele_get_str (src/text.c:1279)
==1334535==    by 0x113526: adf_test_fn_parse_print_parse_encloses_the_first_value (tests/test_text_adele.c:1396)
==1334535==    by 0x10CA70: main (test_runner.h:162)
==1334535== 
==1334535== 40 bytes in 1 blocks are possibly lost in loss record 12 of 25
==1334535==    at 0x484DB80: realloc (in /home/tobias/.local/opt/valgrind/usr/libexec/valgrind/vgpreload_memcheck-amd64-linux.so)
==1334535==    by 0x5372928: __gmp_default_reallocate (in /usr/lib/x86_64-linux-gnu/libgmp.so.10.5.0)
==1334535==    by 0x5384133: __gmpz_realloc (in /usr/lib/x86_64-linux-gnu/libgmp.so.10.5.0)
==1334535==    by 0x49AFEDD: fmpz_mul_2exp (in /usr/lib/x86_64-linux-gnu/libflint.so.18.0.1)
==1334535==    by 0x122338: tx_arf_get_fmpq (src/text.c:0)
==1334535==    by 0x11FA91: tx_put_real (src/text.c:1165)
==1334535==    by 0x120992: adf_cadele_get_str (src/text.c:1335)
==1334535==    by 0x1131DD: adf_test_fn_print_then_parse_encloses_the_value (tests/test_text_adele.c:1360)
==1334535==    by 0x10CA70: main (test_runner.h:162)
==1334535== 
==1334535== 40 bytes in 1 blocks are possibly lost in loss record 13 of 25
==1334535==    at 0x484DB80: realloc (in /home/tobias/.local/opt/valgrind/usr/libexec/valgrind/vgpreload_memcheck-amd64-linux.so)
==1334535==    by 0x5372928: __gmp_default_reallocate (in /usr/lib/x86_64-linux-gnu/libgmp.so.10.5.0)
==1334535==    by 0x5384133: __gmpz_realloc (in /usr/lib/x86_64-linux-gnu/libgmp.so.10.5.0)
==1334535==    by 0x538CAF8: __gmpz_n_pow_ui (in /usr/lib/x86_64-linux-gnu/libgmp.so.10.5.0)
==1334535==    by 0x49B79F7: fmpz_pow_ui (in /usr/lib/x86_64-linux-gnu/libflint.so.18.0.1)
==1334535==    by 0x122145: tx_pow10_fmpz (src/text.c:713)
==1334535==    by 0x122145: tx_dec_value (???:750)
==1334535==    by 0x11F166: tx_arb_from_real (src/text.c:882)
==1334535==    by 0x120449: adf_cadele_set_str (src/text.c:1313)
==1334535==    by 0x10EB71: parse_cadele (tests/test_text_adele.c:465)
==1334535==    by 0x113286: adf_test_fn_print_then_parse_encloses_the_value (tests/test_text_adele.c:1362)
==1334535==    by 0x10CA70: main (test_runner.h:162)
==1334535== 
==1334535== 40 bytes in 1 blocks are possibly lost in loss record 14 of 25
==1334535==    at 0x484DB80: realloc (in /home/tobias/.local/opt/valgrind/usr/libexec/valgrind/vgpreload_memcheck-amd64-linux.so)
==1334535==    by 0x5372928: __gmp_default_reallocate (in /usr/lib/x86_64-linux-gnu/libgmp.so.10.5.0)
==1334535==    by 0x5384133: __gmpz_realloc (in /usr/lib/x86_64-linux-gnu/libgmp.so.10.5.0)
==1334535==    by 0x538626C: __gmpz_mul_2exp (in /usr/lib/x86_64-linux-gnu/libgmp.so.10.5.0)
==1334535==    by 0x11F278: tx_arb_set_ball (src/text.c:838)
==1334535==    by 0x11F278: tx_arb_from_real (???:883)
==1334535==    by 0x12045F: adf_cadele_set_str (src/text.c:1314)
==1334535==    by 0x10EB71: parse_cadele (tests/test_text_adele.c:465)
==1334535==    by 0x113286: adf_test_fn_print_then_parse_encloses_the_value (tests/test_text_adele.c:1362)
==1334535==    by 0x10CA70: main (test_runner.h:162)
==1334535== 
==1334535== 40 bytes in 1 blocks are possibly lost in loss record 15 of 25
==1334535==    at 0x484DB80: realloc (in /home/tobias/.local/opt/valgrind/usr/libexec/valgrind/vgpreload_memcheck-amd64-linux.so)
==1334535==    by 0x5372928: __gmp_default_reallocate (in /usr/lib/x86_64-linux-gnu/libgmp.so.10.5.0)
==1334535==    by 0x5384133: __gmpz_realloc (in /usr/lib/x86_64-linux-gnu/libgmp.so.10.5.0)
==1334535==    by 0x538693B: __gmpz_set (in /usr/lib/x86_64-linux-gnu/libgmp.so.10.5.0)
==1334535==    by 0x11F640: tx_mag_upper (src/text.c:788)
==1334535==    by 0x11F640: tx_arb_set_ball (???:859)
==1334535==    by 0x11F640: tx_arb_from_real (???:883)
==1334535==    by 0x120449: adf_cadele_set_str (src/text.c:1313)
==1334535==    by 0x10EB71: parse_cadele (tests/test_text_adele.c:465)
==1334535==    by 0x113286: adf_test_fn_print_then_parse_encloses_the_value (tests/test_text_adele.c:1362)
==1334535==    by 0x10CA70: main (test_runner.h:162)
==1334535== 
==1334535== 40 bytes in 1 blocks are possibly lost in loss record 16 of 25
==1334535==    at 0x484DB80: realloc (in /home/tobias/.local/opt/valgrind/usr/libexec/valgrind/vgpreload_memcheck-amd64-linux.so)
==1334535==    by 0x5372928: __gmp_default_reallocate (in /usr/lib/x86_64-linux-gnu/libgmp.so.10.5.0)
==1334535==    by 0x5384133: __gmpz_realloc (in /usr/lib/x86_64-linux-gnu/libgmp.so.10.5.0)
==1334535==    by 0x49B38F0: ??? (in /usr/lib/x86_64-linux-gnu/libflint.so.18.0.1)
==1334535==    by 0x122CED: tx_cmp_pow10 (src/text.c:0)
==1334535==    by 0x122CED: tx_floor_log10 (???:937)
==1334535==    by 0x122ADB: tx_ceil2 (src/text.c:973)
==1334535==    by 0x11FD98: tx_put_real (src/text.c:1202)
==1334535==    by 0x120A16: adf_cadele_get_str (src/text.c:1337)
==1334535==    by 0x1131DD: adf_test_fn_print_then_parse_encloses_the_value (tests/test_text_adele.c:1360)
==1334535==    by 0x10CA70: main (test_runner.h:162)
==1334535== 
==1334535== 48 bytes in 1 blocks are possibly lost in loss record 17 of 25
==1334535==    at 0x484DB80: realloc (in /home/tobias/.local/opt/valgrind/usr/libexec/valgrind/vgpreload_memcheck-amd64-linux.so)
==1334535==    by 0x5372928: __gmp_default_reallocate (in /usr/lib/x86_64-linux-gnu/libgmp.so.10.5.0)
==1334535==    by 0x5384133: __gmpz_realloc (in /usr/lib/x86_64-linux-gnu/libgmp.so.10.5.0)
==1334535==    by 0x538CAF8: __gmpz_n_pow_ui (in /usr/lib/x86_64-linux-gnu/libgmp.so.10.5.0)
==1334535==    by 0x49B79F7: fmpz_pow_ui (in /usr/lib/x86_64-linux-gnu/libflint.so.18.0.1)
==1334535==    by 0x122CCB: tx_pow10_fmpz (src/text.c:713)
==1334535==    by 0x122CCB: tx_cmp_pow10 (???:915)
==1334535==    by 0x122CCB: tx_floor_log10 (???:937)
==1334535==    by 0x11FB38: tx_put_real (src/text.c:1191)
==1334535==    by 0x11F901: adf_adele_get_str (src/text.c:1279)
==1334535==    by 0x113526: adf_test_fn_parse_print_parse_encloses_the_first_value (tests/test_text_adele.c:1396)
==1334535==    by 0x10CA70: main (test_runner.h:162)
==1334535== 
==1334535== 48 bytes in 1 blocks are possibly lost in loss record 18 of 25
==1334535==    at 0x484DB80: realloc (in /home/tobias/.local/opt/valgrind/usr/libexec/valgrind/vgpreload_memcheck-amd64-linux.so)
==1334535==    by 0x5372928: __gmp_default_reallocate (in /usr/lib/x86_64-linux-gnu/libgmp.so.10.5.0)
==1334535==    by 0x5384133: __gmpz_realloc (in /usr/lib/x86_64-linux-gnu/libgmp.so.10.5.0)
==1334535==    by 0x49B38F0: ??? (in /usr/lib/x86_64-linux-gnu/libflint.so.18.0.1)
==1334535==    by 0x122CED: tx_cmp_pow10 (src/text.c:0)
==1334535==    by 0x122CED: tx_floor_log10 (???:937)
==1334535==    by 0x122ADB: tx_ceil2 (src/text.c:973)
==1334535==    by 0x11FD98: tx_put_real (src/text.c:1202)
==1334535==    by 0x11F901: adf_adele_get_str (src/text.c:1279)
==1334535==    by 0x113526: adf_test_fn_parse_print_parse_encloses_the_first_value (tests/test_text_adele.c:1396)
==1334535==    by 0x10CA70: main (test_runner.h:162)
==1334535== 
==1334535== 48 bytes in 1 blocks are possibly lost in loss record 19 of 25
==1334535==    at 0x484DB80: realloc (in /home/tobias/.local/opt/valgrind/usr/libexec/valgrind/vgpreload_memcheck-amd64-linux.so)
==1334535==    by 0x5372928: __gmp_default_reallocate (in /usr/lib/x86_64-linux-gnu/libgmp.so.10.5.0)
==1334535==    by 0x5384133: __gmpz_realloc (in /usr/lib/x86_64-linux-gnu/libgmp.so.10.5.0)
==1334535==    by 0x538626C: __gmpz_mul_2exp (in /usr/lib/x86_64-linux-gnu/libgmp.so.10.5.0)
==1334535==    by 0x11F55E: tx_arb_set_ball (src/text.c:0)
==1334535==    by 0x11F55E: tx_arb_from_real (???:883)
==1334535==    by 0x11E92F: adf_adele_set_str (src/text.c:1258)
==1334535==    by 0x113548: adf_test_fn_parse_print_parse_encloses_the_first_value (tests/test_text_adele.c:1397)
==1334535==    by 0x10CA70: main (test_runner.h:162)
==1334535== 
==1334535== 64 bytes in 2 blocks are possibly lost in loss record 20 of 25
==1334535==    at 0x484DB80: realloc (in /home/tobias/.local/opt/valgrind/usr/libexec/valgrind/vgpreload_memcheck-amd64-linux.so)
==1334535==    by 0x5372928: __gmp_default_reallocate (in /usr/lib/x86_64-linux-gnu/libgmp.so.10.5.0)
==1334535==    by 0x5384133: __gmpz_realloc (in /usr/lib/x86_64-linux-gnu/libgmp.so.10.5.0)
==1334535==    by 0x49AFF42: fmpz_mul_2exp (in /usr/lib/x86_64-linux-gnu/libflint.so.18.0.1)
==1334535==    by 0x11F633: tx_mag_upper (src/text.c:787)
==1334535==    by 0x11F633: tx_arb_set_ball (???:859)
==1334535==    by 0x11F633: tx_arb_from_real (???:883)
==1334535==    by 0x120449: adf_cadele_set_str (src/text.c:1313)
==1334535==    by 0x10EB71: parse_cadele (tests/test_text_adele.c:465)
==1334535==    by 0x113286: adf_test_fn_print_then_parse_encloses_the_value (tests/test_text_adele.c:1362)
==1334535==    by 0x10CA70: main (test_runner.h:162)
==1334535== 
==1334535== 112 bytes in 2 blocks are possibly lost in loss record 21 of 25
==1334535==    at 0x484DB80: realloc (in /home/tobias/.local/opt/valgrind/usr/libexec/valgrind/vgpreload_memcheck-amd64-linux.so)
==1334535==    by 0x5372928: __gmp_default_reallocate (in /usr/lib/x86_64-linux-gnu/libgmp.so.10.5.0)
==1334535==    by 0x5384133: __gmpz_realloc (in /usr/lib/x86_64-linux-gnu/libgmp.so.10.5.0)
==1334535==    by 0x49AFF42: fmpz_mul_2exp (in /usr/lib/x86_64-linux-gnu/libflint.so.18.0.1)
==1334535==    by 0x11F633: tx_mag_upper (src/text.c:787)
==1334535==    by 0x11F633: tx_arb_set_ball (???:859)
==1334535==    by 0x11F633: tx_arb_from_real (???:883)
==1334535==    by 0x11E92F: adf_adele_set_str (src/text.c:1258)
==1334535==    by 0x113548: adf_test_fn_parse_print_parse_encloses_the_first_value (tests/test_text_adele.c:1397)
==1334535==    by 0x10CA70: main (test_runner.h:162)
==1334535== 
==1334535== 64,672 bytes in 4,042 blocks are possibly lost in loss record 24 of 25
==1334535==    at 0x4846828: malloc (in /home/tobias/.local/opt/valgrind/usr/libexec/valgrind/vgpreload_memcheck-amd64-linux.so)
==1334535==    by 0x53728D4: __gmp_default_allocate (in /usr/lib/x86_64-linux-gnu/libgmp.so.10.5.0)
==1334535==    by 0x53840C7: __gmpz_init2 (in /usr/lib/x86_64-linux-gnu/libgmp.so.10.5.0)
==1334535==    by 0x49AF0DC: _fmpz_new_mpz (in /usr/lib/x86_64-linux-gnu/libflint.so.18.0.1)
==1334535==    by 0x49AFEB7: fmpz_mul_2exp (in /usr/lib/x86_64-linux-gnu/libflint.so.18.0.1)
==1334535==    by 0x11F278: tx_arb_set_ball (src/text.c:838)
==1334535==    by 0x11F278: tx_arb_from_real (???:883)
==1334535==    by 0x11E92F: adf_adele_set_str (src/text.c:1258)
==1334535==    by 0x10D0E8: parse_adele (tests/test_text_adele.c:444)
==1334535==    by 0x10CDD1: adf_test_fn_every_row_of_the_golden_file_adele (tests/test_text_adele.c:701)
==1334535==    by 0x10CA70: main (test_runner.h:162)
==1334535== 
==1334535== 69,632 bytes in 1 blocks are possibly lost in loss record 25 of 25
==1334535==    at 0x4846828: malloc (in /home/tobias/.local/opt/valgrind/usr/libexec/valgrind/vgpreload_memcheck-amd64-linux.so)
==1334535==    by 0x49550D5: flint_malloc (in /usr/lib/x86_64-linux-gnu/libflint.so.18.0.1)
==1334535==    by 0x49AF001: _fmpz_new_mpz (in /usr/lib/x86_64-linux-gnu/libflint.so.18.0.1)
==1334535==    by 0x49AFEB7: fmpz_mul_2exp (in /usr/lib/x86_64-linux-gnu/libflint.so.18.0.1)
==1334535==    by 0x11F278: tx_arb_set_ball (src/text.c:838)
==1334535==    by 0x11F278: tx_arb_from_real (???:883)
==1334535==    by 0x11E92F: adf_adele_set_str (src/text.c:1258)
==1334535==    by 0x10D0E8: parse_adele (tests/test_text_adele.c:444)
==1334535==    by 0x10CDD1: adf_test_fn_every_row_of_the_golden_file_adele (tests/test_text_adele.c:701)
==1334535==    by 0x10CA70: main (test_runner.h:162)
==1334535== 
