exp 2 2000 exit=0
log 2 2000 exit=0
Log 2 2000 exit=0
exp 2 10000 exit=0
log 2 10000 exit=0
Log 2 10000 exit=0
exp 2 100000 exit=0
log 2 100000 exit=0
Log 2 100000 exit=0
exp 3 2000 exit=0
log 3 2000 exit=0
Log 3 2000 exit=0
exp 3 10000 exit=0
log 3 10000 exit=0
Log 3 10000 exit=0
exp 3 100000 exit=0
log 3 100000 exit=0
Log 3 100000 exit=0
exp 5 2000 exit=0
log 5 2000 exit=0
Log 5 2000 exit=0
exp 5 10000 exit=0
log 5 10000 exit=0
Log 5 10000 exit=0
exp 5 100000 exit=0
log 5 100000 exit=0
Log 5 100000 exit=0
exp big 10000 exit=0
log big 10000 exit=0
Log big 10000 exit=0
