cpu=2 threads=1 clock=MONOTONIC_RAW seed=0 warm_outputs=1 kind=call_rate trials=5
exp 2 8 old_ns=295.600,302.504,311.864 new_ns=289.375,294.165,361.637 ratio=0.972 reps=10000
log 2 8 old_ns=362.690,373.196,383.813 new_ns=362.684,365.352,383.679 ratio=0.979 reps=10000
Log 2 8 old_ns=312.093,318.982,341.695 new_ns=307.605,317.017,338.438 ratio=0.994 reps=10000
exp 2 16 old_ns=472.748,481.681,486.752 new_ns=472.193,473.306,480.761 ratio=0.983 reps=10000
log 2 16 old_ns=633.608,640.563,658.993 new_ns=623.536,627.219,648.987 ratio=0.979 reps=10000
Log 2 16 old_ns=577.309,583.611,595.424 new_ns=578.185,582.264,602.808 ratio=0.998 reps=10000
exp 2 32 old_ns=859.012,863.616,869.057 new_ns=858.593,859.777,865.224 ratio=0.996 reps=10000
log 2 32 old_ns=1362.066,1369.683,1374.765 new_ns=1681.607,1690.310,1699.250 ratio=1.234 reps=10000
Log 2 32 old_ns=1297.203,1331.941,1389.984 new_ns=1624.387,1708.496,2316.913 ratio=1.283 reps=10000
exp 3 8 old_ns=473.767,479.908,485.293 new_ns=468.243,474.831,481.776 ratio=0.989 reps=10000
log 3 8 old_ns=634.034,641.369,675.077 new_ns=645.424,666.143,671.190 ratio=1.039 reps=10000
Log 3 8 old_ns=608.655,620.558,661.861 new_ns=615.778,617.712,625.863 ratio=0.995 reps=10000
exp 3 16 old_ns=812.181,815.332,821.916 new_ns=815.909,819.424,824.321 ratio=1.005 reps=10000
log 3 16 old_ns=1001.913,1009.725,1028.604 new_ns=1007.295,1020.372,1027.058 ratio=1.011 reps=10000
Log 3 16 old_ns=954.390,976.981,1012.583 new_ns=955.959,974.806,984.653 ratio=0.998 reps=10000
exp 3 32 old_ns=7087.276,7115.943,7127.379 new_ns=6817.513,7068.560,7129.372 ratio=0.993 reps=10000
log 3 32 old_ns=4557.828,4595.990,4617.976 new_ns=3032.031,3074.267,3127.131 ratio=0.669 reps=10000
Log 3 32 old_ns=4417.413,4483.498,4604.592 new_ns=3026.405,3041.969,3165.832 ratio=0.678 reps=10000
exp 5 8 old_ns=361.291,362.904,364.280 new_ns=362.392,369.038,376.337 ratio=1.017 reps=10000
log 5 8 old_ns=565.426,579.426,584.139 new_ns=583.615,586.709,589.086 ratio=1.013 reps=10000
Log 5 8 old_ns=530.482,538.668,550.005 new_ns=536.047,544.566,549.939 ratio=1.011 reps=10000
exp 5 16 old_ns=633.529,638.282,642.802 new_ns=640.845,643.820,648.967 ratio=1.009 reps=10000
log 5 16 old_ns=1494.548,1560.222,1563.930 new_ns=1493.432,1547.652,1553.338 ratio=0.992 reps=10000
Log 5 16 old_ns=1952.412,1955.574,1981.619 new_ns=1948.591,1952.979,1961.531 ratio=0.999 reps=10000
exp 5 32 old_ns=4871.771,4911.590,4979.408 new_ns=4903.736,4915.379,4929.667 ratio=1.001 reps=10000
log 5 32 old_ns=9369.488,9444.673,9768.334 new_ns=5479.052,5499.703,5596.010 ratio=0.582 reps=10000
Log 5 32 old_ns=9761.034,9797.210,9938.838 new_ns=5501.146,5531.998,5745.060 ratio=0.565 reps=10000
exp 18446744073709551557 8 old_ns=1686.371,1695.082,1705.096 new_ns=1674.742,1691.135,1711.335 ratio=0.998 reps=1000
log 18446744073709551557 8 old_ns=4158.993,4168.544,4192.920 new_ns=3721.398,3732.821,3742.467 ratio=0.895 reps=1000
Log 18446744073709551557 8 old_ns=12295.166,12411.110,12723.255 new_ns=11326.205,11369.382,11551.602 ratio=0.916 reps=1000
exp 18446744073709551557 16 old_ns=2867.858,2874.430,2897.537 new_ns=2875.750,2901.484,2963.982 ratio=1.009 reps=1000
log 18446744073709551557 16 old_ns=11618.171,11663.629,11752.434 new_ns=7296.972,7336.224,7365.742 ratio=0.629 reps=1000
Log 18446744073709551557 16 old_ns=44239.596,45093.415,45332.918 new_ns=33908.120,34149.566,34630.250 ratio=0.757 reps=1000
exp 18446744073709551557 32 old_ns=7022.942,7061.089,7111.287 new_ns=7014.893,7035.804,7133.261 ratio=0.996 reps=1000
log 18446744073709551557 32 old_ns=53684.049,54001.543,55995.956 new_ns=20600.177,20861.006,21365.665 ratio=0.386 reps=1000
Log 18446744073709551557 32 old_ns=219521.160,226959.498,229691.241 new_ns=129268.171,134134.823,135358.774 ratio=0.591 reps=1000
