cpu=2 threads=1 clock=MONOTONIC_RAW seed=0 warm_outputs=1 kind=call_rate trials=5
exp 2 8 old_ns=425.172,434.444,437.122 new_ns=432.459,432.902,433.789 ratio=0.996 reps=10000
log 2 8 old_ns=559.535,569.518,574.523 new_ns=558.986,563.756,579.487 ratio=0.990 reps=10000
Log 2 8 old_ns=448.180,451.993,459.420 new_ns=447.566,457.334,470.723 ratio=1.012 reps=10000
exp 2 16 old_ns=648.705,668.988,672.841 new_ns=656.837,678.273,680.452 ratio=1.014 reps=10000
log 2 16 old_ns=871.507,874.317,892.549 new_ns=876.512,881.250,920.639 ratio=1.008 reps=10000
Log 2 16 old_ns=754.061,765.398,766.796 new_ns=765.958,766.839,768.761 ratio=1.002 reps=10000
exp 2 32 old_ns=1214.778,1219.132,1223.414 new_ns=1222.639,1234.806,1271.040 ratio=1.013 reps=10000
log 2 32 old_ns=1837.111,1844.551,1848.503 new_ns=1845.333,1846.380,1853.338 ratio=1.001 reps=10000
Log 2 32 old_ns=1655.549,1690.274,1709.635 new_ns=1675.800,1693.244,1712.841 ratio=1.002 reps=10000
exp 3 8 old_ns=625.855,632.413,637.616 new_ns=633.862,638.264,645.524 ratio=1.009 reps=10000
log 3 8 old_ns=878.323,886.606,911.854 new_ns=846.864,863.586,894.469 ratio=0.974 reps=10000
Log 3 8 old_ns=827.627,840.787,852.324 new_ns=836.349,849.344,857.855 ratio=1.010 reps=10000
exp 3 16 old_ns=1116.195,1123.592,1126.960 new_ns=1124.242,1131.591,1133.626 ratio=1.007 reps=10000
log 3 16 old_ns=1352.353,1356.677,1373.736 new_ns=1337.463,1351.562,1366.676 ratio=0.996 reps=10000
Log 3 16 old_ns=1321.446,1338.715,1379.649 new_ns=1339.256,1369.494,1386.107 ratio=1.023 reps=10000
exp 3 32 old_ns=10150.082,10173.481,10480.115 new_ns=10113.865,10208.721,10576.174 ratio=1.003 reps=10000
log 3 32 old_ns=5025.058,5069.542,5260.014 new_ns=4881.279,4989.428,5050.010 ratio=0.984 reps=10000
Log 3 32 old_ns=4827.501,5014.188,5035.879 new_ns=4805.434,4821.878,5051.013 ratio=0.962 reps=10000
exp 5 8 old_ns=500.826,508.071,509.186 new_ns=495.049,507.984,513.136 ratio=1.000 reps=10000
log 5 8 old_ns=734.448,769.044,774.438 new_ns=743.751,763.487,773.241 ratio=0.993 reps=10000
Log 5 8 old_ns=713.635,729.445,750.618 new_ns=745.122,752.496,766.710 ratio=1.032 reps=10000
exp 5 16 old_ns=871.697,901.825,905.302 new_ns=805.234,906.983,920.482 ratio=1.006 reps=10000
log 5 16 old_ns=1783.153,1883.723,1944.361 new_ns=1850.774,1878.665,1925.290 ratio=0.997 reps=10000
Log 5 16 old_ns=2159.922,2207.965,2354.792 new_ns=2147.879,2256.157,2318.240 ratio=1.022 reps=10000
exp 5 32 old_ns=6725.141,6912.607,7174.711 new_ns=6785.668,6955.143,7210.888 ratio=1.006 reps=10000
log 5 32 old_ns=14108.031,14144.624,15222.550 new_ns=6641.490,6679.701,6987.250 ratio=0.472 reps=10000
Log 5 32 old_ns=7813.140,8125.764,15079.573 new_ns=4418.498,4538.639,6769.174 ratio=0.559 reps=10000
exp 18446744073709551557 8 old_ns=1396.244,1401.226,1438.826 new_ns=1377.822,1382.390,1394.516 ratio=0.987 reps=1000
log 18446744073709551557 8 old_ns=3443.043,3461.229,3490.578 new_ns=3056.528,3066.017,3081.873 ratio=0.886 reps=1000
Log 18446744073709551557 8 old_ns=10163.496,10168.942,10186.389 new_ns=9354.938,9395.802,9437.533 ratio=0.924 reps=1000
exp 18446744073709551557 16 old_ns=2369.073,2384.183,2424.872 new_ns=2364.654,2404.639,2485.367 ratio=1.009 reps=1000
log 18446744073709551557 16 old_ns=9566.554,9580.509,9593.150 new_ns=6042.432,6059.497,6114.012 ratio=0.632 reps=1000
Log 18446744073709551557 16 old_ns=37259.676,38481.358,39921.482 new_ns=28111.267,29217.943,30252.223 ratio=0.759 reps=1000
exp 18446744073709551557 32 old_ns=6001.913,6013.664,6223.062 new_ns=5978.338,6017.463,6169.084 ratio=1.001 reps=1000
log 18446744073709551557 32 old_ns=43773.846,43877.746,45307.979 new_ns=16858.720,16893.869,16944.730 ratio=0.385 reps=1000
Log 18446744073709551557 32 old_ns=183040.164,187847.302,188012.396 new_ns=107187.476,107252.574,111010.610 ratio=0.571 reps=1000
