cpu=2 threads=1 clock=MONOTONIC_RAW seed=0 warm_outputs=1 kind=call_rate trials=5
exp 2 8 old_ns=242.303,245.954,332.748 new_ns=239.466,241.416,741.184 ratio=0.982 reps=10000
log 2 8 old_ns=305.246,318.970,329.876 new_ns=296.468,310.889,320.001 ratio=0.975 reps=10000
Log 2 8 old_ns=257.743,259.734,274.787 new_ns=277.011,280.904,302.584 ratio=1.082 reps=10000
exp 2 16 old_ns=401.619,404.449,412.032 new_ns=401.331,403.352,409.358 ratio=0.997 reps=10000
log 2 16 old_ns=541.855,561.699,570.969 new_ns=555.543,564.248,568.526 ratio=1.005 reps=10000
Log 2 16 old_ns=509.576,515.080,540.227 new_ns=500.401,506.984,515.454 ratio=0.984 reps=10000
exp 2 32 old_ns=760.934,761.499,776.252 new_ns=760.348,766.273,779.580 ratio=1.006 reps=10000
log 2 32 old_ns=1205.553,1217.426,1229.471 new_ns=1462.404,1470.243,1485.234 ratio=1.208 reps=10000
Log 2 32 old_ns=1156.441,1172.721,1208.926 new_ns=1418.664,1465.598,1492.551 ratio=1.250 reps=10000
exp 3 8 old_ns=400.973,413.886,422.499 new_ns=397.603,416.288,424.089 ratio=1.006 reps=10000
log 3 8 old_ns=548.740,562.234,599.272 new_ns=560.103,568.970,593.804 ratio=1.012 reps=10000
Log 3 8 old_ns=563.266,574.531,574.715 new_ns=541.422,551.496,556.705 ratio=0.960 reps=10000
exp 3 16 old_ns=718.746,729.105,747.547 new_ns=715.067,727.666,765.356 ratio=0.998 reps=10000
log 3 16 old_ns=892.891,912.734,964.115 new_ns=893.313,906.670,941.361 ratio=0.993 reps=10000
Log 3 16 old_ns=881.277,886.417,893.193 new_ns=870.275,888.631,895.834 ratio=1.002 reps=10000
exp 3 32 old_ns=6288.187,6522.979,6555.761 new_ns=6316.907,6537.780,6607.379 ratio=1.002 reps=10000
log 3 32 old_ns=4085.681,4219.288,4235.373 new_ns=2717.391,2829.327,2836.874 ratio=0.671 reps=10000
Log 3 32 old_ns=4092.932,4222.608,4237.491 new_ns=2764.639,2844.524,2877.136 ratio=0.674 reps=10000
exp 5 8 old_ns=345.812,354.010,360.051 new_ns=344.832,349.613,350.371 ratio=0.988 reps=10000
log 5 8 old_ns=526.050,531.085,538.655 new_ns=520.034,536.835,538.916 ratio=1.011 reps=10000
Log 5 8 old_ns=506.904,512.843,525.241 new_ns=503.343,505.436,514.717 ratio=0.986 reps=10000
exp 5 16 old_ns=614.565,634.293,641.485 new_ns=632.975,636.449,726.735 ratio=1.003 reps=10000
log 5 16 old_ns=1419.196,1444.362,1513.159 new_ns=1437.355,1446.661,1456.016 ratio=1.002 reps=10000
Log 5 16 old_ns=1715.629,1752.756,1802.642 new_ns=1735.047,1809.212,1813.339 ratio=1.032 reps=10000
exp 5 32 old_ns=4322.249,4501.494,4512.393 new_ns=4340.181,4468.710,4490.353 ratio=0.993 reps=10000
log 5 32 old_ns=8758.861,8962.283,8975.972 new_ns=5127.146,5240.413,5292.376 ratio=0.585 reps=10000
Log 5 32 old_ns=9158.383,9344.412,9375.144 new_ns=5111.431,5285.333,5294.371 ratio=0.566 reps=10000
exp 18446744073709551557 8 old_ns=1610.365,1617.166,1638.607 new_ns=1608.336,1613.359,1643.133 ratio=0.998 reps=1000
log 18446744073709551557 8 old_ns=4003.808,4028.296,4064.153 new_ns=3440.613,3586.847,3634.564 ratio=0.890 reps=1000
Log 18446744073709551557 8 old_ns=11375.968,11421.588,12009.477 new_ns=10475.481,10556.544,10983.671 ratio=0.924 reps=1000
exp 18446744073709551557 16 old_ns=2631.927,2648.761,2670.593 new_ns=2645.100,2665.287,2705.911 ratio=1.006 reps=1000
log 18446744073709551557 16 old_ns=10868.404,11270.045,11326.250 new_ns=6780.238,7056.957,7092.575 ratio=0.626 reps=1000
Log 18446744073709551557 16 old_ns=41600.492,43204.107,43295.168 new_ns=31657.626,32663.773,32734.466 ratio=0.756 reps=1000
exp 18446744073709551557 32 old_ns=6460.779,6477.434,6553.541 new_ns=6429.820,6447.063,6472.200 ratio=0.995 reps=1000
log 18446744073709551557 32 old_ns=48839.395,48867.117,48984.584 new_ns=18828.692,18910.758,19038.199 ratio=0.387 reps=1000
Log 18446744073709551557 32 old_ns=207503.792,210334.581,212860.851 new_ns=124142.765,125968.438,129151.881 ratio=0.599 reps=1000
