ok   prime_exact_values
FAIL tests/test_localfactor.c:557: prime_pole_lattice: check failed: call(y, s, v, prec) == ADF_NOT_DETERMINED | around p=2 k=-3 j=12
FAIL tests/test_localfactor.c:557: prime_pole_lattice: check failed: call(y, s, v, prec) == ADF_NOT_DETERMINED | around p=2 k=-3 j=30
FAIL tests/test_localfactor.c:557: prime_pole_lattice: check failed: call(y, s, v, prec) == ADF_NOT_DETERMINED | around p=2 k=-3 j=30
FAIL tests/test_localfactor.c:557: prime_pole_lattice: check failed: call(y, s, v, prec) == ADF_NOT_DETERMINED | around p=2 k=-3 j=60
FAIL tests/test_localfactor.c:557: prime_pole_lattice: check failed: call(y, s, v, prec) == ADF_NOT_DETERMINED | around p=2 k=-3 j=60
FAIL tests/test_localfactor.c:557: prime_pole_lattice: check failed: call(y, s, v, prec) == ADF_NOT_DETERMINED | around p=2 k=-2 j=12
FAIL tests/test_localfactor.c:557: prime_pole_lattice: check failed: call(y, s, v, prec) == ADF_NOT_DETERMINED | around p=2 k=-2 j=30
FAIL tests/test_localfactor.c:557: prime_pole_lattice: check failed: call(y, s, v, prec) == ADF_NOT_DETERMINED | around p=2 k=-2 j=30
FAIL tests/test_localfactor.c:557: prime_pole_lattice: check failed: call(y, s, v, prec) == ADF_NOT_DETERMINED | around p=2 k=-2 j=60
FAIL tests/test_localfactor.c:557: prime_pole_lattice: check failed: call(y, s, v, prec) == ADF_NOT_DETERMINED | around p=2 k=-2 j=60
FAIL tests/test_localfactor.c:557: prime_pole_lattice: check failed: call(y, s, v, prec) == ADF_NOT_DETERMINED | around p=2 k=-1 j=12
FAIL tests/test_localfactor.c:557: prime_pole_lattice: check failed: call(y, s, v, prec) == ADF_NOT_DETERMINED | around p=2 k=-1 j=30
FAIL tests/test_localfactor.c:557: prime_pole_lattice: check failed: call(y, s, v, prec) == ADF_NOT_DETERMINED | around p=2 k=-1 j=30
FAIL tests/test_localfactor.c:557: prime_pole_lattice: check failed: call(y, s, v, prec) == ADF_NOT_DETERMINED | around p=2 k=-1 j=60
FAIL tests/test_localfactor.c:557: prime_pole_lattice: check failed: call(y, s, v, prec) == ADF_NOT_DETERMINED | around p=2 k=-1 j=60
FAIL tests/test_localfactor.c:557: prime_pole_lattice: check failed: call(y, s, v, prec) == ADF_NOT_DETERMINED | around p=2 k=1 j=12
FAIL tests/test_localfactor.c:557: prime_pole_lattice: check failed: call(y, s, v, prec) == ADF_NOT_DETERMINED | around p=2 k=1 j=30
FAIL tests/test_localfactor.c:557: prime_pole_lattice: check failed: call(y, s, v, prec) == ADF_NOT_DETERMINED | around p=2 k=1 j=30
FAIL tests/test_localfactor.c:557: prime_pole_lattice: check failed: call(y, s, v, prec) == ADF_NOT_DETERMINED | around p=2 k=1 j=60
FAIL tests/test_localfactor.c:557: prime_pole_lattice: check failed: call(y, s, v, prec) == ADF_NOT_DETERMINED | around p=2 k=1 j=60
FAIL tests/test_localfactor.c:557: prime_pole_lattice: check failed: call(y, s, v, prec) == ADF_NOT_DETERMINED | around p=2 k=2 j=12
FAIL tests/test_localfactor.c:557: prime_pole_lattice: check failed: call(y, s, v, prec) == ADF_NOT_DETERMINED | around p=2 k=2 j=30
FAIL tests/test_localfactor.c:557: prime_pole_lattice: check failed: call(y, s, v, prec) == ADF_NOT_DETERMINED | around p=2 k=2 j=30
FAIL tests/test_localfactor.c:557: prime_pole_lattice: check failed: call(y, s, v, prec) == ADF_NOT_DETERMINED | around p=2 k=2 j=60
FAIL tests/test_localfactor.c:557: prime_pole_lattice: check failed: call(y, s, v, prec) == ADF_NOT_DETERMINED | around p=2 k=2 j=60
FAIL tests/test_localfactor.c:557: prime_pole_lattice: check failed: call(y, s, v, prec) == ADF_NOT_DETERMINED | around p=2 k=3 j=12
FAIL tests/test_localfactor.c:557: prime_pole_lattice: check failed: call(y, s, v, prec) == ADF_NOT_DETERMINED | around p=2 k=3 j=30
FAIL tests/test_localfactor.c:557: prime_pole_lattice: check failed: call(y, s, v, prec) == ADF_NOT_DETERMINED | around p=2 k=3 j=30
FAIL tests/test_localfactor.c:557: prime_pole_lattice: check failed: call(y, s, v, prec) == ADF_NOT_DETERMINED | around p=2 k=3 j=60
FAIL tests/test_localfactor.c:557: prime_pole_lattice: check failed: call(y, s, v, prec) == ADF_NOT_DETERMINED | around p=2 k=3 j=60
FAIL tests/test_localfactor.c:557: prime_pole_lattice: check failed: call(y, s, v, prec) == ADF_NOT_DETERMINED | around p=3 k=-3 j=4
FAIL tests/test_localfactor.c:557: prime_pole_lattice: check failed: call(y, s, v, prec) == ADF_NOT_DETERMINED | around p=3 k=-3 j=12
FAIL tests/test_localfactor.c:557: prime_pole_lattice: check failed: call(y, s, v, prec) == ADF_NOT_DETERMINED | around p=3 k=-3 j=30
FAIL tests/test_localfactor.c:557: prime_pole_lattice: check failed: call(y, s, v, prec) == ADF_NOT_DETERMINED | around p=3 k=-3 j=30
FAIL tests/test_localfactor.c:557: prime_pole_lattice: check failed: call(y, s, v, prec) == ADF_NOT_DETERMINED | around p=3 k=-3 j=60
FAIL tests/test_localfactor.c:557: prime_pole_lattice: check failed: call(y, s, v, prec) == ADF_NOT_DETERMINED | around p=3 k=-3 j=60
FAIL tests/test_localfactor.c:557: prime_pole_lattice: check failed: call(y, s, v, prec) == ADF_NOT_DETERMINED | around p=3 k=-2 j=12
FAIL tests/test_localfactor.c:557: prime_pole_lattice: check failed: call(y, s, v, prec) == ADF_NOT_DETERMINED | around p=3 k=-2 j=30
FAIL tests/test_localfactor.c:557: prime_pole_lattice: check failed: call(y, s, v, prec) == ADF_NOT_DETERMINED | around p=3 k=-2 j=30
FAIL tests/test_localfactor.c:557: prime_pole_lattice: check failed: call(y, s, v, prec) == ADF_NOT_DETERMINED | around p=3 k=-2 j=60
FAIL tests/test_localfactor.c:557: prime_pole_lattice: check failed: call(y, s, v, prec) == ADF_NOT_DETERMINED | around p=3 k=-2 j=60
FAIL tests/test_localfactor.c:557: prime_pole_lattice: check failed: call(y, s, v, prec) == ADF_NOT_DETERMINED | around p=3 k=-1 j=12
FAIL tests/test_localfactor.c:557: prime_pole_lattice: check failed: call(y, s, v, prec) == ADF_NOT_DETERMINED | around p=3 k=-1 j=30
FAIL tests/test_localfactor.c:557: prime_pole_lattice: check failed: call(y, s, v, prec) == ADF_NOT_DETERMINED | around p=3 k=-1 j=30
FAIL tests/test_localfactor.c:557: prime_pole_lattice: check failed: call(y, s, v, prec) == ADF_NOT_DETERMINED | around p=3 k=-1 j=60
FAIL tests/test_localfactor.c:557: prime_pole_lattice: check failed: call(y, s, v, prec) == ADF_NOT_DETERMINED | around p=3 k=-1 j=60
FAIL tests/test_localfactor.c:557: prime_pole_lattice: check failed: call(y, s, v, prec) == ADF_NOT_DETERMINED | around p=3 k=1 j=12
FAIL tests/test_localfactor.c:557: prime_pole_lattice: check failed: call(y, s, v, prec) == ADF_NOT_DETERMINED | around p=3 k=1 j=30
FAIL tests/test_localfactor.c:557: prime_pole_lattice: check failed: call(y, s, v, prec) == ADF_NOT_DETERMINED | around p=3 k=1 j=30
FAIL tests/test_localfactor.c:557: prime_pole_lattice: check failed: call(y, s, v, prec) == ADF_NOT_DETERMINED | around p=3 k=1 j=60
FAIL tests/test_localfactor.c:557: prime_pole_lattice: check failed: call(y, s, v, prec) == ADF_NOT_DETERMINED | around p=3 k=1 j=60
FAIL tests/test_localfactor.c:557: prime_pole_lattice: check failed: call(y, s, v, prec) == ADF_NOT_DETERMINED | around p=3 k=2 j=12
FAIL tests/test_localfactor.c:557: prime_pole_lattice: check failed: call(y, s, v, prec) == ADF_NOT_DETERMINED | around p=3 k=2 j=30
FAIL tests/test_localfactor.c:557: prime_pole_lattice: check failed: call(y, s, v, prec) == ADF_NOT_DETERMINED | around p=3 k=2 j=30
FAIL tests/test_localfactor.c:557: prime_pole_lattice: check failed: call(y, s, v, prec) == ADF_NOT_DETERMINED | around p=3 k=2 j=60
FAIL tests/test_localfactor.c:557: prime_pole_lattice: check failed: call(y, s, v, prec) == ADF_NOT_DETERMINED | around p=3 k=2 j=60
FAIL tests/test_localfactor.c:557: prime_pole_lattice: check failed: call(y, s, v, prec) == ADF_NOT_DETERMINED | around p=3 k=3 j=4
FAIL tests/test_localfactor.c:557: prime_pole_lattice: check failed: call(y, s, v, prec) == ADF_NOT_DETERMINED | around p=3 k=3 j=12
FAIL tests/test_localfactor.c:557: prime_pole_lattice: check failed: call(y, s, v, prec) == ADF_NOT_DETERMINED | around p=3 k=3 j=30
FAIL tests/test_localfactor.c:557: prime_pole_lattice: check failed: call(y, s, v, prec) == ADF_NOT_DETERMINED | around p=3 k=3 j=30
FAIL tests/test_localfactor.c:557: prime_pole_lattice: check failed: call(y, s, v, prec) == ADF_NOT_DETERMINED | around p=3 k=3 j=60
FAIL tests/test_localfactor.c:557: prime_pole_lattice: check failed: call(y, s, v, prec) == ADF_NOT_DETERMINED | around p=3 k=3 j=60
FAIL tests/test_localfactor.c:557: prime_pole_lattice: check failed: call(y, s, v, prec) == ADF_NOT_DETERMINED | around p=5 k=-3 j=12
FAIL tests/test_localfactor.c:557: prime_pole_lattice: check failed: call(y, s, v, prec) == ADF_NOT_DETERMINED | around p=5 k=-3 j=30
FAIL tests/test_localfactor.c:557: prime_pole_lattice: check failed: call(y, s, v, prec) == ADF_NOT_DETERMINED | around p=5 k=-3 j=30
FAIL tests/test_localfactor.c:557: prime_pole_lattice: check failed: call(y, s, v, prec) == ADF_NOT_DETERMINED | around p=5 k=-3 j=60
FAIL tests/test_localfactor.c:557: prime_pole_lattice: check failed: call(y, s, v, prec) == ADF_NOT_DETERMINED | around p=5 k=-3 j=60
FAIL tests/test_localfactor.c:557: prime_pole_lattice: check failed: call(y, s, v, prec) == ADF_NOT_DETERMINED | around p=5 k=-2 j=12
FAIL tests/test_localfactor.c:557: prime_pole_lattice: check failed: call(y, s, v, prec) == ADF_NOT_DETERMINED | around p=5 k=-2 j=30
FAIL tests/test_localfactor.c:557: prime_pole_lattice: check failed: call(y, s, v, prec) == ADF_NOT_DETERMINED | around p=5 k=-2 j=30
FAIL tests/test_localfactor.c:557: prime_pole_lattice: check failed: call(y, s, v, prec) == ADF_NOT_DETERMINED | around p=5 k=-2 j=60
FAIL tests/test_localfactor.c:557: prime_pole_lattice: check failed: call(y, s, v, prec) == ADF_NOT_DETERMINED | around p=5 k=-2 j=60
FAIL tests/test_localfactor.c:557: prime_pole_lattice: check failed: call(y, s, v, prec) == ADF_NOT_DETERMINED | around p=5 k=-1 j=12
FAIL tests/test_localfactor.c:557: prime_pole_lattice: check failed: call(y, s, v, prec) == ADF_NOT_DETERMINED | around p=5 k=-1 j=30
FAIL tests/test_localfactor.c:557: prime_pole_lattice: check failed: call(y, s, v, prec) == ADF_NOT_DETERMINED | around p=5 k=-1 j=30
FAIL tests/test_localfactor.c:557: prime_pole_lattice: check failed: call(y, s, v, prec) == ADF_NOT_DETERMINED | around p=5 k=-1 j=60
FAIL tests/test_localfactor.c:557: prime_pole_lattice: check failed: call(y, s, v, prec) == ADF_NOT_DETERMINED | around p=5 k=-1 j=60
FAIL tests/test_localfactor.c:557: prime_pole_lattice: check failed: call(y, s, v, prec) == ADF_NOT_DETERMINED | around p=5 k=1 j=12
FAIL tests/test_localfactor.c:557: prime_pole_lattice: check failed: call(y, s, v, prec) == ADF_NOT_DETERMINED | around p=5 k=1 j=30
FAIL tests/test_localfactor.c:557: prime_pole_lattice: check failed: call(y, s, v, prec) == ADF_NOT_DETERMINED | around p=5 k=1 j=30
FAIL tests/test_localfactor.c:557: prime_pole_lattice: check failed: call(y, s, v, prec) == ADF_NOT_DETERMINED | around p=5 k=1 j=60
FAIL tests/test_localfactor.c:557: prime_pole_lattice: check failed: call(y, s, v, prec) == ADF_NOT_DETERMINED | around p=5 k=1 j=60
FAIL tests/test_localfactor.c:557: prime_pole_lattice: check failed: call(y, s, v, prec) == ADF_NOT_DETERMINED | around p=5 k=2 j=12
FAIL tests/test_localfactor.c:557: prime_pole_lattice: check failed: call(y, s, v, prec) == ADF_NOT_DETERMINED | around p=5 k=2 j=30
FAIL tests/test_localfactor.c:557: prime_pole_lattice: check failed: call(y, s, v, prec) == ADF_NOT_DETERMINED | around p=5 k=2 j=30
FAIL tests/test_localfactor.c:557: prime_pole_lattice: check failed: call(y, s, v, prec) == ADF_NOT_DETERMINED | around p=5 k=2 j=60
FAIL tests/test_localfactor.c:557: prime_pole_lattice: check failed: call(y, s, v, prec) == ADF_NOT_DETERMINED | around p=5 k=2 j=60
FAIL tests/test_localfactor.c:557: prime_pole_lattice: check failed: call(y, s, v, prec) == ADF_NOT_DETERMINED | around p=5 k=3 j=12
FAIL tests/test_localfactor.c:557: prime_pole_lattice: check failed: call(y, s, v, prec) == ADF_NOT_DETERMINED | around p=5 k=3 j=30
FAIL tests/test_localfactor.c:557: prime_pole_lattice: check failed: call(y, s, v, prec) == ADF_NOT_DETERMINED | around p=5 k=3 j=30
FAIL tests/test_localfactor.c:557: prime_pole_lattice: check failed: call(y, s, v, prec) == ADF_NOT_DETERMINED | around p=5 k=3 j=60
FAIL tests/test_localfactor.c:557: prime_pole_lattice: check failed: call(y, s, v, prec) == ADF_NOT_DETERMINED | around p=5 k=3 j=60
FAIL tests/test_localfactor.c:557: prime_pole_lattice: check failed: call(y, s, v, prec) == ADF_NOT_DETERMINED | around p=7 k=-3 j=12
FAIL tests/test_localfactor.c:557: prime_pole_lattice: check failed: call(y, s, v, prec) == ADF_NOT_DETERMINED | around p=7 k=-3 j=30
FAIL tests/test_localfactor.c:557: prime_pole_lattice: check failed: call(y, s, v, prec) == ADF_NOT_DETERMINED | around p=7 k=-3 j=30
FAIL tests/test_localfactor.c:557: prime_pole_lattice: check failed: call(y, s, v, prec) == ADF_NOT_DETERMINED | around p=7 k=-3 j=60
FAIL tests/test_localfactor.c:557: prime_pole_lattice: check failed: call(y, s, v, prec) == ADF_NOT_DETERMINED | around p=7 k=-3 j=60
FAIL tests/test_localfactor.c:557: prime_pole_lattice: check failed: call(y, s, v, prec) == ADF_NOT_DETERMINED | around p=7 k=-2 j=12
FAIL tests/test_localfactor.c:557: prime_pole_lattice: check failed: call(y, s, v, prec) == ADF_NOT_DETERMINED | around p=7 k=-2 j=30
FAIL tests/test_localfactor.c:557: prime_pole_lattice: check failed: call(y, s, v, prec) == ADF_NOT_DETERMINED | around p=7 k=-2 j=30
FAIL tests/test_localfactor.c:557: prime_pole_lattice: check failed: call(y, s, v, prec) == ADF_NOT_DETERMINED | around p=7 k=-2 j=60
FAIL tests/test_localfactor.c:557: prime_pole_lattice: check failed: call(y, s, v, prec) == ADF_NOT_DETERMINED | around p=7 k=-2 j=60
FAIL tests/test_localfactor.c:557: prime_pole_lattice: check failed: call(y, s, v, prec) == ADF_NOT_DETERMINED | around p=7 k=-1 j=12
FAIL tests/test_localfactor.c:557: prime_pole_lattice: check failed: call(y, s, v, prec) == ADF_NOT_DETERMINED | around p=7 k=-1 j=30
FAIL tests/test_localfactor.c:557: prime_pole_lattice: check failed: call(y, s, v, prec) == ADF_NOT_DETERMINED | around p=7 k=-1 j=30
FAIL tests/test_localfactor.c:557: prime_pole_lattice: check failed: call(y, s, v, prec) == ADF_NOT_DETERMINED | around p=7 k=-1 j=60
FAIL tests/test_localfactor.c:557: prime_pole_lattice: check failed: call(y, s, v, prec) == ADF_NOT_DETERMINED | around p=7 k=-1 j=60
FAIL tests/test_localfactor.c:557: prime_pole_lattice: check failed: call(y, s, v, prec) == ADF_NOT_DETERMINED | around p=7 k=1 j=12
FAIL tests/test_localfactor.c:557: prime_pole_lattice: check failed: call(y, s, v, prec) == ADF_NOT_DETERMINED | around p=7 k=1 j=30
FAIL tests/test_localfactor.c:557: prime_pole_lattice: check failed: call(y, s, v, prec) == ADF_NOT_DETERMINED | around p=7 k=1 j=30
FAIL tests/test_localfactor.c:557: prime_pole_lattice: check failed: call(y, s, v, prec) == ADF_NOT_DETERMINED | around p=7 k=1 j=60
FAIL tests/test_localfactor.c:557: prime_pole_lattice: check failed: call(y, s, v, prec) == ADF_NOT_DETERMINED | around p=7 k=1 j=60
FAIL tests/test_localfactor.c:557: prime_pole_lattice: check failed: call(y, s, v, prec) == ADF_NOT_DETERMINED | around p=7 k=2 j=12
FAIL tests/test_localfactor.c:557: prime_pole_lattice: check failed: call(y, s, v, prec) == ADF_NOT_DETERMINED | around p=7 k=2 j=30
FAIL tests/test_localfactor.c:557: prime_pole_lattice: check failed: call(y, s, v, prec) == ADF_NOT_DETERMINED | around p=7 k=2 j=30
FAIL tests/test_localfactor.c:557: prime_pole_lattice: check failed: call(y, s, v, prec) == ADF_NOT_DETERMINED | around p=7 k=2 j=60
FAIL tests/test_localfactor.c:557: prime_pole_lattice: check failed: call(y, s, v, prec) == ADF_NOT_DETERMINED | around p=7 k=2 j=60
FAIL tests/test_localfactor.c:557: prime_pole_lattice: check failed: call(y, s, v, prec) == ADF_NOT_DETERMINED | around p=7 k=3 j=12
FAIL tests/test_localfactor.c:557: prime_pole_lattice: check failed: call(y, s, v, prec) == ADF_NOT_DETERMINED | around p=7 k=3 j=30
FAIL tests/test_localfactor.c:557: prime_pole_lattice: check failed: call(y, s, v, prec) == ADF_NOT_DETERMINED | around p=7 k=3 j=30
FAIL tests/test_localfactor.c:557: prime_pole_lattice: check failed: call(y, s, v, prec) == ADF_NOT_DETERMINED | around p=7 k=3 j=60
FAIL tests/test_localfactor.c:557: prime_pole_lattice: check failed: call(y, s, v, prec) == ADF_NOT_DETERMINED | around p=7 k=3 j=60
FAIL tests/test_localfactor.c:557: prime_pole_lattice: check failed: call(y, s, v, prec) == ADF_NOT_DETERMINED | around p=65537 k=-3 j=12
FAIL tests/test_localfactor.c:557: prime_pole_lattice: check failed: call(y, s, v, prec) == ADF_NOT_DETERMINED | around p=65537 k=-3 j=30
FAIL tests/test_localfactor.c:557: prime_pole_lattice: check failed: call(y, s, v, prec) == ADF_NOT_DETERMINED | around p=65537 k=-3 j=30
FAIL tests/test_localfactor.c:557: prime_pole_lattice: check failed: call(y, s, v, prec) == ADF_NOT_DETERMINED | around p=65537 k=-3 j=60
FAIL tests/test_localfactor.c:557: prime_pole_lattice: check failed: call(y, s, v, prec) == ADF_NOT_DETERMINED | around p=65537 k=-3 j=60
FAIL tests/test_localfactor.c:557: prime_pole_lattice: check failed: call(y, s, v, prec) == ADF_NOT_DETERMINED | around p=65537 k=-2 j=12
FAIL tests/test_localfactor.c:557: prime_pole_lattice: check failed: call(y, s, v, prec) == ADF_NOT_DETERMINED | around p=65537 k=-2 j=30
FAIL tests/test_localfactor.c:557: prime_pole_lattice: check failed: call(y, s, v, prec) == ADF_NOT_DETERMINED | around p=65537 k=-2 j=30
FAIL tests/test_localfactor.c:557: prime_pole_lattice: check failed: call(y, s, v, prec) == ADF_NOT_DETERMINED | around p=65537 k=-2 j=60
FAIL tests/test_localfactor.c:557: prime_pole_lattice: check failed: call(y, s, v, prec) == ADF_NOT_DETERMINED | around p=65537 k=-2 j=60
FAIL tests/test_localfactor.c:557: prime_pole_lattice: check failed: call(y, s, v, prec) == ADF_NOT_DETERMINED | around p=65537 k=-1 j=12
FAIL tests/test_localfactor.c:557: prime_pole_lattice: check failed: call(y, s, v, prec) == ADF_NOT_DETERMINED | around p=65537 k=-1 j=30
FAIL tests/test_localfactor.c:557: prime_pole_lattice: check failed: call(y, s, v, prec) == ADF_NOT_DETERMINED | around p=65537 k=-1 j=30
FAIL tests/test_localfactor.c:557: prime_pole_lattice: check failed: call(y, s, v, prec) == ADF_NOT_DETERMINED | around p=65537 k=-1 j=60
FAIL tests/test_localfactor.c:557: prime_pole_lattice: check failed: call(y, s, v, prec) == ADF_NOT_DETERMINED | around p=65537 k=-1 j=60
FAIL tests/test_localfactor.c:557: prime_pole_lattice: check failed: call(y, s, v, prec) == ADF_NOT_DETERMINED | around p=65537 k=1 j=12
FAIL tests/test_localfactor.c:557: prime_pole_lattice: check failed: call(y, s, v, prec) == ADF_NOT_DETERMINED | around p=65537 k=1 j=30
FAIL tests/test_localfactor.c:557: prime_pole_lattice: check failed: call(y, s, v, prec) == ADF_NOT_DETERMINED | around p=65537 k=1 j=30
FAIL tests/test_localfactor.c:557: prime_pole_lattice: check failed: call(y, s, v, prec) == ADF_NOT_DETERMINED | around p=65537 k=1 j=60
FAIL tests/test_localfactor.c:557: prime_pole_lattice: check failed: call(y, s, v, prec) == ADF_NOT_DETERMINED | around p=65537 k=1 j=60
FAIL tests/test_localfactor.c:557: prime_pole_lattice: check failed: call(y, s, v, prec) == ADF_NOT_DETERMINED | around p=65537 k=2 j=12
FAIL tests/test_localfactor.c:557: prime_pole_lattice: check failed: call(y, s, v, prec) == ADF_NOT_DETERMINED | around p=65537 k=2 j=30
FAIL tests/test_localfactor.c:557: prime_pole_lattice: check failed: call(y, s, v, prec) == ADF_NOT_DETERMINED | around p=65537 k=2 j=30
FAIL tests/test_localfactor.c:557: prime_pole_lattice: check failed: call(y, s, v, prec) == ADF_NOT_DETERMINED | around p=65537 k=2 j=60
FAIL tests/test_localfactor.c:557: prime_pole_lattice: check failed: call(y, s, v, prec) == ADF_NOT_DETERMINED | around p=65537 k=2 j=60
FAIL tests/test_localfactor.c:557: prime_pole_lattice: check failed: call(y, s, v, prec) == ADF_NOT_DETERMINED | around p=65537 k=3 j=12
FAIL tests/test_localfactor.c:557: prime_pole_lattice: check failed: call(y, s, v, prec) == ADF_NOT_DETERMINED | around p=65537 k=3 j=30
FAIL tests/test_localfactor.c:557: prime_pole_lattice: check failed: call(y, s, v, prec) == ADF_NOT_DETERMINED | around p=65537 k=3 j=30
FAIL tests/test_localfactor.c:557: prime_pole_lattice: check failed: call(y, s, v, prec) == ADF_NOT_DETERMINED | around p=65537 k=3 j=60
FAIL tests/test_localfactor.c:557: prime_pole_lattice: check failed: call(y, s, v, prec) == ADF_NOT_DETERMINED | around p=65537 k=3 j=60
FAIL tests/test_localfactor.c:557: prime_pole_lattice: check failed: call(y, s, v, prec) == ADF_NOT_DETERMINED | around p=18446744073709551557 k=-3 j=12
FAIL tests/test_localfactor.c:557: prime_pole_lattice: check failed: call(y, s, v, prec) == ADF_NOT_DETERMINED | around p=18446744073709551557 k=-3 j=30
FAIL tests/test_localfactor.c:557: prime_pole_lattice: check failed: call(y, s, v, prec) == ADF_NOT_DETERMINED | around p=18446744073709551557 k=-3 j=30
FAIL tests/test_localfactor.c:557: prime_pole_lattice: check failed: call(y, s, v, prec) == ADF_NOT_DETERMINED | around p=18446744073709551557 k=-3 j=60
FAIL tests/test_localfactor.c:557: prime_pole_lattice: check failed: call(y, s, v, prec) == ADF_NOT_DETERMINED | around p=18446744073709551557 k=-3 j=60
FAIL tests/test_localfactor.c:557: prime_pole_lattice: check failed: call(y, s, v, prec) == ADF_NOT_DETERMINED | around p=18446744073709551557 k=-2 j=12
FAIL tests/test_localfactor.c:557: prime_pole_lattice: check failed: call(y, s, v, prec) == ADF_NOT_DETERMINED | around p=18446744073709551557 k=-2 j=30
FAIL tests/test_localfactor.c:557: prime_pole_lattice: check failed: call(y, s, v, prec) == ADF_NOT_DETERMINED | around p=18446744073709551557 k=-2 j=30
FAIL tests/test_localfactor.c:557: prime_pole_lattice: check failed: call(y, s, v, prec) == ADF_NOT_DETERMINED | around p=18446744073709551557 k=-2 j=60
FAIL tests/test_localfactor.c:557: prime_pole_lattice: check failed: call(y, s, v, prec) == ADF_NOT_DETERMINED | around p=18446744073709551557 k=-2 j=60
FAIL tests/test_localfactor.c:557: prime_pole_lattice: check failed: call(y, s, v, prec) == ADF_NOT_DETERMINED | around p=18446744073709551557 k=-1 j=12
FAIL tests/test_localfactor.c:557: prime_pole_lattice: check failed: call(y, s, v, prec) == ADF_NOT_DETERMINED | around p=18446744073709551557 k=-1 j=30
FAIL tests/test_localfactor.c:557: prime_pole_lattice: check failed: call(y, s, v, prec) == ADF_NOT_DETERMINED | around p=18446744073709551557 k=-1 j=30
FAIL tests/test_localfactor.c:557: prime_pole_lattice: check failed: call(y, s, v, prec) == ADF_NOT_DETERMINED | around p=18446744073709551557 k=-1 j=60
FAIL tests/test_localfactor.c:557: prime_pole_lattice: check failed: call(y, s, v, prec) == ADF_NOT_DETERMINED | around p=18446744073709551557 k=-1 j=60
FAIL tests/test_localfactor.c:557: prime_pole_lattice: check failed: call(y, s, v, prec) == ADF_NOT_DETERMINED | around p=18446744073709551557 k=1 j=12
FAIL tests/test_localfactor.c:557: prime_pole_lattice: check failed: call(y, s, v, prec) == ADF_NOT_DETERMINED | around p=18446744073709551557 k=1 j=30
FAIL tests/test_localfactor.c:557: prime_pole_lattice: check failed: call(y, s, v, prec) == ADF_NOT_DETERMINED | around p=18446744073709551557 k=1 j=30
FAIL tests/test_localfactor.c:557: prime_pole_lattice: check failed: call(y, s, v, prec) == ADF_NOT_DETERMINED | around p=18446744073709551557 k=1 j=60
FAIL tests/test_localfactor.c:557: prime_pole_lattice: check failed: call(y, s, v, prec) == ADF_NOT_DETERMINED | around p=18446744073709551557 k=1 j=60
FAIL tests/test_localfactor.c:557: prime_pole_lattice: check failed: call(y, s, v, prec) == ADF_NOT_DETERMINED | around p=18446744073709551557 k=2 j=12
FAIL tests/test_localfactor.c:557: prime_pole_lattice: check failed: call(y, s, v, prec) == ADF_NOT_DETERMINED | around p=18446744073709551557 k=2 j=30
FAIL tests/test_localfactor.c:557: prime_pole_lattice: check failed: call(y, s, v, prec) == ADF_NOT_DETERMINED | around p=18446744073709551557 k=2 j=30
FAIL tests/test_localfactor.c:557: prime_pole_lattice: check failed: call(y, s, v, prec) == ADF_NOT_DETERMINED | around p=18446744073709551557 k=2 j=60
FAIL tests/test_localfactor.c:557: prime_pole_lattice: check failed: call(y, s, v, prec) == ADF_NOT_DETERMINED | around p=18446744073709551557 k=2 j=60
FAIL tests/test_localfactor.c:557: prime_pole_lattice: check failed: call(y, s, v, prec) == ADF_NOT_DETERMINED | around p=18446744073709551557 k=3 j=12
FAIL tests/test_localfactor.c:557: prime_pole_lattice: check failed: call(y, s, v, prec) == ADF_NOT_DETERMINED | around p=18446744073709551557 k=3 j=30
FAIL tests/test_localfactor.c:557: prime_pole_lattice: check failed: call(y, s, v, prec) == ADF_NOT_DETERMINED | around p=18446744073709551557 k=3 j=30
FAIL tests/test_localfactor.c:557: prime_pole_lattice: check failed: call(y, s, v, prec) == ADF_NOT_DETERMINED | around p=18446744073709551557 k=3 j=60
FAIL tests/test_localfactor.c:557: prime_pole_lattice: check failed: call(y, s, v, prec) == ADF_NOT_DETERMINED | around p=18446744073709551557 k=3 j=60
pole lattice: 840 NOT_DETERMINED calls, 420 OK calls with reference containment
FAIL prime_pole_lattice (tests/test_localfactor.c:528, 182 failed checks)
ok   prime_statuses_and_outputs
ok   prime_handles
FAIL tests/test_localfactor.c:701: prime_extreme_arguments: check failed: acb_contains(y, ref)
FAIL tests/test_localfactor.c:704: prime_extreme_arguments: check failed: call(y, s, v, 128) == ADF_NOT_DETERMINED
FAIL prime_extreme_arguments (tests/test_localfactor.c:651, 2 failed checks)
FAIL tests/test_localfactor.c:346: prime_vectors: check failed: sample_inside(y, sub_field(r, "value"), sub_field(r, "point_error"), pt, v, arb_is_zero(acb_imagref(pt))) | row line 186: midpoint value outside
FAIL tests/test_localfactor.c:355: prime_vectors: check failed: sample_inside(y, sub_field(smp, "value"), sub_field(smp, "point_error"), pt, v, arb_is_zero(acb_imagref(pt))) | row line 186: sample 0 outside
FAIL tests/test_localfactor.c:346: prime_vectors: check failed: sample_inside(y, sub_field(r, "value"), sub_field(r, "point_error"), pt, v, arb_is_zero(acb_imagref(pt))) | row line 187: midpoint value outside
FAIL tests/test_localfactor.c:355: prime_vectors: check failed: sample_inside(y, sub_field(smp, "value"), sub_field(smp, "point_error"), pt, v, arb_is_zero(acb_imagref(pt))) | row line 187: sample 0 outside
FAIL tests/test_localfactor.c:346: prime_vectors: check failed: sample_inside(y, sub_field(r, "value"), sub_field(r, "point_error"), pt, v, arb_is_zero(acb_imagref(pt))) | row line 196: midpoint value outside
FAIL tests/test_localfactor.c:355: prime_vectors: check failed: sample_inside(y, sub_field(smp, "value"), sub_field(smp, "point_error"), pt, v, arb_is_zero(acb_imagref(pt))) | row line 196: sample 0 outside
FAIL tests/test_localfactor.c:346: prime_vectors: check failed: sample_inside(y, sub_field(r, "value"), sub_field(r, "point_error"), pt, v, arb_is_zero(acb_imagref(pt))) | row line 197: midpoint value outside
FAIL tests/test_localfactor.c:355: prime_vectors: check failed: sample_inside(y, sub_field(smp, "value"), sub_field(smp, "point_error"), pt, v, arb_is_zero(acb_imagref(pt))) | row line 197: sample 0 outside
FAIL tests/test_localfactor.c:346: prime_vectors: check failed: sample_inside(y, sub_field(r, "value"), sub_field(r, "point_error"), pt, v, arb_is_zero(acb_imagref(pt))) | row line 198: midpoint value outside
FAIL tests/test_localfactor.c:355: prime_vectors: check failed: sample_inside(y, sub_field(smp, "value"), sub_field(smp, "point_error"), pt, v, arb_is_zero(acb_imagref(pt))) | row line 198: sample 0 outside
FAIL tests/test_localfactor.c:346: prime_vectors: check failed: sample_inside(y, sub_field(r, "value"), sub_field(r, "point_error"), pt, v, arb_is_zero(acb_imagref(pt))) | row line 205: midpoint value outside
FAIL tests/test_localfactor.c:355: prime_vectors: check failed: sample_inside(y, sub_field(smp, "value"), sub_field(smp, "point_error"), pt, v, arb_is_zero(acb_imagref(pt))) | row line 205: sample 0 outside
FAIL tests/test_localfactor.c:346: prime_vectors: check failed: sample_inside(y, sub_field(r, "value"), sub_field(r, "point_error"), pt, v, arb_is_zero(acb_imagref(pt))) | row line 206: midpoint value outside
FAIL tests/test_localfactor.c:355: prime_vectors: check failed: sample_inside(y, sub_field(smp, "value"), sub_field(smp, "point_error"), pt, v, arb_is_zero(acb_imagref(pt))) | row line 206: sample 0 outside
FAIL tests/test_localfactor.c:346: prime_vectors: check failed: sample_inside(y, sub_field(r, "value"), sub_field(r, "point_error"), pt, v, arb_is_zero(acb_imagref(pt))) | row line 207: midpoint value outside
FAIL tests/test_localfactor.c:355: prime_vectors: check failed: sample_inside(y, sub_field(smp, "value"), sub_field(smp, "point_error"), pt, v, arb_is_zero(acb_imagref(pt))) | row line 207: sample 0 outside
FAIL tests/test_localfactor.c:346: prime_vectors: check failed: sample_inside(y, sub_field(r, "value"), sub_field(r, "point_error"), pt, v, arb_is_zero(acb_imagref(pt))) | row line 215: midpoint value outside
FAIL tests/test_localfactor.c:355: prime_vectors: check failed: sample_inside(y, sub_field(smp, "value"), sub_field(smp, "point_error"), pt, v, arb_is_zero(acb_imagref(pt))) | row line 215: sample 0 outside
FAIL tests/test_localfactor.c:346: prime_vectors: check failed: sample_inside(y, sub_field(r, "value"), sub_field(r, "point_error"), pt, v, arb_is_zero(acb_imagref(pt))) | row line 216: midpoint value outside
FAIL tests/test_localfactor.c:355: prime_vectors: check failed: sample_inside(y, sub_field(smp, "value"), sub_field(smp, "point_error"), pt, v, arb_is_zero(acb_imagref(pt))) | row line 216: sample 0 outside
FAIL tests/test_localfactor.c:346: prime_vectors: check failed: sample_inside(y, sub_field(r, "value"), sub_field(r, "point_error"), pt, v, arb_is_zero(acb_imagref(pt))) | row line 223: midpoint value outside
FAIL tests/test_localfactor.c:355: prime_vectors: check failed: sample_inside(y, sub_field(smp, "value"), sub_field(smp, "point_error"), pt, v, arb_is_zero(acb_imagref(pt))) | row line 223: sample 0 outside
FAIL tests/test_localfactor.c:346: prime_vectors: check failed: sample_inside(y, sub_field(r, "value"), sub_field(r, "point_error"), pt, v, arb_is_zero(acb_imagref(pt))) | row line 224: midpoint value outside
FAIL tests/test_localfactor.c:355: prime_vectors: check failed: sample_inside(y, sub_field(smp, "value"), sub_field(smp, "point_error"), pt, v, arb_is_zero(acb_imagref(pt))) | row line 224: sample 0 outside
FAIL tests/test_localfactor.c:346: prime_vectors: check failed: sample_inside(y, sub_field(r, "value"), sub_field(r, "point_error"), pt, v, arb_is_zero(acb_imagref(pt))) | row line 225: midpoint value outside
FAIL tests/test_localfactor.c:355: prime_vectors: check failed: sample_inside(y, sub_field(smp, "value"), sub_field(smp, "point_error"), pt, v, arb_is_zero(acb_imagref(pt))) | row line 225: sample 0 outside
FAIL tests/test_localfactor.c:346: prime_vectors: check failed: sample_inside(y, sub_field(r, "value"), sub_field(r, "point_error"), pt, v, arb_is_zero(acb_imagref(pt))) | row line 226: midpoint value outside
FAIL tests/test_localfactor.c:355: prime_vectors: check failed: sample_inside(y, sub_field(smp, "value"), sub_field(smp, "point_error"), pt, v, arb_is_zero(acb_imagref(pt))) | row line 226: sample 0 outside
FAIL tests/test_localfactor.c:346: prime_vectors: check failed: sample_inside(y, sub_field(r, "value"), sub_field(r, "point_error"), pt, v, arb_is_zero(acb_imagref(pt))) | row line 227: midpoint value outside
FAIL tests/test_localfactor.c:355: prime_vectors: check failed: sample_inside(y, sub_field(smp, "value"), sub_field(smp, "point_error"), pt, v, arb_is_zero(acb_imagref(pt))) | row line 227: sample 0 outside
FAIL tests/test_localfactor.c:346: prime_vectors: check failed: sample_inside(y, sub_field(r, "value"), sub_field(r, "point_error"), pt, v, arb_is_zero(acb_imagref(pt))) | row line 229: midpoint value outside
FAIL tests/test_localfactor.c:355: prime_vectors: check failed: sample_inside(y, sub_field(smp, "value"), sub_field(smp, "point_error"), pt, v, arb_is_zero(acb_imagref(pt))) | row line 229: sample 0 outside
FAIL tests/test_localfactor.c:346: prime_vectors: check failed: sample_inside(y, sub_field(r, "value"), sub_field(r, "point_error"), pt, v, arb_is_zero(acb_imagref(pt))) | row line 233: midpoint value outside
FAIL tests/test_localfactor.c:355: prime_vectors: check failed: sample_inside(y, sub_field(smp, "value"), sub_field(smp, "point_error"), pt, v, arb_is_zero(acb_imagref(pt))) | row line 233: sample 0 outside
FAIL tests/test_localfactor.c:346: prime_vectors: check failed: sample_inside(y, sub_field(r, "value"), sub_field(r, "point_error"), pt, v, arb_is_zero(acb_imagref(pt))) | row line 234: midpoint value outside
FAIL tests/test_localfactor.c:355: prime_vectors: check failed: sample_inside(y, sub_field(smp, "value"), sub_field(smp, "point_error"), pt, v, arb_is_zero(acb_imagref(pt))) | row line 234: sample 0 outside
FAIL tests/test_localfactor.c:346: prime_vectors: check failed: sample_inside(y, sub_field(r, "value"), sub_field(r, "point_error"), pt, v, arb_is_zero(acb_imagref(pt))) | row line 235: midpoint value outside
FAIL tests/test_localfactor.c:355: prime_vectors: check failed: sample_inside(y, sub_field(smp, "value"), sub_field(smp, "point_error"), pt, v, arb_is_zero(acb_imagref(pt))) | row line 235: sample 0 outside
FAIL tests/test_localfactor.c:346: prime_vectors: check failed: sample_inside(y, sub_field(r, "value"), sub_field(r, "point_error"), pt, v, arb_is_zero(acb_imagref(pt))) | row line 236: midpoint value outside
FAIL tests/test_localfactor.c:355: prime_vectors: check failed: sample_inside(y, sub_field(smp, "value"), sub_field(smp, "point_error"), pt, v, arb_is_zero(acb_imagref(pt))) | row line 236: sample 0 outside
FAIL tests/test_localfactor.c:346: prime_vectors: check failed: sample_inside(y, sub_field(r, "value"), sub_field(r, "point_error"), pt, v, arb_is_zero(acb_imagref(pt))) | row line 240: midpoint value outside
FAIL tests/test_localfactor.c:355: prime_vectors: check failed: sample_inside(y, sub_field(smp, "value"), sub_field(smp, "point_error"), pt, v, arb_is_zero(acb_imagref(pt))) | row line 240: sample 0 outside
FAIL tests/test_localfactor.c:346: prime_vectors: check failed: sample_inside(y, sub_field(r, "value"), sub_field(r, "point_error"), pt, v, arb_is_zero(acb_imagref(pt))) | row line 257: midpoint value outside
FAIL tests/test_localfactor.c:355: prime_vectors: check failed: sample_inside(y, sub_field(smp, "value"), sub_field(smp, "point_error"), pt, v, arb_is_zero(acb_imagref(pt))) | row line 257: sample 0 outside
FAIL tests/test_localfactor.c:327: prime_vectors: check failed: got == want || (want == ADF_OK && got == ADF_NOT_DETERMINED) | row 257 (2, huge_imaginary, line 258): status 0, oracle NOT_DETERMINED
status differs from the simulation: line 258 kind huge_imaginary place 2 prec 128: 0, oracle NOT_DETERMINED
FAIL tests/test_localfactor.c:327: prime_vectors: check failed: got == want || (want == ADF_OK && got == ADF_NOT_DETERMINED) | row 258 (2, precision, line 259): status 0, oracle NOT_DETERMINED
status differs from the simulation: line 259 kind precision place 2 prec 16: 0, oracle NOT_DETERMINED
FAIL tests/test_localfactor.c:327: prime_vectors: check failed: got == want || (want == ADF_OK && got == ADF_NOT_DETERMINED) | row 260 (3, precision, line 261): status 0, oracle NOT_DETERMINED
status differs from the simulation: line 261 kind precision place 3 prec 16: 0, oracle NOT_DETERMINED
FAIL tests/test_localfactor.c:327: prime_vectors: check failed: got == want || (want == ADF_OK && got == ADF_NOT_DETERMINED) | row 262 (5, precision, line 263): status 0, oracle NOT_DETERMINED
status differs from the simulation: line 263 kind precision place 5 prec 16: 0, oracle NOT_DETERMINED
FAIL tests/test_localfactor.c:327: prime_vectors: check failed: got == want || (want == ADF_OK && got == ADF_NOT_DETERMINED) | row 264 (7, precision, line 265): status 0, oracle NOT_DETERMINED
status differs from the simulation: line 265 kind precision place 7 prec 16: 0, oracle NOT_DETERMINED
FAIL tests/test_localfactor.c:327: prime_vectors: check failed: got == want || (want == ADF_OK && got == ADF_NOT_DETERMINED) | row 266 (65537, precision, line 267): status 0, oracle NOT_DETERMINED
status differs from the simulation: line 267 kind precision place 65537 prec 16: 0, oracle NOT_DETERMINED
FAIL tests/test_localfactor.c:327: prime_vectors: check failed: got == want || (want == ADF_OK && got == ADF_NOT_DETERMINED) | row 268 (18446744073709551557, precision, line 269): status 0, oracle NOT_DETERMINED
status differs from the simulation: line 269 kind precision place 18446744073709551557 prec 16: 0, oracle NOT_DETERMINED
tests/ref/vectors/f-slice14/zeta.jsonl (places 0): rows 216, OK 75, samples contained 171, width checked 24, width missed 0, status differs 7, raised certificates 26
FAIL prime_vectors (tests/test_localfactor.c:714, 51 failed checks)
ok   real_exact_values
real poles: 420 NOT_DETERMINED calls, 210 OK calls with cross-check containment
ok   real_poles
ok   real_recurrence
tests/ref/vectors/f-slice14/zeta.jsonl (places 1): rows 54, OK 17, samples contained 57, width checked 10, width missed 0, status differs 0, raised certificates 0
ok   real_vectors
prime closed zero boundary: 2520 NOT_DETERMINED calls
ok   prime_closed_zero_boundary
real closed poles before limit: 210 NOT_DETERMINED calls
ok   real_closed_pole_before_limit
certified near poles: 6730 calls, 26910 endpoint/corner/midpoint samples
ok   real_certified_near_poles
13 tests, 307490 checks, 235 failed checks, 3 failed tests
