rational_rows=6168
row=1369 line=123 check=arb_contains_arf(y->inf, lo)
row=1369 line=123 check=arb_contains_arf(y->inf, hi)
row=1369 line=123 check=arb_contains_arf(y->inf, lo)
row=1369 line=123 check=arb_contains_arf(y->inf, hi)
row=1369 line=123 check=arb_contains_arf(y->inf, lo)
row=1369 line=123 check=arb_contains_arf(y->inf, hi)
row=1370 line=123 check=arb_contains_arf(y->inf, lo)
row=1370 line=123 check=arb_contains_arf(y->inf, hi)
row=1370 line=123 check=arb_contains_arf(y->inf, lo)
row=1370 line=123 check=arb_contains_arf(y->inf, hi)
row=1370 line=123 check=arb_contains_arf(y->inf, lo)
row=1370 line=123 check=arb_contains_arf(y->inf, hi)
row=1371 line=123 check=arb_contains_arf(y->inf, lo)
row=1371 line=123 check=arb_contains_arf(y->inf, hi)
row=1371 line=123 check=arb_contains_arf(y->inf, lo)
row=1371 line=123 check=arb_contains_arf(y->inf, hi)
row=1371 line=123 check=arb_contains_arf(y->inf, lo)
row=1371 line=123 check=arb_contains_arf(y->inf, hi)
row=1372 line=123 check=arb_contains_arf(y->inf, lo)
row=1372 line=123 check=arb_contains_arf(y->inf, hi)
row=1372 line=123 check=arb_contains_arf(y->inf, lo)
row=1372 line=123 check=arb_contains_arf(y->inf, hi)
row=1372 line=123 check=arb_contains_arf(y->inf, lo)
row=1372 line=123 check=arb_contains_arf(y->inf, hi)
row=1373 line=123 check=arb_contains_arf(y->inf, lo)
row=1373 line=123 check=arb_contains_arf(y->inf, hi)
row=1373 line=123 check=arb_contains_arf(y->inf, lo)
row=1373 line=123 check=arb_contains_arf(y->inf, hi)
row=1373 line=123 check=arb_contains_arf(y->inf, lo)
real_rows=14652
calls=98604 checks=684324 failures=2832
