{
  "custom_cases": 120,
  "exit": 1,
  "mismatches": [
    {
      "case": 19,
      "command": "root (1 + 0 i ; 1) with 1",
      "expected": "error: DOMAIN",
      "actual": "error: PARSE"
    },
    {
      "case": 20,
      "command": "exp (1 + 0 i ; 1)",
      "expected": "error: DOMAIN",
      "actual": "error: PARSE"
    },
    {
      "case": 21,
      "command": "sin (1 + 0 i ; 1)",
      "expected": "error: DOMAIN",
      "actual": "error: PARSE"
    },
    {
      "case": 22,
      "command": "sinh (1 + 0 i ; 1)",
      "expected": "error: DOMAIN",
      "actual": "error: PARSE"
    },
    {
      "case": 23,
      "command": "cos (1 + 0 i ; 1)",
      "expected": "error: DOMAIN",
      "actual": "error: PARSE"
    },
    {
      "case": 24,
      "command": "cosh (1 + 0 i ; 1)",
      "expected": "error: DOMAIN",
      "actual": "error: PARSE"
    },
    {
      "case": 37,
      "command": "root {1 ; [1]} with 1",
      "expected": "error: DOMAIN",
      "actual": "error: PARSE"
    },
    {
      "case": 38,
      "command": "exp {1 ; [1]}",
      "expected": "error: DOMAIN",
      "actual": "error: PARSE"
    },
    {
      "case": 39,
      "command": "sin {1 ; [1]}",
      "expected": "error: DOMAIN",
      "actual": "error: PARSE"
    },
    {
      "case": 40,
      "command": "sinh {1 ; [1]}",
      "expected": "error: DOMAIN",
      "actual": "error: PARSE"
    },
    {
      "case": 41,
      "command": "cos {1 ; [1]}",
      "expected": "error: DOMAIN",
      "actual": "error: PARSE"
    },
    {
      "case": 42,
      "command": "cosh {1 ; [1]}",
      "expected": "error: DOMAIN",
      "actual": "error: PARSE"
    }
  ]
}
{"golden": "gfunc-root", "lines": 43, "exit": 1, "equal": true}
{"golden": "gfunc-series", "lines": 23, "exit": 1, "equal": true}
{"golden": "10_line_language", "lines": 6, "exit": 0, "equal": true}
{"golden": "12_status_order", "lines": 13, "exit": 1, "equal": true}
{"golden": "root-status", "lines": 15, "exit": 1, "equal": true}
{"golden": "pow-status", "lines": 20, "exit": 1, "equal": true}
