== build/libadelefeld.so is missing or stale; building it with tests/test_exports.sh
== building the shared object
   build/exports/libadelefeld.so, copied to build/libadelefeld.so
== 297 function names declared in include/adelefeld/*.h
== variadic declarations (conventions 12.2)
   none
== 297 defined dynamic symbols that are public names, 0 reserved name(s)
== declared and exported: 297
adf_adele_add
adf_adele_add_rat
adf_adele_clear
adf_adele_div_rat
adf_adele_dump_inspect
adf_adele_dump_str
adf_adele_get_arb_at
adf_adele_get_fin
adf_adele_get_real
adf_adele_get_str
adf_adele_identical
adf_adele_init
adf_adele_is_canonical
adf_adele_load_str
adf_adele_load_str_binds
adf_adele_mul
adf_adele_mul_rat
adf_adele_neg
adf_adele_reconstruct
adf_adele_set
adf_adele_set_arb_fball
adf_adele_set_rat
adf_adele_set_si
adf_adele_set_str
adf_adele_sub
adf_adele_swap
adf_alignof_adele
adf_alignof_cadele
adf_alignof_ctx_desc
adf_alignof_fball
adf_alignof_idele
adf_alignof_linsol
adf_alignof_place
adf_alignof_rat
adf_alignof_recon_cert
adf_alignof_resid
adf_alignof_rootlist
adf_alignof_scaled
adf_alignof_text_kind
adf_alignof_text_limits
adf_alignof_ucoset
adf_cadele_add
adf_cadele_add_rat
adf_cadele_clear
adf_cadele_div_rat
adf_cadele_dump_inspect
adf_cadele_dump_str
adf_cadele_get_complex
adf_cadele_get_fin
adf_cadele_get_str
adf_cadele_identical
adf_cadele_init
adf_cadele_is_canonical
adf_cadele_load_str
adf_cadele_load_str_binds
adf_cadele_mul
adf_cadele_mul_rat
adf_cadele_neg
adf_cadele_set
adf_cadele_set_acb_fball
adf_cadele_set_adele
adf_cadele_set_rat
adf_cadele_set_str
adf_cadele_sub
adf_cadele_swap
adf_ctx_desc_clear
adf_ctx_desc_init
adf_fball_add
adf_fball_add_cap
adf_fball_canonicalise
adf_fball_cap
adf_fball_clear
adf_fball_compare
adf_fball_contains
adf_fball_contains_rat
adf_fball_context
adf_fball_div_rat
adf_fball_dump_inspect
adf_fball_dump_str
adf_fball_equal_set
adf_fball_get_center
adf_fball_get_den
adf_fball_get_fmpz3
adf_fball_get_radius
adf_fball_get_str
adf_fball_haar_volume
adf_fball_identical
adf_fball_init
adf_fball_is_canonical
adf_fball_is_exact
adf_fball_is_local
adf_fball_load_str
adf_fball_load_str_binds
adf_fball_mul
adf_fball_mul_cap
adf_fball_mul_rat
adf_fball_mul_rat_cap
adf_fball_neg
adf_fball_one
adf_fball_overlaps
adf_fball_prec_at
adf_fball_reconstruct
adf_fball_set
adf_fball_set_center_radius
adf_fball_set_fmpz
adf_fball_set_fmpz3
adf_fball_set_global
adf_fball_set_local
adf_fball_set_local_enclose
adf_fball_set_rat
adf_fball_set_si
adf_fball_set_str
adf_fball_sub
adf_fball_sub_cap
adf_fball_swap
adf_fball_zero
adf_flint_version_compiled
adf_idele_clear
adf_idele_content
adf_idele_get_real
adf_idele_get_unit
adf_idele_identical
adf_idele_init
adf_idele_inv
adf_idele_is_canonical
adf_idele_mul
adf_idele_set
adf_idele_set_parts
adf_idele_set_rat
adf_idele_swap
adf_linsol_clear
adf_linsol_contains
adf_linsol_get_dual
adf_linsol_get_fball
adf_linsol_get_image_cert
adf_linsol_get_kernel
adf_linsol_get_particular
adf_linsol_identical
adf_linsol_init
adf_linsol_is_canonical
adf_linsol_kernel_order
adf_linsol_kernel_rows
adf_linsol_kind
adf_linsol_set
adf_linsol_swap
adf_linsolve_fball
adf_linsolve_mod
adf_linsol_verify
adf_linsol_verify_fball
adf_modctx_block
adf_modctx_dump_str
adf_modctx_free
adf_modctx_get_modulus
adf_modctx_matches_desc
adf_modctx_nblocks
adf_modctx_new_blocks
adf_modctx_new_factorial
adf_modctx_new_fmpz
adf_modctx_new_from_dump
adf_modctx_new_prime_powers
adf_modctx_new_primorial_pow
adf_place_cmp
adf_place_equal
adf_place_inf
adf_place_is_archimedean
adf_place_prime
adf_place_prime_get
adf_rat_add
adf_rat_clear
adf_rat_div
adf_rat_dump_inspect
adf_rat_dump_str
adf_rat_equal
adf_rat_get_fmpq
adf_rat_get_str
adf_rat_identical
adf_rat_init
adf_rat_inv
adf_rat_is_canonical
adf_rat_is_zero
adf_rat_load_str
adf_rat_load_str_binds
adf_rat_mul
adf_rat_neg
adf_rat_one
adf_rat_set
adf_rat_set_fmpq
adf_rat_set_fmpz
adf_rat_set_fmpz2
adf_rat_set_si
adf_rat_set_str
adf_rat_sgn
adf_rat_sub
adf_rat_swap
adf_rat_zero
adf_recon_cert_check
adf_recon_cert_clear
adf_recon_cert_identical
adf_recon_cert_init
adf_recon_cert_is_canonical
adf_recon_cert_set
adf_recon_cert_swap
adf_resid_clear
adf_resid_contains_rat
adf_resid_get_fmpz2
adf_resid_identical
adf_resid_init
adf_resid_is_canonical
adf_resid_reconstruct
adf_resid_reconstruct_first
adf_resid_set
adf_resid_set_fball_forget
adf_resid_set_fmpz2
adf_resid_set_rat
adf_resid_swap
adf_resid_verify_result
adf_rootlist_clear
adf_rootlist_get_arb
adf_rootlist_get_cert
adf_rootlist_get_fball
adf_rootlist_get_poly
adf_rootlist_get_unresolved
adf_rootlist_init
adf_rootlist_is_canonical
adf_rootlist_is_complete
adf_rootlist_length
adf_rootlist_place
adf_rootlist_scope
adf_rootlist_unresolved_length
adf_rootlist_verify_complete
adf_rootlist_verify_entries
adf_root_padic_from_seed
adf_roots_padic
adf_roots_padic_partial
adf_roots_real
adf_scaled_add
adf_scaled_add_rat
adf_scaled_clear
adf_scaled_context
adf_scaled_dump_inspect
adf_scaled_dump_str
adf_scaled_get_fball
adf_scaled_get_str
adf_scaled_identical
adf_scaled_init
adf_scaled_is_canonical
adf_scaled_is_exact
adf_scaled_load_str
adf_scaled_load_str_binds
adf_scaled_mul
adf_scaled_mul_rat
adf_scaled_mul_tight
adf_scaled_neg
adf_scaled_set
adf_scaled_set_context
adf_scaled_set_fball
adf_scaled_set_rat
adf_scaled_sub
adf_scaled_swap
adf_sizeof_adele
adf_sizeof_cadele
adf_sizeof_ctx_desc
adf_sizeof_fball
adf_sizeof_idele
adf_sizeof_linsol
adf_sizeof_place
adf_sizeof_rat
adf_sizeof_recon_cert
adf_sizeof_resid
adf_sizeof_rootlist
adf_sizeof_scaled
adf_sizeof_text_kind
adf_sizeof_text_limits
adf_sizeof_ucoset
adf_status_str
adf_str_free
adf_text_classify
adf_text_limits_default
adf_ucoset_clear
adf_ucoset_contains
adf_ucoset_equal_set
adf_ucoset_get_fmpz2
adf_ucoset_identical
adf_ucoset_init
adf_ucoset_inv
adf_ucoset_is_canonical
adf_ucoset_is_exact
adf_ucoset_is_normal
adf_ucoset_minus_one
adf_ucoset_mul
adf_ucoset_normalise
adf_ucoset_one
adf_ucoset_overlaps
adf_ucoset_set
adf_ucoset_set_fmpz2
adf_ucoset_swap
adf_version_check
== declared and not exported: 0 (the library is not complete; not a failure)
== exported and not declared: 0 (must be empty)
   (empty)
test_exports: passed: 297 of 297 declared functions are exported, 0 are not implemented yet, no exported name is undeclared, no variadic function
== julia version 1.12.5
(-3/2) * (-2/3): content 1, unit ("1", "0"), real [1.00000000000000 +/- 2.4e-19]
6 * (-5/7): content 30/7, unit ("-1", "0"), real [-4.28571428571429 +/- 4.29e-15]
SPEC 5 example: x * x at prec 128 is certified positive (arb_mul contains 0); at prec 60 NOT_DETERMINED
Test Summary:                               | Pass  Total  Time
ideles through ccall (milestone 2, slice 1) |   23     23  0.7s
== tests/julia/ideles.jl passed with LD_PRELOAD=/lib/x86_64-linux-gnu/libgmp.so.10
== retrying with LD_PRELOAD=/lib/x86_64-linux-gnu/libgmp.so.10 (Julia's bundled libgmp lacks a symbol libflint needs; see the header comment of this script)
Test Summary:                                      | Pass  Total  Time
adelefeld Julia smoke test (build/libadelefeld.so) |   48     48  0.2s
Test Summary:                       | Pass  Total  Time
adf_resid_reconstruct through ccall |   28     28  0.1s
Test Summary:                             | Pass  Total  Time
adf_resid_reconstruct_first through ccall |   16     16  0.1s
Test Summary:                            | Pass  Total  Time
adf_resid_set_fball_forget through ccall |   14     14  0.1s
Test Summary:                  | Pass  Total  Time
adf_linsolve_mod through ccall |   15     15  1.4s
Test Summary:                                             | Pass  Total  Time
adf_linsolve_fball and adf_linsol_get_fball through ccall |   14     14  0.9s
Test Summary:                          | Pass  Total  Time
adf_root_padic_from_seed through ccall |   10     10  0.2s
Test Summary:                                          | Pass  Total  Time
adf_roots_padic through ccall: (X^2 - 2)(X - 3) in Z_7 |   22     22  0.6s
Test Summary:                                       | Pass  Total  Time
adf_roots_real through ccall: X^3 - 2 X to 100 bits |   13     13  0.3s
test_julia: passed (with LD_PRELOAD=/lib/x86_64-linux-gnu/libgmp.so.10)
