src/lfunc.c:695:24 logic: '&&' -> '||'  killed (test 1, compare 1)
src/lfunc.c:695:30 op: '/' -> '*'  killed (test 1, compare 1)
src/lfunc.c:695:35 op: '%' -> '/'  killed (test 1, compare 1)
src/lfunc.c:695:42 zero_one: '1' -> '0'  killed (test 1, compare 1)
src/lfunc.c:695:46 zero_one: '1' -> '0'  killed (test 1, compare 1)
src/lfunc.c:706:34 op: '-' -> '+'  survived (test 0, compare 0)
src/lfunc.c:706:36 zero_one: '1' -> '0'  survived (test 0, compare 0)
src/lfunc.c:708:11 op: '%' -> '/'  killed (test 1, compare 1)
src/lfunc.c:708:15 cmp: '!=' -> '=='  killed (test 1, compare 1)
src/lfunc.c:712:11 op: '+' -> '-'  killed (test 1, compare 1)
src/lfunc.c:714:16 status: 'ADF_LIMIT' -> 'ADF_OK'  killed (test 1, compare 1)
src/lfunc.c:722:5 call_swap: 'fmpz_mul' -> 'fmpz_add'  killed (test 1, compare 1)
src/lfunc.c:722:5 swap_args: 'fmpz_mul(x, x, tmp)' -> 'fmpz_mul(x, tmp, x)'  survived (test 0, compare 0)
src/lfunc.c:723:5 call_swap: 'fmpz_mul' -> 'fmpz_add'  killed (test 1, compare 1)
src/lfunc.c:723:5 swap_args: 'fmpz_mul(x2, x, x)' -> 'fmpz_mul(x2, x, x)'  survived (test 0, compare 0)
src/lfunc.c:729:19 cmp: '>=' -> '>'  killed (test 1, compare 1)
src/lfunc.c:731:52 op: '-' -> '+'  killed (test 1, compare 1)
src/lfunc.c:731:54 zero_one: '1' -> '0'  killed (test 1, compare 1)
src/lfunc.c:732:9 call_swap: 'fmpz_mul' -> 'fmpz_add'  killed (test 1, compare 1)
src/lfunc.c:732:9 swap_args: 'fmpz_mul(A, A, x2)' -> 'fmpz_mul(A, x2, A)'  survived (test 0, compare 0)
src/lfunc.c:733:27 op: '-' -> '+'  survived (test 0, compare 0)
src/lfunc.c:733:45 cmp: '>' -> '>='  survived (test 0, compare 0)
src/lfunc.c:733:47 zero_one: '0' -> '1'  killed (test 1, compare 1)
src/lfunc.c:733:50 call_swap: 'fmpz_add' -> 'fmpz_sub'  killed (test 1, compare 1)
src/lfunc.c:733:50 swap_args: 'fmpz_add(A, A, F)' -> 'fmpz_add(A, F, A)'  survived (test 0, compare 0)
src/lfunc.c:733:74 call_swap: 'fmpz_sub' -> 'fmpz_add'  killed (test 1, compare 1)
src/lfunc.c:739:9 call_swap: 'fmpz_mul' -> 'fmpz_add'  killed (test 1, compare 1)
src/lfunc.c:739:9 swap_args: 'fmpz_mul(A, A, x)' -> 'fmpz_mul(A, x, A)'  survived (test 0, compare 0)
src/lfunc.c:708:5 negate_if: 'if(L % 2 != odd)' -> 'if(!(L % 2 != odd))'  killed (test 1, compare 1)
src/lfunc.c:711:5 drop_assign: 'D = val_fac((ulong) L, p);' -> '' (the statement is removed)  killed (test timeout, compare timeout)
src/lfunc.c:712:5 drop_assign: 'W = K + D;' -> '' (the statement is removed)  killed (test 1, compare 1)
src/lfunc.c:713:5 negate_if: 'if(!pow_ok(p, W))' -> 'if(!(!pow_ok(p, W)))'  killed (test timeout, compare timeout)
src/lfunc.c:717:5 drop_call: 'fmpz_ui_pow_ui(P, p, (ulong) W);' -> '' (the statement is removed)  killed (test -6, compare -6)
src/lfunc.c:718:5 drop_call: 'fmpz_ui_pow_ui(PD, p, (ulong) D);' -> '' (the statement is removed)  killed (test -6, compare -6)
src/lfunc.c:719:5 drop_call: 'fmpz_ui_pow_ui(PK, p, (ulong) K);' -> '' (the statement is removed)  killed (test -6, compare -6)
src/lfunc.c:720:5 drop_call: 'rat_mod(x, t, P);' -> '' (the statement is removed)  killed (test 1, compare 1)
src/lfunc.c:721:5 drop_call: 'fmpz_ui_pow_ui(tmp, p, (ulong) w);' -> '' (the statement is removed)  killed (test 1, compare 1)
src/lfunc.c:722:5 drop_call: 'fmpz_mul(x, x, tmp);' -> '' (the statement is removed)  killed (test 1, compare 1)
src/lfunc.c:722:26 drop_call: 'fmpz_mod(x, x, P);' -> '' (the statement is removed)  survived (test 0, compare 0)
src/lfunc.c:723:5 drop_call: 'fmpz_mul(x2, x, x);' -> '' (the statement is removed)  killed (test 1, compare 1)
src/lfunc.c:723:25 drop_call: 'fmpz_mod(x2, x2, P);' -> '' (the statement is removed)  survived (test 0, compare 0)
src/lfunc.c:724:5 drop_call: 'fmpz_set_si(A, parity_sign(L, alternating));' -> '' (the statement is removed)  killed (test 1, compare 1)
src/lfunc.c:725:5 drop_call: 'fmpz_one(F);' -> '' (the statement is removed)  killed (test 1, compare 1)
src/lfunc.c:731:9 drop_call: 'fmpz_mul2_uiui(F, F, (ulong) k, (ulong) (k - 1));' -> '' (the statement is removed)  killed (test 1, compare 1)
src/lfunc.c:731:59 drop_call: 'fmpz_mod(F, F, P);' -> '' (the statement is removed)  survived (test 0, compare 0)
src/lfunc.c:732:9 drop_call: 'fmpz_mul(A, A, x2);' -> '' (the statement is removed)  killed (test 1, compare 1)
src/lfunc.c:733:9 negate_if: 'if(parity_sign(k - 2, alternating) > 0)' -> 'if(!(parity_sign(k - 2, alternating) > 0))'  killed (test 1, compare 1)
src/lfunc.c:734:9 drop_call: 'fmpz_mod(A, A, P);' -> '' (the statement is removed)  killed by compare only (test 0, compare timeout)
src/lfunc.c:736:5 negate_if: 'if(odd)' -> 'if(!(odd))'  killed (test 1, compare 1)
src/lfunc.c:739:9 drop_call: 'fmpz_mul(A, A, x);' -> '' (the statement is removed)  killed (test 1, compare 1)
src/lfunc.c:739:28 drop_call: 'fmpz_mod(A, A, P);' -> '' (the statement is removed)  survived (test 0, compare 0)
{'killed': 37, 'survived': 13, 'killed by compare only': 1}
exit=0
