COMMAND: timeout 180 lanes/f4-slice7/inv/test_ffun_dump
ffun vectors: 53 (40 generated values)
ffun goldens: 4
ffun random identical round trips: 2000
adelefeld: ADF_CHECK_INVARIANTS: adf_ffun_dump_str: argument x is not a canonical adf_ffun
adelefeld: ADF_CHECK_INVARIANTS: adf_ffun_load_str_binds: argument x is not a canonical adf_ffun
adelefeld: ADF_CHECK_INVARIANTS: adf_ffun_load_str_binds: argument x is not a canonical adf_ffun
ffun D1 boundaries checked
ffun memory: 33092 FLINT blocks, 0 live
ffun dump: 50322 checks, 0 failures
EXIT: 0
COMMAND: timeout 180 lanes/f4-slice7/inv/test_rfun_dump
rfun vectors: 53 (40 generated values)
rfun goldens: 6
rfun random identical round trips: 2000
adelefeld: ADF_CHECK_INVARIANTS: adf_rfun_dump_str: argument x is not a canonical adf_rfun
adelefeld: ADF_CHECK_INVARIANTS: adf_rfun_load_str_binds: argument x is not a canonical adf_rfun
adelefeld: ADF_CHECK_INVARIANTS: adf_rfun_load_str_binds: argument x is not a canonical adf_rfun
rfun D1 boundaries checked
rfun memory: 41658 FLINT blocks, 0 live
rfun dump: 59318 checks, 0 failures
EXIT: 0
