/usr/bin/ld: dump.o: in function `dp_load_scaled':
/home/tobias/Projects/adelefeld-wt/f4-slice7/lanes/f4-slice7/mutroot/src/dump_unchanged.h:2058:(.text+0x3d06): undefined reference to `adf_inv_borrow'
/usr/bin/ld: /home/tobias/Projects/adelefeld-wt/f4-slice7/lanes/f4-slice7/mutroot/src/dump_unchanged.h:2058:(.text+0x3d40): undefined reference to `adf_inv_release'
/usr/bin/ld: dump.o: in function `dp_set_fb':
/home/tobias/Projects/adelefeld-wt/f4-slice7/lanes/f4-slice7/mutroot/src/dump_unchanged.h:1707:(.text+0x204af): undefined reference to `adf_inv_borrow'
/usr/bin/ld: /home/tobias/Projects/adelefeld-wt/f4-slice7/lanes/f4-slice7/mutroot/src/dump_unchanged.h:1707:(.text+0x204e8): undefined reference to `adf_inv_release'
/usr/bin/ld: test_ffun_dump: hidden symbol `adf_inv_release' isn't defined
/usr/bin/ld: final link failed: bad value
clang: error: linker command failed with exit code 1 (use -v to see invocation)
make: *** [Makefile:23: test_ffun_dump] Error 1
make: *** Waiting for unfinished jobs....
/usr/bin/ld: dump.o: in function `dp_load_scaled':
/home/tobias/Projects/adelefeld-wt/f4-slice7/lanes/f4-slice7/mutroot/src/dump_unchanged.h:2058:(.text+0x3d06): undefined reference to `adf_inv_borrow'
/usr/bin/ld: /home/tobias/Projects/adelefeld-wt/f4-slice7/lanes/f4-slice7/mutroot/src/dump_unchanged.h:2058:(.text+0x3d40): undefined reference to `adf_inv_release'
/usr/bin/ld: dump.o: in function `dp_set_fb':
/home/tobias/Projects/adelefeld-wt/f4-slice7/lanes/f4-slice7/mutroot/src/dump_unchanged.h:1707:(.text+0x204af): undefined reference to `adf_inv_borrow'
/usr/bin/ld: /home/tobias/Projects/adelefeld-wt/f4-slice7/lanes/f4-slice7/mutroot/src/dump_unchanged.h:1707:(.text+0x204e8): undefined reference to `adf_inv_release'
/usr/bin/ld: test_rfun_dump: hidden symbol `adf_inv_release' isn't defined
/usr/bin/ld: final link failed: bad value
clang: error: linker command failed with exit code 1 (use -v to see invocation)
make: *** [Makefile:25: test_rfun_dump] Error 1
