cc -Iinclude -std=c11 -O2 -g -Wall -Wextra -Wpedantic -Werror -fsanitize=address,undefined -fno-omit-frame-pointer -MMD -MP -c src/common.c -o lanes/f-repair4/build-san/common.o
cc -Iinclude -std=c11 -O2 -g -Wall -Wextra -Wpedantic -Werror -fsanitize=address,undefined -fno-omit-frame-pointer -MMD -MP -c src/idclass.c -o lanes/f-repair4/build-san/idclass.o
cc -Iinclude -std=c11 -O2 -g -Wall -Wextra -Wpedantic -Werror -fsanitize=address,undefined -fno-omit-frame-pointer -MMD -MP -c src/idele.c -o lanes/f-repair4/build-san/idele.o
cc -Iinclude -std=c11 -O2 -g -Wall -Wextra -Wpedantic -Werror -fsanitize=address,undefined -fno-omit-frame-pointer -MMD -MP -c src/idmap.c -o lanes/f-repair4/build-san/idmap.o
cc -Iinclude -std=c11 -O2 -g -Wall -Wextra -Wpedantic -Werror -fsanitize=address,undefined -fno-omit-frame-pointer -MMD -MP -c src/idpow.c -o lanes/f-repair4/build-san/idpow.o
cc -Iinclude -std=c11 -O2 -g -Wall -Wextra -Wpedantic -Werror -fsanitize=address,undefined -fno-omit-frame-pointer -MMD -MP -c src/inlines.c -o lanes/f-repair4/build-san/inlines.o
cc -Iinclude -std=c11 -O2 -g -Wall -Wextra -Wpedantic -Werror -fsanitize=address,undefined -fno-omit-frame-pointer -MMD -MP -c src/lball.c -o lanes/f-repair4/build-san/lball.o
cc -Iinclude -std=c11 -O2 -g -Wall -Wextra -Wpedantic -Werror -fsanitize=address,undefined -fno-omit-frame-pointer -MMD -MP -c src/lball_decomp.c -o lanes/f-repair4/build-san/lball_decomp.o
cc -Iinclude -std=c11 -O2 -g -Wall -Wextra -Wpedantic -Werror -fsanitize=address,undefined -fno-omit-frame-pointer -MMD -MP -c src/lfunc.c -o lanes/f-repair4/build-san/lfunc.o
cc -Iinclude -std=c11 -O2 -g -Wall -Wextra -Wpedantic -Werror -fsanitize=address,undefined -fno-omit-frame-pointer -MMD -MP -c src/linsolve.c -o lanes/f-repair4/build-san/linsolve.o
cc -Iinclude -std=c11 -O2 -g -Wall -Wextra -Wpedantic -Werror -fsanitize=address,undefined -fno-omit-frame-pointer -MMD -MP -c src/lroot.c -o lanes/f-repair4/build-san/lroot.o
cc -Iinclude -std=c11 -O2 -g -Wall -Wextra -Wpedantic -Werror -fsanitize=address,undefined -fno-omit-frame-pointer -MMD -MP -c src/place.c -o lanes/f-repair4/build-san/place.o
cc -Iinclude -std=c11 -O2 -g -Wall -Wextra -Wpedantic -Werror -fsanitize=address,undefined -fno-omit-frame-pointer -MMD -MP -c src/rat.c -o lanes/f-repair4/build-san/rat.o
cc -Iinclude -std=c11 -O2 -g -Wall -Wextra -Wpedantic -Werror -fsanitize=address,undefined -fno-omit-frame-pointer -MMD -MP -c src/resid.c -o lanes/f-repair4/build-san/resid.o
cc -Iinclude -std=c11 -O2 -g -Wall -Wextra -Wpedantic -Werror -fsanitize=address,undefined -fno-omit-frame-pointer -MMD -MP -c src/rfunc.c -o lanes/f-repair4/build-san/rfunc.o
cc -Iinclude -std=c11 -O2 -g -Wall -Wextra -Wpedantic -Werror -fsanitize=address,undefined -fno-omit-frame-pointer -MMD -MP -c src/roots.c -o lanes/f-repair4/build-san/roots.o
cc -Iinclude -std=c11 -O2 -g -Wall -Wextra -Wpedantic -Werror -fsanitize=address,undefined -fno-omit-frame-pointer -MMD -MP -c src/roots_real.c -o lanes/f-repair4/build-san/roots_real.o
cc -Iinclude -std=c11 -O2 -g -Wall -Wextra -Wpedantic -Werror -fsanitize=address,undefined -fno-omit-frame-pointer -MMD -MP -c src/sball.c -o lanes/f-repair4/build-san/sball.o
cc -Iinclude -std=c11 -O2 -g -Wall -Wextra -Wpedantic -Werror -fsanitize=address,undefined -fno-omit-frame-pointer -MMD -MP -c src/status.c -o lanes/f-repair4/build-san/status.o
cc -Iinclude -std=c11 -O2 -g -Wall -Wextra -Wpedantic -Werror -fsanitize=address,undefined -fno-omit-frame-pointer -MMD -MP -c src/text_idele.c -o lanes/f-repair4/build-san/text_idele.o
cc -Iinclude -std=c11 -O2 -g -Wall -Wextra -Wpedantic -Werror -fsanitize=address,undefined -fno-omit-frame-pointer -MMD -MP -c src/ucoset.c -o lanes/f-repair4/build-san/ucoset.o
ar rcs lanes/f-repair4/build-san/libadelefeld.a lanes/f-repair4/build-san/adele.o lanes/f-repair4/build-san/cap.o lanes/f-repair4/build-san/common.o lanes/f-repair4/build-san/dump.o lanes/f-repair4/build-san/fball.o lanes/f-repair4/build-san/fball_local.o lanes/f-repair4/build-san/idclass.o lanes/f-repair4/build-san/idele.o lanes/f-repair4/build-san/idmap.o lanes/f-repair4/build-san/idpow.o lanes/f-repair4/build-san/inlines.o lanes/f-repair4/build-san/lball.o lanes/f-repair4/build-san/lball_decomp.o lanes/f-repair4/build-san/lfunc.o lanes/f-repair4/build-san/linsolve.o lanes/f-repair4/build-san/lroot.o lanes/f-repair4/build-san/modctx.o lanes/f-repair4/build-san/place.o lanes/f-repair4/build-san/rat.o lanes/f-repair4/build-san/recon.o lanes/f-repair4/build-san/resid.o lanes/f-repair4/build-san/rfunc.o lanes/f-repair4/build-san/roots.o lanes/f-repair4/build-san/roots_real.o lanes/f-repair4/build-san/sball.o lanes/f-repair4/build-san/scaled.o lanes/f-repair4/build-san/status.o lanes/f-repair4/build-san/text.o lanes/f-repair4/build-san/text_idele.o lanes/f-repair4/build-san/ucoset.o
cc -Iinclude -Itests -std=c11 -O2 -g -Wall -Wextra -Wpedantic -Werror -fsanitize=address,undefined -fno-omit-frame-pointer -MMD -MP -fsanitize=address,undefined tests/test_lroot.c lanes/f-repair4/build-san/support/golden.o lanes/f-repair4/build-san/support/jsonl.o lanes/f-repair4/build-san/libadelefeld.a -lflint -lgmp -lm -o lanes/f-repair4/build-san/test_lroot
cc -Iinclude -Itests -std=c11 -O2 -g -Wall -Wextra -Wpedantic -Werror -fsanitize=address,undefined -fno-omit-frame-pointer -MMD -MP -fsanitize=address,undefined tests/test_rfunc_prime.c lanes/f-repair4/build-san/support/golden.o lanes/f-repair4/build-san/support/jsonl.o lanes/f-repair4/build-san/libadelefeld.a -lflint -lgmp -lm -o lanes/f-repair4/build-san/test_rfunc_prime
