  vectors_exact_at_prime: 1824 lines, OK 876 (exact 132), DOMAIN 948
ok   vectors_exact_at_prime
  vectors_of_lfunc_through_at: 790 lines, OK 649, DOMAIN 100, NOT_DETERMINED 41, LIMIT 0
ok   vectors_of_lfunc_through_at
ok   statuses_arrive_with_the_prime
ok   prec_is_the_absolute_precision_at_a_prime
ok   other_functions_and_place_checks
ok   Log_at_the_real_place
ok   projected_adele_at_every_place
ok   aliasing_at_a_prime
ok   exp_of_five_by_hand
ok   trig_reference_at_prime
ok   trig_at_limits_and_places
ok   hyperbolic_at_real_arb_and_loss
FAIL tests/test_rfunc_prime.c:1064: local_roots_at_prime: check failed: got==ADF_OK && y->len==1 && y->loc->N==K && y->loc->v==0
FAIL tests/test_rfunc_prime.c:1064: local_roots_at_prime: check failed: got==ADF_OK && y->len==1 && y->loc->N==K && y->loc->v==0
FAIL tests/test_rfunc_prime.c:1068: local_roots_at_prime: check failed: ids[0]==2 && ids[1]==3 && roots[0].N==K && roots[1].N==K
FAIL tests/test_rfunc_prime.c:1069: local_roots_at_prime: check failed: fmpz_equal_si(fmpq_numref(roots[0].u),want2)
FAIL tests/test_rfunc_prime.c:1072: local_roots_at_prime: check failed: adf_sball_root_seed_at(z,NULL,z,place_of(5),2,2,N)==ADF_OK && z->loc->N==K
FAIL tests/test_rfunc_prime.c:1073: local_roots_at_prime: check failed: fmpz_equal_si(fmpq_numref(z->loc->u),want2)
FAIL local_roots_at_prime (tests/test_rfunc_prime.c:998, 6 failed checks)
ok   local_roots_at_all_reference_rows
14 tests, 521989 checks, 6 failed checks, 1 failed tests
