# f-repair4 red-green log (times UTC, 2026-10-02)

## RED (tests first, library unchanged: src/lroot.c as committed; output summary in red-lroot.summary)
21:27 timeout 600 make -j2 BUILD=lanes/f-repair4/build .../test_lroot .../test_rfunc_prime   exit 0
21:27 timeout 400 lanes/f-repair4/build/test_lroot   exit 1: 10 tests, 1308396 checks, 21325 failed checks, 6 failed
      enumeration_all_rows            11100 failed (line 112: N=E-1, E-3 must give the ball at N; old: exponent E)
      seeded_small_ball_comparisons   10171 failed (line 270: N from j-2 to E+1, exponent min(N,E))
      boundaries_and_transaction...   4 failed (3^-(2^60)(1+3^(2^61) Z_3): N=20 must be OK at exponent 20)
      nd14_ball_result_exponent...    24 failed (N=4 on 9+7^10 Z_7: exponent 4, centres 3 and 2398; zero ball at N<=j)
      f1_unit_one_ball_needs_no_power 21 failed (1+2^(2^27) Z_2, 1+2^(2^60) Z_2, 1+5^(2^60) Z_5: LIMIT, want OK)
      f2_all_branches_cost_and_early_limit 3 failed: LIMIT after 5.76 s (N=2^40); N=0 listings 5.46 s (65537,
                                      d=65536) and 5.78 s (2^64-59, d=6028); guard 2 s CPU
      green on the old code: exact_branches..., large_prime..., exact_finite_ring_reference,
      f2_identifiers_against_residue_search (61324 lists; a regression test for R8), and the capacity-1 LIMIT
      check of f2_all_branches (the old code already decided it before the enumeration, src/lroot.c:263).
21:28 timeout 300 lanes/f-repair4/build/test_rfunc_prime   exit 1: 14 tests, 521989 checks, 6 failed, 1 failed test
      local_roots_at_prime: 9+5^6 Z_5 at N=3 gave exponent 6 (lines 1064-1073)
21:25 driver (old library, lanes/f-repair4/build-before/adf): tests/driver/root-values.cmd differs in the two
      new prec-3 lines (old: 3 + O(5^6), 15622 + O(5^6); want 3 + O(5^3), 122 + O(5^3))
21:26 Julia (old library as .so, LD_PRELOAD of the system libgmp): tests/julia/lroot.jl 8 passed, 1 failed
      (sqrt(1 + 16 Z_2) [-1] at N = 2 gave 7 + O(2^3); want 3 + O(2^2))

## GREEN (src/lroot.c rewritten: N-D14, F1, F2(a)(b)(c); the original is in git)
21:30 make (BUILD=lanes/f-repair4/build) test_lroot test_rfunc_prime: exit 0, no warning (-Werror)
21:30 timeout 400 lanes/f-repair4/build/test_lroot: exit 0; 10 tests, 1308396 checks, 0 failed (2 s wall)
21:31 timeout 300 lanes/f-repair4/build/test_rfunc_prime: exit 0; 14 tests, 521989 checks, 0 failed
21:31 driver built over the new archive: root-values, root-status, s-roots equal to their .out files
21:32 Julia over the new .so: 9 passed of 9 (prints "sqrt(1 + 16 Z_2) [-1] at N = 2: 3 + O(2^2)")

## Mutation gap (src/lroot.c:361, early_status: n==1 -> n==0 survived)
21:48 test added to nd14_ball_result_exponent_is_min_of_N_and_E: roots of degree 1 at N=LONG_MIN (ball and exact)
      is the identity. RED against the mutant (scratch copy, 4 failed checks); GREEN against src/lroot.c.

## Final runs
21:50 timeout 600 make -j2 check (build/): exit 0; 73 programs, 788 tests, 58092354 checks, 0 failed
21:54 sh tests/test_driver.sh: exit 0, 47 cases, 100871 expected lines, all equal
21:55 sh tests/test_julia.sh: exit 0 (lroot.jl 9 of 9)
