mkdir -p lanes/q-slice1/mutbase
mkdir -p lanes/q-slice1/mutbase/support
clang -Iinclude -DADF_CHECK_INVARIANTS -std=c11 -O2 -g -Wall -Wextra -Wpedantic -Werror -fsanitize=address,undefined -fno-omit-frame-pointer -MMD -MP -c src/adele.c -o lanes/q-slice1/mutbase/adele.o
clang -Iinclude -DADF_CHECK_INVARIANTS -std=c11 -O2 -g -Wall -Wextra -Wpedantic -Werror -fsanitize=address,undefined -fno-omit-frame-pointer -MMD -MP -c src/cap.c -o lanes/q-slice1/mutbase/cap.o
clang -Iinclude -DADF_CHECK_INVARIANTS -std=c11 -O2 -g -Wall -Wextra -Wpedantic -Werror -fsanitize=address,undefined -fno-omit-frame-pointer -MMD -MP -c src/catalogue.c -o lanes/q-slice1/mutbase/catalogue.o
clang -Iinclude -DADF_CHECK_INVARIANTS -std=c11 -O2 -g -Wall -Wextra -Wpedantic -Werror -fsanitize=address,undefined -fno-omit-frame-pointer -MMD -MP -c src/common.c -o lanes/q-slice1/mutbase/common.o
clang -Iinclude -DADF_CHECK_INVARIANTS -std=c11 -O2 -g -Wall -Wextra -Wpedantic -Werror -fsanitize=address,undefined -fno-omit-frame-pointer -MMD -MP -c src/dump.c -o lanes/q-slice1/mutbase/dump.o
clang -Iinclude -DADF_CHECK_INVARIANTS -std=c11 -O2 -g -Wall -Wextra -Wpedantic -Werror -fsanitize=address,undefined -fno-omit-frame-pointer -MMD -MP -c src/fball.c -o lanes/q-slice1/mutbase/fball.o
clang -Iinclude -DADF_CHECK_INVARIANTS -std=c11 -O2 -g -Wall -Wextra -Wpedantic -Werror -fsanitize=address,undefined -fno-omit-frame-pointer -MMD -MP -c src/fball_local.c -o lanes/q-slice1/mutbase/fball_local.o
clang -Iinclude -DADF_CHECK_INVARIANTS -std=c11 -O2 -g -Wall -Wextra -Wpedantic -Werror -fsanitize=address,undefined -fno-omit-frame-pointer -MMD -MP -c src/gfunc.c -o lanes/q-slice1/mutbase/gfunc.o
clang -Iinclude -DADF_CHECK_INVARIANTS -std=c11 -O2 -g -Wall -Wextra -Wpedantic -Werror -fsanitize=address,undefined -fno-omit-frame-pointer -MMD -MP -c src/gfunc_log.c -o lanes/q-slice1/mutbase/gfunc_log.o
clang -Iinclude -DADF_CHECK_INVARIANTS -std=c11 -O2 -g -Wall -Wextra -Wpedantic -Werror -fsanitize=address,undefined -fno-omit-frame-pointer -MMD -MP -c src/idclass.c -o lanes/q-slice1/mutbase/idclass.o
clang -Iinclude -DADF_CHECK_INVARIANTS -std=c11 -O2 -g -Wall -Wextra -Wpedantic -Werror -fsanitize=address,undefined -fno-omit-frame-pointer -MMD -MP -c src/idele.c -o lanes/q-slice1/mutbase/idele.o
clang -Iinclude -DADF_CHECK_INVARIANTS -std=c11 -O2 -g -Wall -Wextra -Wpedantic -Werror -fsanitize=address,undefined -fno-omit-frame-pointer -MMD -MP -c src/idmap.c -o lanes/q-slice1/mutbase/idmap.o
clang -Iinclude -DADF_CHECK_INVARIANTS -std=c11 -O2 -g -Wall -Wextra -Wpedantic -Werror -fsanitize=address,undefined -fno-omit-frame-pointer -MMD -MP -c src/idpow.c -o lanes/q-slice1/mutbase/idpow.o
clang -Iinclude -DADF_CHECK_INVARIANTS -std=c11 -O2 -g -Wall -Wextra -Wpedantic -Werror -fsanitize=address,undefined -fno-omit-frame-pointer -MMD -MP -c src/inlines.c -o lanes/q-slice1/mutbase/inlines.o
clang -Iinclude -DADF_CHECK_INVARIANTS -std=c11 -O2 -g -Wall -Wextra -Wpedantic -Werror -fsanitize=address,undefined -fno-omit-frame-pointer -MMD -MP -c src/lball.c -o lanes/q-slice1/mutbase/lball.o
clang -Iinclude -DADF_CHECK_INVARIANTS -std=c11 -O2 -g -Wall -Wextra -Wpedantic -Werror -fsanitize=address,undefined -fno-omit-frame-pointer -MMD -MP -c src/lball_decomp.c -o lanes/q-slice1/mutbase/lball_decomp.o
clang -Iinclude -DADF_CHECK_INVARIANTS -std=c11 -O2 -g -Wall -Wextra -Wpedantic -Werror -fsanitize=address,undefined -fno-omit-frame-pointer -MMD -MP -c src/lfunc.c -o lanes/q-slice1/mutbase/lfunc.o
clang -Iinclude -DADF_CHECK_INVARIANTS -std=c11 -O2 -g -Wall -Wextra -Wpedantic -Werror -fsanitize=address,undefined -fno-omit-frame-pointer -MMD -MP -c src/linsolve.c -o lanes/q-slice1/mutbase/linsolve.o
clang -Iinclude -DADF_CHECK_INVARIANTS -std=c11 -O2 -g -Wall -Wextra -Wpedantic -Werror -fsanitize=address,undefined -fno-omit-frame-pointer -MMD -MP -c src/localfactor.c -o lanes/q-slice1/mutbase/localfactor.o
clang -Iinclude -DADF_CHECK_INVARIANTS -std=c11 -O2 -g -Wall -Wextra -Wpedantic -Werror -fsanitize=address,undefined -fno-omit-frame-pointer -MMD -MP -c src/lpow.c -o lanes/q-slice1/mutbase/lpow.o
clang -Iinclude -DADF_CHECK_INVARIANTS -std=c11 -O2 -g -Wall -Wextra -Wpedantic -Werror -fsanitize=address,undefined -fno-omit-frame-pointer -MMD -MP -c src/lroot.c -o lanes/q-slice1/mutbase/lroot.o
clang -Iinclude -DADF_CHECK_INVARIANTS -std=c11 -O2 -g -Wall -Wextra -Wpedantic -Werror -fsanitize=address,undefined -fno-omit-frame-pointer -MMD -MP -c src/modctx.c -o lanes/q-slice1/mutbase/modctx.o
clang -Iinclude -DADF_CHECK_INVARIANTS -std=c11 -O2 -g -Wall -Wextra -Wpedantic -Werror -fsanitize=address,undefined -fno-omit-frame-pointer -MMD -MP -c src/place.c -o lanes/q-slice1/mutbase/place.o
clang -Iinclude -DADF_CHECK_INVARIANTS -std=c11 -O2 -g -Wall -Wextra -Wpedantic -Werror -fsanitize=address,undefined -fno-omit-frame-pointer -MMD -MP -c src/qclass.c -o lanes/q-slice1/mutbase/qclass.o
clang -Iinclude -DADF_CHECK_INVARIANTS -std=c11 -O2 -g -Wall -Wextra -Wpedantic -Werror -fsanitize=address,undefined -fno-omit-frame-pointer -MMD -MP -c src/rat.c -o lanes/q-slice1/mutbase/rat.o
clang -Iinclude -DADF_CHECK_INVARIANTS -std=c11 -O2 -g -Wall -Wextra -Wpedantic -Werror -fsanitize=address,undefined -fno-omit-frame-pointer -MMD -MP -c src/recon.c -o lanes/q-slice1/mutbase/recon.o
clang -Iinclude -DADF_CHECK_INVARIANTS -std=c11 -O2 -g -Wall -Wextra -Wpedantic -Werror -fsanitize=address,undefined -fno-omit-frame-pointer -MMD -MP -c src/resid.c -o lanes/q-slice1/mutbase/resid.o
clang -Iinclude -DADF_CHECK_INVARIANTS -std=c11 -O2 -g -Wall -Wextra -Wpedantic -Werror -fsanitize=address,undefined -fno-omit-frame-pointer -MMD -MP -c src/rfunc.c -o lanes/q-slice1/mutbase/rfunc.o
clang -Iinclude -DADF_CHECK_INVARIANTS -std=c11 -O2 -g -Wall -Wextra -Wpedantic -Werror -fsanitize=address,undefined -fno-omit-frame-pointer -MMD -MP -c src/roots.c -o lanes/q-slice1/mutbase/roots.o
clang -Iinclude -DADF_CHECK_INVARIANTS -std=c11 -O2 -g -Wall -Wextra -Wpedantic -Werror -fsanitize=address,undefined -fno-omit-frame-pointer -MMD -MP -c src/roots_real.c -o lanes/q-slice1/mutbase/roots_real.o
clang -Iinclude -DADF_CHECK_INVARIANTS -std=c11 -O2 -g -Wall -Wextra -Wpedantic -Werror -fsanitize=address,undefined -fno-omit-frame-pointer -MMD -MP -c src/sball.c -o lanes/q-slice1/mutbase/sball.o
clang -Iinclude -DADF_CHECK_INVARIANTS -std=c11 -O2 -g -Wall -Wextra -Wpedantic -Werror -fsanitize=address,undefined -fno-omit-frame-pointer -MMD -MP -c src/scaled.c -o lanes/q-slice1/mutbase/scaled.o
clang -Iinclude -DADF_CHECK_INVARIANTS -std=c11 -O2 -g -Wall -Wextra -Wpedantic -Werror -fsanitize=address,undefined -fno-omit-frame-pointer -MMD -MP -c src/status.c -o lanes/q-slice1/mutbase/status.o
clang -Iinclude -DADF_CHECK_INVARIANTS -std=c11 -O2 -g -Wall -Wextra -Wpedantic -Werror -fsanitize=address,undefined -fno-omit-frame-pointer -MMD -MP -c src/symbol.c -o lanes/q-slice1/mutbase/symbol.o
clang -Iinclude -DADF_CHECK_INVARIANTS -std=c11 -O2 -g -Wall -Wextra -Wpedantic -Werror -fsanitize=address,undefined -fno-omit-frame-pointer -MMD -MP -c src/text.c -o lanes/q-slice1/mutbase/text.o
clang -Iinclude -DADF_CHECK_INVARIANTS -std=c11 -O2 -g -Wall -Wextra -Wpedantic -Werror -fsanitize=address,undefined -fno-omit-frame-pointer -MMD -MP -c src/text_idele.c -o lanes/q-slice1/mutbase/text_idele.o
clang -Iinclude -DADF_CHECK_INVARIANTS -std=c11 -O2 -g -Wall -Wextra -Wpedantic -Werror -fsanitize=address,undefined -fno-omit-frame-pointer -MMD -MP -c src/ucoset.c -o lanes/q-slice1/mutbase/ucoset.o
clang -Iinclude -DADF_CHECK_INVARIANTS -Itests -std=c11 -O2 -g -Wall -Wextra -Wpedantic -Werror -fsanitize=address,undefined -fno-omit-frame-pointer -MMD -MP -c tests/support/golden.c -o lanes/q-slice1/mutbase/support/golden.o
clang -Iinclude -DADF_CHECK_INVARIANTS -Itests -std=c11 -O2 -g -Wall -Wextra -Wpedantic -Werror -fsanitize=address,undefined -fno-omit-frame-pointer -MMD -MP -c tests/support/jsonl.c -o lanes/q-slice1/mutbase/support/jsonl.o
ar rcs lanes/q-slice1/mutbase/libadelefeld.a lanes/q-slice1/mutbase/adele.o lanes/q-slice1/mutbase/cap.o lanes/q-slice1/mutbase/catalogue.o lanes/q-slice1/mutbase/common.o lanes/q-slice1/mutbase/dump.o lanes/q-slice1/mutbase/fball.o lanes/q-slice1/mutbase/fball_local.o lanes/q-slice1/mutbase/gfunc.o lanes/q-slice1/mutbase/gfunc_log.o lanes/q-slice1/mutbase/idclass.o lanes/q-slice1/mutbase/idele.o lanes/q-slice1/mutbase/idmap.o lanes/q-slice1/mutbase/idpow.o lanes/q-slice1/mutbase/inlines.o lanes/q-slice1/mutbase/lball.o lanes/q-slice1/mutbase/lball_decomp.o lanes/q-slice1/mutbase/lfunc.o lanes/q-slice1/mutbase/linsolve.o lanes/q-slice1/mutbase/localfactor.o lanes/q-slice1/mutbase/lpow.o lanes/q-slice1/mutbase/lroot.o lanes/q-slice1/mutbase/modctx.o lanes/q-slice1/mutbase/place.o lanes/q-slice1/mutbase/qclass.o lanes/q-slice1/mutbase/rat.o lanes/q-slice1/mutbase/recon.o lanes/q-slice1/mutbase/resid.o lanes/q-slice1/mutbase/rfunc.o lanes/q-slice1/mutbase/roots.o lanes/q-slice1/mutbase/roots_real.o lanes/q-slice1/mutbase/sball.o lanes/q-slice1/mutbase/scaled.o lanes/q-slice1/mutbase/status.o lanes/q-slice1/mutbase/symbol.o lanes/q-slice1/mutbase/text.o lanes/q-slice1/mutbase/text_idele.o lanes/q-slice1/mutbase/ucoset.o
clang -Iinclude -DADF_CHECK_INVARIANTS -Itests -std=c11 -O2 -g -Wall -Wextra -Wpedantic -Werror -fsanitize=address,undefined -fno-omit-frame-pointer -MMD -MP -fsanitize=address,undefined tests/test_qclass.c lanes/q-slice1/mutbase/support/golden.o lanes/q-slice1/mutbase/support/jsonl.o lanes/q-slice1/mutbase/libadelefeld.a -lflint -lgmp -lm -pthread -o lanes/q-slice1/mutbase/test_qclass
