cc -Iinclude -Itests -std=c11 -O2 -g -Wall -Wextra -Wpedantic -Werror -MMD -MP  tests/test_qclass.c lanes/q-slice1/red/support/golden.o lanes/q-slice1/red/support/jsonl.o lanes/q-slice1/red/libadelefeld.a -lflint -lgmp -lm -o lanes/q-slice1/red/test_qclass
/usr/bin/ld: /tmp/ccDZ7wNi.o: in function `pieces':
/home/tobias/Projects/adelefeld-wt/q-slice1/tests/test_qclass.c:24:(.text+0xd): undefined reference to `adf_qclass_clear'
/usr/bin/ld: /tmp/ccDZ7wNi.o: in function `text':
/home/tobias/Projects/adelefeld-wt/q-slice1/tests/test_qclass.c:248:(.text+0x17e): undefined reference to `adf_qclass_init'
/usr/bin/ld: /home/tobias/Projects/adelefeld-wt/q-slice1/tests/test_qclass.c:248:(.text+0x186): undefined reference to `adf_qclass_init'
/usr/bin/ld: /home/tobias/Projects/adelefeld-wt/q-slice1/tests/test_qclass.c:248:(.text+0x19b): undefined reference to `adf_qclass_init'
/usr/bin/ld: /home/tobias/Projects/adelefeld-wt/q-slice1/tests/test_qclass.c:249:(.text+0x1b7): undefined reference to `adf_qclass_set'
/usr/bin/ld: /home/tobias/Projects/adelefeld-wt/q-slice1/tests/test_qclass.c:257:(.text+0x250): undefined reference to `adf_qclass_identical'
/usr/bin/ld: /home/tobias/Projects/adelefeld-wt/q-slice1/tests/test_qclass.c:270:(.text+0x267): undefined reference to `adf_qclass_set'
/usr/bin/ld: /home/tobias/Projects/adelefeld-wt/q-slice1/tests/test_qclass.c:254:(.text+0x2a2): undefined reference to `adf_qclass_set_str'
/usr/bin/ld: /home/tobias/Projects/adelefeld-wt/q-slice1/tests/test_qclass.c:259:(.text+0x320): undefined reference to `adf_qclass_identical'
/usr/bin/ld: /home/tobias/Projects/adelefeld-wt/q-slice1/tests/test_qclass.c:262:(.text+0x415): undefined reference to `adf_qclass_is_canonical'
/usr/bin/ld: /home/tobias/Projects/adelefeld-wt/q-slice1/tests/test_qclass.c:263:(.text+0x42f): undefined reference to `adf_qclass_get_str'
/usr/bin/ld: /home/tobias/Projects/adelefeld-wt/q-slice1/tests/test_qclass.c:265:(.text+0x4a4): undefined reference to `adf_qclass_set_str'
/usr/bin/ld: /home/tobias/Projects/adelefeld-wt/q-slice1/tests/test_qclass.c:266:(.text+0x4c0): undefined reference to `adf_qclass_get_str'
/usr/bin/ld: /home/tobias/Projects/adelefeld-wt/q-slice1/tests/test_qclass.c:274:(.text+0x569): undefined reference to `adf_qclass_set_str'
/usr/bin/ld: /home/tobias/Projects/adelefeld-wt/q-slice1/tests/test_qclass.c:275:(.text+0x585): undefined reference to `adf_qclass_identical'
/usr/bin/ld: /home/tobias/Projects/adelefeld-wt/q-slice1/tests/test_qclass.c:276:(.text+0x5b1): undefined reference to `adf_qclass_set_str'
/usr/bin/ld: /home/tobias/Projects/adelefeld-wt/q-slice1/tests/test_qclass.c:277:(.text+0x5cd): undefined reference to `adf_qclass_identical'
/usr/bin/ld: /home/tobias/Projects/adelefeld-wt/q-slice1/tests/test_qclass.c:280:(.text+0x618): undefined reference to `adf_qclass_set_str'
/usr/bin/ld: /home/tobias/Projects/adelefeld-wt/q-slice1/tests/test_qclass.c:281:(.text+0x634): undefined reference to `adf_qclass_identical'
/usr/bin/ld: /home/tobias/Projects/adelefeld-wt/q-slice1/tests/test_qclass.c:283:(.text+0x660): undefined reference to `adf_qclass_set_str'
/usr/bin/ld: /home/tobias/Projects/adelefeld-wt/q-slice1/tests/test_qclass.c:284:(.text+0x67c): undefined reference to `adf_qclass_identical'
/usr/bin/ld: /home/tobias/Projects/adelefeld-wt/q-slice1/tests/test_qclass.c:286:(.text+0x6b1): undefined reference to `adf_qclass_set_str'
/usr/bin/ld: /home/tobias/Projects/adelefeld-wt/q-slice1/tests/test_qclass.c:287:(.text+0x6c4): undefined reference to `adf_qclass_set'
/usr/bin/ld: /home/tobias/Projects/adelefeld-wt/q-slice1/tests/test_qclass.c:289:(.text+0x6e8): undefined reference to `adf_qclass_set_str'
/usr/bin/ld: /home/tobias/Projects/adelefeld-wt/q-slice1/tests/test_qclass.c:290:(.text+0x704): undefined reference to `adf_qclass_identical'
/usr/bin/ld: /home/tobias/Projects/adelefeld-wt/q-slice1/tests/test_qclass.c:292:(.text+0x738): undefined reference to `adf_qclass_get_str'
/usr/bin/ld: /home/tobias/Projects/adelefeld-wt/q-slice1/tests/test_qclass.c:293:(.text+0x772): undefined reference to `adf_qclass_get_str'
/usr/bin/ld: /home/tobias/Projects/adelefeld-wt/q-slice1/tests/test_qclass.c:294:(.text+0x78f): undefined reference to `adf_qclass_clear'
/usr/bin/ld: /home/tobias/Projects/adelefeld-wt/q-slice1/tests/test_qclass.c:294:(.text+0x797): undefined reference to `adf_qclass_clear'
/usr/bin/ld: /home/tobias/Projects/adelefeld-wt/q-slice1/tests/test_qclass.c:294:(.text+0x7a1): undefined reference to `adf_qclass_clear'
/usr/bin/ld: /tmp/ccDZ7wNi.o: in function `identity_lift':
/home/tobias/Projects/adelefeld-wt/q-slice1/tests/test_qclass.c:129:(.text+0xb14): undefined reference to `adf_qclass_init'
/usr/bin/ld: /home/tobias/Projects/adelefeld-wt/q-slice1/tests/test_qclass.c:129:(.text+0xb21): undefined reference to `adf_qclass_init'
/usr/bin/ld: /home/tobias/Projects/adelefeld-wt/q-slice1/tests/test_qclass.c:129:(.text+0xb33): undefined reference to `adf_qclass_init'
/usr/bin/ld: /home/tobias/Projects/adelefeld-wt/q-slice1/tests/test_qclass.c:131:(.text+0xb72): undefined reference to `adf_qclass_identical'
/usr/bin/ld: /home/tobias/Projects/adelefeld-wt/q-slice1/tests/test_qclass.c:133:(.text+0xb94): undefined reference to `adf_qclass_set_adele'
/usr/bin/ld: /home/tobias/Projects/adelefeld-wt/q-slice1/tests/test_qclass.c:133:(.text+0xba7): undefined reference to `adf_qclass_identical'
/usr/bin/ld: /home/tobias/Projects/adelefeld-wt/q-slice1/tests/test_qclass.c:134:(.text+0xbc4): undefined reference to `adf_qclass_get_piece'
/usr/bin/ld: /home/tobias/Projects/adelefeld-wt/q-slice1/tests/test_qclass.c:135:(.text+0xc09): undefined reference to `adf_qclass_is_canonical'
/usr/bin/ld: /home/tobias/Projects/adelefeld-wt/q-slice1/tests/test_qclass.c:136:(.text+0xc1c): undefined reference to `adf_qclass_set'
/usr/bin/ld: /home/tobias/Projects/adelefeld-wt/q-slice1/tests/test_qclass.c:136:(.text+0xc2f): undefined reference to `adf_qclass_identical'
/usr/bin/ld: /home/tobias/Projects/adelefeld-wt/q-slice1/tests/test_qclass.c:138:(.text+0xc6d): undefined reference to `adf_qclass_get_piece'
/usr/bin/ld: /home/tobias/Projects/adelefeld-wt/q-slice1/tests/test_qclass.c:139:(.text+0xca2): undefined reference to `adf_qclass_get_piece'
/usr/bin/ld: /home/tobias/Projects/adelefeld-wt/q-slice1/tests/test_qclass.c:140:(.text+0xcdc): undefined reference to `adf_qclass_get_piece'
/usr/bin/ld: /home/tobias/Projects/adelefeld-wt/q-slice1/tests/test_qclass.c:151:(.text+0xd2d): undefined reference to `adf_qclass_set_rat'
/usr/bin/ld: /home/tobias/Projects/adelefeld-wt/q-slice1/tests/test_qclass.c:151:(.text+0xd42): undefined reference to `adf_qclass_identical'
/usr/bin/ld: /home/tobias/Projects/adelefeld-wt/q-slice1/tests/test_qclass.c:157:(.text+0xeaf): undefined reference to `adf_qclass_set_adele'
/usr/bin/ld: /home/tobias/Projects/adelefeld-wt/q-slice1/tests/test_qclass.c:158:(.text+0xec4): undefined reference to `adf_qclass_get_piece'
/usr/bin/ld: /home/tobias/Projects/adelefeld-wt/q-slice1/tests/test_qclass.c:160:(.text+0xf0a): undefined reference to `adf_qclass_set'
/usr/bin/ld: /home/tobias/Projects/adelefeld-wt/q-slice1/tests/test_qclass.c:160:(.text+0xf1d): undefined reference to `adf_qclass_identical'
/usr/bin/ld: /home/tobias/Projects/adelefeld-wt/q-slice1/tests/test_qclass.c:162:(.text+0xf49): undefined reference to `adf_qclass_identical'
/usr/bin/ld: /home/tobias/Projects/adelefeld-wt/q-slice1/tests/test_qclass.c:163:(.text+0xf80): undefined reference to `adf_qclass_identical'
/usr/bin/ld: /home/tobias/Projects/adelefeld-wt/q-slice1/tests/test_qclass.c:164:(.text+0xfb8): undefined reference to `adf_qclass_identical'
/usr/bin/ld: /home/tobias/Projects/adelefeld-wt/q-slice1/tests/test_qclass.c:165:(.text+0xfd8): undefined reference to `adf_qclass_get_piece'
/usr/bin/ld: /home/tobias/Projects/adelefeld-wt/q-slice1/tests/test_qclass.c:166:(.text+0x1064): undefined reference to `adf_qclass_set_adele'
/usr/bin/ld: /home/tobias/Projects/adelefeld-wt/q-slice1/tests/test_qclass.c:166:(.text+0x1077): undefined reference to `adf_qclass_identical'
/usr/bin/ld: /home/tobias/Projects/adelefeld-wt/q-slice1/tests/test_qclass.c:167:(.text+0x108d): undefined reference to `adf_qclass_add_rat'
/usr/bin/ld: /home/tobias/Projects/adelefeld-wt/q-slice1/tests/test_qclass.c:167:(.text+0x10a0): undefined reference to `adf_qclass_identical'
/usr/bin/ld: /home/tobias/Projects/adelefeld-wt/q-slice1/tests/test_qclass.c:168:(.text+0x10b6): undefined reference to `adf_qclass_add_rat'
/usr/bin/ld: /home/tobias/Projects/adelefeld-wt/q-slice1/tests/test_qclass.c:168:(.text+0x10c9): undefined reference to `adf_qclass_identical'
/usr/bin/ld: /home/tobias/Projects/adelefeld-wt/q-slice1/tests/test_qclass.c:169:(.text+0x10d9): undefined reference to `adf_qclass_clear'
/usr/bin/ld: /home/tobias/Projects/adelefeld-wt/q-slice1/tests/test_qclass.c:169:(.text+0x10e1): undefined reference to `adf_qclass_clear'
/usr/bin/ld: /home/tobias/Projects/adelefeld-wt/q-slice1/tests/test_qclass.c:169:(.text+0x10eb): undefined reference to `adf_qclass_clear'
/usr/bin/ld: /tmp/ccDZ7wNi.o: in function `translation':
/home/tobias/Projects/adelefeld-wt/q-slice1/tests/test_qclass.c:219:(.text+0x1691): undefined reference to `adf_qclass_init'
/usr/bin/ld: /home/tobias/Projects/adelefeld-wt/q-slice1/tests/test_qclass.c:219:(.text+0x1699): undefined reference to `adf_qclass_init'
/usr/bin/ld: /home/tobias/Projects/adelefeld-wt/q-slice1/tests/test_qclass.c:227:(.text+0x1801): undefined reference to `adf_qclass_set_adele'
/usr/bin/ld: /home/tobias/Projects/adelefeld-wt/q-slice1/tests/test_qclass.c:227:(.text+0x1811): undefined reference to `adf_qclass_add_rat'
/usr/bin/ld: /home/tobias/Projects/adelefeld-wt/q-slice1/tests/test_qclass.c:228:(.text+0x1824): undefined reference to `adf_qclass_identical'
/usr/bin/ld: /home/tobias/Projects/adelefeld-wt/q-slice1/tests/test_qclass.c:229:(.text+0x183c): undefined reference to `adf_qclass_add_rat'
/usr/bin/ld: /home/tobias/Projects/adelefeld-wt/q-slice1/tests/test_qclass.c:229:(.text+0x184f): undefined reference to `adf_qclass_identical'
/usr/bin/ld: /home/tobias/Projects/adelefeld-wt/q-slice1/tests/test_qclass.c:230:(.text+0x186e): undefined reference to `adf_qclass_get_piece'
/usr/bin/ld: /home/tobias/Projects/adelefeld-wt/q-slice1/tests/test_qclass.c:240:(.text+0x1b2c): undefined reference to `adf_qclass_clear'
/usr/bin/ld: /home/tobias/Projects/adelefeld-wt/q-slice1/tests/test_qclass.c:240:(.text+0x1b34): undefined reference to `adf_qclass_clear'
/usr/bin/ld: /tmp/ccDZ7wNi.o: in function `lifecycle':
/home/tobias/Projects/adelefeld-wt/q-slice1/tests/test_qclass.c:35:(.text.startup+0x4e): undefined reference to `adf_qclass_init'
/usr/bin/ld: /home/tobias/Projects/adelefeld-wt/q-slice1/tests/test_qclass.c:35:(.text.startup+0x56): undefined reference to `adf_qclass_init'
/usr/bin/ld: /home/tobias/Projects/adelefeld-wt/q-slice1/tests/test_qclass.c:39:(.text.startup+0xd9): undefined reference to `adf_qclass_set'
/usr/bin/ld: /home/tobias/Projects/adelefeld-wt/q-slice1/tests/test_qclass.c:41:(.text.startup+0x10c): undefined reference to `adf_qclass_set'
/usr/bin/ld: /home/tobias/Projects/adelefeld-wt/q-slice1/tests/test_qclass.c:43:(.text.startup+0x136): undefined reference to `adf_qclass_swap'
/usr/bin/ld: /home/tobias/Projects/adelefeld-wt/q-slice1/tests/test_qclass.c:48:(.text.startup+0x197): undefined reference to `adf_qclass_swap'
/usr/bin/ld: /home/tobias/Projects/adelefeld-wt/q-slice1/tests/test_qclass.c:51:(.text.startup+0x208): undefined reference to `adf_qclass_set'
/usr/bin/ld: /home/tobias/Projects/adelefeld-wt/q-slice1/tests/test_qclass.c:54:(.text.startup+0x281): undefined reference to `adf_qclass_form'
/usr/bin/ld: /home/tobias/Projects/adelefeld-wt/q-slice1/tests/test_qclass.c:54:(.text.startup+0x292): undefined reference to `adf_qclass_length'
/usr/bin/ld: /home/tobias/Projects/adelefeld-wt/q-slice1/tests/test_qclass.c:55:(.text.startup+0x2ac): undefined reference to `adf_qclass_form'
/usr/bin/ld: /home/tobias/Projects/adelefeld-wt/q-slice1/tests/test_qclass.c:55:(.text.startup+0x2bd): undefined reference to `adf_qclass_length'
/usr/bin/ld: /home/tobias/Projects/adelefeld-wt/q-slice1/tests/test_qclass.c:61:(.text.startup+0x2d7): undefined reference to `adf_qclass_clear'
/usr/bin/ld: /home/tobias/Projects/adelefeld-wt/q-slice1/tests/test_qclass.c:61:(.text.startup+0x2df): undefined reference to `adf_qclass_clear'
/usr/bin/ld: /tmp/ccDZ7wNi.o: in function `canonical':
/home/tobias/Projects/adelefeld-wt/q-slice1/tests/test_qclass.c:70:(.text.startup+0x32f): undefined reference to `adf_qclass_init'
/usr/bin/ld: /home/tobias/Projects/adelefeld-wt/q-slice1/tests/test_qclass.c:71:(.text.startup+0x33f): undefined reference to `adf_qclass_is_canonical'
/usr/bin/ld: /home/tobias/Projects/adelefeld-wt/q-slice1/tests/test_qclass.c:72:(.text.startup+0x36c): undefined reference to `adf_qclass_is_canonical'
/usr/bin/ld: /home/tobias/Projects/adelefeld-wt/q-slice1/tests/test_qclass.c:73:(.text.startup+0x399): undefined reference to `adf_qclass_is_canonical'
/usr/bin/ld: /home/tobias/Projects/adelefeld-wt/q-slice1/tests/test_qclass.c:74:(.text.startup+0x3cb): undefined reference to `adf_qclass_is_canonical'
/usr/bin/ld: /home/tobias/Projects/adelefeld-wt/q-slice1/tests/test_qclass.c:75:(.text.startup+0x3f9): undefined reference to `adf_qclass_is_canonical'
/usr/bin/ld: /tmp/ccDZ7wNi.o:/home/tobias/Projects/adelefeld-wt/q-slice1/tests/test_qclass.c:76: more undefined references to `adf_qclass_is_canonical' follow
/usr/bin/ld: /tmp/ccDZ7wNi.o: in function `canonical':
/home/tobias/Projects/adelefeld-wt/q-slice1/tests/test_qclass.c:118:(.text.startup+0xac3): undefined reference to `adf_qclass_clear'
collect2: error: ld returned 1 exit status
make: *** [Makefile:99: lanes/q-slice1/red/test_qclass] Error 1
