mkdir -p lanes/r-dump1/build-INV
mkdir -p lanes/r-dump1/build-INV/support
cc -Iinclude -DADF_CHECK_INVARIANTS -std=c11 -O2 -g -Wall -Wextra -Wpedantic -Werror -MMD -MP -c src/adele.c -o lanes/r-dump1/build-INV/adele.o
cc -Iinclude -DADF_CHECK_INVARIANTS -std=c11 -O2 -g -Wall -Wextra -Wpedantic -Werror -MMD -MP -c src/cap.c -o lanes/r-dump1/build-INV/cap.o
cc -Iinclude -DADF_CHECK_INVARIANTS -std=c11 -O2 -g -Wall -Wextra -Wpedantic -Werror -MMD -MP -c src/catalogue.c -o lanes/r-dump1/build-INV/catalogue.o
cc -Iinclude -DADF_CHECK_INVARIANTS -std=c11 -O2 -g -Wall -Wextra -Wpedantic -Werror -MMD -MP -c src/common.c -o lanes/r-dump1/build-INV/common.o
cc -Iinclude -DADF_CHECK_INVARIANTS -std=c11 -O2 -g -Wall -Wextra -Wpedantic -Werror -MMD -MP -c src/dump.c -o lanes/r-dump1/build-INV/dump.o
cc -Iinclude -DADF_CHECK_INVARIANTS -std=c11 -O2 -g -Wall -Wextra -Wpedantic -Werror -MMD -MP -c src/fball.c -o lanes/r-dump1/build-INV/fball.o
cc -Iinclude -DADF_CHECK_INVARIANTS -std=c11 -O2 -g -Wall -Wextra -Wpedantic -Werror -MMD -MP -c src/fball_local.c -o lanes/r-dump1/build-INV/fball_local.o
cc -Iinclude -DADF_CHECK_INVARIANTS -std=c11 -O2 -g -Wall -Wextra -Wpedantic -Werror -MMD -MP -c src/gfunc.c -o lanes/r-dump1/build-INV/gfunc.o
cc -Iinclude -DADF_CHECK_INVARIANTS -std=c11 -O2 -g -Wall -Wextra -Wpedantic -Werror -MMD -MP -c src/gfunc_log.c -o lanes/r-dump1/build-INV/gfunc_log.o
cc -Iinclude -DADF_CHECK_INVARIANTS -std=c11 -O2 -g -Wall -Wextra -Wpedantic -Werror -MMD -MP -c src/idclass.c -o lanes/r-dump1/build-INV/idclass.o
cc -Iinclude -DADF_CHECK_INVARIANTS -std=c11 -O2 -g -Wall -Wextra -Wpedantic -Werror -MMD -MP -c src/idele.c -o lanes/r-dump1/build-INV/idele.o
cc -Iinclude -DADF_CHECK_INVARIANTS -std=c11 -O2 -g -Wall -Wextra -Wpedantic -Werror -MMD -MP -c src/idmap.c -o lanes/r-dump1/build-INV/idmap.o
cc -Iinclude -DADF_CHECK_INVARIANTS -std=c11 -O2 -g -Wall -Wextra -Wpedantic -Werror -MMD -MP -c src/idpow.c -o lanes/r-dump1/build-INV/idpow.o
cc -Iinclude -DADF_CHECK_INVARIANTS -std=c11 -O2 -g -Wall -Wextra -Wpedantic -Werror -MMD -MP -c src/inlines.c -o lanes/r-dump1/build-INV/inlines.o
cc -Iinclude -DADF_CHECK_INVARIANTS -std=c11 -O2 -g -Wall -Wextra -Wpedantic -Werror -MMD -MP -c src/lball.c -o lanes/r-dump1/build-INV/lball.o
cc -Iinclude -DADF_CHECK_INVARIANTS -std=c11 -O2 -g -Wall -Wextra -Wpedantic -Werror -MMD -MP -c src/lball_decomp.c -o lanes/r-dump1/build-INV/lball_decomp.o
cc -Iinclude -DADF_CHECK_INVARIANTS -std=c11 -O2 -g -Wall -Wextra -Wpedantic -Werror -MMD -MP -c src/lfunc.c -o lanes/r-dump1/build-INV/lfunc.o
cc -Iinclude -DADF_CHECK_INVARIANTS -std=c11 -O2 -g -Wall -Wextra -Wpedantic -Werror -MMD -MP -c src/linsolve.c -o lanes/r-dump1/build-INV/linsolve.o
cc -Iinclude -DADF_CHECK_INVARIANTS -std=c11 -O2 -g -Wall -Wextra -Wpedantic -Werror -MMD -MP -c src/localfactor.c -o lanes/r-dump1/build-INV/localfactor.o
cc -Iinclude -DADF_CHECK_INVARIANTS -std=c11 -O2 -g -Wall -Wextra -Wpedantic -Werror -MMD -MP -c src/lpow.c -o lanes/r-dump1/build-INV/lpow.o
cc -Iinclude -DADF_CHECK_INVARIANTS -std=c11 -O2 -g -Wall -Wextra -Wpedantic -Werror -MMD -MP -c src/lroot.c -o lanes/r-dump1/build-INV/lroot.o
cc -Iinclude -DADF_CHECK_INVARIANTS -std=c11 -O2 -g -Wall -Wextra -Wpedantic -Werror -MMD -MP -c src/modctx.c -o lanes/r-dump1/build-INV/modctx.o
cc -Iinclude -DADF_CHECK_INVARIANTS -std=c11 -O2 -g -Wall -Wextra -Wpedantic -Werror -MMD -MP -c src/place.c -o lanes/r-dump1/build-INV/place.o
cc -Iinclude -DADF_CHECK_INVARIANTS -std=c11 -O2 -g -Wall -Wextra -Wpedantic -Werror -MMD -MP -c src/psi.c -o lanes/r-dump1/build-INV/psi.o
cc -Iinclude -DADF_CHECK_INVARIANTS -std=c11 -O2 -g -Wall -Wextra -Wpedantic -Werror -MMD -MP -c src/qclass.c -o lanes/r-dump1/build-INV/qclass.o
cc -Iinclude -DADF_CHECK_INVARIANTS -std=c11 -O2 -g -Wall -Wextra -Wpedantic -Werror -MMD -MP -c src/qclass_sets.c -o lanes/r-dump1/build-INV/qclass_sets.o
cc -Iinclude -DADF_CHECK_INVARIANTS -std=c11 -O2 -g -Wall -Wextra -Wpedantic -Werror -MMD -MP -c src/rat.c -o lanes/r-dump1/build-INV/rat.o
cc -Iinclude -DADF_CHECK_INVARIANTS -std=c11 -O2 -g -Wall -Wextra -Wpedantic -Werror -MMD -MP -c src/recon.c -o lanes/r-dump1/build-INV/recon.o
cc -Iinclude -DADF_CHECK_INVARIANTS -std=c11 -O2 -g -Wall -Wextra -Wpedantic -Werror -MMD -MP -c src/resid.c -o lanes/r-dump1/build-INV/resid.o
cc -Iinclude -DADF_CHECK_INVARIANTS -std=c11 -O2 -g -Wall -Wextra -Wpedantic -Werror -MMD -MP -c src/rfunc.c -o lanes/r-dump1/build-INV/rfunc.o
cc -Iinclude -DADF_CHECK_INVARIANTS -std=c11 -O2 -g -Wall -Wextra -Wpedantic -Werror -MMD -MP -c src/roots.c -o lanes/r-dump1/build-INV/roots.o
cc -Iinclude -DADF_CHECK_INVARIANTS -std=c11 -O2 -g -Wall -Wextra -Wpedantic -Werror -MMD -MP -c src/roots_real.c -o lanes/r-dump1/build-INV/roots_real.o
cc -Iinclude -DADF_CHECK_INVARIANTS -std=c11 -O2 -g -Wall -Wextra -Wpedantic -Werror -MMD -MP -c src/sball.c -o lanes/r-dump1/build-INV/sball.o
cc -Iinclude -DADF_CHECK_INVARIANTS -std=c11 -O2 -g -Wall -Wextra -Wpedantic -Werror -MMD -MP -c src/scaled.c -o lanes/r-dump1/build-INV/scaled.o
cc -Iinclude -DADF_CHECK_INVARIANTS -std=c11 -O2 -g -Wall -Wextra -Wpedantic -Werror -MMD -MP -c src/status.c -o lanes/r-dump1/build-INV/status.o
cc -Iinclude -DADF_CHECK_INVARIANTS -std=c11 -O2 -g -Wall -Wextra -Wpedantic -Werror -MMD -MP -c src/symbol.c -o lanes/r-dump1/build-INV/symbol.o
cc -Iinclude -DADF_CHECK_INVARIANTS -std=c11 -O2 -g -Wall -Wextra -Wpedantic -Werror -MMD -MP -c src/text.c -o lanes/r-dump1/build-INV/text.o
cc -Iinclude -DADF_CHECK_INVARIANTS -std=c11 -O2 -g -Wall -Wextra -Wpedantic -Werror -MMD -MP -c src/text_idele.c -o lanes/r-dump1/build-INV/text_idele.o
cc -Iinclude -DADF_CHECK_INVARIANTS -std=c11 -O2 -g -Wall -Wextra -Wpedantic -Werror -MMD -MP -c src/ucoset.c -o lanes/r-dump1/build-INV/ucoset.o
cc -Iinclude -DADF_CHECK_INVARIANTS -Itests -std=c11 -O2 -g -Wall -Wextra -Wpedantic -Werror -MMD -MP -c tests/support/golden.c -o lanes/r-dump1/build-INV/support/golden.o
cc -Iinclude -DADF_CHECK_INVARIANTS -Itests -std=c11 -O2 -g -Wall -Wextra -Wpedantic -Werror -MMD -MP -c tests/support/jsonl.c -o lanes/r-dump1/build-INV/support/jsonl.o
ar rcs lanes/r-dump1/build-INV/libadelefeld.a lanes/r-dump1/build-INV/adele.o lanes/r-dump1/build-INV/cap.o lanes/r-dump1/build-INV/catalogue.o lanes/r-dump1/build-INV/common.o lanes/r-dump1/build-INV/dump.o lanes/r-dump1/build-INV/fball.o lanes/r-dump1/build-INV/fball_local.o lanes/r-dump1/build-INV/gfunc.o lanes/r-dump1/build-INV/gfunc_log.o lanes/r-dump1/build-INV/idclass.o lanes/r-dump1/build-INV/idele.o lanes/r-dump1/build-INV/idmap.o lanes/r-dump1/build-INV/idpow.o lanes/r-dump1/build-INV/inlines.o lanes/r-dump1/build-INV/lball.o lanes/r-dump1/build-INV/lball_decomp.o lanes/r-dump1/build-INV/lfunc.o lanes/r-dump1/build-INV/linsolve.o lanes/r-dump1/build-INV/localfactor.o lanes/r-dump1/build-INV/lpow.o lanes/r-dump1/build-INV/lroot.o lanes/r-dump1/build-INV/modctx.o lanes/r-dump1/build-INV/place.o lanes/r-dump1/build-INV/psi.o lanes/r-dump1/build-INV/qclass.o lanes/r-dump1/build-INV/qclass_sets.o lanes/r-dump1/build-INV/rat.o lanes/r-dump1/build-INV/recon.o lanes/r-dump1/build-INV/resid.o lanes/r-dump1/build-INV/rfunc.o lanes/r-dump1/build-INV/roots.o lanes/r-dump1/build-INV/roots_real.o lanes/r-dump1/build-INV/sball.o lanes/r-dump1/build-INV/scaled.o lanes/r-dump1/build-INV/status.o lanes/r-dump1/build-INV/symbol.o lanes/r-dump1/build-INV/text.o lanes/r-dump1/build-INV/text_idele.o lanes/r-dump1/build-INV/ucoset.o
cc -Iinclude -DADF_CHECK_INVARIANTS -Itests -std=c11 -O2 -g -Wall -Wextra -Wpedantic -Werror -MMD -MP  tests/test_qclass_dump.c lanes/r-dump1/build-INV/support/golden.o lanes/r-dump1/build-INV/support/jsonl.o lanes/r-dump1/build-INV/libadelefeld.a -lflint -lgmp -lm -pthread -o lanes/r-dump1/build-INV/test_qclass_dump
cc -Iinclude -DADF_CHECK_INVARIANTS -Itests -std=c11 -O2 -g -Wall -Wextra -Wpedantic -Werror -MMD -MP  tests/test_dump.c lanes/r-dump1/build-INV/support/golden.o lanes/r-dump1/build-INV/support/jsonl.o lanes/r-dump1/build-INV/libadelefeld.a -lflint -lgmp -lm -pthread -o lanes/r-dump1/build-INV/test_dump
cc -Iinclude -DADF_CHECK_INVARIANTS -Itests -std=c11 -O2 -g -Wall -Wextra -Wpedantic -Werror -MMD -MP  tests/test_dump_ctx.c lanes/r-dump1/build-INV/support/golden.o lanes/r-dump1/build-INV/support/jsonl.o lanes/r-dump1/build-INV/libadelefeld.a -lflint -lgmp -lm -pthread -o lanes/r-dump1/build-INV/test_dump_ctx
cc -Iinclude -DADF_CHECK_INVARIANTS -Itests -std=c11 -O2 -g -Wall -Wextra -Wpedantic -Werror -MMD -MP  tests/test_dump_golden.c lanes/r-dump1/build-INV/support/golden.o lanes/r-dump1/build-INV/support/jsonl.o lanes/r-dump1/build-INV/libadelefeld.a -lflint -lgmp -lm -pthread -o lanes/r-dump1/build-INV/test_dump_golden
cc -Iinclude -DADF_CHECK_INVARIANTS -Itests -std=c11 -O2 -g -Wall -Wextra -Wpedantic -Werror -MMD -MP  tests/test_dump_limits.c lanes/r-dump1/build-INV/support/golden.o lanes/r-dump1/build-INV/support/jsonl.o lanes/r-dump1/build-INV/libadelefeld.a -lflint -lgmp -lm -pthread -o lanes/r-dump1/build-INV/test_dump_limits
cc -Iinclude -DADF_CHECK_INVARIANTS -Itests -std=c11 -O2 -g -Wall -Wextra -Wpedantic -Werror -MMD -MP  tests/test_dump_local.c lanes/r-dump1/build-INV/support/golden.o lanes/r-dump1/build-INV/support/jsonl.o lanes/r-dump1/build-INV/libadelefeld.a -lflint -lgmp -lm -pthread -o lanes/r-dump1/build-INV/test_dump_local
cc -Iinclude -DADF_CHECK_INVARIANTS -Itests -std=c11 -O2 -g -Wall -Wextra -Wpedantic -Werror -MMD -MP  tests/test_dump_units.c lanes/r-dump1/build-INV/support/golden.o lanes/r-dump1/build-INV/support/jsonl.o lanes/r-dump1/build-INV/libadelefeld.a -lflint -lgmp -lm -pthread -o lanes/r-dump1/build-INV/test_dump_units
cc -Iinclude -DADF_CHECK_INVARIANTS -Itests -std=c11 -O2 -g -Wall -Wextra -Wpedantic -Werror -MMD -MP  tests/test_modctx.c lanes/r-dump1/build-INV/support/golden.o lanes/r-dump1/build-INV/support/jsonl.o lanes/r-dump1/build-INV/libadelefeld.a -lflint -lgmp -lm -pthread -o lanes/r-dump1/build-INV/test_modctx
