mkdir -p lanes/r-dump1/build-SAN
mkdir -p lanes/r-dump1/build-SAN/support
cc -Iinclude -std=c11 -O2 -g -Wall -Wextra -Wpedantic -Werror -fsanitize=address,undefined -fno-omit-frame-pointer -MMD -MP -c src/adele.c -o lanes/r-dump1/build-SAN/adele.o
cc -Iinclude -std=c11 -O2 -g -Wall -Wextra -Wpedantic -Werror -fsanitize=address,undefined -fno-omit-frame-pointer -MMD -MP -c src/cap.c -o lanes/r-dump1/build-SAN/cap.o
cc -Iinclude -std=c11 -O2 -g -Wall -Wextra -Wpedantic -Werror -fsanitize=address,undefined -fno-omit-frame-pointer -MMD -MP -c src/catalogue.c -o lanes/r-dump1/build-SAN/catalogue.o
cc -Iinclude -std=c11 -O2 -g -Wall -Wextra -Wpedantic -Werror -fsanitize=address,undefined -fno-omit-frame-pointer -MMD -MP -c src/common.c -o lanes/r-dump1/build-SAN/common.o
cc -Iinclude -std=c11 -O2 -g -Wall -Wextra -Wpedantic -Werror -fsanitize=address,undefined -fno-omit-frame-pointer -MMD -MP -c src/dump.c -o lanes/r-dump1/build-SAN/dump.o
cc -Iinclude -std=c11 -O2 -g -Wall -Wextra -Wpedantic -Werror -fsanitize=address,undefined -fno-omit-frame-pointer -MMD -MP -c src/fball.c -o lanes/r-dump1/build-SAN/fball.o
cc -Iinclude -std=c11 -O2 -g -Wall -Wextra -Wpedantic -Werror -fsanitize=address,undefined -fno-omit-frame-pointer -MMD -MP -c src/fball_local.c -o lanes/r-dump1/build-SAN/fball_local.o
cc -Iinclude -std=c11 -O2 -g -Wall -Wextra -Wpedantic -Werror -fsanitize=address,undefined -fno-omit-frame-pointer -MMD -MP -c src/gfunc.c -o lanes/r-dump1/build-SAN/gfunc.o
cc -Iinclude -std=c11 -O2 -g -Wall -Wextra -Wpedantic -Werror -fsanitize=address,undefined -fno-omit-frame-pointer -MMD -MP -c src/gfunc_log.c -o lanes/r-dump1/build-SAN/gfunc_log.o
cc -Iinclude -std=c11 -O2 -g -Wall -Wextra -Wpedantic -Werror -fsanitize=address,undefined -fno-omit-frame-pointer -MMD -MP -c src/idclass.c -o lanes/r-dump1/build-SAN/idclass.o
cc -Iinclude -std=c11 -O2 -g -Wall -Wextra -Wpedantic -Werror -fsanitize=address,undefined -fno-omit-frame-pointer -MMD -MP -c src/idele.c -o lanes/r-dump1/build-SAN/idele.o
cc -Iinclude -std=c11 -O2 -g -Wall -Wextra -Wpedantic -Werror -fsanitize=address,undefined -fno-omit-frame-pointer -MMD -MP -c src/idmap.c -o lanes/r-dump1/build-SAN/idmap.o
cc -Iinclude -std=c11 -O2 -g -Wall -Wextra -Wpedantic -Werror -fsanitize=address,undefined -fno-omit-frame-pointer -MMD -MP -c src/idpow.c -o lanes/r-dump1/build-SAN/idpow.o
cc -Iinclude -std=c11 -O2 -g -Wall -Wextra -Wpedantic -Werror -fsanitize=address,undefined -fno-omit-frame-pointer -MMD -MP -c src/inlines.c -o lanes/r-dump1/build-SAN/inlines.o
cc -Iinclude -std=c11 -O2 -g -Wall -Wextra -Wpedantic -Werror -fsanitize=address,undefined -fno-omit-frame-pointer -MMD -MP -c src/lball.c -o lanes/r-dump1/build-SAN/lball.o
cc -Iinclude -std=c11 -O2 -g -Wall -Wextra -Wpedantic -Werror -fsanitize=address,undefined -fno-omit-frame-pointer -MMD -MP -c src/lball_decomp.c -o lanes/r-dump1/build-SAN/lball_decomp.o
cc -Iinclude -std=c11 -O2 -g -Wall -Wextra -Wpedantic -Werror -fsanitize=address,undefined -fno-omit-frame-pointer -MMD -MP -c src/lfunc.c -o lanes/r-dump1/build-SAN/lfunc.o
cc -Iinclude -std=c11 -O2 -g -Wall -Wextra -Wpedantic -Werror -fsanitize=address,undefined -fno-omit-frame-pointer -MMD -MP -c src/linsolve.c -o lanes/r-dump1/build-SAN/linsolve.o
cc -Iinclude -std=c11 -O2 -g -Wall -Wextra -Wpedantic -Werror -fsanitize=address,undefined -fno-omit-frame-pointer -MMD -MP -c src/localfactor.c -o lanes/r-dump1/build-SAN/localfactor.o
cc -Iinclude -std=c11 -O2 -g -Wall -Wextra -Wpedantic -Werror -fsanitize=address,undefined -fno-omit-frame-pointer -MMD -MP -c src/lpow.c -o lanes/r-dump1/build-SAN/lpow.o
cc -Iinclude -std=c11 -O2 -g -Wall -Wextra -Wpedantic -Werror -fsanitize=address,undefined -fno-omit-frame-pointer -MMD -MP -c src/lroot.c -o lanes/r-dump1/build-SAN/lroot.o
cc -Iinclude -std=c11 -O2 -g -Wall -Wextra -Wpedantic -Werror -fsanitize=address,undefined -fno-omit-frame-pointer -MMD -MP -c src/modctx.c -o lanes/r-dump1/build-SAN/modctx.o
cc -Iinclude -std=c11 -O2 -g -Wall -Wextra -Wpedantic -Werror -fsanitize=address,undefined -fno-omit-frame-pointer -MMD -MP -c src/place.c -o lanes/r-dump1/build-SAN/place.o
cc -Iinclude -std=c11 -O2 -g -Wall -Wextra -Wpedantic -Werror -fsanitize=address,undefined -fno-omit-frame-pointer -MMD -MP -c src/psi.c -o lanes/r-dump1/build-SAN/psi.o
cc -Iinclude -std=c11 -O2 -g -Wall -Wextra -Wpedantic -Werror -fsanitize=address,undefined -fno-omit-frame-pointer -MMD -MP -c src/qclass.c -o lanes/r-dump1/build-SAN/qclass.o
cc -Iinclude -std=c11 -O2 -g -Wall -Wextra -Wpedantic -Werror -fsanitize=address,undefined -fno-omit-frame-pointer -MMD -MP -c src/qclass_sets.c -o lanes/r-dump1/build-SAN/qclass_sets.o
cc -Iinclude -std=c11 -O2 -g -Wall -Wextra -Wpedantic -Werror -fsanitize=address,undefined -fno-omit-frame-pointer -MMD -MP -c src/rat.c -o lanes/r-dump1/build-SAN/rat.o
cc -Iinclude -std=c11 -O2 -g -Wall -Wextra -Wpedantic -Werror -fsanitize=address,undefined -fno-omit-frame-pointer -MMD -MP -c src/recon.c -o lanes/r-dump1/build-SAN/recon.o
cc -Iinclude -std=c11 -O2 -g -Wall -Wextra -Wpedantic -Werror -fsanitize=address,undefined -fno-omit-frame-pointer -MMD -MP -c src/resid.c -o lanes/r-dump1/build-SAN/resid.o
cc -Iinclude -std=c11 -O2 -g -Wall -Wextra -Wpedantic -Werror -fsanitize=address,undefined -fno-omit-frame-pointer -MMD -MP -c src/rfunc.c -o lanes/r-dump1/build-SAN/rfunc.o
cc -Iinclude -std=c11 -O2 -g -Wall -Wextra -Wpedantic -Werror -fsanitize=address,undefined -fno-omit-frame-pointer -MMD -MP -c src/roots.c -o lanes/r-dump1/build-SAN/roots.o
cc -Iinclude -std=c11 -O2 -g -Wall -Wextra -Wpedantic -Werror -fsanitize=address,undefined -fno-omit-frame-pointer -MMD -MP -c src/roots_real.c -o lanes/r-dump1/build-SAN/roots_real.o
cc -Iinclude -std=c11 -O2 -g -Wall -Wextra -Wpedantic -Werror -fsanitize=address,undefined -fno-omit-frame-pointer -MMD -MP -c src/sball.c -o lanes/r-dump1/build-SAN/sball.o
cc -Iinclude -std=c11 -O2 -g -Wall -Wextra -Wpedantic -Werror -fsanitize=address,undefined -fno-omit-frame-pointer -MMD -MP -c src/scaled.c -o lanes/r-dump1/build-SAN/scaled.o
cc -Iinclude -std=c11 -O2 -g -Wall -Wextra -Wpedantic -Werror -fsanitize=address,undefined -fno-omit-frame-pointer -MMD -MP -c src/status.c -o lanes/r-dump1/build-SAN/status.o
cc -Iinclude -std=c11 -O2 -g -Wall -Wextra -Wpedantic -Werror -fsanitize=address,undefined -fno-omit-frame-pointer -MMD -MP -c src/symbol.c -o lanes/r-dump1/build-SAN/symbol.o
cc -Iinclude -std=c11 -O2 -g -Wall -Wextra -Wpedantic -Werror -fsanitize=address,undefined -fno-omit-frame-pointer -MMD -MP -c src/text.c -o lanes/r-dump1/build-SAN/text.o
cc -Iinclude -std=c11 -O2 -g -Wall -Wextra -Wpedantic -Werror -fsanitize=address,undefined -fno-omit-frame-pointer -MMD -MP -c src/text_idele.c -o lanes/r-dump1/build-SAN/text_idele.o
cc -Iinclude -std=c11 -O2 -g -Wall -Wextra -Wpedantic -Werror -fsanitize=address,undefined -fno-omit-frame-pointer -MMD -MP -c src/ucoset.c -o lanes/r-dump1/build-SAN/ucoset.o
cc -Iinclude -Itests -std=c11 -O2 -g -Wall -Wextra -Wpedantic -Werror -fsanitize=address,undefined -fno-omit-frame-pointer -MMD -MP -c tests/support/golden.c -o lanes/r-dump1/build-SAN/support/golden.o
cc -Iinclude -Itests -std=c11 -O2 -g -Wall -Wextra -Wpedantic -Werror -fsanitize=address,undefined -fno-omit-frame-pointer -MMD -MP -c tests/support/jsonl.c -o lanes/r-dump1/build-SAN/support/jsonl.o
ar rcs lanes/r-dump1/build-SAN/libadelefeld.a lanes/r-dump1/build-SAN/adele.o lanes/r-dump1/build-SAN/cap.o lanes/r-dump1/build-SAN/catalogue.o lanes/r-dump1/build-SAN/common.o lanes/r-dump1/build-SAN/dump.o lanes/r-dump1/build-SAN/fball.o lanes/r-dump1/build-SAN/fball_local.o lanes/r-dump1/build-SAN/gfunc.o lanes/r-dump1/build-SAN/gfunc_log.o lanes/r-dump1/build-SAN/idclass.o lanes/r-dump1/build-SAN/idele.o lanes/r-dump1/build-SAN/idmap.o lanes/r-dump1/build-SAN/idpow.o lanes/r-dump1/build-SAN/inlines.o lanes/r-dump1/build-SAN/lball.o lanes/r-dump1/build-SAN/lball_decomp.o lanes/r-dump1/build-SAN/lfunc.o lanes/r-dump1/build-SAN/linsolve.o lanes/r-dump1/build-SAN/localfactor.o lanes/r-dump1/build-SAN/lpow.o lanes/r-dump1/build-SAN/lroot.o lanes/r-dump1/build-SAN/modctx.o lanes/r-dump1/build-SAN/place.o lanes/r-dump1/build-SAN/psi.o lanes/r-dump1/build-SAN/qclass.o lanes/r-dump1/build-SAN/qclass_sets.o lanes/r-dump1/build-SAN/rat.o lanes/r-dump1/build-SAN/recon.o lanes/r-dump1/build-SAN/resid.o lanes/r-dump1/build-SAN/rfunc.o lanes/r-dump1/build-SAN/roots.o lanes/r-dump1/build-SAN/roots_real.o lanes/r-dump1/build-SAN/sball.o lanes/r-dump1/build-SAN/scaled.o lanes/r-dump1/build-SAN/status.o lanes/r-dump1/build-SAN/symbol.o lanes/r-dump1/build-SAN/text.o lanes/r-dump1/build-SAN/text_idele.o lanes/r-dump1/build-SAN/ucoset.o
cc -Iinclude -Itests -std=c11 -O2 -g -Wall -Wextra -Wpedantic -Werror -fsanitize=address,undefined -fno-omit-frame-pointer -MMD -MP -fsanitize=address,undefined tests/test_qclass_dump.c lanes/r-dump1/build-SAN/support/golden.o lanes/r-dump1/build-SAN/support/jsonl.o lanes/r-dump1/build-SAN/libadelefeld.a -lflint -lgmp -lm -o lanes/r-dump1/build-SAN/test_qclass_dump
cc -Iinclude -Itests -std=c11 -O2 -g -Wall -Wextra -Wpedantic -Werror -fsanitize=address,undefined -fno-omit-frame-pointer -MMD -MP -fsanitize=address,undefined tests/test_dump.c lanes/r-dump1/build-SAN/support/golden.o lanes/r-dump1/build-SAN/support/jsonl.o lanes/r-dump1/build-SAN/libadelefeld.a -lflint -lgmp -lm -o lanes/r-dump1/build-SAN/test_dump
cc -Iinclude -Itests -std=c11 -O2 -g -Wall -Wextra -Wpedantic -Werror -fsanitize=address,undefined -fno-omit-frame-pointer -MMD -MP -fsanitize=address,undefined tests/test_dump_ctx.c lanes/r-dump1/build-SAN/support/golden.o lanes/r-dump1/build-SAN/support/jsonl.o lanes/r-dump1/build-SAN/libadelefeld.a -lflint -lgmp -lm -o lanes/r-dump1/build-SAN/test_dump_ctx
cc -Iinclude -Itests -std=c11 -O2 -g -Wall -Wextra -Wpedantic -Werror -fsanitize=address,undefined -fno-omit-frame-pointer -MMD -MP -fsanitize=address,undefined tests/test_dump_golden.c lanes/r-dump1/build-SAN/support/golden.o lanes/r-dump1/build-SAN/support/jsonl.o lanes/r-dump1/build-SAN/libadelefeld.a -lflint -lgmp -lm -o lanes/r-dump1/build-SAN/test_dump_golden
cc -Iinclude -Itests -std=c11 -O2 -g -Wall -Wextra -Wpedantic -Werror -fsanitize=address,undefined -fno-omit-frame-pointer -MMD -MP -fsanitize=address,undefined tests/test_dump_limits.c lanes/r-dump1/build-SAN/support/golden.o lanes/r-dump1/build-SAN/support/jsonl.o lanes/r-dump1/build-SAN/libadelefeld.a -lflint -lgmp -lm -o lanes/r-dump1/build-SAN/test_dump_limits
cc -Iinclude -Itests -std=c11 -O2 -g -Wall -Wextra -Wpedantic -Werror -fsanitize=address,undefined -fno-omit-frame-pointer -MMD -MP -fsanitize=address,undefined tests/test_dump_local.c lanes/r-dump1/build-SAN/support/golden.o lanes/r-dump1/build-SAN/support/jsonl.o lanes/r-dump1/build-SAN/libadelefeld.a -lflint -lgmp -lm -o lanes/r-dump1/build-SAN/test_dump_local
cc -Iinclude -Itests -std=c11 -O2 -g -Wall -Wextra -Wpedantic -Werror -fsanitize=address,undefined -fno-omit-frame-pointer -MMD -MP -fsanitize=address,undefined tests/test_dump_units.c lanes/r-dump1/build-SAN/support/golden.o lanes/r-dump1/build-SAN/support/jsonl.o lanes/r-dump1/build-SAN/libadelefeld.a -lflint -lgmp -lm -o lanes/r-dump1/build-SAN/test_dump_units
cc -Iinclude -Itests -std=c11 -O2 -g -Wall -Wextra -Wpedantic -Werror -fsanitize=address,undefined -fno-omit-frame-pointer -MMD -MP -fsanitize=address,undefined tests/test_modctx.c lanes/r-dump1/build-SAN/support/golden.o lanes/r-dump1/build-SAN/support/jsonl.o lanes/r-dump1/build-SAN/libadelefeld.a -lflint -lgmp -lm -o lanes/r-dump1/build-SAN/test_modctx
