=================================================================
==9==ERROR: AddressSanitizer: heap-buffer-overflow on address 0x5020000201f8 at pc 0x59e09f7de745 bp 0x7ffcae7006f0 sp 0x7ffcae7006e0
READ of size 8 at 0x5020000201f8 thread T0
    #0 0x59e09f7de744 in adf_modctx_nblocks src/modctx.c:410
    #1 0x59e09f7cddaa in adf_fball_is_canonical src/fball.c:358
    #2 0x59e09f7c62b2 in main docs/reviews/m1/local/checks/probe.c:78
    #3 0x7b7af522a1c9 in __libc_start_call_main ../sysdeps/nptl/libc_start_call_main.h:58
    #4 0x7b7af522a28a in __libc_start_main_impl ../csu/libc-start.c:360
    #5 0x59e09f7c5054 in _start (/home/tobias/Projects/adelefeld-wt/m1-review-local/docs/reviews/m1/local/checks/probe-san+0x23054) (BuildId: 43eec70954eff579a5eba9b9a92ac14d412a8a01)

0x5020000201f8 is located 7 bytes after 1-byte region [0x5020000201f0,0x5020000201f1)
allocated by thread T0 here:
    #0 0x7b7af6afd9c7 in malloc ../../../../src/libsanitizer/asan/asan_malloc_linux.cpp:69
    #1 0x7b7af5ee00d5 in flint_malloc (/lib/x86_64-linux-gnu/libflint.so.18+0xe00d5) (BuildId: bf51926aca5446d8712f308496fa75c0eef08977)
    #2 0x59e09f7c6228 in main docs/reviews/m1/local/checks/probe.c:75
    #3 0x7b7af522a1c9 in __libc_start_call_main ../sysdeps/nptl/libc_start_call_main.h:58
    #4 0x7b7af522a28a in __libc_start_main_impl ../csu/libc-start.c:360
    #5 0x59e09f7c5054 in _start (/home/tobias/Projects/adelefeld-wt/m1-review-local/docs/reviews/m1/local/checks/probe-san+0x23054) (BuildId: 43eec70954eff579a5eba9b9a92ac14d412a8a01)

SUMMARY: AddressSanitizer: heap-buffer-overflow src/modctx.c:410 in adf_modctx_nblocks
Shadow bytes around the buggy address:
  0x50200001ff00: fa fa fd fa fa fa fd fd fa fa fd fa fa fa fd fd
  0x50200001ff80: fa fa fd fa fa fa fd fd fa fa fd fa fa fa fd fa
  0x502000020000: fa fa fd fa fa fa fd fd fa fa fd fa fa fa fd fd
  0x502000020080: fa fa fd fa fa fa fd fa fa fa fd fd fa fa fd fa
  0x502000020100: fa fa fd fd fa fa fd fa fa fa 00 fa fa fa fd fa
=>0x502000020180: fa fa 00 00 fa fa 00 fa fa fa 00 fa fa fa 01[fa]
  0x502000020200: fa fa 00 fa fa fa fa fa fa fa fa fa fa fa fa fa
  0x502000020280: fa fa fa fa fa fa fa fa fa fa fa fa fa fa fa fa
  0x502000020300: fa fa fa fa fa fa fa fa fa fa fa fa fa fa fa fa
  0x502000020380: fa fa fa fa fa fa fa fa fa fa fa fa fa fa fa fa
  0x502000020400: fa fa fa fa fa fa fa fa fa fa fa fa fa fa fa fa
Shadow byte legend (one shadow byte represents 8 application bytes):
  Addressable:           00
  Partially addressable: 01 02 03 04 05 06 07 
  Heap left redzone:       fa
  Freed heap region:       fd
  Stack left redzone:      f1
  Stack mid redzone:       f2
  Stack right redzone:     f3
  Stack after return:      f5
  Stack use after scope:   f8
  Global redzone:          f9
  Global init order:       f6
  Poisoned by user:        f7
  Container overflow:      fc
  Array cookie:            ac
  Intra object redzone:    bb
  ASan internal:           fe
  Left alloca redzone:     ca
  Right alloca redzone:    cb
==9==ABORTING
